  Determining projects to restore...
E:\github\FunWasHad\tests\FWH.Mobile.Data.Tests\FWH.Mobile.Data.Tests.csproj : warning NU1604: Project dependency coverlet.collector does not contain an inclusive lower bound. Include a lower bound in the dependency version to ensure consistent restore results. [E:\github\FunWasHad\FunWasHad.sln]
E:\github\FunWasHad\tests\FWH.MarketingApi.Tests\FWH.MarketingApi.Tests.csproj : warning NU1604: Project dependency coverlet.collector does not contain an inclusive lower bound. Include a lower bound in the dependency version to ensure consistent restore results. [E:\github\FunWasHad\FunWasHad.sln]
E:\github\FunWasHad\tests\FWH.Common.Chat.Tests\FWH.Common.Chat.Tests.csproj : warning NU1604: Project dependency coverlet.collector does not contain an inclusive lower bound. Include a lower bound in the dependency version to ensure consistent restore results. [E:\github\FunWasHad\FunWasHad.sln]
E:\github\FunWasHad\tests\FWH.MarketingApi.Tests\FWH.MarketingApi.Tests.csproj : warning NU1604: Project dependency Microsoft.AspNetCore.Mvc.Testing does not contain an inclusive lower bound. Include a lower bound in the dependency version to ensure consistent restore results. [E:\github\FunWasHad\FunWasHad.sln]
E:\github\FunWasHad\tests\FWH.MarketingApi.Tests\FWH.MarketingApi.Tests.csproj : warning NU1604: Project dependency Microsoft.EntityFrameworkCore.InMemory does not contain an inclusive lower bound. Include a lower bound in the dependency version to ensure consistent restore results. [E:\github\FunWasHad\FunWasHad.sln]
E:\github\FunWasHad\tests\FWH.MarketingApi.Tests\FWH.MarketingApi.Tests.csproj : warning NU1604: Project dependency Microsoft.Extensions.Hosting does not contain an inclusive lower bound. Include a lower bound in the dependency version to ensure consistent restore results. [E:\github\FunWasHad\FunWasHad.sln]
E:\github\FunWasHad\tests\FWH.MarketingApi.Tests\FWH.MarketingApi.Tests.csproj : warning NU1604: Project dependency Microsoft.NET.Test.Sdk does not contain an inclusive lower bound. Include a lower bound in the dependency version to ensure consistent restore results. [E:\github\FunWasHad\FunWasHad.sln]
E:\github\FunWasHad\tests\FWH.Mobile.Data.Tests\FWH.Mobile.Data.Tests.csproj : warning NU1604: Project dependency Microsoft.NET.Test.Sdk does not contain an inclusive lower bound. Include a lower bound in the dependency version to ensure consistent restore results. [E:\github\FunWasHad\FunWasHad.sln]
E:\github\FunWasHad\tests\FWH.MarketingApi.Tests\FWH.MarketingApi.Tests.csproj : warning NU1604: Project dependency NSubstitute does not contain an inclusive lower bound. Include a lower bound in the dependency version to ensure consistent restore results. [E:\github\FunWasHad\FunWasHad.sln]
E:\github\FunWasHad\tests\FWH.MarketingApi.Tests\FWH.MarketingApi.Tests.csproj : warning NU1604: Project dependency Testcontainers.PostgreSql does not contain an inclusive lower bound. Include a lower bound in the dependency version to ensure consistent restore results. [E:\github\FunWasHad\FunWasHad.sln]
E:\github\FunWasHad\tests\FWH.Mobile.Data.Tests\FWH.Mobile.Data.Tests.csproj : warning NU1604: Project dependency xunit.v3 does not contain an inclusive lower bound. Include a lower bound in the dependency version to ensure consistent restore results. [E:\github\FunWasHad\FunWasHad.sln]
E:\github\FunWasHad\tests\FWH.MarketingApi.Tests\FWH.MarketingApi.Tests.csproj : warning NU1604: Project dependency xunit.v3 does not contain an inclusive lower bound. Include a lower bound in the dependency version to ensure consistent restore results. [E:\github\FunWasHad\FunWasHad.sln]
E:\github\FunWasHad\tests\FWH.MarketingApi.Tests\FWH.MarketingApi.Tests.csproj : warning NU1903: Package 'Microsoft.AspNetCore.Http' 2.1.0 has a known high severity vulnerability, https://github.com/advisories/GHSA-hxrm-9w7p-39cc [E:\github\FunWasHad\FunWasHad.sln]
E:\github\FunWasHad\tests\FWH.Mobile.Data.Tests\FWH.Mobile.Data.Tests.csproj : warning NU1903: Package 'Newtonsoft.Json' 9.0.1 has a known high severity vulnerability, https://github.com/advisories/GHSA-5crp-9r3c-p9vr [E:\github\FunWasHad\FunWasHad.sln]
E:\github\FunWasHad\tests\FWH.MarketingApi.Tests\FWH.MarketingApi.Tests.csproj : warning NU1903: Package 'System.IO.Pipelines' 4.5.0 has a known high severity vulnerability, https://github.com/advisories/GHSA-j378-6mmw-hqfr [E:\github\FunWasHad\FunWasHad.sln]
E:\github\FunWasHad\tests\FWH.Mobile.Data.Tests\FWH.Mobile.Data.Tests.csproj : warning NU1903: Package 'System.Net.Http' 4.1.0 has a known high severity vulnerability, https://github.com/advisories/GHSA-7jgj-8wvc-jh57 [E:\github\FunWasHad\FunWasHad.sln]
E:\github\FunWasHad\tests\FWH.MarketingApi.Tests\FWH.MarketingApi.Tests.csproj : warning NU1903: Package 'System.Net.Http' 4.1.0 has a known high severity vulnerability, https://github.com/advisories/GHSA-7jgj-8wvc-jh57 [E:\github\FunWasHad\FunWasHad.sln]
E:\github\FunWasHad\tests\FWH.Mobile.Data.Tests\FWH.Mobile.Data.Tests.csproj : warning NU1903: Package 'System.Security.Cryptography.X509Certificates' 4.1.0 has a known high severity vulnerability, https://github.com/advisories/GHSA-7mfr-774f-w5r9 [E:\github\FunWasHad\FunWasHad.sln]
E:\github\FunWasHad\tests\FWH.MarketingApi.Tests\FWH.MarketingApi.Tests.csproj : warning NU1903: Package 'System.Security.Cryptography.X509Certificates' 4.1.0 has a known high severity vulnerability, https://github.com/advisories/GHSA-7mfr-774f-w5r9 [E:\github\FunWasHad\FunWasHad.sln]
E:\github\FunWasHad\tests\FWH.Common.Chat.Tests\FWH.Common.Chat.Tests.csproj : warning NU1604: Project dependency Microsoft.NET.Test.Sdk does not contain an inclusive lower bound. Include a lower bound in the dependency version to ensure consistent restore results. [E:\github\FunWasHad\FunWasHad.sln]
E:\github\FunWasHad\tests\FWH.MarketingApi.Tests\FWH.MarketingApi.Tests.csproj : warning NU1904: Package 'System.Text.Encodings.Web' 4.5.0 has a known critical severity vulnerability, https://github.com/advisories/GHSA-ghhp-997w-qr28 [E:\github\FunWasHad\FunWasHad.sln]
E:\github\FunWasHad\tests\FWH.MarketingApi.Tests\FWH.MarketingApi.Tests.csproj : warning NU1701: Package 'NSubstitute 0.9.0.34' was restored using '.NETFramework,Version=v4.6.1, .NETFramework,Version=v4.6.2, .NETFramework,Version=v4.7, .NETFramework,Version=v4.7.1, .NETFramework,Version=v4.7.2, .NETFramework,Version=v4.8, .NETFramework,Version=v4.8.1' instead of the project target framework 'net9.0'. This package may not be fully compatible with your project. [E:\github\FunWasHad\FunWasHad.sln]
E:\github\FunWasHad\tests\FWH.Common.Chat.Tests\FWH.Common.Chat.Tests.csproj : warning NU1604: Project dependency xunit.v3 does not contain an inclusive lower bound. Include a lower bound in the dependency version to ensure consistent restore results. [E:\github\FunWasHad\FunWasHad.sln]
E:\github\FunWasHad\tests\FWH.Common.Chat.Tests\FWH.Common.Chat.Tests.csproj : warning NU1903: Package 'Newtonsoft.Json' 9.0.1 has a known high severity vulnerability, https://github.com/advisories/GHSA-5crp-9r3c-p9vr [E:\github\FunWasHad\FunWasHad.sln]
E:\github\FunWasHad\tests\FWH.Common.Chat.Tests\FWH.Common.Chat.Tests.csproj : warning NU1903: Package 'System.Net.Http' 4.1.0 has a known high severity vulnerability, https://github.com/advisories/GHSA-7jgj-8wvc-jh57 [E:\github\FunWasHad\FunWasHad.sln]
E:\github\FunWasHad\tests\FWH.Common.Chat.Tests\FWH.Common.Chat.Tests.csproj : warning NU1903: Package 'System.Security.Cryptography.X509Certificates' 4.1.0 has a known high severity vulnerability, https://github.com/advisories/GHSA-7mfr-774f-w5r9 [E:\github\FunWasHad\FunWasHad.sln]
E:\github\FunWasHad\tests\FWH.Common.Workflow.Tests\FWH.Common.Workflow.Tests.csproj : warning NU1604: Project dependency coverlet.collector does not contain an inclusive lower bound. Include a lower bound in the dependency version to ensure consistent restore results. [E:\github\FunWasHad\FunWasHad.sln]
E:\github\FunWasHad\tests\FWH.Common.Workflow.Tests\FWH.Common.Workflow.Tests.csproj : warning NU1604: Project dependency Microsoft.NET.Test.Sdk does not contain an inclusive lower bound. Include a lower bound in the dependency version to ensure consistent restore results. [E:\github\FunWasHad\FunWasHad.sln]
E:\github\FunWasHad\tests\FWH.Common.Workflow.Tests\FWH.Common.Workflow.Tests.csproj : warning NU1604: Project dependency NSubstitute does not contain an inclusive lower bound. Include a lower bound in the dependency version to ensure consistent restore results. [E:\github\FunWasHad\FunWasHad.sln]
E:\github\FunWasHad\tests\FWH.Common.Workflow.Tests\FWH.Common.Workflow.Tests.csproj : warning NU1604: Project dependency xunit.v3 does not contain an inclusive lower bound. Include a lower bound in the dependency version to ensure consistent restore results. [E:\github\FunWasHad\FunWasHad.sln]
E:\github\FunWasHad\tests\FWH.Common.Workflow.Tests\FWH.Common.Workflow.Tests.csproj : warning NU1903: Package 'Newtonsoft.Json' 9.0.1 has a known high severity vulnerability, https://github.com/advisories/GHSA-5crp-9r3c-p9vr [E:\github\FunWasHad\FunWasHad.sln]
E:\github\FunWasHad\tests\FWH.Common.Workflow.Tests\FWH.Common.Workflow.Tests.csproj : warning NU1903: Package 'System.Net.Http' 4.1.0 has a known high severity vulnerability, https://github.com/advisories/GHSA-7jgj-8wvc-jh57 [E:\github\FunWasHad\FunWasHad.sln]
E:\github\FunWasHad\tests\FWH.Common.Workflow.Tests\FWH.Common.Workflow.Tests.csproj : warning NU1903: Package 'System.Security.Cryptography.X509Certificates' 4.1.0 has a known high severity vulnerability, https://github.com/advisories/GHSA-7mfr-774f-w5r9 [E:\github\FunWasHad\FunWasHad.sln]
E:\github\FunWasHad\tests\FWH.Common.Workflow.Tests\FWH.Common.Workflow.Tests.csproj : warning NU1701: Package 'NSubstitute 0.9.0.34' was restored using '.NETFramework,Version=v4.6.1, .NETFramework,Version=v4.6.2, .NETFramework,Version=v4.7, .NETFramework,Version=v4.7.1, .NETFramework,Version=v4.7.2, .NETFramework,Version=v4.8, .NETFramework,Version=v4.8.1' instead of the project target framework 'net9.0'. This package may not be fully compatible with your project. [E:\github\FunWasHad\FunWasHad.sln]
E:\github\FunWasHad\tests\FWH.Common.Location.Tests\FWH.Common.Location.Tests.csproj : warning NU1604: Project dependency coverlet.collector does not contain an inclusive lower bound. Include a lower bound in the dependency version to ensure consistent restore results. [E:\github\FunWasHad\FunWasHad.sln]
E:\github\FunWasHad\tests\FWH.Common.Location.Tests\FWH.Common.Location.Tests.csproj : warning NU1604: Project dependency Microsoft.NET.Test.Sdk does not contain an inclusive lower bound. Include a lower bound in the dependency version to ensure consistent restore results. [E:\github\FunWasHad\FunWasHad.sln]
E:\github\FunWasHad\tests\FWH.Common.Location.Tests\FWH.Common.Location.Tests.csproj : warning NU1604: Project dependency NSubstitute does not contain an inclusive lower bound. Include a lower bound in the dependency version to ensure consistent restore results. [E:\github\FunWasHad\FunWasHad.sln]
E:\github\FunWasHad\tests\FWH.Common.Location.Tests\FWH.Common.Location.Tests.csproj : warning NU1604: Project dependency xunit.v3 does not contain an inclusive lower bound. Include a lower bound in the dependency version to ensure consistent restore results. [E:\github\FunWasHad\FunWasHad.sln]
E:\github\FunWasHad\tests\FWH.Common.Location.Tests\FWH.Common.Location.Tests.csproj : warning NU1903: Package 'Newtonsoft.Json' 9.0.1 has a known high severity vulnerability, https://github.com/advisories/GHSA-5crp-9r3c-p9vr [E:\github\FunWasHad\FunWasHad.sln]
E:\github\FunWasHad\tests\FWH.Common.Location.Tests\FWH.Common.Location.Tests.csproj : warning NU1903: Package 'System.Net.Http' 4.1.0 has a known high severity vulnerability, https://github.com/advisories/GHSA-7jgj-8wvc-jh57 [E:\github\FunWasHad\FunWasHad.sln]
E:\github\FunWasHad\tests\FWH.Common.Location.Tests\FWH.Common.Location.Tests.csproj : warning NU1903: Package 'System.Security.Cryptography.X509Certificates' 4.1.0 has a known high severity vulnerability, https://github.com/advisories/GHSA-7mfr-774f-w5r9 [E:\github\FunWasHad\FunWasHad.sln]
E:\github\FunWasHad\tests\FWH.Common.Location.Tests\FWH.Common.Location.Tests.csproj : warning NU1701: Package 'NSubstitute 0.9.0.34' was restored using '.NETFramework,Version=v4.6.1, .NETFramework,Version=v4.6.2, .NETFramework,Version=v4.7, .NETFramework,Version=v4.7.1, .NETFramework,Version=v4.7.2, .NETFramework,Version=v4.8, .NETFramework,Version=v4.8.1' instead of the project target framework 'net9.0'. This package may not be fully compatible with your project. [E:\github\FunWasHad\FunWasHad.sln]
E:\github\FunWasHad\tests\PlantUmlRender.Tests\PlantUmlRender.Tests.csproj : warning NU1604: Project dependency coverlet.collector does not contain an inclusive lower bound. Include a lower bound in the dependency version to ensure consistent restore results. [E:\github\FunWasHad\FunWasHad.sln]
E:\github\FunWasHad\tests\PlantUmlRender.Tests\PlantUmlRender.Tests.csproj : warning NU1604: Project dependency Microsoft.NET.Test.Sdk does not contain an inclusive lower bound. Include a lower bound in the dependency version to ensure consistent restore results. [E:\github\FunWasHad\FunWasHad.sln]
E:\github\FunWasHad\tests\PlantUmlRender.Tests\PlantUmlRender.Tests.csproj : warning NU1604: Project dependency xunit.v3 does not contain an inclusive lower bound. Include a lower bound in the dependency version to ensure consistent restore results. [E:\github\FunWasHad\FunWasHad.sln]
E:\github\FunWasHad\tests\PlantUmlRender.Tests\PlantUmlRender.Tests.csproj : warning NU1903: Package 'Newtonsoft.Json' 9.0.1 has a known high severity vulnerability, https://github.com/advisories/GHSA-5crp-9r3c-p9vr [E:\github\FunWasHad\FunWasHad.sln]
  Restored E:\github\FunWasHad\src\FWH.Common.Location\FWH.Common.Location.csproj (in 640 ms).
  Restored E:\github\FunWasHad\src\FWH.Common.Imaging\FWH.Common.Imaging.csproj (in 504 ms).
  Restored E:\github\FunWasHad\src\FWH.Mobile.Data\FWH.Mobile.Data.csproj (in 520 ms).
  Restored E:\github\FunWasHad\tools\PlantUmlRender\PlantUmlRender.csproj (in 669 ms).
E:\github\FunWasHad\tests\FWH.Common.Imaging.Tests\FWH.Common.Imaging.Tests.csproj : warning NU1604: Project dependency coverlet.collector does not contain an inclusive lower bound. Include a lower bound in the dependency version to ensure consistent restore results. [E:\github\FunWasHad\FunWasHad.sln]
E:\github\FunWasHad\tests\FWH.Common.Imaging.Tests\FWH.Common.Imaging.Tests.csproj : warning NU1604: Project dependency Microsoft.NET.Test.Sdk does not contain an inclusive lower bound. Include a lower bound in the dependency version to ensure consistent restore results. [E:\github\FunWasHad\FunWasHad.sln]
E:\github\FunWasHad\tests\FWH.Common.Imaging.Tests\FWH.Common.Imaging.Tests.csproj : warning NU1604: Project dependency xunit.v3 does not contain an inclusive lower bound. Include a lower bound in the dependency version to ensure consistent restore results. [E:\github\FunWasHad\FunWasHad.sln]
E:\github\FunWasHad\tests\FWH.Common.Imaging.Tests\FWH.Common.Imaging.Tests.csproj : warning NU1903: Package 'Newtonsoft.Json' 9.0.1 has a known high severity vulnerability, https://github.com/advisories/GHSA-5crp-9r3c-p9vr [E:\github\FunWasHad\FunWasHad.sln]
E:\github\FunWasHad\tests\FWH.Common.Imaging.Tests\FWH.Common.Imaging.Tests.csproj : warning NU1903: Package 'System.Net.Http' 4.1.0 has a known high severity vulnerability, https://github.com/advisories/GHSA-7jgj-8wvc-jh57 [E:\github\FunWasHad\FunWasHad.sln]
E:\github\FunWasHad\tests\FWH.Common.Imaging.Tests\FWH.Common.Imaging.Tests.csproj : warning NU1903: Package 'System.Security.Cryptography.X509Certificates' 4.1.0 has a known high severity vulnerability, https://github.com/advisories/GHSA-7mfr-774f-w5r9 [E:\github\FunWasHad\FunWasHad.sln]
  Restored E:\github\FunWasHad\tests\FWH.Common.Imaging.Tests\FWH.Common.Imaging.Tests.csproj (in 1.3 sec).
E:\github\FunWasHad\tests\FWH.Mobile.Services.Tests\FWH.Mobile.Services.Tests.csproj : warning NU1604: Project dependency coverlet.collector does not contain an inclusive lower bound. Include a lower bound in the dependency version to ensure consistent restore results. [E:\github\FunWasHad\FunWasHad.sln]
E:\github\FunWasHad\tests\FWH.Mobile.Services.Tests\FWH.Mobile.Services.Tests.csproj : warning NU1604: Project dependency Microsoft.EntityFrameworkCore.InMemory does not contain an inclusive lower bound. Include a lower bound in the dependency version to ensure consistent restore results. [E:\github\FunWasHad\FunWasHad.sln]
E:\github\FunWasHad\tests\FWH.Mobile.Services.Tests\FWH.Mobile.Services.Tests.csproj : warning NU1604: Project dependency Microsoft.NET.Test.Sdk does not contain an inclusive lower bound. Include a lower bound in the dependency version to ensure consistent restore results. [E:\github\FunWasHad\FunWasHad.sln]
E:\github\FunWasHad\tests\FWH.Mobile.Services.Tests\FWH.Mobile.Services.Tests.csproj : warning NU1604: Project dependency xunit.v3 does not contain an inclusive lower bound. Include a lower bound in the dependency version to ensure consistent restore results. [E:\github\FunWasHad\FunWasHad.sln]
E:\github\FunWasHad\tests\FWH.Mobile.Services.Tests\FWH.Mobile.Services.Tests.csproj : warning NU1903: Package 'Newtonsoft.Json' 9.0.1 has a known high severity vulnerability, https://github.com/advisories/GHSA-5crp-9r3c-p9vr [E:\github\FunWasHad\FunWasHad.sln]
E:\github\FunWasHad\tests\FWH.Mobile.Services.Tests\FWH.Mobile.Services.Tests.csproj : warning NU1903: Package 'System.Net.Http' 4.1.0 has a known high severity vulnerability, https://github.com/advisories/GHSA-7jgj-8wvc-jh57 [E:\github\FunWasHad\FunWasHad.sln]
E:\github\FunWasHad\tests\FWH.Mobile.Services.Tests\FWH.Mobile.Services.Tests.csproj : warning NU1903: Package 'System.Security.Cryptography.X509Certificates' 4.1.0 has a known high severity vulnerability, https://github.com/advisories/GHSA-7mfr-774f-w5r9 [E:\github\FunWasHad\FunWasHad.sln]
  Restored E:\github\FunWasHad\src\FWH.Mobile\FWH.Mobile\FWH.Mobile.csproj (in 2.72 sec).
  Restored E:\github\FunWasHad\tests\FWH.Mobile.Services.Tests\FWH.Mobile.Services.Tests.csproj (in 2.87 sec).
  Restored E:\github\FunWasHad\src\FWH.Mobile\FWH.Mobile.Desktop\FWH.Mobile.Desktop.csproj (in 2.9 sec).
  Restored E:\github\FunWasHad\src\FWH.Mobile\FWH.Mobile.Android\FWH.Mobile.Android.csproj (in 3.04 sec).
  15 of 24 projects are up-to-date for restore.
E:\github\FunWasHad\tests\FWH.Common.Workflow.Tests\FWH.Common.Workflow.Tests.csproj : warning NU1604: Project dependency coverlet.collector does not contain an inclusive lower bound. Include a lower bound in the dependency version to ensure consistent restore results.
E:\github\FunWasHad\tests\FWH.Common.Workflow.Tests\FWH.Common.Workflow.Tests.csproj : warning NU1604: Project dependency Microsoft.NET.Test.Sdk does not contain an inclusive lower bound. Include a lower bound in the dependency version to ensure consistent restore results.
E:\github\FunWasHad\tests\FWH.Common.Workflow.Tests\FWH.Common.Workflow.Tests.csproj : warning NU1604: Project dependency NSubstitute does not contain an inclusive lower bound. Include a lower bound in the dependency version to ensure consistent restore results.
E:\github\FunWasHad\tests\FWH.Common.Workflow.Tests\FWH.Common.Workflow.Tests.csproj : warning NU1604: Project dependency xunit.v3 does not contain an inclusive lower bound. Include a lower bound in the dependency version to ensure consistent restore results.
E:\github\FunWasHad\tests\FWH.Common.Workflow.Tests\FWH.Common.Workflow.Tests.csproj : warning NU1903: Package 'Newtonsoft.Json' 9.0.1 has a known high severity vulnerability, https://github.com/advisories/GHSA-5crp-9r3c-p9vr
E:\github\FunWasHad\tests\FWH.Common.Workflow.Tests\FWH.Common.Workflow.Tests.csproj : warning NU1903: Package 'System.Net.Http' 4.1.0 has a known high severity vulnerability, https://github.com/advisories/GHSA-7jgj-8wvc-jh57
E:\github\FunWasHad\tests\FWH.Common.Workflow.Tests\FWH.Common.Workflow.Tests.csproj : warning NU1903: Package 'System.Security.Cryptography.X509Certificates' 4.1.0 has a known high severity vulnerability, https://github.com/advisories/GHSA-7mfr-774f-w5r9
E:\github\FunWasHad\tests\FWH.Common.Workflow.Tests\FWH.Common.Workflow.Tests.csproj : warning NU1701: Package 'NSubstitute 0.9.0.34' was restored using '.NETFramework,Version=v4.6.1, .NETFramework,Version=v4.6.2, .NETFramework,Version=v4.7, .NETFramework,Version=v4.7.1, .NETFramework,Version=v4.7.2, .NETFramework,Version=v4.8, .NETFramework,Version=v4.8.1' instead of the project target framework 'net9.0'. This package may not be fully compatible with your project.
E:\github\FunWasHad\tests\FWH.Common.Imaging.Tests\FWH.Common.Imaging.Tests.csproj : warning NU1604: Project dependency coverlet.collector does not contain an inclusive lower bound. Include a lower bound in the dependency version to ensure consistent restore results.
E:\github\FunWasHad\tests\FWH.Common.Imaging.Tests\FWH.Common.Imaging.Tests.csproj : warning NU1604: Project dependency Microsoft.NET.Test.Sdk does not contain an inclusive lower bound. Include a lower bound in the dependency version to ensure consistent restore results.
E:\github\FunWasHad\tests\FWH.Common.Location.Tests\FWH.Common.Location.Tests.csproj : warning NU1604: Project dependency coverlet.collector does not contain an inclusive lower bound. Include a lower bound in the dependency version to ensure consistent restore results.
E:\github\FunWasHad\tests\FWH.Common.Imaging.Tests\FWH.Common.Imaging.Tests.csproj : warning NU1604: Project dependency xunit.v3 does not contain an inclusive lower bound. Include a lower bound in the dependency version to ensure consistent restore results.
E:\github\FunWasHad\tests\FWH.Common.Location.Tests\FWH.Common.Location.Tests.csproj : warning NU1604: Project dependency Microsoft.NET.Test.Sdk does not contain an inclusive lower bound. Include a lower bound in the dependency version to ensure consistent restore results.
E:\github\FunWasHad\tests\FWH.Common.Imaging.Tests\FWH.Common.Imaging.Tests.csproj : warning NU1903: Package 'Newtonsoft.Json' 9.0.1 has a known high severity vulnerability, https://github.com/advisories/GHSA-5crp-9r3c-p9vr
E:\github\FunWasHad\tests\FWH.Common.Imaging.Tests\FWH.Common.Imaging.Tests.csproj : warning NU1903: Package 'System.Net.Http' 4.1.0 has a known high severity vulnerability, https://github.com/advisories/GHSA-7jgj-8wvc-jh57
E:\github\FunWasHad\tests\FWH.Common.Location.Tests\FWH.Common.Location.Tests.csproj : warning NU1604: Project dependency NSubstitute does not contain an inclusive lower bound. Include a lower bound in the dependency version to ensure consistent restore results.
E:\github\FunWasHad\tests\FWH.Common.Imaging.Tests\FWH.Common.Imaging.Tests.csproj : warning NU1903: Package 'System.Security.Cryptography.X509Certificates' 4.1.0 has a known high severity vulnerability, https://github.com/advisories/GHSA-7mfr-774f-w5r9
E:\github\FunWasHad\tests\FWH.Common.Location.Tests\FWH.Common.Location.Tests.csproj : warning NU1604: Project dependency xunit.v3 does not contain an inclusive lower bound. Include a lower bound in the dependency version to ensure consistent restore results.
E:\github\FunWasHad\tests\FWH.Common.Location.Tests\FWH.Common.Location.Tests.csproj : warning NU1903: Package 'Newtonsoft.Json' 9.0.1 has a known high severity vulnerability, https://github.com/advisories/GHSA-5crp-9r3c-p9vr
E:\github\FunWasHad\tests\FWH.Common.Location.Tests\FWH.Common.Location.Tests.csproj : warning NU1903: Package 'System.Net.Http' 4.1.0 has a known high severity vulnerability, https://github.com/advisories/GHSA-7jgj-8wvc-jh57
E:\github\FunWasHad\tests\FWH.Mobile.Data.Tests\FWH.Mobile.Data.Tests.csproj : warning NU1604: Project dependency coverlet.collector does not contain an inclusive lower bound. Include a lower bound in the dependency version to ensure consistent restore results.
E:\github\FunWasHad\tests\FWH.Common.Location.Tests\FWH.Common.Location.Tests.csproj : warning NU1903: Package 'System.Security.Cryptography.X509Certificates' 4.1.0 has a known high severity vulnerability, https://github.com/advisories/GHSA-7mfr-774f-w5r9
E:\github\FunWasHad\tests\FWH.Common.Location.Tests\FWH.Common.Location.Tests.csproj : warning NU1701: Package 'NSubstitute 0.9.0.34' was restored using '.NETFramework,Version=v4.6.1, .NETFramework,Version=v4.6.2, .NETFramework,Version=v4.7, .NETFramework,Version=v4.7.1, .NETFramework,Version=v4.7.2, .NETFramework,Version=v4.8, .NETFramework,Version=v4.8.1' instead of the project target framework 'net9.0'. This package may not be fully compatible with your project.
E:\github\FunWasHad\tests\FWH.Common.Chat.Tests\FWH.Common.Chat.Tests.csproj : warning NU1604: Project dependency coverlet.collector does not contain an inclusive lower bound. Include a lower bound in the dependency version to ensure consistent restore results.
E:\github\FunWasHad\tests\FWH.Mobile.Data.Tests\FWH.Mobile.Data.Tests.csproj : warning NU1604: Project dependency Microsoft.NET.Test.Sdk does not contain an inclusive lower bound. Include a lower bound in the dependency version to ensure consistent restore results.
E:\github\FunWasHad\tests\FWH.Common.Chat.Tests\FWH.Common.Chat.Tests.csproj : warning NU1604: Project dependency Microsoft.NET.Test.Sdk does not contain an inclusive lower bound. Include a lower bound in the dependency version to ensure consistent restore results.
E:\github\FunWasHad\tests\FWH.Common.Chat.Tests\FWH.Common.Chat.Tests.csproj : warning NU1604: Project dependency xunit.v3 does not contain an inclusive lower bound. Include a lower bound in the dependency version to ensure consistent restore results.
E:\github\FunWasHad\tests\FWH.Mobile.Data.Tests\FWH.Mobile.Data.Tests.csproj : warning NU1604: Project dependency xunit.v3 does not contain an inclusive lower bound. Include a lower bound in the dependency version to ensure consistent restore results.
E:\github\FunWasHad\tests\FWH.Common.Chat.Tests\FWH.Common.Chat.Tests.csproj : warning NU1903: Package 'Newtonsoft.Json' 9.0.1 has a known high severity vulnerability, https://github.com/advisories/GHSA-5crp-9r3c-p9vr
E:\github\FunWasHad\tests\FWH.Common.Chat.Tests\FWH.Common.Chat.Tests.csproj : warning NU1903: Package 'System.Net.Http' 4.1.0 has a known high severity vulnerability, https://github.com/advisories/GHSA-7jgj-8wvc-jh57
E:\github\FunWasHad\tests\FWH.Mobile.Data.Tests\FWH.Mobile.Data.Tests.csproj : warning NU1903: Package 'Newtonsoft.Json' 9.0.1 has a known high severity vulnerability, https://github.com/advisories/GHSA-5crp-9r3c-p9vr
E:\github\FunWasHad\tests\FWH.Common.Chat.Tests\FWH.Common.Chat.Tests.csproj : warning NU1903: Package 'System.Security.Cryptography.X509Certificates' 4.1.0 has a known high severity vulnerability, https://github.com/advisories/GHSA-7mfr-774f-w5r9
E:\github\FunWasHad\tests\FWH.Mobile.Data.Tests\FWH.Mobile.Data.Tests.csproj : warning NU1903: Package 'System.Net.Http' 4.1.0 has a known high severity vulnerability, https://github.com/advisories/GHSA-7jgj-8wvc-jh57
E:\github\FunWasHad\tests\FWH.Mobile.Data.Tests\FWH.Mobile.Data.Tests.csproj : warning NU1903: Package 'System.Security.Cryptography.X509Certificates' 4.1.0 has a known high severity vulnerability, https://github.com/advisories/GHSA-7mfr-774f-w5r9
E:\github\FunWasHad\tests\FWH.Mobile.Services.Tests\FWH.Mobile.Services.Tests.csproj : warning NU1604: Project dependency coverlet.collector does not contain an inclusive lower bound. Include a lower bound in the dependency version to ensure consistent restore results.
E:\github\FunWasHad\tests\FWH.Mobile.Services.Tests\FWH.Mobile.Services.Tests.csproj : warning NU1604: Project dependency Microsoft.EntityFrameworkCore.InMemory does not contain an inclusive lower bound. Include a lower bound in the dependency version to ensure consistent restore results.
E:\github\FunWasHad\tests\FWH.Mobile.Services.Tests\FWH.Mobile.Services.Tests.csproj : warning NU1604: Project dependency Microsoft.NET.Test.Sdk does not contain an inclusive lower bound. Include a lower bound in the dependency version to ensure consistent restore results.
E:\github\FunWasHad\tests\FWH.Mobile.Services.Tests\FWH.Mobile.Services.Tests.csproj : warning NU1604: Project dependency xunit.v3 does not contain an inclusive lower bound. Include a lower bound in the dependency version to ensure consistent restore results.
E:\github\FunWasHad\tests\FWH.Mobile.Services.Tests\FWH.Mobile.Services.Tests.csproj : warning NU1903: Package 'Newtonsoft.Json' 9.0.1 has a known high severity vulnerability, https://github.com/advisories/GHSA-5crp-9r3c-p9vr
E:\github\FunWasHad\tests\FWH.Mobile.Services.Tests\FWH.Mobile.Services.Tests.csproj : warning NU1903: Package 'System.Net.Http' 4.1.0 has a known high severity vulnerability, https://github.com/advisories/GHSA-7jgj-8wvc-jh57
E:\github\FunWasHad\tests\FWH.Mobile.Services.Tests\FWH.Mobile.Services.Tests.csproj : warning NU1903: Package 'System.Security.Cryptography.X509Certificates' 4.1.0 has a known high severity vulnerability, https://github.com/advisories/GHSA-7mfr-774f-w5r9
E:\github\FunWasHad\tests\FWH.MarketingApi.Tests\FWH.MarketingApi.Tests.csproj : warning NU1604: Project dependency coverlet.collector does not contain an inclusive lower bound. Include a lower bound in the dependency version to ensure consistent restore results.
E:\github\FunWasHad\tests\FWH.MarketingApi.Tests\FWH.MarketingApi.Tests.csproj : warning NU1604: Project dependency Microsoft.AspNetCore.Mvc.Testing does not contain an inclusive lower bound. Include a lower bound in the dependency version to ensure consistent restore results.
E:\github\FunWasHad\tests\FWH.MarketingApi.Tests\FWH.MarketingApi.Tests.csproj : warning NU1604: Project dependency Microsoft.EntityFrameworkCore.InMemory does not contain an inclusive lower bound. Include a lower bound in the dependency version to ensure consistent restore results.
E:\github\FunWasHad\tests\FWH.MarketingApi.Tests\FWH.MarketingApi.Tests.csproj : warning NU1604: Project dependency Microsoft.Extensions.Hosting does not contain an inclusive lower bound. Include a lower bound in the dependency version to ensure consistent restore results.
E:\github\FunWasHad\tests\FWH.MarketingApi.Tests\FWH.MarketingApi.Tests.csproj : warning NU1604: Project dependency Microsoft.NET.Test.Sdk does not contain an inclusive lower bound. Include a lower bound in the dependency version to ensure consistent restore results.
E:\github\FunWasHad\tests\FWH.MarketingApi.Tests\FWH.MarketingApi.Tests.csproj : warning NU1604: Project dependency NSubstitute does not contain an inclusive lower bound. Include a lower bound in the dependency version to ensure consistent restore results.
E:\github\FunWasHad\tests\FWH.MarketingApi.Tests\FWH.MarketingApi.Tests.csproj : warning NU1604: Project dependency Testcontainers.PostgreSql does not contain an inclusive lower bound. Include a lower bound in the dependency version to ensure consistent restore results.
E:\github\FunWasHad\tests\PlantUmlRender.Tests\PlantUmlRender.Tests.csproj : warning NU1604: Project dependency coverlet.collector does not contain an inclusive lower bound. Include a lower bound in the dependency version to ensure consistent restore results.
E:\github\FunWasHad\tests\FWH.MarketingApi.Tests\FWH.MarketingApi.Tests.csproj : warning NU1604: Project dependency xunit.v3 does not contain an inclusive lower bound. Include a lower bound in the dependency version to ensure consistent restore results.
E:\github\FunWasHad\tests\PlantUmlRender.Tests\PlantUmlRender.Tests.csproj : warning NU1604: Project dependency Microsoft.NET.Test.Sdk does not contain an inclusive lower bound. Include a lower bound in the dependency version to ensure consistent restore results.
E:\github\FunWasHad\tests\PlantUmlRender.Tests\PlantUmlRender.Tests.csproj : warning NU1604: Project dependency xunit.v3 does not contain an inclusive lower bound. Include a lower bound in the dependency version to ensure consistent restore results.
E:\github\FunWasHad\tests\PlantUmlRender.Tests\PlantUmlRender.Tests.csproj : warning NU1903: Package 'Newtonsoft.Json' 9.0.1 has a known high severity vulnerability, https://github.com/advisories/GHSA-5crp-9r3c-p9vr
E:\github\FunWasHad\tests\FWH.MarketingApi.Tests\FWH.MarketingApi.Tests.csproj : warning NU1903: Package 'Microsoft.AspNetCore.Http' 2.1.0 has a known high severity vulnerability, https://github.com/advisories/GHSA-hxrm-9w7p-39cc
E:\github\FunWasHad\tests\FWH.MarketingApi.Tests\FWH.MarketingApi.Tests.csproj : warning NU1903: Package 'System.IO.Pipelines' 4.5.0 has a known high severity vulnerability, https://github.com/advisories/GHSA-j378-6mmw-hqfr
E:\github\FunWasHad\tests\FWH.MarketingApi.Tests\FWH.MarketingApi.Tests.csproj : warning NU1903: Package 'System.Net.Http' 4.1.0 has a known high severity vulnerability, https://github.com/advisories/GHSA-7jgj-8wvc-jh57
E:\github\FunWasHad\tests\FWH.MarketingApi.Tests\FWH.MarketingApi.Tests.csproj : warning NU1903: Package 'System.Security.Cryptography.X509Certificates' 4.1.0 has a known high severity vulnerability, https://github.com/advisories/GHSA-7mfr-774f-w5r9
E:\github\FunWasHad\tests\FWH.MarketingApi.Tests\FWH.MarketingApi.Tests.csproj : warning NU1904: Package 'System.Text.Encodings.Web' 4.5.0 has a known critical severity vulnerability, https://github.com/advisories/GHSA-ghhp-997w-qr28
E:\github\FunWasHad\tests\FWH.MarketingApi.Tests\FWH.MarketingApi.Tests.csproj : warning NU1701: Package 'NSubstitute 0.9.0.34' was restored using '.NETFramework,Version=v4.6.1, .NETFramework,Version=v4.6.2, .NETFramework,Version=v4.7, .NETFramework,Version=v4.7.1, .NETFramework,Version=v4.7.2, .NETFramework,Version=v4.8, .NETFramework,Version=v4.8.1' instead of the project target framework 'net9.0'. This package may not be fully compatible with your project.
E:\github\FunWasHad\src\FWH.Orchestrix.Contracts\Location\LocationContracts.cs(58,36): warning CA1002: Change 'List<DeviceLocationDto>' in 'GetDeviceLocationHistoryResponse.Locations' to use 'Collection<T>', 'ReadOnlyCollection<T>' or 'KeyedCollection<K,V>' (https://learn.microsoft.com/dotnet/fundamentals/code-analysis/quality-rules/ca1002) [E:\github\FunWasHad\src\FWH.Orchestrix.Contracts\FWH.Orchestrix.Contracts.csproj]
E:\github\FunWasHad\src\FWH.Orchestrix.Contracts\Location\LocationContracts.cs(69,22): warning CA1819: Properties should not return arrays (https://learn.microsoft.com/dotnet/fundamentals/code-analysis/quality-rules/ca1819) [E:\github\FunWasHad\src\FWH.Orchestrix.Contracts\FWH.Orchestrix.Contracts.csproj]
E:\github\FunWasHad\src\FWH.Orchestrix.Contracts\Marketing\MarketingContracts.cs(76,30): warning CA1002: Change 'List<MenuItemDto>' in 'GetBusinessMenuResponse.MenuItems' to use 'Collection<T>', 'ReadOnlyCollection<T>' or 'KeyedCollection<K,V>' (https://learn.microsoft.com/dotnet/fundamentals/code-analysis/quality-rules/ca1002) [E:\github\FunWasHad\src\FWH.Orchestrix.Contracts\FWH.Orchestrix.Contracts.csproj]
E:\github\FunWasHad\src\FWH.Orchestrix.Contracts\Marketing\MarketingContracts.cs(59,28): warning CA1002: Change 'List<CouponDto>' in 'GetBusinessCouponsResponse.Coupons' to use 'Collection<T>', 'ReadOnlyCollection<T>' or 'KeyedCollection<K,V>' (https://learn.microsoft.com/dotnet/fundamentals/code-analysis/quality-rules/ca1002) [E:\github\FunWasHad\src\FWH.Orchestrix.Contracts\FWH.Orchestrix.Contracts.csproj]
E:\github\FunWasHad\src\FWH.Orchestrix.Contracts\Marketing\MarketingContracts.cs(93,30): warning CA1002: Change 'List<NewsItemDto>' in 'GetBusinessNewsResponse.NewsItems' to use 'Collection<T>', 'ReadOnlyCollection<T>' or 'KeyedCollection<K,V>' (https://learn.microsoft.com/dotnet/fundamentals/code-analysis/quality-rules/ca1002) [E:\github\FunWasHad\src\FWH.Orchestrix.Contracts\FWH.Orchestrix.Contracts.csproj]
E:\github\FunWasHad\src\FWH.Orchestrix.Contracts\Marketing\MarketingContracts.cs(140,20): warning CA1056: Change the type of property 'UploadFeedbackAttachmentResponse.StorageUrl' from 'string' to 'System.Uri' (https://learn.microsoft.com/dotnet/fundamentals/code-analysis/quality-rules/ca1056) [E:\github\FunWasHad\src\FWH.Orchestrix.Contracts\FWH.Orchestrix.Contracts.csproj]
E:\github\FunWasHad\src\FWH.Orchestrix.Contracts\Marketing\MarketingContracts.cs(131,28): warning CA1819: Properties should not return arrays (https://learn.microsoft.com/dotnet/fundamentals/code-analysis/quality-rules/ca1819) [E:\github\FunWasHad\src\FWH.Orchestrix.Contracts\FWH.Orchestrix.Contracts.csproj]
E:\github\FunWasHad\src\FWH.Orchestrix.Contracts\Marketing\MarketingContracts.cs(158,37): warning CA1002: Change 'List<BusinessSummaryDto>' in 'FindNearbyBusinessesResponse.Businesses' to use 'Collection<T>', 'ReadOnlyCollection<T>' or 'KeyedCollection<K,V>' (https://learn.microsoft.com/dotnet/fundamentals/code-analysis/quality-rules/ca1002) [E:\github\FunWasHad\src\FWH.Orchestrix.Contracts\FWH.Orchestrix.Contracts.csproj]
E:\github\FunWasHad\src\FWH.Orchestrix.Contracts\Marketing\MarketingContracts.cs(171,28): warning CA1002: Change 'List<CouponDto>' in 'BusinessMarketingDto.Coupons' to use 'Collection<T>', 'ReadOnlyCollection<T>' or 'KeyedCollection<K,V>' (https://learn.microsoft.com/dotnet/fundamentals/code-analysis/quality-rules/ca1002) [E:\github\FunWasHad\src\FWH.Orchestrix.Contracts\FWH.Orchestrix.Contracts.csproj]
E:\github\FunWasHad\tools\PlantUmlRender\Program.cs(37,25): warning CA1308: In method 'ParseArgs', replace the call to 'ToLowerInvariant' with 'ToUpperInvariant' (https://learn.microsoft.com/dotnet/fundamentals/code-analysis/quality-rules/ca1308) [E:\github\FunWasHad\tools\PlantUmlRender\PlantUmlRender.csproj]
E:\github\FunWasHad\src\FWH.Orchestrix.Contracts\Marketing\MarketingContracts.cs(172,30): warning CA1002: Change 'List<MenuItemDto>' in 'BusinessMarketingDto.MenuItems' to use 'Collection<T>', 'ReadOnlyCollection<T>' or 'KeyedCollection<K,V>' (https://learn.microsoft.com/dotnet/fundamentals/code-analysis/quality-rules/ca1002) [E:\github\FunWasHad\src\FWH.Orchestrix.Contracts\FWH.Orchestrix.Contracts.csproj]
E:\github\FunWasHad\tools\PlantUmlRender\Program.cs(67,13): warning CA1849: 'TextWriter.WriteLine(string?)' synchronously blocks. Await 'TextWriter.WriteLineAsync()' instead. (https://learn.microsoft.com/dotnet/fundamentals/code-analysis/quality-rules/ca1849) [E:\github\FunWasHad\tools\PlantUmlRender\PlantUmlRender.csproj]
E:\github\FunWasHad\src\FWH.Orchestrix.Contracts\Marketing\MarketingContracts.cs(173,30): warning CA1002: Change 'List<NewsItemDto>' in 'BusinessMarketingDto.NewsItems' to use 'Collection<T>', 'ReadOnlyCollection<T>' or 'KeyedCollection<K,V>' (https://learn.microsoft.com/dotnet/fundamentals/code-analysis/quality-rules/ca1002) [E:\github\FunWasHad\src\FWH.Orchestrix.Contracts\FWH.Orchestrix.Contracts.csproj]
E:\github\FunWasHad\tools\PlantUmlRender\Program.cs(71,13): warning CA1849: 'TextWriter.WriteLine(string?)' synchronously blocks. Await 'TextWriter.WriteLineAsync()' instead. (https://learn.microsoft.com/dotnet/fundamentals/code-analysis/quality-rules/ca1849) [E:\github\FunWasHad\tools\PlantUmlRender\PlantUmlRender.csproj]
E:\github\FunWasHad\src\FWH.Orchestrix.Contracts\Marketing\MarketingContracts.cs(189,20): warning CA1056: Change the type of property 'BusinessThemeDto.LogoUrl' from 'string' to 'System.Uri' (https://learn.microsoft.com/dotnet/fundamentals/code-analysis/quality-rules/ca1056) [E:\github\FunWasHad\src\FWH.Orchestrix.Contracts\FWH.Orchestrix.Contracts.csproj]
E:\github\FunWasHad\tools\PlantUmlRender\Program.cs(81,13): warning CA1849: 'TextWriter.WriteLine(string?)' synchronously blocks. Await 'TextWriter.WriteLineAsync()' instead. (https://learn.microsoft.com/dotnet/fundamentals/code-analysis/quality-rules/ca1849) [E:\github\FunWasHad\tools\PlantUmlRender\PlantUmlRender.csproj]
E:\github\FunWasHad\src\FWH.Orchestrix.Contracts\Marketing\MarketingContracts.cs(190,20): warning CA1056: Change the type of property 'BusinessThemeDto.BackgroundImageUrl' from 'string' to 'System.Uri' (https://learn.microsoft.com/dotnet/fundamentals/code-analysis/quality-rules/ca1056) [E:\github\FunWasHad\src\FWH.Orchestrix.Contracts\FWH.Orchestrix.Contracts.csproj]
E:\github\FunWasHad\tools\PlantUmlRender\Program.cs(90,17): warning CA1849: 'TextWriter.WriteLine(string?)' synchronously blocks. Await 'TextWriter.WriteLineAsync()' instead. (https://learn.microsoft.com/dotnet/fundamentals/code-analysis/quality-rules/ca1849) [E:\github\FunWasHad\tools\PlantUmlRender\PlantUmlRender.csproj]
E:\github\FunWasHad\src\FWH.Orchestrix.Contracts\Marketing\MarketingContracts.cs(238,20): warning CA1056: Change the type of property 'NewsItemDto.ImageUrl' from 'string' to 'System.Uri' (https://learn.microsoft.com/dotnet/fundamentals/code-analysis/quality-rules/ca1056) [E:\github\FunWasHad\src\FWH.Orchestrix.Contracts\FWH.Orchestrix.Contracts.csproj]
E:\github\FunWasHad\tools\PlantUmlRender\Program.cs(168,17): warning CA1849: 'TextWriter.WriteLine(string?)' synchronously blocks. Await 'TextWriter.WriteLineAsync()' instead. (https://learn.microsoft.com/dotnet/fundamentals/code-analysis/quality-rules/ca1849) [E:\github\FunWasHad\tools\PlantUmlRender\PlantUmlRender.csproj]
E:\github\FunWasHad\src\FWH.Orchestrix.Contracts\Marketing\MarketingContracts.cs(205,20): warning CA1056: Change the type of property 'CouponDto.ImageUrl' from 'string' to 'System.Uri' (https://learn.microsoft.com/dotnet/fundamentals/code-analysis/quality-rules/ca1056) [E:\github\FunWasHad\src\FWH.Orchestrix.Contracts\FWH.Orchestrix.Contracts.csproj]
E:\github\FunWasHad\tools\PlantUmlRender\Program.cs(179,13): warning CA1849: 'TextWriter.WriteLine(string?)' synchronously blocks. Await 'TextWriter.WriteLineAsync()' instead. (https://learn.microsoft.com/dotnet/fundamentals/code-analysis/quality-rules/ca1849) [E:\github\FunWasHad\tools\PlantUmlRender\PlantUmlRender.csproj]
E:\github\FunWasHad\src\FWH.Orchestrix.Contracts\Marketing\MarketingContracts.cs(223,20): warning CA1056: Change the type of property 'MenuItemDto.ImageUrl' from 'string' to 'System.Uri' (https://learn.microsoft.com/dotnet/fundamentals/code-analysis/quality-rules/ca1056) [E:\github\FunWasHad\src\FWH.Orchestrix.Contracts\FWH.Orchestrix.Contracts.csproj]
E:\github\FunWasHad\tools\PlantUmlRender\Program.cs(177,9): warning CA1031: Modify 'RenderOne' to catch a more specific allowed exception type, or rethrow the exception (https://learn.microsoft.com/dotnet/fundamentals/code-analysis/quality-rules/ca1031) [E:\github\FunWasHad\tools\PlantUmlRender\PlantUmlRender.csproj]
E:\github\FunWasHad\src\FWH.Orchestrix.Contracts\Location\LocationContracts.cs(77,30): warning CA1002: Change 'List<BusinessDto>' in 'GetNearbyBusinessesResponse.Businesses' to use 'Collection<T>', 'ReadOnlyCollection<T>' or 'KeyedCollection<K,V>' (https://learn.microsoft.com/dotnet/fundamentals/code-analysis/quality-rules/ca1002) [E:\github\FunWasHad\src\FWH.Orchestrix.Contracts\FWH.Orchestrix.Contracts.csproj]
E:\github\FunWasHad\tools\PlantUmlRender\Program.cs(109,13): warning CA1849: 'TextWriter.WriteLine(string?)' synchronously blocks. Await 'TextWriter.WriteLineAsync()' instead. (https://learn.microsoft.com/dotnet/fundamentals/code-analysis/quality-rules/ca1849) [E:\github\FunWasHad\tools\PlantUmlRender\PlantUmlRender.csproj]
E:\github\FunWasHad\tools\PlantUmlRender\Program.cs(114,13): warning CA1849: 'TextWriter.WriteLine(string?)' synchronously blocks. Await 'TextWriter.WriteLineAsync()' instead. (https://learn.microsoft.com/dotnet/fundamentals/code-analysis/quality-rules/ca1849) [E:\github\FunWasHad\tools\PlantUmlRender\PlantUmlRender.csproj]
E:\github\FunWasHad\tools\PlantUmlRender\Program.cs(128,17): warning CA1849: 'TextWriter.WriteLine(string?)' synchronously blocks. Await 'TextWriter.WriteLineAsync()' instead. (https://learn.microsoft.com/dotnet/fundamentals/code-analysis/quality-rules/ca1849) [E:\github\FunWasHad\tools\PlantUmlRender\PlantUmlRender.csproj]
E:\github\FunWasHad\tools\PlantUmlRender\Program.cs(134,17): warning CA1849: 'TextWriter.WriteLine(string?)' synchronously blocks. Await 'TextWriter.WriteLineAsync()' instead. (https://learn.microsoft.com/dotnet/fundamentals/code-analysis/quality-rules/ca1849) [E:\github\FunWasHad\tools\PlantUmlRender\PlantUmlRender.csproj]
E:\github\FunWasHad\tools\PlantUmlRender\Program.cs(142,17): warning CA1849: 'TextWriter.WriteLine(string?)' synchronously blocks. Await 'TextWriter.WriteLineAsync()' instead. (https://learn.microsoft.com/dotnet/fundamentals/code-analysis/quality-rules/ca1849) [E:\github\FunWasHad\tools\PlantUmlRender\PlantUmlRender.csproj]
  FWH.Orchestrix.Contracts -> E:\github\FunWasHad\src\FWH.Orchestrix.Contracts\bin\Debug\net9.0\FWH.Orchestrix.Contracts.dll
  FWH.ServiceDefaults -> E:\github\FunWasHad\src\FWH.ServiceDefaults\bin\Debug\net9.0\FWH.ServiceDefaults.dll
  PlantUmlRender -> E:\github\FunWasHad\tools\PlantUmlRender\bin\Debug\net9.0\PlantUmlRender.dll
E:\github\FunWasHad\src\FWH.Common.Imaging\ImagingService.cs(29,27): warning CA2000: Call System.IDisposable.Dispose on object created by 'new SKSvg()' before all references to it are out of scope (https://learn.microsoft.com/dotnet/fundamentals/code-analysis/quality-rules/ca2000) [E:\github\FunWasHad\src\FWH.Common.Imaging\FWH.Common.Imaging.csproj]
  FWH.Common.Imaging -> E:\github\FunWasHad\src\FWH.Common.Imaging\bin\Debug\net9.0\FWH.Common.Imaging.dll
E:\github\FunWasHad\src\FWH.Mobile.Data\Entities\CityMarketingInfoEntity.cs(51,20): warning CA1056: Change the type of property 'CityMarketingInfoEntity.LogoUrl' from 'string' to 'System.Uri' (https://learn.microsoft.com/dotnet/fundamentals/code-analysis/quality-rules/ca1056) [E:\github\FunWasHad\src\FWH.Mobile.Data\FWH.Mobile.Data.csproj]
E:\github\FunWasHad\src\FWH.Mobile.Data\Entities\CityMarketingInfoEntity.cs(81,20): warning CA1056: Change the type of property 'CityMarketingInfoEntity.BackgroundImageUrl' from 'string' to 'System.Uri' (https://learn.microsoft.com/dotnet/fundamentals/code-analysis/quality-rules/ca1056) [E:\github\FunWasHad\src\FWH.Mobile.Data\FWH.Mobile.Data.csproj]
E:\github\FunWasHad\src\FWH.Mobile.Data\Entities\StationaryPlaceEntity.cs(62,20): warning CA1056: Change the type of property 'StationaryPlaceEntity.LogoUrl' from 'string' to 'System.Uri' (https://learn.microsoft.com/dotnet/fundamentals/code-analysis/quality-rules/ca1056) [E:\github\FunWasHad\src\FWH.Mobile.Data\FWH.Mobile.Data.csproj]
E:\github\FunWasHad\src\FWH.Mobile.Data\Entities\StationaryPlaceEntity.cs(92,20): warning CA1056: Change the type of property 'StationaryPlaceEntity.BackgroundImageUrl' from 'string' to 'System.Uri' (https://learn.microsoft.com/dotnet/fundamentals/code-analysis/quality-rules/ca1056) [E:\github\FunWasHad\src\FWH.Mobile.Data\FWH.Mobile.Data.csproj]
E:\github\FunWasHad\src\FWH.Mobile.Data\Entities\ImageEntity.cs(36,19): warning CA1819: Properties should not return arrays (https://learn.microsoft.com/dotnet/fundamentals/code-analysis/quality-rules/ca1819) [E:\github\FunWasHad\src\FWH.Mobile.Data\FWH.Mobile.Data.csproj]
E:\github\FunWasHad\src\FWH.Mobile.Data\Models\WorkflowDefinitionEntity.cs(14,29): warning CA2227: Change 'Nodes' to be read-only by removing the property setter (https://learn.microsoft.com/dotnet/fundamentals/code-analysis/quality-rules/ca2227) [E:\github\FunWasHad\src\FWH.Mobile.Data\FWH.Mobile.Data.csproj]
E:\github\FunWasHad\src\FWH.Mobile.Data\Models\WorkflowDefinitionEntity.cs(14,29): warning CA1002: Change 'List<NodeEntity>' in 'WorkflowDefinitionEntity.Nodes' to use 'Collection<T>', 'ReadOnlyCollection<T>' or 'KeyedCollection<K,V>' (https://learn.microsoft.com/dotnet/fundamentals/code-analysis/quality-rules/ca1002) [E:\github\FunWasHad\src\FWH.Mobile.Data\FWH.Mobile.Data.csproj]
E:\github\FunWasHad\src\FWH.Mobile.Data\Models\WorkflowDefinitionEntity.cs(18,35): warning CA2227: Change 'StartPoints' to be read-only by removing the property setter (https://learn.microsoft.com/dotnet/fundamentals/code-analysis/quality-rules/ca2227) [E:\github\FunWasHad\src\FWH.Mobile.Data\FWH.Mobile.Data.csproj]
E:\github\FunWasHad\src\FWH.Mobile.Data\Models\WorkflowDefinitionEntity.cs(16,35): warning CA2227: Change 'Transitions' to be read-only by removing the property setter (https://learn.microsoft.com/dotnet/fundamentals/code-analysis/quality-rules/ca2227) [E:\github\FunWasHad\src\FWH.Mobile.Data\FWH.Mobile.Data.csproj]
E:\github\FunWasHad\src\FWH.Mobile.Data\Models\WorkflowDefinitionEntity.cs(18,35): warning CA1002: Change 'List<StartPointEntity>' in 'WorkflowDefinitionEntity.StartPoints' to use 'Collection<T>', 'ReadOnlyCollection<T>' or 'KeyedCollection<K,V>' (https://learn.microsoft.com/dotnet/fundamentals/code-analysis/quality-rules/ca1002) [E:\github\FunWasHad\src\FWH.Mobile.Data\FWH.Mobile.Data.csproj]
E:\github\FunWasHad\src\FWH.Mobile.Data\Models\WorkflowDefinitionEntity.cs(16,35): warning CA1002: Change 'List<TransitionEntity>' in 'WorkflowDefinitionEntity.Transitions' to use 'Collection<T>', 'ReadOnlyCollection<T>' or 'KeyedCollection<K,V>' (https://learn.microsoft.com/dotnet/fundamentals/code-analysis/quality-rules/ca1002) [E:\github\FunWasHad\src\FWH.Mobile.Data\FWH.Mobile.Data.csproj]
E:\github\FunWasHad\src\FWH.Mobile.Data\Models\WorkflowDefinitionEntity.cs(28,20): warning CA1819: Properties should not return arrays (https://learn.microsoft.com/dotnet/fundamentals/code-analysis/quality-rules/ca1819) [E:\github\FunWasHad\src\FWH.Mobile.Data\FWH.Mobile.Data.csproj]
E:\github\FunWasHad\src\FWH.Mobile.Data\Entities\ImageEntity.cs(16,20): warning CA1056: Change the type of property 'ImageEntity.SourceUrl' from 'string' to 'System.Uri' (https://learn.microsoft.com/dotnet/fundamentals/code-analysis/quality-rules/ca1056) [E:\github\FunWasHad\src\FWH.Mobile.Data\FWH.Mobile.Data.csproj]
E:\github\FunWasHad\src\FWH.Mobile.Data\Migrations\AddDeviceLocationHistory.cs(53,22): warning CA1861: Prefer 'static readonly' fields over constant array arguments if the called method is called repeatedly and is not mutating the passed array (https://learn.microsoft.com/dotnet/fundamentals/code-analysis/quality-rules/ca1861) [E:\github\FunWasHad\src\FWH.Mobile.Data\FWH.Mobile.Data.csproj]
E:\github\FunWasHad\src\FWH.Mobile.Data\Repositories\EfNoteRepository.cs(19,9): warning CA1510: Use 'ArgumentNullException.ThrowIfNull' instead of explicitly throwing a new exception instance (https://learn.microsoft.com/dotnet/fundamentals/code-analysis/quality-rules/ca1510) [E:\github\FunWasHad\src\FWH.Mobile.Data\FWH.Mobile.Data.csproj]
E:\github\FunWasHad\src\FWH.Mobile.Data\Services\MobileDatabaseMigrationService.cs(112,9): warning CA1031: Modify 'GetAppliedMigrationsAsync' to catch a more specific allowed exception type, or rethrow the exception (https://learn.microsoft.com/dotnet/fundamentals/code-analysis/quality-rules/ca1031) [E:\github\FunWasHad\src\FWH.Mobile.Data\FWH.Mobile.Data.csproj]
E:\github\FunWasHad\src\FWH.Mobile.Data\Services\MobileDatabaseMigrationService.cs(129,9): warning CA1031: Modify 'GetPendingMigrationsAsync' to catch a more specific allowed exception type, or rethrow the exception (https://learn.microsoft.com/dotnet/fundamentals/code-analysis/quality-rules/ca1031) [E:\github\FunWasHad\src\FWH.Mobile.Data\FWH.Mobile.Data.csproj]
E:\github\FunWasHad\src\FWH.Mobile.Data\Repositories\EfConfigurationRepository.cs(75,29): warning CA1305: The behavior of 'int.ToString()' could vary based on the current user's locale settings. Replace this call in 'EfConfigurationRepository.SetIntAsync(string, int, [string], [string])' with a call to 'int.ToString(IFormatProvider)'. (https://learn.microsoft.com/dotnet/fundamentals/code-analysis/quality-rules/ca1305) [E:\github\FunWasHad\src\FWH.Mobile.Data\FWH.Mobile.Data.csproj]
E:\github\FunWasHad\src\FWH.Mobile.Data\Repositories\EfConfigurationRepository.cs(80,46): warning CA1311: Specify a culture or use an invariant version to avoid implicit dependency on current culture (https://learn.microsoft.com/dotnet/fundamentals/code-analysis/quality-rules/ca1311) [E:\github\FunWasHad\src\FWH.Mobile.Data\FWH.Mobile.Data.csproj]
E:\github\FunWasHad\src\FWH.Mobile.Data\Repositories\EfConfigurationRepository.cs(80,29): warning CA1304: The behavior of 'string.ToLower()' could vary based on the current user's locale settings. Replace this call in 'EfConfigurationRepository.SetBoolAsync(string, bool, [string], [string])' with a call to 'string.ToLower(CultureInfo)'. (https://learn.microsoft.com/dotnet/fundamentals/code-analysis/quality-rules/ca1304) [E:\github\FunWasHad\src\FWH.Mobile.Data\FWH.Mobile.Data.csproj]
E:\github\FunWasHad\src\FWH.Mobile.Data\Repositories\EfWorkflowRepository.cs(185,21): warning CA1860: Prefer comparing 'Count' to 0 rather than using 'Any()', both for clarity and for performance (https://learn.microsoft.com/dotnet/fundamentals/code-analysis/quality-rules/ca1860) [E:\github\FunWasHad\src\FWH.Mobile.Data\FWH.Mobile.Data.csproj]
E:\github\FunWasHad\src\FWH.Mobile.Data\Repositories\EfWorkflowRepository.cs(188,21): warning CA1860: Prefer comparing 'Count' to 0 rather than using 'Any()', both for clarity and for performance (https://learn.microsoft.com/dotnet/fundamentals/code-analysis/quality-rules/ca1860) [E:\github\FunWasHad\src\FWH.Mobile.Data\FWH.Mobile.Data.csproj]
E:\github\FunWasHad\src\FWH.Mobile.Data\Repositories\EfWorkflowRepository.cs(191,21): warning CA1860: Prefer comparing 'Count' to 0 rather than using 'Any()', both for clarity and for performance (https://learn.microsoft.com/dotnet/fundamentals/code-analysis/quality-rules/ca1860) [E:\github\FunWasHad\src\FWH.Mobile.Data\FWH.Mobile.Data.csproj]
E:\github\FunWasHad\src\FWH.Mobile.Data\Repositories\EfWorkflowRepository.cs(224,21): warning CA1860: Prefer comparing 'Count' to 0 rather than using 'Any()', both for clarity and for performance (https://learn.microsoft.com/dotnet/fundamentals/code-analysis/quality-rules/ca1860) [E:\github\FunWasHad\src\FWH.Mobile.Data\FWH.Mobile.Data.csproj]
E:\github\FunWasHad\src\FWH.Mobile.Data\Repositories\EfWorkflowRepository.cs(225,21): warning CA1860: Prefer comparing 'Count' to 0 rather than using 'Any()', both for clarity and for performance (https://learn.microsoft.com/dotnet/fundamentals/code-analysis/quality-rules/ca1860) [E:\github\FunWasHad\src\FWH.Mobile.Data\FWH.Mobile.Data.csproj]
E:\github\FunWasHad\src\FWH.Mobile.Data\Repositories\EfWorkflowRepository.cs(226,21): warning CA1860: Prefer comparing 'Count' to 0 rather than using 'Any()', both for clarity and for performance (https://learn.microsoft.com/dotnet/fundamentals/code-analysis/quality-rules/ca1860) [E:\github\FunWasHad\src\FWH.Mobile.Data\FWH.Mobile.Data.csproj]
  FWH.Mobile.Data -> E:\github\FunWasHad\src\FWH.Mobile.Data\bin\Debug\net9.0\FWH.Mobile.Data.dll
E:\github\FunWasHad\src\FWH.Documentation.Sync\Program.cs(41,26): warning CA1311: Specify a culture or use an invariant version to avoid implicit dependency on current culture (https://learn.microsoft.com/dotnet/fundamentals/code-analysis/quality-rules/ca1311) [E:\github\FunWasHad\src\FWH.Documentation.Sync\FWH.Documentation.Sync.csproj]
E:\github\FunWasHad\src\FWH.Documentation.Sync\Program.cs(110,9): warning CA1848: For improved performance, use the LoggerMessage delegates instead of calling 'LoggerExtensions.LogInformation(ILogger, string?, params object?[])' (https://learn.microsoft.com/dotnet/fundamentals/code-analysis/quality-rules/ca1848) [E:\github\FunWasHad\src\FWH.Documentation.Sync\FWH.Documentation.Sync.csproj]
E:\github\FunWasHad\src\FWH.Documentation.Sync\Program.cs(67,9): warning CA1848: For improved performance, use the LoggerMessage delegates instead of calling 'LoggerExtensions.LogInformation(ILogger, string?, params object?[])' (https://learn.microsoft.com/dotnet/fundamentals/code-analysis/quality-rules/ca1848) [E:\github\FunWasHad\src\FWH.Documentation.Sync\FWH.Documentation.Sync.csproj]
E:\github\FunWasHad\src\FWH.Documentation.Sync\Program.cs(133,9): warning CA1848: For improved performance, use the LoggerMessage delegates instead of calling 'LoggerExtensions.LogInformation(ILogger, string?, params object?[])' (https://learn.microsoft.com/dotnet/fundamentals/code-analysis/quality-rules/ca1848) [E:\github\FunWasHad\src\FWH.Documentation.Sync\FWH.Documentation.Sync.csproj]
E:\github\FunWasHad\src\FWH.Documentation.Sync\Program.cs(35,9): warning CA1848: For improved performance, use the LoggerMessage delegates instead of calling 'LoggerExtensions.LogInformation(ILogger, string?, params object?[])' (https://learn.microsoft.com/dotnet/fundamentals/code-analysis/quality-rules/ca1848) [E:\github\FunWasHad\src\FWH.Documentation.Sync\FWH.Documentation.Sync.csproj]
E:\github\FunWasHad\src\FWH.Documentation.Sync\Program.cs(36,9): warning CA1848: For improved performance, use the LoggerMessage delegates instead of calling 'LoggerExtensions.LogInformation(ILogger, string?, params object?[])' (https://learn.microsoft.com/dotnet/fundamentals/code-analysis/quality-rules/ca1848) [E:\github\FunWasHad\src\FWH.Documentation.Sync\FWH.Documentation.Sync.csproj]
E:\github\FunWasHad\src\FWH.Documentation.Sync\Program.cs(134,9): warning CA1848: For improved performance, use the LoggerMessage delegates instead of calling 'LoggerExtensions.LogInformation(ILogger, string?, params object?[])' (https://learn.microsoft.com/dotnet/fundamentals/code-analysis/quality-rules/ca1848) [E:\github\FunWasHad\src\FWH.Documentation.Sync\FWH.Documentation.Sync.csproj]
E:\github\FunWasHad\src\FWH.Documentation.Sync\Program.cs(95,13): warning CA1848: For improved performance, use the LoggerMessage delegates instead of calling 'LoggerExtensions.LogWarning(ILogger, string?, params object?[])' (https://learn.microsoft.com/dotnet/fundamentals/code-analysis/quality-rules/ca1848) [E:\github\FunWasHad\src\FWH.Documentation.Sync\FWH.Documentation.Sync.csproj]
E:\github\FunWasHad\src\FWH.Documentation.Sync\Program.cs(117,9): warning CA1848: For improved performance, use the LoggerMessage delegates instead of calling 'LoggerExtensions.LogInformation(ILogger, string?, params object?[])' (https://learn.microsoft.com/dotnet/fundamentals/code-analysis/quality-rules/ca1848) [E:\github\FunWasHad\src\FWH.Documentation.Sync\FWH.Documentation.Sync.csproj]
E:\github\FunWasHad\src\FWH.Documentation.Sync\Program.cs(145,13): warning CA1848: For improved performance, use the LoggerMessage delegates instead of calling 'LoggerExtensions.LogInformation(ILogger, string?, params object?[])' (https://learn.microsoft.com/dotnet/fundamentals/code-analysis/quality-rules/ca1848) [E:\github\FunWasHad\src\FWH.Documentation.Sync\FWH.Documentation.Sync.csproj]
E:\github\FunWasHad\src\FWH.Documentation.Sync\Program.cs(98,17): warning CA1848: For improved performance, use the LoggerMessage delegates instead of calling 'LoggerExtensions.LogWarning(ILogger, string?, params object?[])' (https://learn.microsoft.com/dotnet/fundamentals/code-analysis/quality-rules/ca1848) [E:\github\FunWasHad\src\FWH.Documentation.Sync\FWH.Documentation.Sync.csproj]
E:\github\FunWasHad\src\FWH.Documentation.Sync\Program.cs(37,9): warning CA1848: For improved performance, use the LoggerMessage delegates instead of calling 'LoggerExtensions.LogInformation(ILogger, string?, params object?[])' (https://learn.microsoft.com/dotnet/fundamentals/code-analysis/quality-rules/ca1848) [E:\github\FunWasHad\src\FWH.Documentation.Sync\FWH.Documentation.Sync.csproj]
E:\github\FunWasHad\src\FWH.Documentation.Sync\Program.cs(128,9): warning CA1848: For improved performance, use the LoggerMessage delegates instead of calling 'LoggerExtensions.LogInformation(ILogger, string?, params object?[])' (https://learn.microsoft.com/dotnet/fundamentals/code-analysis/quality-rules/ca1848) [E:\github\FunWasHad\src\FWH.Documentation.Sync\FWH.Documentation.Sync.csproj]
E:\github\FunWasHad\src\FWH.Documentation.Sync\Program.cs(104,13): warning CA1848: For improved performance, use the LoggerMessage delegates instead of calling 'LoggerExtensions.LogInformation(ILogger, string?, params object?[])' (https://learn.microsoft.com/dotnet/fundamentals/code-analysis/quality-rules/ca1848) [E:\github\FunWasHad\src\FWH.Documentation.Sync\FWH.Documentation.Sync.csproj]
E:\github\FunWasHad\src\FWH.Documentation.Sync\Program.cs(53,21): warning CA1848: For improved performance, use the LoggerMessage delegates instead of calling 'LoggerExtensions.LogError(ILogger, string?, params object?[])' (https://learn.microsoft.com/dotnet/fundamentals/code-analysis/quality-rules/ca1848) [E:\github\FunWasHad\src\FWH.Documentation.Sync\FWH.Documentation.Sync.csproj]
E:\github\FunWasHad\src\FWH.Documentation.Sync\Program.cs(60,13): warning CA1848: For improved performance, use the LoggerMessage delegates instead of calling 'LoggerExtensions.LogError(ILogger, Exception?, string?, params object?[])' (https://learn.microsoft.com/dotnet/fundamentals/code-analysis/quality-rules/ca1848) [E:\github\FunWasHad\src\FWH.Documentation.Sync\FWH.Documentation.Sync.csproj]
E:\github\FunWasHad\src\FWH.Documentation.Sync\Program.cs(41,21): warning CA1304: The behavior of 'string.ToLower()' could vary based on the current user's locale settings. Replace this call in 'Program.Main(string[])' with a call to 'string.ToLower(CultureInfo)'. (https://learn.microsoft.com/dotnet/fundamentals/code-analysis/quality-rules/ca1304) [E:\github\FunWasHad\src\FWH.Documentation.Sync\FWH.Documentation.Sync.csproj]
E:\github\FunWasHad\src\FWH.Documentation.Sync\Program.cs(146,17): warning CA1305: The behavior of 'DateTime.ToString(string)' could vary based on the current user's locale settings. Replace this call in 'Program.WatchForChanges(string, ILogger)' with a call to 'DateTime.ToString(string, IFormatProvider)'. (https://learn.microsoft.com/dotnet/fundamentals/code-analysis/quality-rules/ca1305) [E:\github\FunWasHad\src\FWH.Documentation.Sync\FWH.Documentation.Sync.csproj]
E:\github\FunWasHad\src\FWH.Documentation.Sync\Program.cs(227,13): warning CA1848: For improved performance, use the LoggerMessage delegates instead of calling 'LoggerExtensions.LogInformation(ILogger, string?, params object?[])' (https://learn.microsoft.com/dotnet/fundamentals/code-analysis/quality-rules/ca1848) [E:\github\FunWasHad\src\FWH.Documentation.Sync\FWH.Documentation.Sync.csproj]
E:\github\FunWasHad\src\FWH.Documentation.Sync\Program.cs(200,29): warning CA1310: The behavior of 'string.StartsWith(string)' could vary based on the current user's locale settings. Replace this call in 'FWH.Documentation.Sync.Program.UpdateStatusDocument(string, System.Collections.Generic.List<FWH.Documentation.Sync.TodoItem>, Microsoft.Extensions.Logging.ILogger)' with a call to 'string.StartsWith(string, System.StringComparison)'. (https://learn.microsoft.com/dotnet/fundamentals/code-analysis/quality-rules/ca1310) [E:\github\FunWasHad\src\FWH.Documentation.Sync\FWH.Documentation.Sync.csproj]
E:\github\FunWasHad\src\FWH.Documentation.Sync\Program.cs(201,29): warning CA1310: The behavior of 'string.StartsWith(string)' could vary based on the current user's locale settings. Replace this call in 'FWH.Documentation.Sync.Program.UpdateStatusDocument(string, System.Collections.Generic.List<FWH.Documentation.Sync.TodoItem>, Microsoft.Extensions.Logging.ILogger)' with a call to 'string.StartsWith(string, System.StringComparison)'. (https://learn.microsoft.com/dotnet/fundamentals/code-analysis/quality-rules/ca1310) [E:\github\FunWasHad\src\FWH.Documentation.Sync\FWH.Documentation.Sync.csproj]
E:\github\FunWasHad\src\FWH.Documentation.Sync\Program.cs(202,29): warning CA1310: The behavior of 'string.StartsWith(string)' could vary based on the current user's locale settings. Replace this call in 'FWH.Documentation.Sync.Program.UpdateStatusDocument(string, System.Collections.Generic.List<FWH.Documentation.Sync.TodoItem>, Microsoft.Extensions.Logging.ILogger)' with a call to 'string.StartsWith(string, System.StringComparison)'. (https://learn.microsoft.com/dotnet/fundamentals/code-analysis/quality-rules/ca1310) [E:\github\FunWasHad\src\FWH.Documentation.Sync\FWH.Documentation.Sync.csproj]
E:\github\FunWasHad\src\FWH.Documentation.Sync\Program.cs(203,29): warning CA1310: The behavior of 'string.StartsWith(string)' could vary based on the current user's locale settings. Replace this call in 'FWH.Documentation.Sync.Program.UpdateStatusDocument(string, System.Collections.Generic.List<FWH.Documentation.Sync.TodoItem>, Microsoft.Extensions.Logging.ILogger)' with a call to 'string.StartsWith(string, System.StringComparison)'. (https://learn.microsoft.com/dotnet/fundamentals/code-analysis/quality-rules/ca1310) [E:\github\FunWasHad\src\FWH.Documentation.Sync\FWH.Documentation.Sync.csproj]
E:\github\FunWasHad\src\FWH.Documentation.Sync\Program.cs(246,21): warning CA1848: For improved performance, use the LoggerMessage delegates instead of calling 'LoggerExtensions.LogInformation(ILogger, string?, params object?[])' (https://learn.microsoft.com/dotnet/fundamentals/code-analysis/quality-rules/ca1848) [E:\github\FunWasHad\src\FWH.Documentation.Sync\FWH.Documentation.Sync.csproj]
E:\github\FunWasHad\src\FWH.Documentation.Sync\Program.cs(254,9): warning CA1848: For improved performance, use the LoggerMessage delegates instead of calling 'LoggerExtensions.LogInformation(ILogger, string?, params object?[])' (https://learn.microsoft.com/dotnet/fundamentals/code-analysis/quality-rules/ca1848) [E:\github\FunWasHad\src\FWH.Documentation.Sync\FWH.Documentation.Sync.csproj]
E:\github\FunWasHad\src\FWH.Documentation.Sync\Program.cs(314,21): warning CA1848: For improved performance, use the LoggerMessage delegates instead of calling 'LoggerExtensions.LogWarning(ILogger, string?, params object?[])' (https://learn.microsoft.com/dotnet/fundamentals/code-analysis/quality-rules/ca1848) [E:\github\FunWasHad\src\FWH.Documentation.Sync\FWH.Documentation.Sync.csproj]
E:\github\FunWasHad\src\FWH.Documentation.Sync\Program.cs(322,17): warning CA1848: For improved performance, use the LoggerMessage delegates instead of calling 'LoggerExtensions.LogInformation(ILogger, string?, params object?[])' (https://learn.microsoft.com/dotnet/fundamentals/code-analysis/quality-rules/ca1848) [E:\github\FunWasHad\src\FWH.Documentation.Sync\FWH.Documentation.Sync.csproj]
E:\github\FunWasHad\src\FWH.Documentation.Sync\Program.cs(328,13): warning CA1848: For improved performance, use the LoggerMessage delegates instead of calling 'LoggerExtensions.LogInformation(ILogger, string?, params object?[])' (https://learn.microsoft.com/dotnet/fundamentals/code-analysis/quality-rules/ca1848) [E:\github\FunWasHad\src\FWH.Documentation.Sync\FWH.Documentation.Sync.csproj]
E:\github\FunWasHad\src\FWH.Documentation.Sync\Program.cs(332,13): warning CA1848: For improved performance, use the LoggerMessage delegates instead of calling 'LoggerExtensions.LogInformation(ILogger, string?, params object?[])' (https://learn.microsoft.com/dotnet/fundamentals/code-analysis/quality-rules/ca1848) [E:\github\FunWasHad\src\FWH.Documentation.Sync\FWH.Documentation.Sync.csproj]
E:\github\FunWasHad\src\FWH.Documentation.Sync\Program.cs(338,9): warning CA1848: For improved performance, use the LoggerMessage delegates instead of calling 'LoggerExtensions.LogInformation(ILogger, string?, params object?[])' (https://learn.microsoft.com/dotnet/fundamentals/code-analysis/quality-rules/ca1848) [E:\github\FunWasHad\src\FWH.Documentation.Sync\FWH.Documentation.Sync.csproj]
E:\github\FunWasHad\src\FWH.Documentation.Sync\Program.cs(343,13): warning CA1848: For improved performance, use the LoggerMessage delegates instead of calling 'LoggerExtensions.LogWarning(ILogger, string?, params object?[])' (https://learn.microsoft.com/dotnet/fundamentals/code-analysis/quality-rules/ca1848) [E:\github\FunWasHad\src\FWH.Documentation.Sync\FWH.Documentation.Sync.csproj]
E:\github\FunWasHad\src\FWH.Documentation.Sync\Program.cs(363,17): warning CA1848: For improved performance, use the LoggerMessage delegates instead of calling 'LoggerExtensions.LogWarning(ILogger, string?, params object?[])' (https://learn.microsoft.com/dotnet/fundamentals/code-analysis/quality-rules/ca1848) [E:\github\FunWasHad\src\FWH.Documentation.Sync\FWH.Documentation.Sync.csproj]
E:\github\FunWasHad\src\FWH.Documentation.Sync\Program.cs(373,17): warning CA1848: For improved performance, use the LoggerMessage delegates instead of calling 'LoggerExtensions.LogInformation(ILogger, string?, params object?[])' (https://learn.microsoft.com/dotnet/fundamentals/code-analysis/quality-rules/ca1848) [E:\github\FunWasHad\src\FWH.Documentation.Sync\FWH.Documentation.Sync.csproj]
E:\github\FunWasHad\src\FWH.Documentation.Sync\Program.cs(377,17): warning CA1848: For improved performance, use the LoggerMessage delegates instead of calling 'LoggerExtensions.LogWarning(ILogger, string?, params object?[])' (https://learn.microsoft.com/dotnet/fundamentals/code-analysis/quality-rules/ca1848) [E:\github\FunWasHad\src\FWH.Documentation.Sync\FWH.Documentation.Sync.csproj]
E:\github\FunWasHad\src\FWH.Documentation.Sync\Program.cs(385,21): warning CA1848: For improved performance, use the LoggerMessage delegates instead of calling 'LoggerExtensions.LogWarning(ILogger, string?, params object?[])' (https://learn.microsoft.com/dotnet/fundamentals/code-analysis/quality-rules/ca1848) [E:\github\FunWasHad\src\FWH.Documentation.Sync\FWH.Documentation.Sync.csproj]
E:\github\FunWasHad\src\FWH.Documentation.Sync\Program.cs(391,13): warning CA1848: For improved performance, use the LoggerMessage delegates instead of calling 'LoggerExtensions.LogError(ILogger, Exception?, string?, params object?[])' (https://learn.microsoft.com/dotnet/fundamentals/code-analysis/quality-rules/ca1848) [E:\github\FunWasHad\src\FWH.Documentation.Sync\FWH.Documentation.Sync.csproj]
E:\github\FunWasHad\src\FWH.Documentation.Sync\Program.cs(58,9): warning CA1031: Modify 'Main' to catch a more specific allowed exception type, or rethrow the exception (https://learn.microsoft.com/dotnet/fundamentals/code-analysis/quality-rules/ca1031) [E:\github\FunWasHad\src\FWH.Documentation.Sync\FWH.Documentation.Sync.csproj]
E:\github\FunWasHad\src\FWH.Documentation.Sync\Program.cs(389,9): warning CA1031: Modify 'BuildDocumentation' to catch a more specific allowed exception type, or rethrow the exception (https://learn.microsoft.com/dotnet/fundamentals/code-analysis/quality-rules/ca1031) [E:\github\FunWasHad\src\FWH.Documentation.Sync\FWH.Documentation.Sync.csproj]
E:\github\FunWasHad\src\FWH.Documentation.Sync\Program.cs(396,8): warning CA1852: Type 'TodoItem' can be sealed because it has no subtypes in its containing assembly and is not externally visible (https://learn.microsoft.com/dotnet/fundamentals/code-analysis/quality-rules/ca1852) [E:\github\FunWasHad\src\FWH.Documentation.Sync\FWH.Documentation.Sync.csproj]
E:\github\FunWasHad\src\FWH.Documentation.Sync\Program.cs(13,7): warning CA1852: Type 'Program' can be sealed because it has no subtypes in its containing assembly and is not externally visible (https://learn.microsoft.com/dotnet/fundamentals/code-analysis/quality-rules/ca1852) [E:\github\FunWasHad\src\FWH.Documentation.Sync\FWH.Documentation.Sync.csproj]
E:\github\FunWasHad\src\FWH.Documentation.Sync\Program.cs(402,7): warning CA1852: Type 'ProjectStats' can be sealed because it has no subtypes in its containing assembly and is not externally visible (https://learn.microsoft.com/dotnet/fundamentals/code-analysis/quality-rules/ca1852) [E:\github\FunWasHad\src\FWH.Documentation.Sync\FWH.Documentation.Sync.csproj]
E:\github\FunWasHad\src\FWH.Orchestrix.Mediator.Remote\Extensions\MediatorServiceCollectionExtensions.cs(180,19): warning CA1056: Change the type of property 'ApiClientOptions.LocationApiBaseUrl' from 'string' to 'System.Uri' (https://learn.microsoft.com/dotnet/fundamentals/code-analysis/quality-rules/ca1056) [E:\github\FunWasHad\src\FWH.Orchestrix.Mediator.Remote\FWH.Orchestrix.Mediator.Remote.csproj]
E:\github\FunWasHad\src\FWH.Orchestrix.Mediator.Remote\Extensions\MediatorServiceCollectionExtensions.cs(181,19): warning CA1056: Change the type of property 'ApiClientOptions.MarketingApiBaseUrl' from 'string' to 'System.Uri' (https://learn.microsoft.com/dotnet/fundamentals/code-analysis/quality-rules/ca1056) [E:\github\FunWasHad\src\FWH.Orchestrix.Mediator.Remote\FWH.Orchestrix.Mediator.Remote.csproj]
E:\github\FunWasHad\src\FWH.Orchestrix.Mediator.Remote\Marketing\GetBusinessThemeHandler.cs(32,13): warning CA1848: For improved performance, use the LoggerMessage delegates instead of calling 'LoggerExtensions.LogInformation(ILogger, string?, params object?[])' (https://learn.microsoft.com/dotnet/fundamentals/code-analysis/quality-rules/ca1848) [E:\github\FunWasHad\src\FWH.Orchestrix.Mediator.Remote\FWH.Orchestrix.Mediator.Remote.csproj]
E:\github\FunWasHad\src\FWH.Orchestrix.Mediator.Remote\Marketing\GetBusinessThemeHandler.cs(48,13): warning CA1848: For improved performance, use the LoggerMessage delegates instead of calling 'LoggerExtensions.LogWarning(ILogger, string?, params object?[])' (https://learn.microsoft.com/dotnet/fundamentals/code-analysis/quality-rules/ca1848) [E:\github\FunWasHad\src\FWH.Orchestrix.Mediator.Remote\FWH.Orchestrix.Mediator.Remote.csproj]
E:\github\FunWasHad\src\FWH.Orchestrix.Mediator.Remote\Marketing\GetBusinessThemeHandler.cs(59,13): warning CA1848: For improved performance, use the LoggerMessage delegates instead of calling 'LoggerExtensions.LogError(ILogger, Exception?, string?, params object?[])' (https://learn.microsoft.com/dotnet/fundamentals/code-analysis/quality-rules/ca1848) [E:\github\FunWasHad\src\FWH.Orchestrix.Mediator.Remote\FWH.Orchestrix.Mediator.Remote.csproj]
E:\github\FunWasHad\src\FWH.Orchestrix.Mediator.Remote\Marketing\GetBusinessCouponsHandler.cs(32,13): warning CA1848: For improved performance, use the LoggerMessage delegates instead of calling 'LoggerExtensions.LogInformation(ILogger, string?, params object?[])' (https://learn.microsoft.com/dotnet/fundamentals/code-analysis/quality-rules/ca1848) [E:\github\FunWasHad\src\FWH.Orchestrix.Mediator.Remote\FWH.Orchestrix.Mediator.Remote.csproj]
E:\github\FunWasHad\src\FWH.Orchestrix.Mediator.Remote\Marketing\GetBusinessCouponsHandler.cs(48,13): warning CA1848: For improved performance, use the LoggerMessage delegates instead of calling 'LoggerExtensions.LogWarning(ILogger, string?, params object?[])' (https://learn.microsoft.com/dotnet/fundamentals/code-analysis/quality-rules/ca1848) [E:\github\FunWasHad\src\FWH.Orchestrix.Mediator.Remote\FWH.Orchestrix.Mediator.Remote.csproj]
E:\github\FunWasHad\src\FWH.Orchestrix.Mediator.Remote\Marketing\GetBusinessCouponsHandler.cs(59,13): warning CA1848: For improved performance, use the LoggerMessage delegates instead of calling 'LoggerExtensions.LogError(ILogger, Exception?, string?, params object?[])' (https://learn.microsoft.com/dotnet/fundamentals/code-analysis/quality-rules/ca1848) [E:\github\FunWasHad\src\FWH.Orchestrix.Mediator.Remote\FWH.Orchestrix.Mediator.Remote.csproj]
E:\github\FunWasHad\src\FWH.Orchestrix.Mediator.Remote\Marketing\UploadFeedbackAttachmentHandler.cs(32,13): warning CA1848: For improved performance, use the LoggerMessage delegates instead of calling 'LoggerExtensions.LogInformation(ILogger, string?, params object?[])' (https://learn.microsoft.com/dotnet/fundamentals/code-analysis/quality-rules/ca1848) [E:\github\FunWasHad\src\FWH.Orchestrix.Mediator.Remote\FWH.Orchestrix.Mediator.Remote.csproj]
E:\github\FunWasHad\src\FWH.Orchestrix.Mediator.Remote\Marketing\UploadFeedbackAttachmentHandler.cs(58,13): warning CA1848: For improved performance, use the LoggerMessage delegates instead of calling 'LoggerExtensions.LogWarning(ILogger, string?, params object?[])' (https://learn.microsoft.com/dotnet/fundamentals/code-analysis/quality-rules/ca1848) [E:\github\FunWasHad\src\FWH.Orchestrix.Mediator.Remote\FWH.Orchestrix.Mediator.Remote.csproj]
E:\github\FunWasHad\src\FWH.Orchestrix.Mediator.Remote\Marketing\UploadFeedbackAttachmentHandler.cs(69,13): warning CA1848: For improved performance, use the LoggerMessage delegates instead of calling 'LoggerExtensions.LogError(ILogger, Exception?, string?, params object?[])' (https://learn.microsoft.com/dotnet/fundamentals/code-analysis/quality-rules/ca1848) [E:\github\FunWasHad\src\FWH.Orchestrix.Mediator.Remote\FWH.Orchestrix.Mediator.Remote.csproj]
E:\github\FunWasHad\src\FWH.Orchestrix.Mediator.Remote\Marketing\GetBusinessThemeHandler.cs(57,9): warning CA1031: Modify 'HandleAsync' to catch a more specific allowed exception type, or rethrow the exception (https://learn.microsoft.com/dotnet/fundamentals/code-analysis/quality-rules/ca1031) [E:\github\FunWasHad\src\FWH.Orchestrix.Mediator.Remote\FWH.Orchestrix.Mediator.Remote.csproj]
E:\github\FunWasHad\src\FWH.Orchestrix.Mediator.Remote\Marketing\GetBusinessMarketingHandler.cs(32,13): warning CA1848: For improved performance, use the LoggerMessage delegates instead of calling 'LoggerExtensions.LogInformation(ILogger, string?, params object?[])' (https://learn.microsoft.com/dotnet/fundamentals/code-analysis/quality-rules/ca1848) [E:\github\FunWasHad\src\FWH.Orchestrix.Mediator.Remote\FWH.Orchestrix.Mediator.Remote.csproj]
E:\github\FunWasHad\src\FWH.Orchestrix.Mediator.Remote\Marketing\GetBusinessMarketingHandler.cs(48,13): warning CA1848: For improved performance, use the LoggerMessage delegates instead of calling 'LoggerExtensions.LogWarning(ILogger, string?, params object?[])' (https://learn.microsoft.com/dotnet/fundamentals/code-analysis/quality-rules/ca1848) [E:\github\FunWasHad\src\FWH.Orchestrix.Mediator.Remote\FWH.Orchestrix.Mediator.Remote.csproj]
E:\github\FunWasHad\src\FWH.Orchestrix.Mediator.Remote\Marketing\GetBusinessMarketingHandler.cs(59,13): warning CA1848: For improved performance, use the LoggerMessage delegates instead of calling 'LoggerExtensions.LogError(ILogger, Exception?, string?, params object?[])' (https://learn.microsoft.com/dotnet/fundamentals/code-analysis/quality-rules/ca1848) [E:\github\FunWasHad\src\FWH.Orchestrix.Mediator.Remote\FWH.Orchestrix.Mediator.Remote.csproj]
E:\github\FunWasHad\src\FWH.Orchestrix.Mediator.Remote\Location\GetDeviceLocationHistoryHandler.cs(32,13): warning CA1848: For improved performance, use the LoggerMessage delegates instead of calling 'LoggerExtensions.LogInformation(ILogger, string?, params object?[])' (https://learn.microsoft.com/dotnet/fundamentals/code-analysis/quality-rules/ca1848) [E:\github\FunWasHad\src\FWH.Orchestrix.Mediator.Remote\FWH.Orchestrix.Mediator.Remote.csproj]
E:\github\FunWasHad\src\FWH.Orchestrix.Mediator.Remote\Location\GetDeviceLocationHistoryHandler.cs(56,13): warning CA1848: For improved performance, use the LoggerMessage delegates instead of calling 'LoggerExtensions.LogWarning(ILogger, string?, params object?[])' (https://learn.microsoft.com/dotnet/fundamentals/code-analysis/quality-rules/ca1848) [E:\github\FunWasHad\src\FWH.Orchestrix.Mediator.Remote\FWH.Orchestrix.Mediator.Remote.csproj]
E:\github\FunWasHad\src\FWH.Orchestrix.Mediator.Remote\Location\GetDeviceLocationHistoryHandler.cs(67,13): warning CA1848: For improved performance, use the LoggerMessage delegates instead of calling 'LoggerExtensions.LogError(ILogger, Exception?, string?, params object?[])' (https://learn.microsoft.com/dotnet/fundamentals/code-analysis/quality-rules/ca1848) [E:\github\FunWasHad\src\FWH.Orchestrix.Mediator.Remote\FWH.Orchestrix.Mediator.Remote.csproj]
E:\github\FunWasHad\src\FWH.Orchestrix.Mediator.Remote\Marketing\SubmitFeedbackHandler.cs(32,13): warning CA1848: For improved performance, use the LoggerMessage delegates instead of calling 'LoggerExtensions.LogInformation(ILogger, string?, params object?[])' (https://learn.microsoft.com/dotnet/fundamentals/code-analysis/quality-rules/ca1848) [E:\github\FunWasHad\src\FWH.Orchestrix.Mediator.Remote\FWH.Orchestrix.Mediator.Remote.csproj]
E:\github\FunWasHad\src\FWH.Orchestrix.Mediator.Remote\Marketing\SubmitFeedbackHandler.cs(64,13): warning CA1848: For improved performance, use the LoggerMessage delegates instead of calling 'LoggerExtensions.LogWarning(ILogger, string?, params object?[])' (https://learn.microsoft.com/dotnet/fundamentals/code-analysis/quality-rules/ca1848) [E:\github\FunWasHad\src\FWH.Orchestrix.Mediator.Remote\FWH.Orchestrix.Mediator.Remote.csproj]
E:\github\FunWasHad\src\FWH.Orchestrix.Mediator.Remote\Marketing\SubmitFeedbackHandler.cs(75,13): warning CA1848: For improved performance, use the LoggerMessage delegates instead of calling 'LoggerExtensions.LogError(ILogger, Exception?, string?, params object?[])' (https://learn.microsoft.com/dotnet/fundamentals/code-analysis/quality-rules/ca1848) [E:\github\FunWasHad\src\FWH.Orchestrix.Mediator.Remote\FWH.Orchestrix.Mediator.Remote.csproj]
E:\github\FunWasHad\src\FWH.Orchestrix.Mediator.Remote\Marketing\GetBusinessMarketingHandler.cs(57,9): warning CA1031: Modify 'HandleAsync' to catch a more specific allowed exception type, or rethrow the exception (https://learn.microsoft.com/dotnet/fundamentals/code-analysis/quality-rules/ca1031) [E:\github\FunWasHad\src\FWH.Orchestrix.Mediator.Remote\FWH.Orchestrix.Mediator.Remote.csproj]
E:\github\FunWasHad\src\FWH.Orchestrix.Mediator.Remote\Marketing\GetBusinessCouponsHandler.cs(57,9): warning CA1031: Modify 'HandleAsync' to catch a more specific allowed exception type, or rethrow the exception (https://learn.microsoft.com/dotnet/fundamentals/code-analysis/quality-rules/ca1031) [E:\github\FunWasHad\src\FWH.Orchestrix.Mediator.Remote\FWH.Orchestrix.Mediator.Remote.csproj]
E:\github\FunWasHad\src\FWH.Orchestrix.Mediator.Remote\Marketing\UploadFeedbackAttachmentHandler.cs(67,9): warning CA1031: Modify 'HandleAsync' to catch a more specific allowed exception type, or rethrow the exception (https://learn.microsoft.com/dotnet/fundamentals/code-analysis/quality-rules/ca1031) [E:\github\FunWasHad\src\FWH.Orchestrix.Mediator.Remote\FWH.Orchestrix.Mediator.Remote.csproj]
E:\github\FunWasHad\src\FWH.Orchestrix.Mediator.Remote\Marketing\SubmitFeedbackHandler.cs(73,9): warning CA1031: Modify 'HandleAsync' to catch a more specific allowed exception type, or rethrow the exception (https://learn.microsoft.com/dotnet/fundamentals/code-analysis/quality-rules/ca1031) [E:\github\FunWasHad\src\FWH.Orchestrix.Mediator.Remote\FWH.Orchestrix.Mediator.Remote.csproj]
E:\github\FunWasHad\src\FWH.Orchestrix.Mediator.Remote\Location\UpdateDeviceLocationHandler.cs(39,13): warning CA1848: For improved performance, use the LoggerMessage delegates instead of calling 'LoggerExtensions.LogInformation(ILogger, string?, params object?[])' (https://learn.microsoft.com/dotnet/fundamentals/code-analysis/quality-rules/ca1848) [E:\github\FunWasHad\src\FWH.Orchestrix.Mediator.Remote\FWH.Orchestrix.Mediator.Remote.csproj]
E:\github\FunWasHad\src\FWH.Orchestrix.Mediator.Remote\Location\UpdateDeviceLocationHandler.cs(68,13): warning CA1848: For improved performance, use the LoggerMessage delegates instead of calling 'LoggerExtensions.LogWarning(ILogger, string?, params object?[])' (https://learn.microsoft.com/dotnet/fundamentals/code-analysis/quality-rules/ca1848) [E:\github\FunWasHad\src\FWH.Orchestrix.Mediator.Remote\FWH.Orchestrix.Mediator.Remote.csproj]
E:\github\FunWasHad\src\FWH.Orchestrix.Mediator.Remote\Location\UpdateDeviceLocationHandler.cs(79,13): warning CA1848: For improved performance, use the LoggerMessage delegates instead of calling 'LoggerExtensions.LogError(ILogger, Exception?, string?, params object?[])' (https://learn.microsoft.com/dotnet/fundamentals/code-analysis/quality-rules/ca1848) [E:\github\FunWasHad\src\FWH.Orchestrix.Mediator.Remote\FWH.Orchestrix.Mediator.Remote.csproj]
E:\github\FunWasHad\src\FWH.Orchestrix.Mediator.Remote\Location\UpdateDeviceLocationHandler.cs(77,9): warning CA1031: Modify 'HandleAsync' to catch a more specific allowed exception type, or rethrow the exception (https://learn.microsoft.com/dotnet/fundamentals/code-analysis/quality-rules/ca1031) [E:\github\FunWasHad\src\FWH.Orchestrix.Mediator.Remote\FWH.Orchestrix.Mediator.Remote.csproj]
E:\github\FunWasHad\src\FWH.Orchestrix.Mediator.Remote\Location\GetNearbyBusinessesHandler.cs(32,13): warning CA1848: For improved performance, use the LoggerMessage delegates instead of calling 'LoggerExtensions.LogInformation(ILogger, string?, params object?[])' (https://learn.microsoft.com/dotnet/fundamentals/code-analysis/quality-rules/ca1848) [E:\github\FunWasHad\src\FWH.Orchestrix.Mediator.Remote\FWH.Orchestrix.Mediator.Remote.csproj]
E:\github\FunWasHad\src\FWH.Orchestrix.Mediator.Remote\Location\GetNearbyBusinessesHandler.cs(55,13): warning CA1848: For improved performance, use the LoggerMessage delegates instead of calling 'LoggerExtensions.LogWarning(ILogger, string?, params object?[])' (https://learn.microsoft.com/dotnet/fundamentals/code-analysis/quality-rules/ca1848) [E:\github\FunWasHad\src\FWH.Orchestrix.Mediator.Remote\FWH.Orchestrix.Mediator.Remote.csproj]
E:\github\FunWasHad\src\FWH.Orchestrix.Mediator.Remote\Location\GetNearbyBusinessesHandler.cs(66,13): warning CA1848: For improved performance, use the LoggerMessage delegates instead of calling 'LoggerExtensions.LogError(ILogger, Exception?, string?, params object?[])' (https://learn.microsoft.com/dotnet/fundamentals/code-analysis/quality-rules/ca1848) [E:\github\FunWasHad\src\FWH.Orchestrix.Mediator.Remote\FWH.Orchestrix.Mediator.Remote.csproj]
E:\github\FunWasHad\src\FWH.Orchestrix.Mediator.Remote\Location\GetDeviceLocationHistoryHandler.cs(65,9): warning CA1031: Modify 'HandleAsync' to catch a more specific allowed exception type, or rethrow the exception (https://learn.microsoft.com/dotnet/fundamentals/code-analysis/quality-rules/ca1031) [E:\github\FunWasHad\src\FWH.Orchestrix.Mediator.Remote\FWH.Orchestrix.Mediator.Remote.csproj]
E:\github\FunWasHad\src\FWH.Orchestrix.Mediator.Remote\Location\GetNearbyBusinessesHandler.cs(64,9): warning CA1031: Modify 'HandleAsync' to catch a more specific allowed exception type, or rethrow the exception (https://learn.microsoft.com/dotnet/fundamentals/code-analysis/quality-rules/ca1031) [E:\github\FunWasHad\src\FWH.Orchestrix.Mediator.Remote\FWH.Orchestrix.Mediator.Remote.csproj]
E:\github\FunWasHad\src\FWH.Orchestrix.Mediator.Remote\Location\UpdateDeviceLocationHandler.cs(88,20): warning CA1812: 'UpdateDeviceLocationHandler.LocationCreatedDto' is an internal class that is apparently never instantiated. If so, remove the code from the assembly. If this class is intended to contain only static members, make it 'static' (Module in Visual Basic). (https://learn.microsoft.com/dotnet/fundamentals/code-analysis/quality-rules/ca1812) [E:\github\FunWasHad\src\FWH.Orchestrix.Mediator.Remote\FWH.Orchestrix.Mediator.Remote.csproj]
E:\github\FunWasHad\src\FWH.Orchestrix.Mediator.Remote\Marketing\SubmitFeedbackHandler.cs(84,20): warning CA1812: 'SubmitFeedbackHandler.FeedbackCreatedDto' is an internal class that is apparently never instantiated. If so, remove the code from the assembly. If this class is intended to contain only static members, make it 'static' (Module in Visual Basic). (https://learn.microsoft.com/dotnet/fundamentals/code-analysis/quality-rules/ca1812) [E:\github\FunWasHad\src\FWH.Orchestrix.Mediator.Remote\FWH.Orchestrix.Mediator.Remote.csproj]
E:\github\FunWasHad\src\FWH.Orchestrix.Mediator.Remote\Marketing\UploadFeedbackAttachmentHandler.cs(78,20): warning CA1812: 'UploadFeedbackAttachmentHandler.AttachmentCreatedDto' is an internal class that is apparently never instantiated. If so, remove the code from the assembly. If this class is intended to contain only static members, make it 'static' (Module in Visual Basic). (https://learn.microsoft.com/dotnet/fundamentals/code-analysis/quality-rules/ca1812) [E:\github\FunWasHad\src\FWH.Orchestrix.Mediator.Remote\FWH.Orchestrix.Mediator.Remote.csproj]
E:\github\FunWasHad\src\FWH.Orchestrix.Mediator.Remote\Location\UpdateDeviceLocationHandler.cs(88,20): warning CA1852: Type 'LocationCreatedDto' can be sealed because it has no subtypes in its containing assembly and is not externally visible (https://learn.microsoft.com/dotnet/fundamentals/code-analysis/quality-rules/ca1852) [E:\github\FunWasHad\src\FWH.Orchestrix.Mediator.Remote\FWH.Orchestrix.Mediator.Remote.csproj]
E:\github\FunWasHad\src\FWH.Orchestrix.Mediator.Remote\Marketing\SubmitFeedbackHandler.cs(84,20): warning CA1852: Type 'FeedbackCreatedDto' can be sealed because it has no subtypes in its containing assembly and is not externally visible (https://learn.microsoft.com/dotnet/fundamentals/code-analysis/quality-rules/ca1852) [E:\github\FunWasHad\src\FWH.Orchestrix.Mediator.Remote\FWH.Orchestrix.Mediator.Remote.csproj]
E:\github\FunWasHad\src\FWH.Orchestrix.Mediator.Remote\Extensions\MediatorServiceCollectionExtensions.cs(188,16): warning CA1852: Type 'ApiAuthenticationMessageHandler' can be sealed because it has no subtypes in its containing assembly and is not externally visible (https://learn.microsoft.com/dotnet/fundamentals/code-analysis/quality-rules/ca1852) [E:\github\FunWasHad\src\FWH.Orchestrix.Mediator.Remote\FWH.Orchestrix.Mediator.Remote.csproj]
E:\github\FunWasHad\src\FWH.Orchestrix.Mediator.Remote\Marketing\UploadFeedbackAttachmentHandler.cs(78,20): warning CA1852: Type 'AttachmentCreatedDto' can be sealed because it has no subtypes in its containing assembly and is not externally visible (https://learn.microsoft.com/dotnet/fundamentals/code-analysis/quality-rules/ca1852) [E:\github\FunWasHad\src\FWH.Orchestrix.Mediator.Remote\FWH.Orchestrix.Mediator.Remote.csproj]
  FWH.Documentation.Sync -> E:\github\FunWasHad\src\FWH.Documentation.Sync\bin\Debug\net9.0\FWH.Documentation.Sync.dll
  FWH.Orchestrix.Mediator.Remote -> E:\github\FunWasHad\src\FWH.Orchestrix.Mediator.Remote\bin\Debug\net9.0\FWH.Orchestrix.Mediator.Remote.dll
E:\github\FunWasHad\tests\PlantUmlRender.Tests\ExtractStartumlBlockTests.cs(13,9): warning xUnit2009: Do not use Assert.True() to check for substrings. Use Assert.StartsWith instead. (https://xunit.net/xunit.analyzers/rules/xUnit2009) [E:\github\FunWasHad\tests\PlantUmlRender.Tests\PlantUmlRender.Tests.csproj]
E:\github\FunWasHad\tests\PlantUmlRender.Tests\ExtractStartumlBlockTests.cs(14,9): warning xUnit2009: Do not use Assert.True() to check for substrings. Use Assert.EndsWith instead. (https://xunit.net/xunit.analyzers/rules/xUnit2009) [E:\github\FunWasHad\tests\PlantUmlRender.Tests\PlantUmlRender.Tests.csproj]
  FWH.Common.Imaging.Tests -> E:\github\FunWasHad\tests\FWH.Common.Imaging.Tests\bin\Debug\net9.0\FWH.Common.Imaging.Tests.dll
  PlantUmlRender.Tests -> E:\github\FunWasHad\tests\PlantUmlRender.Tests\bin\Debug\net9.0\PlantUmlRender.Tests.dll
E:\github\FunWasHad\src\FWH.MarketingApi\Program.cs(154,22): warning CA1515: Because an application's API isn't typically referenced from outside the assembly, types can be made internal (https://learn.microsoft.com/dotnet/fundamentals/code-analysis/quality-rules/ca1515) [E:\github\FunWasHad\src\FWH.MarketingApi\FWH.MarketingApi.csproj]
E:\github\FunWasHad\src\FWH.MarketingApi\Services\LocalFileBlobStorageService.cs(31,13): warning CA1848: For improved performance, use the LoggerMessage delegates instead of calling 'LoggerExtensions.LogInformation(ILogger, string?, params object?[])' (https://learn.microsoft.com/dotnet/fundamentals/code-analysis/quality-rules/ca1848) [E:\github\FunWasHad\src\FWH.MarketingApi\FWH.MarketingApi.csproj]
E:\github\FunWasHad\src\FWH.MarketingApi\Services\LocalFileBlobStorageService.cs(34,9): warning CA1848: For improved performance, use the LoggerMessage delegates instead of calling 'LoggerExtensions.LogInformation(ILogger, string?, params object?[])' (https://learn.microsoft.com/dotnet/fundamentals/code-analysis/quality-rules/ca1848) [E:\github\FunWasHad\src\FWH.MarketingApi\FWH.MarketingApi.csproj]
E:\github\FunWasHad\src\FWH.MarketingApi\Services\LocalFileBlobStorageService.cs(73,9): warning CA1848: For improved performance, use the LoggerMessage delegates instead of calling 'LoggerExtensions.LogDebug(ILogger, string?, params object?[])' (https://learn.microsoft.com/dotnet/fundamentals/code-analysis/quality-rules/ca1848) [E:\github\FunWasHad\src\FWH.MarketingApi\FWH.MarketingApi.csproj]
E:\github\FunWasHad\src\FWH.MarketingApi\Middleware\ApiKeyAuthenticationMiddleware.cs(50,13): warning CA1848: For improved performance, use the LoggerMessage delegates instead of calling 'LoggerExtensions.LogWarning(ILogger, string?, params object?[])' (https://learn.microsoft.com/dotnet/fundamentals/code-analysis/quality-rules/ca1848) [E:\github\FunWasHad\src\FWH.MarketingApi\FWH.MarketingApi.csproj]
E:\github\FunWasHad\src\FWH.MarketingApi\Middleware\ApiKeyAuthenticationMiddleware.cs(62,17): warning CA1848: For improved performance, use the LoggerMessage delegates instead of calling 'LoggerExtensions.LogWarning(ILogger, string?, params object?[])' (https://learn.microsoft.com/dotnet/fundamentals/code-analysis/quality-rules/ca1848) [E:\github\FunWasHad\src\FWH.MarketingApi\FWH.MarketingApi.csproj]
E:\github\FunWasHad\src\FWH.MarketingApi\Services\LocalFileBlobStorageService.cs(95,13): warning CA1848: For improved performance, use the LoggerMessage delegates instead of calling 'LoggerExtensions.LogDebug(ILogger, string?, params object?[])' (https://learn.microsoft.com/dotnet/fundamentals/code-analysis/quality-rules/ca1848) [E:\github\FunWasHad\src\FWH.MarketingApi\FWH.MarketingApi.csproj]
E:\github\FunWasHad\src\FWH.MarketingApi\Controllers\FeedbackController.cs(76,55): warning CA1311: Specify a culture or use an invariant version to avoid implicit dependency on current culture (https://learn.microsoft.com/dotnet/fundamentals/code-analysis/quality-rules/ca1311) [E:\github\FunWasHad\src\FWH.MarketingApi\FWH.MarketingApi.csproj]
E:\github\FunWasHad\src\FWH.MarketingApi\Controllers\FeedbackController.cs(93,49): warning CA1311: Specify a culture or use an invariant version to avoid implicit dependency on current culture (https://learn.microsoft.com/dotnet/fundamentals/code-analysis/quality-rules/ca1311) [E:\github\FunWasHad\src\FWH.MarketingApi\FWH.MarketingApi.csproj]
E:\github\FunWasHad\src\FWH.MarketingApi\Services\LocalFileBlobStorageService.cs(112,17): warning CA1848: For improved performance, use the LoggerMessage delegates instead of calling 'LoggerExtensions.LogDebug(ILogger, string?, params object?[])' (https://learn.microsoft.com/dotnet/fundamentals/code-analysis/quality-rules/ca1848) [E:\github\FunWasHad\src\FWH.MarketingApi\FWH.MarketingApi.csproj]
E:\github\FunWasHad\src\FWH.MarketingApi\Services\LocalFileBlobStorageService.cs(118,13): warning CA1848: For improved performance, use the LoggerMessage delegates instead of calling 'LoggerExtensions.LogWarning(ILogger, Exception?, string?, params object?[])' (https://learn.microsoft.com/dotnet/fundamentals/code-analysis/quality-rules/ca1848) [E:\github\FunWasHad\src\FWH.MarketingApi\FWH.MarketingApi.csproj]
E:\github\FunWasHad\src\FWH.MarketingApi\Controllers\FeedbackController.cs(107,9): warning CA1848: For improved performance, use the LoggerMessage delegates instead of calling 'LoggerExtensions.LogInformation(ILogger, string?, params object?[])' (https://learn.microsoft.com/dotnet/fundamentals/code-analysis/quality-rules/ca1848) [E:\github\FunWasHad\src\FWH.MarketingApi\FWH.MarketingApi.csproj]
E:\github\FunWasHad\src\FWH.MarketingApi\Controllers\FeedbackController.cs(76,34): warning CA1304: The behavior of 'string.ToLower()' could vary based on the current user's locale settings. Replace this call in 'FeedbackController.SubmitFeedback(SubmitFeedbackRequest)' with a call to 'string.ToLower(CultureInfo)'. (https://learn.microsoft.com/dotnet/fundamentals/code-analysis/quality-rules/ca1304) [E:\github\FunWasHad\src\FWH.MarketingApi\FWH.MarketingApi.csproj]
E:\github\FunWasHad\src\FWH.MarketingApi\Controllers\FeedbackController.cs(93,28): warning CA1304: The behavior of 'string.ToLower()' could vary based on the current user's locale settings. Replace this call in 'FeedbackController.SubmitFeedback(SubmitFeedbackRequest)' with a call to 'string.ToLower(CultureInfo)'. (https://learn.microsoft.com/dotnet/fundamentals/code-analysis/quality-rules/ca1304) [E:\github\FunWasHad\src\FWH.MarketingApi\FWH.MarketingApi.csproj]
E:\github\FunWasHad\src\FWH.MarketingApi\Data\DatabaseMigrationService.cs(40,54): warning CA1847: Use 'string.Contains(char)' instead of 'string.Contains(string)' when searching for a single character (https://learn.microsoft.com/dotnet/fundamentals/code-analysis/quality-rules/ca1847) [E:\github\FunWasHad\src\FWH.MarketingApi\FWH.MarketingApi.csproj]
E:\github\FunWasHad\src\FWH.MarketingApi\Services\LocalFileBlobStorageService.cs(116,9): warning CA1031: Modify 'DeleteAsync' to catch a more specific allowed exception type, or rethrow the exception (https://learn.microsoft.com/dotnet/fundamentals/code-analysis/quality-rules/ca1031) [E:\github\FunWasHad\src\FWH.MarketingApi\FWH.MarketingApi.csproj]
E:\github\FunWasHad\src\FWH.MarketingApi\Data\DatabaseMigrationService.cs(63,17): warning CA1848: For improved performance, use the LoggerMessage delegates instead of calling 'LoggerExtensions.LogDebug(ILogger, string?, params object?[])' (https://learn.microsoft.com/dotnet/fundamentals/code-analysis/quality-rules/ca1848) [E:\github\FunWasHad\src\FWH.MarketingApi\FWH.MarketingApi.csproj]
E:\github\FunWasHad\src\FWH.MarketingApi\Data\DatabaseMigrationService.cs(67,17): warning CA1848: For improved performance, use the LoggerMessage delegates instead of calling 'LoggerExtensions.LogError(ILogger, Exception?, string?, params object?[])' (https://learn.microsoft.com/dotnet/fundamentals/code-analysis/quality-rules/ca1848) [E:\github\FunWasHad\src\FWH.MarketingApi\FWH.MarketingApi.csproj]
E:\github\FunWasHad\src\FWH.MarketingApi\Services\LocalFileBlobStorageService.cs(140,13): warning CA1848: For improved performance, use the LoggerMessage delegates instead of calling 'LoggerExtensions.LogWarning(ILogger, Exception?, string?, params object?[])' (https://learn.microsoft.com/dotnet/fundamentals/code-analysis/quality-rules/ca1848) [E:\github\FunWasHad\src\FWH.MarketingApi\FWH.MarketingApi.csproj]
E:\github\FunWasHad\src\FWH.MarketingApi\Services\LocalFileBlobStorageService.cs(138,9): warning CA1031: Modify 'GetAsync' to catch a more specific allowed exception type, or rethrow the exception (https://learn.microsoft.com/dotnet/fundamentals/code-analysis/quality-rules/ca1031) [E:\github\FunWasHad\src\FWH.MarketingApi\FWH.MarketingApi.csproj]
E:\github\FunWasHad\src\FWH.MarketingApi\Controllers\MarketingController.cs(52,13): warning CA1848: For improved performance, use the LoggerMessage delegates instead of calling 'LoggerExtensions.LogWarning(ILogger, string?, params object?[])' (https://learn.microsoft.com/dotnet/fundamentals/code-analysis/quality-rules/ca1848) [E:\github\FunWasHad\src\FWH.MarketingApi\FWH.MarketingApi.csproj]
E:\github\FunWasHad\src\FWH.MarketingApi\Controllers\MarketingController.cs(66,9): warning CA1848: For improved performance, use the LoggerMessage delegates instead of calling 'LoggerExtensions.LogDebug(ILogger, string?, params object?[])' (https://learn.microsoft.com/dotnet/fundamentals/code-analysis/quality-rules/ca1848) [E:\github\FunWasHad\src\FWH.MarketingApi\FWH.MarketingApi.csproj]
E:\github\FunWasHad\src\FWH.MarketingApi\Services\LocalFileBlobStorageService.cs(156,9): warning CA1031: Modify 'ExistsAsync' to catch a more specific allowed exception type, or rethrow the exception (https://learn.microsoft.com/dotnet/fundamentals/code-analysis/quality-rules/ca1031) [E:\github\FunWasHad\src\FWH.MarketingApi\FWH.MarketingApi.csproj]
E:\github\FunWasHad\src\FWH.MarketingApi\Middleware\ApiKeyAuthenticationMiddleware.cs(91,9): warning CA1031: Modify 'VerifyRequestSignature' to catch a more specific allowed exception type, or rethrow the exception (https://learn.microsoft.com/dotnet/fundamentals/code-analysis/quality-rules/ca1031) [E:\github\FunWasHad\src\FWH.MarketingApi\FWH.MarketingApi.csproj]
E:\github\FunWasHad\src\FWH.MarketingApi\Services\LocalFileBlobStorageService.cs(195,25): warning CA1845: Use span-based 'string.Concat' and 'AsSpan' instead of 'Substring' (https://learn.microsoft.com/dotnet/fundamentals/code-analysis/quality-rules/ca1845) [E:\github\FunWasHad\src\FWH.MarketingApi\FWH.MarketingApi.csproj]
E:\github\FunWasHad\src\FWH.MarketingApi\Controllers\MarketingController.cs(88,13): warning CA1848: For improved performance, use the LoggerMessage delegates instead of calling 'LoggerExtensions.LogWarning(ILogger, string?, params object?[])' (https://learn.microsoft.com/dotnet/fundamentals/code-analysis/quality-rules/ca1848) [E:\github\FunWasHad\src\FWH.MarketingApi\FWH.MarketingApi.csproj]
E:\github\FunWasHad\src\FWH.MarketingApi\Controllers\FeedbackController.cs(144,58): warning CA1311: Specify a culture or use an invariant version to avoid implicit dependency on current culture (https://learn.microsoft.com/dotnet/fundamentals/code-analysis/quality-rules/ca1311) [E:\github\FunWasHad\src\FWH.MarketingApi\FWH.MarketingApi.csproj]
E:\github\FunWasHad\src\FWH.MarketingApi\Controllers\FeedbackController.cs(228,58): warning CA1311: Specify a culture or use an invariant version to avoid implicit dependency on current culture (https://learn.microsoft.com/dotnet/fundamentals/code-analysis/quality-rules/ca1311) [E:\github\FunWasHad\src\FWH.MarketingApi\FWH.MarketingApi.csproj]
E:\github\FunWasHad\src\FWH.MarketingApi\Data\DatabaseMigrationService.cs(80,9): warning CA1848: For improved performance, use the LoggerMessage delegates instead of calling 'LoggerExtensions.LogDebug(ILogger, string?, params object?[])' (https://learn.microsoft.com/dotnet/fundamentals/code-analysis/quality-rules/ca1848) [E:\github\FunWasHad\src\FWH.MarketingApi\FWH.MarketingApi.csproj]
E:\github\FunWasHad\src\FWH.MarketingApi\Data\DatabaseMigrationService.cs(95,17): warning CA1848: For improved performance, use the LoggerMessage delegates instead of calling 'LoggerExtensions.LogWarning(ILogger, string?, params object?[])' (https://learn.microsoft.com/dotnet/fundamentals/code-analysis/quality-rules/ca1848) [E:\github\FunWasHad\src\FWH.MarketingApi\FWH.MarketingApi.csproj]
E:\github\FunWasHad\src\FWH.MarketingApi\Data\DatabaseMigrationService.cs(105,17): warning CA1848: For improved performance, use the LoggerMessage delegates instead of calling 'LoggerExtensions.LogDebug(ILogger, string?, params object?[])' (https://learn.microsoft.com/dotnet/fundamentals/code-analysis/quality-rules/ca1848) [E:\github\FunWasHad\src\FWH.MarketingApi\FWH.MarketingApi.csproj]
E:\github\FunWasHad\src\FWH.MarketingApi\Data\DatabaseMigrationService.cs(109,13): warning CA1848: For improved performance, use the LoggerMessage delegates instead of calling 'LoggerExtensions.LogDebug(ILogger, string?, params object?[])' (https://learn.microsoft.com/dotnet/fundamentals/code-analysis/quality-rules/ca1848) [E:\github\FunWasHad\src\FWH.MarketingApi\FWH.MarketingApi.csproj]
E:\github\FunWasHad\src\FWH.MarketingApi\Data\DatabaseMigrationService.cs(118,21): warning CA1848: For improved performance, use the LoggerMessage delegates instead of calling 'LoggerExtensions.LogDebug(ILogger, string?, params object?[])' (https://learn.microsoft.com/dotnet/fundamentals/code-analysis/quality-rules/ca1848) [E:\github\FunWasHad\src\FWH.MarketingApi\FWH.MarketingApi.csproj]
E:\github\FunWasHad\src\FWH.MarketingApi\Data\DatabaseMigrationService.cs(122,17): warning CA1848: For improved performance, use the LoggerMessage delegates instead of calling 'LoggerExtensions.LogInformation(ILogger, string?, params object?[])' (https://learn.microsoft.com/dotnet/fundamentals/code-analysis/quality-rules/ca1848) [E:\github\FunWasHad\src\FWH.MarketingApi\FWH.MarketingApi.csproj]
E:\github\FunWasHad\src\FWH.MarketingApi\Data\DatabaseMigrationService.cs(127,17): warning CA1848: For improved performance, use the LoggerMessage delegates instead of calling 'LoggerExtensions.LogInformation(ILogger, string?, params object?[])' (https://learn.microsoft.com/dotnet/fundamentals/code-analysis/quality-rules/ca1848) [E:\github\FunWasHad\src\FWH.MarketingApi\FWH.MarketingApi.csproj]
E:\github\FunWasHad\src\FWH.MarketingApi\Data\DatabaseMigrationService.cs(130,13): warning CA1848: For improved performance, use the LoggerMessage delegates instead of calling 'LoggerExtensions.LogInformation(ILogger, string?, params object?[])' (https://learn.microsoft.com/dotnet/fundamentals/code-analysis/quality-rules/ca1848) [E:\github\FunWasHad\src\FWH.MarketingApi\FWH.MarketingApi.csproj]
E:\github\FunWasHad\src\FWH.MarketingApi\Data\DatabaseMigrationService.cs(134,13): warning CA1848: For improved performance, use the LoggerMessage delegates instead of calling 'LoggerExtensions.LogError(ILogger, Exception?, string?, params object?[])' (https://learn.microsoft.com/dotnet/fundamentals/code-analysis/quality-rules/ca1848) [E:\github\FunWasHad\src\FWH.MarketingApi\FWH.MarketingApi.csproj]
E:\github\FunWasHad\src\FWH.MarketingApi\Controllers\FeedbackController.cs(172,13): warning CA1848: For improved performance, use the LoggerMessage delegates instead of calling 'LoggerExtensions.LogError(ILogger, Exception?, string?, params object?[])' (https://learn.microsoft.com/dotnet/fundamentals/code-analysis/quality-rules/ca1848) [E:\github\FunWasHad\src\FWH.MarketingApi\FWH.MarketingApi.csproj]
E:\github\FunWasHad\src\FWH.MarketingApi\Controllers\FeedbackController.cs(191,9): warning CA1848: For improved performance, use the LoggerMessage delegates instead of calling 'LoggerExtensions.LogInformation(ILogger, string?, params object?[])' (https://learn.microsoft.com/dotnet/fundamentals/code-analysis/quality-rules/ca1848) [E:\github\FunWasHad\src\FWH.MarketingApi\FWH.MarketingApi.csproj]
E:\github\FunWasHad\src\FWH.MarketingApi\Controllers\MarketingController.cs(138,9): warning CA1848: For improved performance, use the LoggerMessage delegates instead of calling 'LoggerExtensions.LogDebug(ILogger, string?, params object?[])' (https://learn.microsoft.com/dotnet/fundamentals/code-analysis/quality-rules/ca1848) [E:\github\FunWasHad\src\FWH.MarketingApi\FWH.MarketingApi.csproj]
E:\github\FunWasHad\src\FWH.MarketingApi\Controllers\FeedbackController.cs(144,41): warning CA1304: The behavior of 'string.ToLower()' could vary based on the current user's locale settings. Replace this call in 'FeedbackController.UploadImage(long, IFormFile)' with a call to 'string.ToLower(CultureInfo)'. (https://learn.microsoft.com/dotnet/fundamentals/code-analysis/quality-rules/ca1304) [E:\github\FunWasHad\src\FWH.MarketingApi\FWH.MarketingApi.csproj]
E:\github\FunWasHad\src\FWH.MarketingApi\Controllers\FeedbackController.cs(256,13): warning CA1848: For improved performance, use the LoggerMessage delegates instead of calling 'LoggerExtensions.LogError(ILogger, Exception?, string?, params object?[])' (https://learn.microsoft.com/dotnet/fundamentals/code-analysis/quality-rules/ca1848) [E:\github\FunWasHad\src\FWH.MarketingApi\FWH.MarketingApi.csproj]
E:\github\FunWasHad\src\FWH.MarketingApi\Controllers\FeedbackController.cs(276,9): warning CA1848: For improved performance, use the LoggerMessage delegates instead of calling 'LoggerExtensions.LogInformation(ILogger, string?, params object?[])' (https://learn.microsoft.com/dotnet/fundamentals/code-analysis/quality-rules/ca1848) [E:\github\FunWasHad\src\FWH.MarketingApi\FWH.MarketingApi.csproj]
E:\github\FunWasHad\src\FWH.MarketingApi\Controllers\FeedbackController.cs(228,41): warning CA1304: The behavior of 'string.ToLower()' could vary based on the current user's locale settings. Replace this call in 'FeedbackController.UploadVideo(long, IFormFile)' with a call to 'string.ToLower(CultureInfo)'. (https://learn.microsoft.com/dotnet/fundamentals/code-analysis/quality-rules/ca1304) [E:\github\FunWasHad\src\FWH.MarketingApi\FWH.MarketingApi.csproj]
E:\github\FunWasHad\src\FWH.MarketingApi\Controllers\MarketingController.cs(169,9): warning CA1848: For improved performance, use the LoggerMessage delegates instead of calling 'LoggerExtensions.LogDebug(ILogger, string?, params object?[])' (https://learn.microsoft.com/dotnet/fundamentals/code-analysis/quality-rules/ca1848) [E:\github\FunWasHad\src\FWH.MarketingApi\FWH.MarketingApi.csproj]
E:\github\FunWasHad\src\FWH.MarketingApi\Program.cs(113,5): warning CA1848: For improved performance, use the LoggerMessage delegates instead of calling 'LoggerExtensions.LogInformation(ILogger, string?, params object?[])' (https://learn.microsoft.com/dotnet/fundamentals/code-analysis/quality-rules/ca1848) [E:\github\FunWasHad\src\FWH.MarketingApi\FWH.MarketingApi.csproj]
E:\github\FunWasHad\src\FWH.MarketingApi\Program.cs(125,9): warning CA1848: For improved performance, use the LoggerMessage delegates instead of calling 'LoggerExtensions.LogDebug(ILogger, string?, params object?[])' (https://learn.microsoft.com/dotnet/fundamentals/code-analysis/quality-rules/ca1848) [E:\github\FunWasHad\src\FWH.MarketingApi\FWH.MarketingApi.csproj]
E:\github\FunWasHad\src\FWH.MarketingApi\Program.cs(133,13): warning CA1848: For improved performance, use the LoggerMessage delegates instead of calling 'LoggerExtensions.LogWarning(ILogger, string?, params object?[])' (https://learn.microsoft.com/dotnet/fundamentals/code-analysis/quality-rules/ca1848) [E:\github\FunWasHad\src\FWH.MarketingApi\FWH.MarketingApi.csproj]
E:\github\FunWasHad\src\FWH.MarketingApi\Program.cs(143,9): warning CA1848: For improved performance, use the LoggerMessage delegates instead of calling 'LoggerExtensions.LogInformation(ILogger, string?, params object?[])' (https://learn.microsoft.com/dotnet/fundamentals/code-analysis/quality-rules/ca1848) [E:\github\FunWasHad\src\FWH.MarketingApi\FWH.MarketingApi.csproj]
E:\github\FunWasHad\src\FWH.MarketingApi\Program.cs(147,9): warning CA1848: For improved performance, use the LoggerMessage delegates instead of calling 'LoggerExtensions.LogError(ILogger, Exception?, string?, params object?[])' (https://learn.microsoft.com/dotnet/fundamentals/code-analysis/quality-rules/ca1848) [E:\github\FunWasHad\src\FWH.MarketingApi\FWH.MarketingApi.csproj]
E:\github\FunWasHad\src\FWH.MarketingApi\Data\DatabaseMigrationService.cs(149,13): warning CA1848: For improved performance, use the LoggerMessage delegates instead of calling 'LoggerExtensions.LogDebug(ILogger, string?, params object?[])' (https://learn.microsoft.com/dotnet/fundamentals/code-analysis/quality-rules/ca1848) [E:\github\FunWasHad\src\FWH.MarketingApi\FWH.MarketingApi.csproj]
E:\github\FunWasHad\src\FWH.MarketingApi\Data\DatabaseMigrationService.cs(168,17): warning CA1848: For improved performance, use the LoggerMessage delegates instead of calling 'LoggerExtensions.LogInformation(ILogger, string?, params object?[])' (https://learn.microsoft.com/dotnet/fundamentals/code-analysis/quality-rules/ca1848) [E:\github\FunWasHad\src\FWH.MarketingApi\FWH.MarketingApi.csproj]
E:\github\FunWasHad\src\FWH.MarketingApi\Data\DatabaseMigrationService.cs(182,9): warning CA1848: For improved performance, use the LoggerMessage delegates instead of calling 'LoggerExtensions.LogInformation(ILogger, string?, params object?[])' (https://learn.microsoft.com/dotnet/fundamentals/code-analysis/quality-rules/ca1848) [E:\github\FunWasHad\src\FWH.MarketingApi\FWH.MarketingApi.csproj]
E:\github\FunWasHad\src\FWH.MarketingApi\Program.cs(152,1): warning CA1849: 'WebApplication.Run(string?)' synchronously blocks. Await 'WebApplication.RunAsync(string?)' instead. (https://learn.microsoft.com/dotnet/fundamentals/code-analysis/quality-rules/ca1849) [E:\github\FunWasHad\src\FWH.MarketingApi\FWH.MarketingApi.csproj]
E:\github\FunWasHad\src\FWH.MarketingApi\Controllers\FeedbackController.cs(170,9): warning CA1031: Modify 'UploadImage' to catch a more specific allowed exception type, or rethrow the exception (https://learn.microsoft.com/dotnet/fundamentals/code-analysis/quality-rules/ca1031) [E:\github\FunWasHad\src\FWH.MarketingApi\FWH.MarketingApi.csproj]
E:\github\FunWasHad\src\FWH.MarketingApi\Controllers\FeedbackController.cs(254,9): warning CA1031: Modify 'UploadVideo' to catch a more specific allowed exception type, or rethrow the exception (https://learn.microsoft.com/dotnet/fundamentals/code-analysis/quality-rules/ca1031) [E:\github\FunWasHad\src\FWH.MarketingApi\FWH.MarketingApi.csproj]
E:\github\FunWasHad\src\FWH.MarketingApi\Data\DatabaseMigrationService.cs(157,43): warning CA2007: Consider calling ConfigureAwait on the awaited task (https://learn.microsoft.com/dotnet/fundamentals/code-analysis/quality-rules/ca2007) [E:\github\FunWasHad\src\FWH.MarketingApi\FWH.MarketingApi.csproj]
E:\github\FunWasHad\src\FWH.MarketingApi\Data\DatabaseMigrationService.cs(161,42): warning CA2007: Consider calling ConfigureAwait on the awaited task (https://learn.microsoft.com/dotnet/fundamentals/code-analysis/quality-rules/ca2007) [E:\github\FunWasHad\src\FWH.MarketingApi\FWH.MarketingApi.csproj]
E:\github\FunWasHad\src\FWH.MarketingApi\Data\DatabaseMigrationService.cs(177,42): warning CA2007: Consider calling ConfigureAwait on the awaited task (https://learn.microsoft.com/dotnet/fundamentals/code-analysis/quality-rules/ca2007) [E:\github\FunWasHad\src\FWH.MarketingApi\FWH.MarketingApi.csproj]
E:\github\FunWasHad\src\FWH.MarketingApi\Data\DatabaseMigrationService.cs(196,38): warning CA2007: Consider calling ConfigureAwait on the awaited task (https://learn.microsoft.com/dotnet/fundamentals/code-analysis/quality-rules/ca2007) [E:\github\FunWasHad\src\FWH.MarketingApi\FWH.MarketingApi.csproj]
E:\github\FunWasHad\src\FWH.MarketingApi\Data\DatabaseMigrationService.cs(199,35): warning CA2007: Consider calling ConfigureAwait on the awaited task (https://learn.microsoft.com/dotnet/fundamentals/code-analysis/quality-rules/ca2007) [E:\github\FunWasHad\src\FWH.MarketingApi\FWH.MarketingApi.csproj]
E:\github\FunWasHad\src\FWH.MarketingApi\Data\DatabaseMigrationService.cs(215,16): warning CA1305: The behavior of 'Convert.ToInt32(object)' could vary based on the current user's locale settings. Replace this call in 'DatabaseMigrationService.IsMigrationAppliedAsync(string)' with a call to 'Convert.ToInt32(object, IFormatProvider)'. (https://learn.microsoft.com/dotnet/fundamentals/code-analysis/quality-rules/ca1305) [E:\github\FunWasHad\src\FWH.MarketingApi\FWH.MarketingApi.csproj]
E:\github\FunWasHad\src\FWH.MarketingApi\Controllers\FeedbackController.cs(374,9): warning CA1848: For improved performance, use the LoggerMessage delegates instead of calling 'LoggerExtensions.LogDebug(ILogger, string?, params object?[])' (https://learn.microsoft.com/dotnet/fundamentals/code-analysis/quality-rules/ca1848) [E:\github\FunWasHad\src\FWH.MarketingApi\FWH.MarketingApi.csproj]
E:\github\FunWasHad\src\FWH.MarketingApi\Data\DatabaseMigrationService.cs(208,38): warning CA2007: Consider calling ConfigureAwait on the awaited task (https://learn.microsoft.com/dotnet/fundamentals/code-analysis/quality-rules/ca2007) [E:\github\FunWasHad\src\FWH.MarketingApi\FWH.MarketingApi.csproj]
E:\github\FunWasHad\src\FWH.MarketingApi\Data\DatabaseMigrationService.cs(211,35): warning CA2007: Consider calling ConfigureAwait on the awaited task (https://learn.microsoft.com/dotnet/fundamentals/code-analysis/quality-rules/ca2007) [E:\github\FunWasHad\src\FWH.MarketingApi\FWH.MarketingApi.csproj]
E:\github\FunWasHad\src\FWH.MarketingApi\Data\DatabaseMigrationService.cs(177,42): warning CA2100: Review if the query string passed to 'NpgsqlCommand.NpgsqlCommand(string? cmdText, NpgsqlConnection? connection)' in 'EnsureDatabaseExistsAsync', accepts any user input (https://learn.microsoft.com/dotnet/fundamentals/code-analysis/quality-rules/ca2100) [E:\github\FunWasHad\src\FWH.MarketingApi\FWH.MarketingApi.csproj]
E:\github\FunWasHad\src\FWH.MarketingApi\Data\DatabaseMigrationService.cs(221,38): warning CA2007: Consider calling ConfigureAwait on the awaited task (https://learn.microsoft.com/dotnet/fundamentals/code-analysis/quality-rules/ca2007) [E:\github\FunWasHad\src\FWH.MarketingApi\FWH.MarketingApi.csproj]
E:\github\FunWasHad\src\FWH.MarketingApi\Data\DatabaseMigrationService.cs(224,39): warning CA2007: Consider calling ConfigureAwait on the awaited task (https://learn.microsoft.com/dotnet/fundamentals/code-analysis/quality-rules/ca2007) [E:\github\FunWasHad\src\FWH.MarketingApi\FWH.MarketingApi.csproj]
E:\github\FunWasHad\src\FWH.MarketingApi\Data\DatabaseMigrationService.cs(229,40): warning CA2007: Consider calling ConfigureAwait on the awaited task (https://learn.microsoft.com/dotnet/fundamentals/code-analysis/quality-rules/ca2007) [E:\github\FunWasHad\src\FWH.MarketingApi\FWH.MarketingApi.csproj]
E:\github\FunWasHad\src\FWH.MarketingApi\Data\DatabaseMigrationService.cs(236,40): warning CA2007: Consider calling ConfigureAwait on the awaited task (https://learn.microsoft.com/dotnet/fundamentals/code-analysis/quality-rules/ca2007) [E:\github\FunWasHad\src\FWH.MarketingApi\FWH.MarketingApi.csproj]
E:\github\FunWasHad\src\FWH.MarketingApi\Controllers\MarketingController.cs(237,9): warning CA1848: For improved performance, use the LoggerMessage delegates instead of calling 'LoggerExtensions.LogDebug(ILogger, string?, params object?[])' (https://learn.microsoft.com/dotnet/fundamentals/code-analysis/quality-rules/ca1848) [E:\github\FunWasHad\src\FWH.MarketingApi\FWH.MarketingApi.csproj]
E:\github\FunWasHad\src\FWH.MarketingApi\Data\DatabaseMigrationService.cs(229,40): warning CA2100: Review if the query string passed to 'NpgsqlCommand.NpgsqlCommand(string? cmdText, NpgsqlConnection? connection, NpgsqlTransaction? transaction)' in 'ExecuteMigrationAsync', accepts any user input (https://learn.microsoft.com/dotnet/fundamentals/code-analysis/quality-rules/ca2100) [E:\github\FunWasHad\src\FWH.MarketingApi\FWH.MarketingApi.csproj]
E:\github\FunWasHad\src\FWH.MarketingApi\Controllers\MarketingController.cs(301,13): warning CA1848: For improved performance, use the LoggerMessage delegates instead of calling 'LoggerExtensions.LogDebug(ILogger, string?, params object?[])' (https://learn.microsoft.com/dotnet/fundamentals/code-analysis/quality-rules/ca1848) [E:\github\FunWasHad\src\FWH.MarketingApi\FWH.MarketingApi.csproj]
E:\github\FunWasHad\src\FWH.MarketingApi\Controllers\MarketingController.cs(310,13): warning CA1848: For improved performance, use the LoggerMessage delegates instead of calling 'LoggerExtensions.LogWarning(ILogger, Exception?, string?, params object?[])' (https://learn.microsoft.com/dotnet/fundamentals/code-analysis/quality-rules/ca1848) [E:\github\FunWasHad\src\FWH.MarketingApi\FWH.MarketingApi.csproj]
E:\github\FunWasHad\src\FWH.MarketingApi\Controllers\MarketingController.cs(336,13): warning CA1848: For improved performance, use the LoggerMessage delegates instead of calling 'LoggerExtensions.LogDebug(ILogger, string?, params object?[])' (https://learn.microsoft.com/dotnet/fundamentals/code-analysis/quality-rules/ca1848) [E:\github\FunWasHad\src\FWH.MarketingApi\FWH.MarketingApi.csproj]
E:\github\FunWasHad\src\FWH.MarketingApi\Controllers\MarketingController.cs(455,13): warning CA1848: For improved performance, use the LoggerMessage delegates instead of calling 'LoggerExtensions.LogWarning(ILogger, string?, params object?[])' (https://learn.microsoft.com/dotnet/fundamentals/code-analysis/quality-rules/ca1848) [E:\github\FunWasHad\src\FWH.MarketingApi\FWH.MarketingApi.csproj]
E:\github\FunWasHad\src\FWH.MarketingApi\Controllers\MarketingController.cs(397,13): warning CA1848: For improved performance, use the LoggerMessage delegates instead of calling 'LoggerExtensions.LogWarning(ILogger, string?, params object?[])' (https://learn.microsoft.com/dotnet/fundamentals/code-analysis/quality-rules/ca1848) [E:\github\FunWasHad\src\FWH.MarketingApi\FWH.MarketingApi.csproj]
E:\github\FunWasHad\src\FWH.MarketingApi\Controllers\MarketingController.cs(435,9): warning CA1848: For improved performance, use the LoggerMessage delegates instead of calling 'LoggerExtensions.LogDebug(ILogger, string?, params object?[])' (https://learn.microsoft.com/dotnet/fundamentals/code-analysis/quality-rules/ca1848) [E:\github\FunWasHad\src\FWH.MarketingApi\FWH.MarketingApi.csproj]
  FWH.MarketingApi -> E:\github\FunWasHad\src\FWH.MarketingApi\bin\Debug\net9.0\FWH.MarketingApi.dll
E:\github\FunWasHad\src\FWH.Common.Workflow\Views\WorkflowView.cs(21,96): warning LOGGEN036: The type "object?" doesn't implement ToString(), IConvertible, or IFormattable (did you forget to apply [LogProperties] or [TagProvider] to "choice"?) (https://aka.ms/dotnet-extensions-warnings/LOGGEN036) [E:\github\FunWasHad\src\FWH.Common.Workflow\FWH.Common.Workflow.csproj]
E:\github\FunWasHad\src\FWH.Common.Workflow\Controllers\WorkflowController.cs(178,49): warning CS8604: Possible null reference argument for parameter 'nodeId' in 'void WorkflowController.LogStartedWorkflow(ILogger logger, string workflowId, string nodeId)'. [E:\github\FunWasHad\src\FWH.Common.Workflow\FWH.Common.Workflow.csproj]
E:\github\FunWasHad\src\FWH.Common.Workflow\Controllers\WorkflowController.cs(221,51): warning CS8604: Possible null reference argument for parameter 'nodeId' in 'void WorkflowController.LogRestartedWorkflow(ILogger logger, string workflowId, string nodeId)'. [E:\github\FunWasHad\src\FWH.Common.Workflow\FWH.Common.Workflow.csproj]
E:\github\FunWasHad\src\FWH.Common.Workflow\Actions\WorkflowActionExecutor.cs(222,45): warning CS8604: Possible null reference argument for parameter 'actionName' in 'void WorkflowActionExecutor.LogNoHandlerRegistered(ILogger logger, string actionName)'. [E:\github\FunWasHad\src\FWH.Common.Workflow\FWH.Common.Workflow.csproj]
E:\github\FunWasHad\src\FWH.Common.Workflow\Actions\WorkflowActionExecutor.cs(235,71): warning CS8604: Possible null reference argument for parameter 'actionName' in 'void WorkflowActionExecutor.LogFactoryProducedHandler(ILogger logger, string? handler, string actionName)'. [E:\github\FunWasHad\src\FWH.Common.Workflow\FWH.Common.Workflow.csproj]
E:\github\FunWasHad\src\FWH.Common.Workflow\Actions\WorkflowActionExecutor.cs(293,71): warning CS8604: Possible null reference argument for parameter 'actionName' in 'void WorkflowActionExecutor.LogFactoryProducedHandler(ILogger logger, string? handler, string actionName)'. [E:\github\FunWasHad\src\FWH.Common.Workflow\FWH.Common.Workflow.csproj]
E:\github\FunWasHad\src\FWH.Common.Workflow\Actions\WorkflowActionExecutor.cs(355,52): warning CS8604: Possible null reference argument for parameter 'actionName' in 'void WorkflowActionExecutor.LogActionHandlerThrew(ILogger logger, Exception ex, string actionName)'. [E:\github\FunWasHad\src\FWH.Common.Workflow\FWH.Common.Workflow.csproj]
E:\github\FunWasHad\src\FWH.Common.Workflow\Actions\WorkflowActionRequest.cs(12,40): warning CA2227: Change 'Parameters' to be read-only by removing the property setter (https://learn.microsoft.com/dotnet/fundamentals/code-analysis/quality-rules/ca2227) [E:\github\FunWasHad\src\FWH.Common.Workflow\FWH.Common.Workflow.csproj]
E:\github\FunWasHad\src\FWH.Common.Workflow\Actions\WorkflowActionRequest.cs(21,41): warning CA2227: Change 'VariableUpdates' to be read-only by removing the property setter (https://learn.microsoft.com/dotnet/fundamentals/code-analysis/quality-rules/ca2227) [E:\github\FunWasHad\src\FWH.Common.Workflow\FWH.Common.Workflow.csproj]
E:\github\FunWasHad\src\FWH.Common.Workflow\Logging\LoggerHelpers.cs(22,13): warning CA1031: Modify 'ResolveLogger' to catch a more specific allowed exception type, or rethrow the exception (https://learn.microsoft.com/dotnet/fundamentals/code-analysis/quality-rules/ca1031) [E:\github\FunWasHad\src\FWH.Common.Workflow\FWH.Common.Workflow.csproj]
E:\github\FunWasHad\src\FWH.Common.Workflow\Mapping\WorkflowModelMapper.cs(51,30): warning CA1826: Do not use Enumerable methods on indexable collections. Instead use the collection directly. (https://learn.microsoft.com/dotnet/fundamentals/code-analysis/quality-rules/ca1826) [E:\github\FunWasHad\src\FWH.Common.Workflow\FWH.Common.Workflow.csproj]
E:\github\FunWasHad\src\FWH.Common.Workflow\Mapping\WorkflowModelMapper.cs(51,81): warning CA1826: Do not use Enumerable methods on indexable collections. Instead use the collection directly. (https://learn.microsoft.com/dotnet/fundamentals/code-analysis/quality-rules/ca1826) [E:\github\FunWasHad\src\FWH.Common.Workflow\FWH.Common.Workflow.csproj]
E:\github\FunWasHad\src\FWH.Common.Workflow\PlantUmlParser.cs(25,20): warning CA1861: Prefer 'static readonly' fields over constant array arguments if the called method is called repeatedly and is not mutating the passed array (https://learn.microsoft.com/dotnet/fundamentals/code-analysis/quality-rules/ca1861) [E:\github\FunWasHad\src\FWH.Common.Workflow\FWH.Common.Workflow.csproj]
E:\github\FunWasHad\src\FWH.Common.Workflow\PlantUmlParser.cs(31,29): warning CA1310: The behavior of 'string.StartsWith(string)' could vary based on the current user's locale settings. Replace this call in 'FWH.Common.Workflow.PlantUmlParser.PlantUmlParser(string)' with a call to 'string.StartsWith(string, System.StringComparison)'. (https://learn.microsoft.com/dotnet/fundamentals/code-analysis/quality-rules/ca1310) [E:\github\FunWasHad\src\FWH.Common.Workflow\FWH.Common.Workflow.csproj]
E:\github\FunWasHad\src\FWH.Common.Workflow\State\WorkflowStateCalculator.cs(33,21): warning CA1826: Do not use Enumerable methods on indexable collections. Instead use the collection directly. (https://learn.microsoft.com/dotnet/fundamentals/code-analysis/quality-rules/ca1826) [E:\github\FunWasHad\src\FWH.Common.Workflow\FWH.Common.Workflow.csproj]
E:\github\FunWasHad\src\FWH.Common.Workflow\State\WorkflowStateCalculator.cs(33,72): warning CA1826: Do not use Enumerable methods on indexable collections. Instead use the collection directly. (https://learn.microsoft.com/dotnet/fundamentals/code-analysis/quality-rules/ca1826) [E:\github\FunWasHad\src\FWH.Common.Workflow\FWH.Common.Workflow.csproj]
E:\github\FunWasHad\src\FWH.Common.Workflow\Actions\WorkflowActionRequestHandler.cs(124,9): warning CA1031: Modify 'HandleAsync' to catch a more specific allowed exception type, or rethrow the exception (https://learn.microsoft.com/dotnet/fundamentals/code-analysis/quality-rules/ca1031) [E:\github\FunWasHad\src\FWH.Common.Workflow\FWH.Common.Workflow.csproj]
E:\github\FunWasHad\src\FWH.Common.Workflow\Views\WorkflowView.cs(197,9): warning CA1031: Modify 'RefreshStateAsync' to catch a more specific allowed exception type, or rethrow the exception (https://learn.microsoft.com/dotnet/fundamentals/code-analysis/quality-rules/ca1031) [E:\github\FunWasHad\src\FWH.Common.Workflow\FWH.Common.Workflow.csproj]
E:\github\FunWasHad\src\FWH.Common.Workflow\PlantUmlParser.cs(387,36): warning CA1861: Prefer 'static readonly' fields over constant array arguments if the called method is called repeatedly and is not mutating the passed array (https://learn.microsoft.com/dotnet/fundamentals/code-analysis/quality-rules/ca1861) [E:\github\FunWasHad\src\FWH.Common.Workflow\FWH.Common.Workflow.csproj]
E:\github\FunWasHad\src\FWH.Common.Workflow\PlantUmlParser.cs(417,27): warning CA1866: Use 'string.StartsWith(char)' instead of 'string.StartsWith(string)' when you have a string with a single char (https://learn.microsoft.com/dotnet/fundamentals/code-analysis/quality-rules/ca1866) [E:\github\FunWasHad\src\FWH.Common.Workflow\FWH.Common.Workflow.csproj]
E:\github\FunWasHad\src\FWH.Common.Workflow\PlantUmlParser.cs(418,25): warning CA1866: Use 'string.EndsWith(char)' instead of 'string.EndsWith(string)' when you have a string with a single char (https://learn.microsoft.com/dotnet/fundamentals/code-analysis/quality-rules/ca1866) [E:\github\FunWasHad\src\FWH.Common.Workflow\FWH.Common.Workflow.csproj]
E:\github\FunWasHad\src\FWH.Common.Workflow\PlantUmlParser.cs(417,13): warning CA1310: The behavior of 'string.StartsWith(string)' could vary based on the current user's locale settings. Replace this call in 'FWH.Common.Workflow.PlantUmlParser.NormalizeLabel(string)' with a call to 'string.StartsWith(string, System.StringComparison)'. (https://learn.microsoft.com/dotnet/fundamentals/code-analysis/quality-rules/ca1310) [E:\github\FunWasHad\src\FWH.Common.Workflow\FWH.Common.Workflow.csproj]
E:\github\FunWasHad\src\FWH.Common.Workflow\PlantUmlParser.cs(418,13): warning CA1310: The behavior of 'string.EndsWith(string)' could vary based on the current user's locale settings. Replace this call in 'FWH.Common.Workflow.PlantUmlParser.NormalizeLabel(string)' with a call to 'string.EndsWith(string, System.StringComparison)'. (https://learn.microsoft.com/dotnet/fundamentals/code-analysis/quality-rules/ca1310) [E:\github\FunWasHad\src\FWH.Common.Workflow\FWH.Common.Workflow.csproj]
E:\github\FunWasHad\src\FWH.Common.Workflow\Controllers\WorkflowController.cs(181,29): warning CA1826: Do not use Enumerable methods on indexable collections. Instead use the collection directly. (https://learn.microsoft.com/dotnet/fundamentals/code-analysis/quality-rules/ca1826) [E:\github\FunWasHad\src\FWH.Common.Workflow\FWH.Common.Workflow.csproj]
E:\github\FunWasHad\src\FWH.Common.Workflow\Controllers\WorkflowController.cs(181,80): warning CA1826: Do not use Enumerable methods on indexable collections. Instead use the collection directly. (https://learn.microsoft.com/dotnet/fundamentals/code-analysis/quality-rules/ca1826) [E:\github\FunWasHad\src\FWH.Common.Workflow\FWH.Common.Workflow.csproj]
E:\github\FunWasHad\src\FWH.Common.Workflow\Actions\WorkflowActionHandlerRegistrar.cs(62,13): warning CA1031: Modify '.ctor' to catch a more specific allowed exception type, or rethrow the exception (https://learn.microsoft.com/dotnet/fundamentals/code-analysis/quality-rules/ca1031) [E:\github\FunWasHad\src\FWH.Common.Workflow\FWH.Common.Workflow.csproj]
E:\github\FunWasHad\src\FWH.Common.Workflow\Controllers\WorkflowController.cs(232,13): warning CA1031: Modify 'RestartInstanceAsync' to catch a more specific allowed exception type, or rethrow the exception (https://learn.microsoft.com/dotnet/fundamentals/code-analysis/quality-rules/ca1031) [E:\github\FunWasHad\src\FWH.Common.Workflow\FWH.Common.Workflow.csproj]
E:\github\FunWasHad\src\FWH.Common.Workflow\Controllers\WorkflowController.cs(168,13): warning CA1031: Modify 'StartInstanceAsync' to catch a more specific allowed exception type, or rethrow the exception (https://learn.microsoft.com/dotnet/fundamentals/code-analysis/quality-rules/ca1031) [E:\github\FunWasHad\src\FWH.Common.Workflow\FWH.Common.Workflow.csproj]
E:\github\FunWasHad\src\FWH.Common.Workflow\Controllers\WorkflowController.cs(373,9): warning CA1031: Modify 'PersistCurrentNodeAsync' to catch a more specific allowed exception type, or rethrow the exception (https://learn.microsoft.com/dotnet/fundamentals/code-analysis/quality-rules/ca1031) [E:\github\FunWasHad\src\FWH.Common.Workflow\FWH.Common.Workflow.csproj]
E:\github\FunWasHad\src\FWH.Common.Workflow\Controllers\WorkflowController.cs(450,9): warning CA1031: Modify 'TryExecuteNodeActionAsync' to catch a more specific allowed exception type, or rethrow the exception (https://learn.microsoft.com/dotnet/fundamentals/code-analysis/quality-rules/ca1031) [E:\github\FunWasHad\src\FWH.Common.Workflow\FWH.Common.Workflow.csproj]
E:\github\FunWasHad\src\FWH.Common.Workflow\Controllers\WorkflowController.cs(417,9): warning CA1031: Modify 'PersistDefinitionAsync' to catch a more specific allowed exception type, or rethrow the exception (https://learn.microsoft.com/dotnet/fundamentals/code-analysis/quality-rules/ca1031) [E:\github\FunWasHad\src\FWH.Common.Workflow\FWH.Common.Workflow.csproj]
E:\github\FunWasHad\src\FWH.Common.Workflow\Controllers\WorkflowController.cs(317,21): warning CA1822: Member 'ResolveChoiceValue' does not access instance data and can be marked as static (https://learn.microsoft.com/dotnet/fundamentals/code-analysis/quality-rules/ca1822) [E:\github\FunWasHad\src\FWH.Common.Workflow\FWH.Common.Workflow.csproj]
E:\github\FunWasHad\src\FWH.Common.Workflow\Actions\WorkflowActionExecutor.cs(199,13): warning CA1031: Modify 'ExecuteAsync' to catch a more specific allowed exception type, or rethrow the exception (https://learn.microsoft.com/dotnet/fundamentals/code-analysis/quality-rules/ca1031) [E:\github\FunWasHad\src\FWH.Common.Workflow\FWH.Common.Workflow.csproj]
E:\github\FunWasHad\src\FWH.Common.Workflow\Actions\WorkflowActionExecutor.cs(283,29): warning CA1031: Modify 'ExecuteAsync' to catch a more specific allowed exception type, or rethrow the exception (https://learn.microsoft.com/dotnet/fundamentals/code-analysis/quality-rules/ca1031) [E:\github\FunWasHad\src\FWH.Common.Workflow\FWH.Common.Workflow.csproj]
E:\github\FunWasHad\src\FWH.Common.Workflow\Actions\WorkflowActionExecutor.cs(341,29): warning CA1031: Modify 'ExecuteAsync' to catch a more specific allowed exception type, or rethrow the exception (https://learn.microsoft.com/dotnet/fundamentals/code-analysis/quality-rules/ca1031) [E:\github\FunWasHad\src\FWH.Common.Workflow\FWH.Common.Workflow.csproj]
E:\github\FunWasHad\src\FWH.Common.Workflow\Actions\WorkflowActionExecutor.cs(353,13): warning CA1031: Modify 'ExecuteAsync' to catch a more specific allowed exception type, or rethrow the exception (https://learn.microsoft.com/dotnet/fundamentals/code-analysis/quality-rules/ca1031) [E:\github\FunWasHad\src\FWH.Common.Workflow\FWH.Common.Workflow.csproj]
E:\github\FunWasHad\src\FWH.Common.Workflow\Actions\WorkflowActionExecutor.cs(132,37): warning CA1859: Change type of variable 'parameters' from 'System.Collections.Generic.IDictionary<string, string>' to 'System.Collections.Concurrent.ConcurrentDictionary<string, string>' for improved performance (https://learn.microsoft.com/dotnet/fundamentals/code-analysis/quality-rules/ca1859) [E:\github\FunWasHad\src\FWH.Common.Workflow\FWH.Common.Workflow.csproj]
E:\github\FunWasHad\src\FWH.Common.Workflow\Actions\WorkflowActionExecutor.cs(381,48): warning CA1859: Change return type of method 'ResolveTemplates' from 'System.Collections.Generic.IDictionary<string, string>' to 'System.Collections.Concurrent.ConcurrentDictionary<string, string>' for improved performance (https://learn.microsoft.com/dotnet/fundamentals/code-analysis/quality-rules/ca1859) [E:\github\FunWasHad\src\FWH.Common.Workflow\FWH.Common.Workflow.csproj]
  FWH.Common.Workflow -> E:\github\FunWasHad\src\FWH.Common.Workflow\bin\Debug\net9.0\FWH.Common.Workflow.dll
E:\github\FunWasHad\tests\FWH.MarketingApi.Tests\Integration\ApiKeyAuthenticationIntegrationTests.cs(42,30): warning xUnit1051: Calls to methods which accept CancellationToken should use TestContext.Current.CancellationToken to allow test cancellation to be more responsive. (https://xunit.net/xunit.analyzers/rules/xUnit1051) [E:\github\FunWasHad\tests\FWH.MarketingApi.Tests\FWH.MarketingApi.Tests.csproj]
E:\github\FunWasHad\tests\FWH.MarketingApi.Tests\Integration\ApiKeyAuthenticationIntegrationTests.cs(93,30): warning xUnit1051: Calls to methods which accept CancellationToken should use TestContext.Current.CancellationToken to allow test cancellation to be more responsive. (https://xunit.net/xunit.analyzers/rules/xUnit1051) [E:\github\FunWasHad\tests\FWH.MarketingApi.Tests\FWH.MarketingApi.Tests.csproj]
E:\github\FunWasHad\tests\FWH.MarketingApi.Tests\FeedbackControllerTests.cs(81,30): warning xUnit1051: Calls to methods which accept CancellationToken should use TestContext.Current.CancellationToken to allow test cancellation to be more responsive. (https://xunit.net/xunit.analyzers/rules/xUnit1051) [E:\github\FunWasHad\tests\FWH.MarketingApi.Tests\FWH.MarketingApi.Tests.csproj]
E:\github\FunWasHad\tests\FWH.MarketingApi.Tests\FeedbackControllerTests.cs(84,28): warning xUnit1051: Calls to methods which accept CancellationToken should use TestContext.Current.CancellationToken to allow test cancellation to be more responsive. (https://xunit.net/xunit.analyzers/rules/xUnit1051) [E:\github\FunWasHad\tests\FWH.MarketingApi.Tests\FWH.MarketingApi.Tests.csproj]
E:\github\FunWasHad\tests\FWH.MarketingApi.Tests\FeedbackControllerTests.cs(117,30): warning xUnit1051: Calls to methods which accept CancellationToken should use TestContext.Current.CancellationToken to allow test cancellation to be more responsive. (https://xunit.net/xunit.analyzers/rules/xUnit1051) [E:\github\FunWasHad\tests\FWH.MarketingApi.Tests\FWH.MarketingApi.Tests.csproj]
E:\github\FunWasHad\tests\FWH.MarketingApi.Tests\FeedbackControllerTests.cs(140,30): warning xUnit1051: Calls to methods which accept CancellationToken should use TestContext.Current.CancellationToken to allow test cancellation to be more responsive. (https://xunit.net/xunit.analyzers/rules/xUnit1051) [E:\github\FunWasHad\tests\FWH.MarketingApi.Tests\FWH.MarketingApi.Tests.csproj]
E:\github\FunWasHad\tests\FWH.MarketingApi.Tests\Services\LocalFileBlobStorageServiceTests.cs(109,26): warning xUnit1051: Calls to methods which accept CancellationToken should use TestContext.Current.CancellationToken to allow test cancellation to be more responsive. (https://xunit.net/xunit.analyzers/rules/xUnit1051) [E:\github\FunWasHad\tests\FWH.MarketingApi.Tests\FWH.MarketingApi.Tests.csproj]
E:\github\FunWasHad\tests\FWH.MarketingApi.Tests\Services\LocalFileBlobStorageServiceTests.cs(110,26): warning xUnit1051: Calls to methods which accept CancellationToken should use TestContext.Current.CancellationToken to allow test cancellation to be more responsive. (https://xunit.net/xunit.analyzers/rules/xUnit1051) [E:\github\FunWasHad\tests\FWH.MarketingApi.Tests\FWH.MarketingApi.Tests.csproj]
E:\github\FunWasHad\tests\FWH.MarketingApi.Tests\FeedbackControllerTests.cs(163,30): warning xUnit1051: Calls to methods which accept CancellationToken should use TestContext.Current.CancellationToken to allow test cancellation to be more responsive. (https://xunit.net/xunit.analyzers/rules/xUnit1051) [E:\github\FunWasHad\tests\FWH.MarketingApi.Tests\FWH.MarketingApi.Tests.csproj]
E:\github\FunWasHad\tests\FWH.MarketingApi.Tests\MarketingControllerTests.cs(137,30): warning xUnit1051: Calls to methods which accept CancellationToken should use TestContext.Current.CancellationToken to allow test cancellation to be more responsive. (https://xunit.net/xunit.analyzers/rules/xUnit1051) [E:\github\FunWasHad\tests\FWH.MarketingApi.Tests\FWH.MarketingApi.Tests.csproj]
E:\github\FunWasHad\tests\FWH.MarketingApi.Tests\MarketingControllerTests.cs(140,28): warning xUnit1051: Calls to methods which accept CancellationToken should use TestContext.Current.CancellationToken to allow test cancellation to be more responsive. (https://xunit.net/xunit.analyzers/rules/xUnit1051) [E:\github\FunWasHad\tests\FWH.MarketingApi.Tests\FWH.MarketingApi.Tests.csproj]
E:\github\FunWasHad\tests\FWH.MarketingApi.Tests\MarketingControllerTests.cs(165,30): warning xUnit1051: Calls to methods which accept CancellationToken should use TestContext.Current.CancellationToken to allow test cancellation to be more responsive. (https://xunit.net/xunit.analyzers/rules/xUnit1051) [E:\github\FunWasHad\tests\FWH.MarketingApi.Tests\FWH.MarketingApi.Tests.csproj]
E:\github\FunWasHad\tests\FWH.MarketingApi.Tests\Services\LocalFileBlobStorageServiceTests.cs(142,32): warning xUnit1051: Calls to methods which accept CancellationToken should use TestContext.Current.CancellationToken to allow test cancellation to be more responsive. (https://xunit.net/xunit.analyzers/rules/xUnit1051) [E:\github\FunWasHad\tests\FWH.MarketingApi.Tests\FWH.MarketingApi.Tests.csproj]
E:\github\FunWasHad\tests\FWH.MarketingApi.Tests\FeedbackControllerTests.cs(208,30): warning xUnit1051: Calls to methods which accept CancellationToken should use TestContext.Current.CancellationToken to allow test cancellation to be more responsive. (https://xunit.net/xunit.analyzers/rules/xUnit1051) [E:\github\FunWasHad\tests\FWH.MarketingApi.Tests\FWH.MarketingApi.Tests.csproj]
E:\github\FunWasHad\tests\FWH.MarketingApi.Tests\MarketingControllerTests.cs(185,30): warning xUnit1051: Calls to methods which accept CancellationToken should use TestContext.Current.CancellationToken to allow test cancellation to be more responsive. (https://xunit.net/xunit.analyzers/rules/xUnit1051) [E:\github\FunWasHad\tests\FWH.MarketingApi.Tests\FWH.MarketingApi.Tests.csproj]
E:\github\FunWasHad\tests\FWH.MarketingApi.Tests\MarketingControllerTests.cs(188,28): warning xUnit1051: Calls to methods which accept CancellationToken should use TestContext.Current.CancellationToken to allow test cancellation to be more responsive. (https://xunit.net/xunit.analyzers/rules/xUnit1051) [E:\github\FunWasHad\tests\FWH.MarketingApi.Tests\FWH.MarketingApi.Tests.csproj]
E:\github\FunWasHad\tests\FWH.MarketingApi.Tests\Services\LocalFileBlobStorageServiceTests.cs(173,32): warning xUnit1051: Calls to methods which accept CancellationToken should use TestContext.Current.CancellationToken to allow test cancellation to be more responsive. (https://xunit.net/xunit.analyzers/rules/xUnit1051) [E:\github\FunWasHad\tests\FWH.MarketingApi.Tests\FWH.MarketingApi.Tests.csproj]
E:\github\FunWasHad\tests\FWH.MarketingApi.Tests\Services\LocalFileBlobStorageServiceTests.cs(180,29): warning xUnit1051: Calls to methods which accept CancellationToken should use TestContext.Current.CancellationToken to allow test cancellation to be more responsive. (https://xunit.net/xunit.analyzers/rules/xUnit1051) [E:\github\FunWasHad\tests\FWH.MarketingApi.Tests\FWH.MarketingApi.Tests.csproj]
E:\github\FunWasHad\tests\FWH.MarketingApi.Tests\FeedbackControllerTests.cs(187,36): warning xUnit1051: Calls to methods which accept CancellationToken should use TestContext.Current.CancellationToken to allow test cancellation to be more responsive. (https://xunit.net/xunit.analyzers/rules/xUnit1051) [E:\github\FunWasHad\tests\FWH.MarketingApi.Tests\FWH.MarketingApi.Tests.csproj]
E:\github\FunWasHad\tests\FWH.MarketingApi.Tests\FeedbackControllerTests.cs(188,29): warning xUnit1051: Calls to methods which accept CancellationToken should use TestContext.Current.CancellationToken to allow test cancellation to be more responsive. (https://xunit.net/xunit.analyzers/rules/xUnit1051) [E:\github\FunWasHad\tests\FWH.MarketingApi.Tests\FWH.MarketingApi.Tests.csproj]
E:\github\FunWasHad\tests\FWH.MarketingApi.Tests\FeedbackControllerTests.cs(192,33): warning xUnit1051: Calls to methods which accept CancellationToken should use TestContext.Current.CancellationToken to allow test cancellation to be more responsive. (https://xunit.net/xunit.analyzers/rules/xUnit1051) [E:\github\FunWasHad\tests\FWH.MarketingApi.Tests\FWH.MarketingApi.Tests.csproj]
E:\github\FunWasHad\tests\FWH.MarketingApi.Tests\Services\LocalFileBlobStorageServiceTests.cs(72,32): warning xUnit1051: Calls to methods which accept CancellationToken should use TestContext.Current.CancellationToken to allow test cancellation to be more responsive. (https://xunit.net/xunit.analyzers/rules/xUnit1051) [E:\github\FunWasHad\tests\FWH.MarketingApi.Tests\FWH.MarketingApi.Tests.csproj]
E:\github\FunWasHad\tests\FWH.MarketingApi.Tests\FeedbackControllerTests.cs(195,28): warning xUnit1051: Calls to methods which accept CancellationToken should use TestContext.Current.CancellationToken to allow test cancellation to be more responsive. (https://xunit.net/xunit.analyzers/rules/xUnit1051) [E:\github\FunWasHad\tests\FWH.MarketingApi.Tests\FWH.MarketingApi.Tests.csproj]
E:\github\FunWasHad\tests\FWH.MarketingApi.Tests\Services\LocalFileBlobStorageServiceTests.cs(84,33): warning xUnit1051: Calls to methods which accept CancellationToken should use TestContext.Current.CancellationToken to allow test cancellation to be more responsive. (https://xunit.net/xunit.analyzers/rules/xUnit1051) [E:\github\FunWasHad\tests\FWH.MarketingApi.Tests\FWH.MarketingApi.Tests.csproj]
E:\github\FunWasHad\tests\FWH.MarketingApi.Tests\Services\LocalFileBlobStorageServiceTests.cs(204,29): warning xUnit1051: Calls to methods which accept CancellationToken should use TestContext.Current.CancellationToken to allow test cancellation to be more responsive. (https://xunit.net/xunit.analyzers/rules/xUnit1051) [E:\github\FunWasHad\tests\FWH.MarketingApi.Tests\FWH.MarketingApi.Tests.csproj]
E:\github\FunWasHad\tests\FWH.MarketingApi.Tests\Services\LocalFileBlobStorageServiceTests.cs(229,32): warning xUnit1051: Calls to methods which accept CancellationToken should use TestContext.Current.CancellationToken to allow test cancellation to be more responsive. (https://xunit.net/xunit.analyzers/rules/xUnit1051) [E:\github\FunWasHad\tests\FWH.MarketingApi.Tests\FWH.MarketingApi.Tests.csproj]
E:\github\FunWasHad\tests\FWH.MarketingApi.Tests\Services\LocalFileBlobStorageServiceTests.cs(232,43): warning xUnit1051: Calls to methods which accept CancellationToken should use TestContext.Current.CancellationToken to allow test cancellation to be more responsive. (https://xunit.net/xunit.analyzers/rules/xUnit1051) [E:\github\FunWasHad\tests\FWH.MarketingApi.Tests\FWH.MarketingApi.Tests.csproj]
E:\github\FunWasHad\tests\FWH.MarketingApi.Tests\Services\LocalFileBlobStorageServiceTests.cs(237,38): warning xUnit1051: Calls to methods which accept CancellationToken should use TestContext.Current.CancellationToken to allow test cancellation to be more responsive. (https://xunit.net/xunit.analyzers/rules/xUnit1051) [E:\github\FunWasHad\tests\FWH.MarketingApi.Tests\FWH.MarketingApi.Tests.csproj]
E:\github\FunWasHad\tests\FWH.MarketingApi.Tests\Services\LocalFileBlobStorageServiceTests.cs(258,28): warning xUnit1051: Calls to methods which accept CancellationToken should use TestContext.Current.CancellationToken to allow test cancellation to be more responsive. (https://xunit.net/xunit.analyzers/rules/xUnit1051) [E:\github\FunWasHad\tests\FWH.MarketingApi.Tests\FWH.MarketingApi.Tests.csproj]
E:\github\FunWasHad\tests\FWH.MarketingApi.Tests\EntityRelationshipTests.cs(214,26): warning xUnit1051: Calls to methods which accept CancellationToken should use TestContext.Current.CancellationToken to allow test cancellation to be more responsive. (https://xunit.net/xunit.analyzers/rules/xUnit1051) [E:\github\FunWasHad\tests\FWH.MarketingApi.Tests\FWH.MarketingApi.Tests.csproj]
E:\github\FunWasHad\tests\FWH.MarketingApi.Tests\Services\LocalFileBlobStorageServiceTests.cs(282,32): warning xUnit1051: Calls to methods which accept CancellationToken should use TestContext.Current.CancellationToken to allow test cancellation to be more responsive. (https://xunit.net/xunit.analyzers/rules/xUnit1051) [E:\github\FunWasHad\tests\FWH.MarketingApi.Tests\FWH.MarketingApi.Tests.csproj]
E:\github\FunWasHad\tests\FWH.MarketingApi.Tests\Services\LocalFileBlobStorageServiceTests.cs(285,28): warning xUnit1051: Calls to methods which accept CancellationToken should use TestContext.Current.CancellationToken to allow test cancellation to be more responsive. (https://xunit.net/xunit.analyzers/rules/xUnit1051) [E:\github\FunWasHad\tests\FWH.MarketingApi.Tests\FWH.MarketingApi.Tests.csproj]
E:\github\FunWasHad\tests\FWH.MarketingApi.Tests\CityMarketingTests.cs(144,30): warning xUnit1051: Calls to methods which accept CancellationToken should use TestContext.Current.CancellationToken to allow test cancellation to be more responsive. (https://xunit.net/xunit.analyzers/rules/xUnit1051) [E:\github\FunWasHad\tests\FWH.MarketingApi.Tests\FWH.MarketingApi.Tests.csproj]
E:\github\FunWasHad\tests\FWH.MarketingApi.Tests\CityMarketingTests.cs(148,38): warning xUnit1051: Calls to methods which accept CancellationToken should use TestContext.Current.CancellationToken to allow test cancellation to be more responsive. (https://xunit.net/xunit.analyzers/rules/xUnit1051) [E:\github\FunWasHad\tests\FWH.MarketingApi.Tests\FWH.MarketingApi.Tests.csproj]
E:\github\FunWasHad\tests\FWH.MarketingApi.Tests\CityMarketingTests.cs(153,28): warning xUnit1051: Calls to methods which accept CancellationToken should use TestContext.Current.CancellationToken to allow test cancellation to be more responsive. (https://xunit.net/xunit.analyzers/rules/xUnit1051) [E:\github\FunWasHad\tests\FWH.MarketingApi.Tests\FWH.MarketingApi.Tests.csproj]
E:\github\FunWasHad\tests\FWH.MarketingApi.Tests\MarketingControllerTests.cs(208,30): warning xUnit1051: Calls to methods which accept CancellationToken should use TestContext.Current.CancellationToken to allow test cancellation to be more responsive. (https://xunit.net/xunit.analyzers/rules/xUnit1051) [E:\github\FunWasHad\tests\FWH.MarketingApi.Tests\FWH.MarketingApi.Tests.csproj]
E:\github\FunWasHad\tests\FWH.MarketingApi.Tests\MarketingControllerTests.cs(211,28): warning xUnit1051: Calls to methods which accept CancellationToken should use TestContext.Current.CancellationToken to allow test cancellation to be more responsive. (https://xunit.net/xunit.analyzers/rules/xUnit1051) [E:\github\FunWasHad\tests\FWH.MarketingApi.Tests\FWH.MarketingApi.Tests.csproj]
E:\github\FunWasHad\tests\FWH.MarketingApi.Tests\Services\LocalFileBlobStorageServiceTests.cs(308,28): warning xUnit1051: Calls to methods which accept CancellationToken should use TestContext.Current.CancellationToken to allow test cancellation to be more responsive. (https://xunit.net/xunit.analyzers/rules/xUnit1051) [E:\github\FunWasHad\tests\FWH.MarketingApi.Tests\FWH.MarketingApi.Tests.csproj]
E:\github\FunWasHad\tests\FWH.MarketingApi.Tests\CityMarketingTests.cs(174,30): warning xUnit1051: Calls to methods which accept CancellationToken should use TestContext.Current.CancellationToken to allow test cancellation to be more responsive. (https://xunit.net/xunit.analyzers/rules/xUnit1051) [E:\github\FunWasHad\tests\FWH.MarketingApi.Tests\FWH.MarketingApi.Tests.csproj]
E:\github\FunWasHad\tests\FWH.MarketingApi.Tests\CityMarketingTests.cs(177,28): warning xUnit1051: Calls to methods which accept CancellationToken should use TestContext.Current.CancellationToken to allow test cancellation to be more responsive. (https://xunit.net/xunit.analyzers/rules/xUnit1051) [E:\github\FunWasHad\tests\FWH.MarketingApi.Tests\FWH.MarketingApi.Tests.csproj]
E:\github\FunWasHad\tests\FWH.MarketingApi.Tests\Services\BlobStorageIntegrationTests.cs(79,38): warning xUnit1051: Calls to methods which accept CancellationToken should use TestContext.Current.CancellationToken to allow test cancellation to be more responsive. (https://xunit.net/xunit.analyzers/rules/xUnit1051) [E:\github\FunWasHad\tests\FWH.MarketingApi.Tests\FWH.MarketingApi.Tests.csproj]
E:\github\FunWasHad\tests\FWH.MarketingApi.Tests\Services\BlobStorageIntegrationTests.cs(80,30): warning xUnit1051: Calls to methods which accept CancellationToken should use TestContext.Current.CancellationToken to allow test cancellation to be more responsive. (https://xunit.net/xunit.analyzers/rules/xUnit1051) [E:\github\FunWasHad\tests\FWH.MarketingApi.Tests\FWH.MarketingApi.Tests.csproj]
E:\github\FunWasHad\tests\FWH.MarketingApi.Tests\Services\LocalFileBlobStorageServiceTests.cs(334,13): warning xUnit2020: Do not use Assert.True(false, message) to fail a test. Use Assert.Fail(message) instead. (https://xunit.net/xunit.analyzers/rules/xUnit2020) [E:\github\FunWasHad\tests\FWH.MarketingApi.Tests\FWH.MarketingApi.Tests.csproj]
E:\github\FunWasHad\tests\FWH.MarketingApi.Tests\Services\LocalFileBlobStorageServiceTests.cs(333,19): warning xUnit1051: Calls to methods which accept CancellationToken should use TestContext.Current.CancellationToken to allow test cancellation to be more responsive. (https://xunit.net/xunit.analyzers/rules/xUnit1051) [E:\github\FunWasHad\tests\FWH.MarketingApi.Tests\FWH.MarketingApi.Tests.csproj]
E:\github\FunWasHad\tests\FWH.MarketingApi.Tests\Services\BlobStorageIntegrationTests.cs(92,30): warning xUnit1051: Calls to methods which accept CancellationToken should use TestContext.Current.CancellationToken to allow test cancellation to be more responsive. (https://xunit.net/xunit.analyzers/rules/xUnit1051) [E:\github\FunWasHad\tests\FWH.MarketingApi.Tests\FWH.MarketingApi.Tests.csproj]
E:\github\FunWasHad\tests\FWH.MarketingApi.Tests\Services\BlobStorageIntegrationTests.cs(96,32): warning xUnit1051: Calls to methods which accept CancellationToken should use TestContext.Current.CancellationToken to allow test cancellation to be more responsive. (https://xunit.net/xunit.analyzers/rules/xUnit1051) [E:\github\FunWasHad\tests\FWH.MarketingApi.Tests\FWH.MarketingApi.Tests.csproj]
E:\github\FunWasHad\tests\FWH.MarketingApi.Tests\Services\BlobStorageIntegrationTests.cs(108,28): warning xUnit1051: Calls to methods which accept CancellationToken should use TestContext.Current.CancellationToken to allow test cancellation to be more responsive. (https://xunit.net/xunit.analyzers/rules/xUnit1051) [E:\github\FunWasHad\tests\FWH.MarketingApi.Tests\FWH.MarketingApi.Tests.csproj]
E:\github\FunWasHad\tests\FWH.MarketingApi.Tests\EntityRelationshipTests.cs(235,28): warning xUnit1051: Calls to methods which accept CancellationToken should use TestContext.Current.CancellationToken to allow test cancellation to be more responsive. (https://xunit.net/xunit.analyzers/rules/xUnit1051) [E:\github\FunWasHad\tests\FWH.MarketingApi.Tests\FWH.MarketingApi.Tests.csproj]
E:\github\FunWasHad\tests\FWH.MarketingApi.Tests\MarketingControllerTests.cs(234,30): warning xUnit1051: Calls to methods which accept CancellationToken should use TestContext.Current.CancellationToken to allow test cancellation to be more responsive. (https://xunit.net/xunit.analyzers/rules/xUnit1051) [E:\github\FunWasHad\tests\FWH.MarketingApi.Tests\FWH.MarketingApi.Tests.csproj]
E:\github\FunWasHad\tests\FWH.MarketingApi.Tests\MarketingControllerTests.cs(237,28): warning xUnit1051: Calls to methods which accept CancellationToken should use TestContext.Current.CancellationToken to allow test cancellation to be more responsive. (https://xunit.net/xunit.analyzers/rules/xUnit1051) [E:\github\FunWasHad\tests\FWH.MarketingApi.Tests\FWH.MarketingApi.Tests.csproj]
E:\github\FunWasHad\tests\FWH.MarketingApi.Tests\Services\LocalFileBlobStorageServiceTests.cs(365,13): warning xUnit2020: Do not use Assert.True(false, message) to fail a test. Use Assert.Fail(message) instead. (https://xunit.net/xunit.analyzers/rules/xUnit2020) [E:\github\FunWasHad\tests\FWH.MarketingApi.Tests\FWH.MarketingApi.Tests.csproj]
E:\github\FunWasHad\tests\FWH.MarketingApi.Tests\Services\LocalFileBlobStorageServiceTests.cs(364,19): warning xUnit1051: Calls to methods which accept CancellationToken should use TestContext.Current.CancellationToken to allow test cancellation to be more responsive. (https://xunit.net/xunit.analyzers/rules/xUnit1051) [E:\github\FunWasHad\tests\FWH.MarketingApi.Tests\FWH.MarketingApi.Tests.csproj]
E:\github\FunWasHad\tests\FWH.MarketingApi.Tests\Services\LocalFileBlobStorageServiceTests.cs(393,48): warning xUnit1051: Calls to methods which accept CancellationToken should use TestContext.Current.CancellationToken to allow test cancellation to be more responsive. (https://xunit.net/xunit.analyzers/rules/xUnit1051) [E:\github\FunWasHad\tests\FWH.MarketingApi.Tests\FWH.MarketingApi.Tests.csproj]
E:\github\FunWasHad\tests\FWH.MarketingApi.Tests\CityMarketingTests.cs(193,30): warning xUnit1051: Calls to methods which accept CancellationToken should use TestContext.Current.CancellationToken to allow test cancellation to be more responsive. (https://xunit.net/xunit.analyzers/rules/xUnit1051) [E:\github\FunWasHad\tests\FWH.MarketingApi.Tests\FWH.MarketingApi.Tests.csproj]
E:\github\FunWasHad\tests\FWH.MarketingApi.Tests\CityMarketingTests.cs(196,28): warning xUnit1051: Calls to methods which accept CancellationToken should use TestContext.Current.CancellationToken to allow test cancellation to be more responsive. (https://xunit.net/xunit.analyzers/rules/xUnit1051) [E:\github\FunWasHad\tests\FWH.MarketingApi.Tests\FWH.MarketingApi.Tests.csproj]
E:\github\FunWasHad\tests\FWH.MarketingApi.Tests\CityMarketingTests.cs(211,30): warning xUnit1051: Calls to methods which accept CancellationToken should use TestContext.Current.CancellationToken to allow test cancellation to be more responsive. (https://xunit.net/xunit.analyzers/rules/xUnit1051) [E:\github\FunWasHad\tests\FWH.MarketingApi.Tests\FWH.MarketingApi.Tests.csproj]
E:\github\FunWasHad\tests\FWH.MarketingApi.Tests\CityMarketingTests.cs(224,30): warning xUnit1051: Calls to methods which accept CancellationToken should use TestContext.Current.CancellationToken to allow test cancellation to be more responsive. (https://xunit.net/xunit.analyzers/rules/xUnit1051) [E:\github\FunWasHad\tests\FWH.MarketingApi.Tests\FWH.MarketingApi.Tests.csproj]
E:\github\FunWasHad\tests\FWH.MarketingApi.Tests\CityMarketingTests.cs(237,30): warning xUnit1051: Calls to methods which accept CancellationToken should use TestContext.Current.CancellationToken to allow test cancellation to be more responsive. (https://xunit.net/xunit.analyzers/rules/xUnit1051) [E:\github\FunWasHad\tests\FWH.MarketingApi.Tests\FWH.MarketingApi.Tests.csproj]
E:\github\FunWasHad\tests\FWH.MarketingApi.Tests\CityMarketingTests.cs(240,28): warning xUnit1051: Calls to methods which accept CancellationToken should use TestContext.Current.CancellationToken to allow test cancellation to be more responsive. (https://xunit.net/xunit.analyzers/rules/xUnit1051) [E:\github\FunWasHad\tests\FWH.MarketingApi.Tests\FWH.MarketingApi.Tests.csproj]
E:\github\FunWasHad\tests\FWH.MarketingApi.Tests\MarketingControllerTests.cs(258,30): warning xUnit1051: Calls to methods which accept CancellationToken should use TestContext.Current.CancellationToken to allow test cancellation to be more responsive. (https://xunit.net/xunit.analyzers/rules/xUnit1051) [E:\github\FunWasHad\tests\FWH.MarketingApi.Tests\FWH.MarketingApi.Tests.csproj]
E:\github\FunWasHad\tests\FWH.MarketingApi.Tests\MarketingControllerTests.cs(261,28): warning xUnit1051: Calls to methods which accept CancellationToken should use TestContext.Current.CancellationToken to allow test cancellation to be more responsive. (https://xunit.net/xunit.analyzers/rules/xUnit1051) [E:\github\FunWasHad\tests\FWH.MarketingApi.Tests\FWH.MarketingApi.Tests.csproj]
E:\github\FunWasHad\tests\FWH.MarketingApi.Tests\Services\BlobStorageIntegrationTests.cs(139,38): warning xUnit1051: Calls to methods which accept CancellationToken should use TestContext.Current.CancellationToken to allow test cancellation to be more responsive. (https://xunit.net/xunit.analyzers/rules/xUnit1051) [E:\github\FunWasHad\tests\FWH.MarketingApi.Tests\FWH.MarketingApi.Tests.csproj]
E:\github\FunWasHad\tests\FWH.MarketingApi.Tests\Services\BlobStorageIntegrationTests.cs(140,30): warning xUnit1051: Calls to methods which accept CancellationToken should use TestContext.Current.CancellationToken to allow test cancellation to be more responsive. (https://xunit.net/xunit.analyzers/rules/xUnit1051) [E:\github\FunWasHad\tests\FWH.MarketingApi.Tests\FWH.MarketingApi.Tests.csproj]
E:\github\FunWasHad\tests\FWH.MarketingApi.Tests\Services\BlobStorageIntegrationTests.cs(151,36): warning xUnit1051: Calls to methods which accept CancellationToken should use TestContext.Current.CancellationToken to allow test cancellation to be more responsive. (https://xunit.net/xunit.analyzers/rules/xUnit1051) [E:\github\FunWasHad\tests\FWH.MarketingApi.Tests\FWH.MarketingApi.Tests.csproj]
E:\github\FunWasHad\tests\FWH.MarketingApi.Tests\Services\BlobStorageIntegrationTests.cs(152,32): warning xUnit1051: Calls to methods which accept CancellationToken should use TestContext.Current.CancellationToken to allow test cancellation to be more responsive. (https://xunit.net/xunit.analyzers/rules/xUnit1051) [E:\github\FunWasHad\tests\FWH.MarketingApi.Tests\FWH.MarketingApi.Tests.csproj]
E:\github\FunWasHad\tests\FWH.MarketingApi.Tests\Services\BlobStorageIntegrationTests.cs(158,43): warning xUnit1051: Calls to methods which accept CancellationToken should use TestContext.Current.CancellationToken to allow test cancellation to be more responsive. (https://xunit.net/xunit.analyzers/rules/xUnit1051) [E:\github\FunWasHad\tests\FWH.MarketingApi.Tests\FWH.MarketingApi.Tests.csproj]
E:\github\FunWasHad\tests\FWH.MarketingApi.Tests\Services\BlobStorageIntegrationTests.cs(163,38): warning xUnit1051: Calls to methods which accept CancellationToken should use TestContext.Current.CancellationToken to allow test cancellation to be more responsive. (https://xunit.net/xunit.analyzers/rules/xUnit1051) [E:\github\FunWasHad\tests\FWH.MarketingApi.Tests\FWH.MarketingApi.Tests.csproj]
E:\github\FunWasHad\tests\FWH.MarketingApi.Tests\Services\BlobStorageIntegrationTests.cs(194,38): warning xUnit1051: Calls to methods which accept CancellationToken should use TestContext.Current.CancellationToken to allow test cancellation to be more responsive. (https://xunit.net/xunit.analyzers/rules/xUnit1051) [E:\github\FunWasHad\tests\FWH.MarketingApi.Tests\FWH.MarketingApi.Tests.csproj]
E:\github\FunWasHad\tests\FWH.MarketingApi.Tests\Services\BlobStorageIntegrationTests.cs(195,30): warning xUnit1051: Calls to methods which accept CancellationToken should use TestContext.Current.CancellationToken to allow test cancellation to be more responsive. (https://xunit.net/xunit.analyzers/rules/xUnit1051) [E:\github\FunWasHad\tests\FWH.MarketingApi.Tests\FWH.MarketingApi.Tests.csproj]
E:\github\FunWasHad\tests\FWH.MarketingApi.Tests\Services\BlobStorageIntegrationTests.cs(207,30): warning xUnit1051: Calls to methods which accept CancellationToken should use TestContext.Current.CancellationToken to allow test cancellation to be more responsive. (https://xunit.net/xunit.analyzers/rules/xUnit1051) [E:\github\FunWasHad\tests\FWH.MarketingApi.Tests\FWH.MarketingApi.Tests.csproj]
E:\github\FunWasHad\tests\FWH.MarketingApi.Tests\Services\BlobStorageIntegrationTests.cs(211,32): warning xUnit1051: Calls to methods which accept CancellationToken should use TestContext.Current.CancellationToken to allow test cancellation to be more responsive. (https://xunit.net/xunit.analyzers/rules/xUnit1051) [E:\github\FunWasHad\tests\FWH.MarketingApi.Tests\FWH.MarketingApi.Tests.csproj]
E:\github\FunWasHad\tests\FWH.MarketingApi.Tests\CityMarketingTests.cs(253,30): warning xUnit1051: Calls to methods which accept CancellationToken should use TestContext.Current.CancellationToken to allow test cancellation to be more responsive. (https://xunit.net/xunit.analyzers/rules/xUnit1051) [E:\github\FunWasHad\tests\FWH.MarketingApi.Tests\FWH.MarketingApi.Tests.csproj]
E:\github\FunWasHad\tests\FWH.MarketingApi.Tests\CityMarketingTests.cs(256,28): warning xUnit1051: Calls to methods which accept CancellationToken should use TestContext.Current.CancellationToken to allow test cancellation to be more responsive. (https://xunit.net/xunit.analyzers/rules/xUnit1051) [E:\github\FunWasHad\tests\FWH.MarketingApi.Tests\FWH.MarketingApi.Tests.csproj]
E:\github\FunWasHad\tests\FWH.MarketingApi.Tests\EntityRelationshipTests.cs(256,29): warning xUnit1051: Calls to methods which accept CancellationToken should use TestContext.Current.CancellationToken to allow test cancellation to be more responsive. (https://xunit.net/xunit.analyzers/rules/xUnit1051) [E:\github\FunWasHad\tests\FWH.MarketingApi.Tests\FWH.MarketingApi.Tests.csproj]
E:\github\FunWasHad\tests\FWH.MarketingApi.Tests\CityMarketingTests.cs(272,30): warning xUnit1051: Calls to methods which accept CancellationToken should use TestContext.Current.CancellationToken to allow test cancellation to be more responsive. (https://xunit.net/xunit.analyzers/rules/xUnit1051) [E:\github\FunWasHad\tests\FWH.MarketingApi.Tests\FWH.MarketingApi.Tests.csproj]
E:\github\FunWasHad\tests\FWH.MarketingApi.Tests\CityMarketingTests.cs(285,30): warning xUnit1051: Calls to methods which accept CancellationToken should use TestContext.Current.CancellationToken to allow test cancellation to be more responsive. (https://xunit.net/xunit.analyzers/rules/xUnit1051) [E:\github\FunWasHad\tests\FWH.MarketingApi.Tests\FWH.MarketingApi.Tests.csproj]
E:\github\FunWasHad\tests\FWH.MarketingApi.Tests\MarketingControllerTests.cs(275,30): warning xUnit1051: Calls to methods which accept CancellationToken should use TestContext.Current.CancellationToken to allow test cancellation to be more responsive. (https://xunit.net/xunit.analyzers/rules/xUnit1051) [E:\github\FunWasHad\tests\FWH.MarketingApi.Tests\FWH.MarketingApi.Tests.csproj]
E:\github\FunWasHad\tests\FWH.MarketingApi.Tests\MarketingControllerTests.cs(278,28): warning xUnit1051: Calls to methods which accept CancellationToken should use TestContext.Current.CancellationToken to allow test cancellation to be more responsive. (https://xunit.net/xunit.analyzers/rules/xUnit1051) [E:\github\FunWasHad\tests\FWH.MarketingApi.Tests\FWH.MarketingApi.Tests.csproj]
E:\github\FunWasHad\tests\FWH.MarketingApi.Tests\CityMarketingTests.cs(298,30): warning xUnit1051: Calls to methods which accept CancellationToken should use TestContext.Current.CancellationToken to allow test cancellation to be more responsive. (https://xunit.net/xunit.analyzers/rules/xUnit1051) [E:\github\FunWasHad\tests\FWH.MarketingApi.Tests\FWH.MarketingApi.Tests.csproj]
E:\github\FunWasHad\tests\FWH.MarketingApi.Tests\MarketingControllerTests.cs(302,30): warning xUnit1051: Calls to methods which accept CancellationToken should use TestContext.Current.CancellationToken to allow test cancellation to be more responsive. (https://xunit.net/xunit.analyzers/rules/xUnit1051) [E:\github\FunWasHad\tests\FWH.MarketingApi.Tests\FWH.MarketingApi.Tests.csproj]
E:\github\FunWasHad\tests\FWH.MarketingApi.Tests\MarketingControllerTests.cs(305,28): warning xUnit1051: Calls to methods which accept CancellationToken should use TestContext.Current.CancellationToken to allow test cancellation to be more responsive. (https://xunit.net/xunit.analyzers/rules/xUnit1051) [E:\github\FunWasHad\tests\FWH.MarketingApi.Tests\FWH.MarketingApi.Tests.csproj]
E:\github\FunWasHad\tests\FWH.MarketingApi.Tests\EntityRelationshipTests.cs(277,28): warning xUnit1051: Calls to methods which accept CancellationToken should use TestContext.Current.CancellationToken to allow test cancellation to be more responsive. (https://xunit.net/xunit.analyzers/rules/xUnit1051) [E:\github\FunWasHad\tests\FWH.MarketingApi.Tests\FWH.MarketingApi.Tests.csproj]
E:\github\FunWasHad\tests\FWH.MarketingApi.Tests\MarketingControllerTests.cs(327,30): warning xUnit1051: Calls to methods which accept CancellationToken should use TestContext.Current.CancellationToken to allow test cancellation to be more responsive. (https://xunit.net/xunit.analyzers/rules/xUnit1051) [E:\github\FunWasHad\tests\FWH.MarketingApi.Tests\FWH.MarketingApi.Tests.csproj]
E:\github\FunWasHad\tests\FWH.MarketingApi.Tests\MarketingControllerTests.cs(348,30): warning xUnit1051: Calls to methods which accept CancellationToken should use TestContext.Current.CancellationToken to allow test cancellation to be more responsive. (https://xunit.net/xunit.analyzers/rules/xUnit1051) [E:\github\FunWasHad\tests\FWH.MarketingApi.Tests\FWH.MarketingApi.Tests.csproj]
E:\github\FunWasHad\tests\FWH.MarketingApi.Tests\CityMarketingTests.cs(321,15): warning xUnit1051: Calls to methods which accept CancellationToken should use TestContext.Current.CancellationToken to allow test cancellation to be more responsive. (https://xunit.net/xunit.analyzers/rules/xUnit1051) [E:\github\FunWasHad\tests\FWH.MarketingApi.Tests\FWH.MarketingApi.Tests.csproj]
E:\github\FunWasHad\tests\FWH.MarketingApi.Tests\CityMarketingTests.cs(324,26): warning xUnit1051: Calls to methods which accept CancellationToken should use TestContext.Current.CancellationToken to allow test cancellation to be more responsive. (https://xunit.net/xunit.analyzers/rules/xUnit1051) [E:\github\FunWasHad\tests\FWH.MarketingApi.Tests\FWH.MarketingApi.Tests.csproj]
E:\github\FunWasHad\tests\FWH.MarketingApi.Tests\CityMarketingTests.cs(336,15): warning xUnit1051: Calls to methods which accept CancellationToken should use TestContext.Current.CancellationToken to allow test cancellation to be more responsive. (https://xunit.net/xunit.analyzers/rules/xUnit1051) [E:\github\FunWasHad\tests\FWH.MarketingApi.Tests\FWH.MarketingApi.Tests.csproj]
E:\github\FunWasHad\tests\FWH.MarketingApi.Tests\CityMarketingTests.cs(339,37): warning xUnit1051: Calls to methods which accept CancellationToken should use TestContext.Current.CancellationToken to allow test cancellation to be more responsive. (https://xunit.net/xunit.analyzers/rules/xUnit1051) [E:\github\FunWasHad\tests\FWH.MarketingApi.Tests\FWH.MarketingApi.Tests.csproj]
E:\github\FunWasHad\tests\FWH.MarketingApi.Tests\EntityRelationshipTests.cs(299,31): warning xUnit1051: Calls to methods which accept CancellationToken should use TestContext.Current.CancellationToken to allow test cancellation to be more responsive. (https://xunit.net/xunit.analyzers/rules/xUnit1051) [E:\github\FunWasHad\tests\FWH.MarketingApi.Tests\FWH.MarketingApi.Tests.csproj]
E:\github\FunWasHad\tests\FWH.MarketingApi.Tests\EntityRelationshipTests.cs(299,81): warning xUnit1051: Calls to methods which accept CancellationToken should use TestContext.Current.CancellationToken to allow test cancellation to be more responsive. (https://xunit.net/xunit.analyzers/rules/xUnit1051) [E:\github\FunWasHad\tests\FWH.MarketingApi.Tests\FWH.MarketingApi.Tests.csproj]
E:\github\FunWasHad\tests\FWH.MarketingApi.Tests\EntityRelationshipTests.cs(324,15): warning xUnit1051: Calls to methods which accept CancellationToken should use TestContext.Current.CancellationToken to allow test cancellation to be more responsive. (https://xunit.net/xunit.analyzers/rules/xUnit1051) [E:\github\FunWasHad\tests\FWH.MarketingApi.Tests\FWH.MarketingApi.Tests.csproj]
E:\github\FunWasHad\tests\FWH.MarketingApi.Tests\EntityRelationshipTests.cs(326,35): warning xUnit1051: Calls to methods which accept CancellationToken should use TestContext.Current.CancellationToken to allow test cancellation to be more responsive. (https://xunit.net/xunit.analyzers/rules/xUnit1051) [E:\github\FunWasHad\tests\FWH.MarketingApi.Tests\FWH.MarketingApi.Tests.csproj]
E:\github\FunWasHad\tests\FWH.MarketingApi.Tests\EntityRelationshipTests.cs(344,34): warning xUnit1051: Calls to methods which accept CancellationToken should use TestContext.Current.CancellationToken to allow test cancellation to be more responsive. (https://xunit.net/xunit.analyzers/rules/xUnit1051) [E:\github\FunWasHad\tests\FWH.MarketingApi.Tests\FWH.MarketingApi.Tests.csproj]
E:\github\FunWasHad\tests\FWH.MarketingApi.Tests\EntityRelationshipTests.cs(344,86): warning xUnit1051: Calls to methods which accept CancellationToken should use TestContext.Current.CancellationToken to allow test cancellation to be more responsive. (https://xunit.net/xunit.analyzers/rules/xUnit1051) [E:\github\FunWasHad\tests\FWH.MarketingApi.Tests\FWH.MarketingApi.Tests.csproj]
E:\github\FunWasHad\tests\FWH.MarketingApi.Tests\EntityRelationshipTests.cs(372,15): warning xUnit1051: Calls to methods which accept CancellationToken should use TestContext.Current.CancellationToken to allow test cancellation to be more responsive. (https://xunit.net/xunit.analyzers/rules/xUnit1051) [E:\github\FunWasHad\tests\FWH.MarketingApi.Tests\FWH.MarketingApi.Tests.csproj]
E:\github\FunWasHad\tests\FWH.MarketingApi.Tests\EntityRelationshipTests.cs(374,38): warning xUnit1051: Calls to methods which accept CancellationToken should use TestContext.Current.CancellationToken to allow test cancellation to be more responsive. (https://xunit.net/xunit.analyzers/rules/xUnit1051) [E:\github\FunWasHad\tests\FWH.MarketingApi.Tests\FWH.MarketingApi.Tests.csproj]
E:\github\FunWasHad\tests\FWH.MarketingApi.Tests\EntityRelationshipTests.cs(391,26): warning xUnit1051: Calls to methods which accept CancellationToken should use TestContext.Current.CancellationToken to allow test cancellation to be more responsive. (https://xunit.net/xunit.analyzers/rules/xUnit1051) [E:\github\FunWasHad\tests\FWH.MarketingApi.Tests\FWH.MarketingApi.Tests.csproj]
E:\github\FunWasHad\tests\FWH.MarketingApi.Tests\EntityRelationshipTests.cs(400,15): warning xUnit1051: Calls to methods which accept CancellationToken should use TestContext.Current.CancellationToken to allow test cancellation to be more responsive. (https://xunit.net/xunit.analyzers/rules/xUnit1051) [E:\github\FunWasHad\tests\FWH.MarketingApi.Tests\FWH.MarketingApi.Tests.csproj]
E:\github\FunWasHad\tests\FWH.MarketingApi.Tests\EntityRelationshipTests.cs(402,35): warning xUnit1051: Calls to methods which accept CancellationToken should use TestContext.Current.CancellationToken to allow test cancellation to be more responsive. (https://xunit.net/xunit.analyzers/rules/xUnit1051) [E:\github\FunWasHad\tests\FWH.MarketingApi.Tests\FWH.MarketingApi.Tests.csproj]
E:\github\FunWasHad\tests\FWH.MarketingApi.Tests\EntityRelationshipTests.cs(418,29): warning xUnit1051: Calls to methods which accept CancellationToken should use TestContext.Current.CancellationToken to allow test cancellation to be more responsive. (https://xunit.net/xunit.analyzers/rules/xUnit1051) [E:\github\FunWasHad\tests\FWH.MarketingApi.Tests\FWH.MarketingApi.Tests.csproj]
E:\github\FunWasHad\tests\FWH.MarketingApi.Tests\EntityRelationshipTests.cs(427,15): warning xUnit1051: Calls to methods which accept CancellationToken should use TestContext.Current.CancellationToken to allow test cancellation to be more responsive. (https://xunit.net/xunit.analyzers/rules/xUnit1051) [E:\github\FunWasHad\tests\FWH.MarketingApi.Tests\FWH.MarketingApi.Tests.csproj]
E:\github\FunWasHad\tests\FWH.MarketingApi.Tests\EntityRelationshipTests.cs(429,35): warning xUnit1051: Calls to methods which accept CancellationToken should use TestContext.Current.CancellationToken to allow test cancellation to be more responsive. (https://xunit.net/xunit.analyzers/rules/xUnit1051) [E:\github\FunWasHad\tests\FWH.MarketingApi.Tests\FWH.MarketingApi.Tests.csproj]
E:\github\FunWasHad\tests\FWH.MarketingApi.Tests\EntityRelationshipTests.cs(458,13): warning xUnit2020: Do not use Assert.True(false, message) to fail a test. Use Assert.Fail(message) instead. (https://xunit.net/xunit.analyzers/rules/xUnit2020) [E:\github\FunWasHad\tests\FWH.MarketingApi.Tests\FWH.MarketingApi.Tests.csproj]
E:\github\FunWasHad\tests\FWH.MarketingApi.Tests\EntityRelationshipTests.cs(457,19): warning xUnit1051: Calls to methods which accept CancellationToken should use TestContext.Current.CancellationToken to allow test cancellation to be more responsive. (https://xunit.net/xunit.analyzers/rules/xUnit1051) [E:\github\FunWasHad\tests\FWH.MarketingApi.Tests\FWH.MarketingApi.Tests.csproj]
E:\github\FunWasHad\tests\FWH.MarketingApi.Tests\EntityRelationshipTests.cs(488,13): warning xUnit2020: Do not use Assert.True(false, message) to fail a test. Use Assert.Fail(message) instead. (https://xunit.net/xunit.analyzers/rules/xUnit2020) [E:\github\FunWasHad\tests\FWH.MarketingApi.Tests\FWH.MarketingApi.Tests.csproj]
E:\github\FunWasHad\tests\FWH.MarketingApi.Tests\EntityRelationshipTests.cs(487,19): warning xUnit1051: Calls to methods which accept CancellationToken should use TestContext.Current.CancellationToken to allow test cancellation to be more responsive. (https://xunit.net/xunit.analyzers/rules/xUnit1051) [E:\github\FunWasHad\tests\FWH.MarketingApi.Tests\FWH.MarketingApi.Tests.csproj]
E:\github\FunWasHad\tests\FWH.Mobile.Data.Tests\NoteRepositoryTests.cs(25,29): warning xUnit1051: Calls to methods which accept CancellationToken should use TestContext.Current.CancellationToken to allow test cancellation to be more responsive. (https://xunit.net/xunit.analyzers/rules/xUnit1051) [E:\github\FunWasHad\tests\FWH.Mobile.Data.Tests\FWH.Mobile.Data.Tests.csproj]
E:\github\FunWasHad\tests\FWH.Mobile.Data.Tests\NoteRepositoryTests.cs(28,25): warning xUnit1051: Calls to methods which accept CancellationToken should use TestContext.Current.CancellationToken to allow test cancellation to be more responsive. (https://xunit.net/xunit.analyzers/rules/xUnit1051) [E:\github\FunWasHad\tests\FWH.Mobile.Data.Tests\FWH.Mobile.Data.Tests.csproj]
E:\github\FunWasHad\tests\FWH.Mobile.Data.Tests\WorkflowCrudTests.cs(34,15): warning xUnit1051: Calls to methods which accept CancellationToken should use TestContext.Current.CancellationToken to allow test cancellation to be more responsive. (https://xunit.net/xunit.analyzers/rules/xUnit1051) [E:\github\FunWasHad\tests\FWH.Mobile.Data.Tests\FWH.Mobile.Data.Tests.csproj]
E:\github\FunWasHad\tests\FWH.Mobile.Data.Tests\WorkflowCrudTests.cs(46,29): warning xUnit1051: Calls to methods which accept CancellationToken should use TestContext.Current.CancellationToken to allow test cancellation to be more responsive. (https://xunit.net/xunit.analyzers/rules/xUnit1051) [E:\github\FunWasHad\tests\FWH.Mobile.Data.Tests\FWH.Mobile.Data.Tests.csproj]
E:\github\FunWasHad\tests\FWH.Mobile.Data.Tests\WorkflowRepositoryTests.cs(38,29): warning xUnit1051: Calls to methods which accept CancellationToken should use TestContext.Current.CancellationToken to allow test cancellation to be more responsive. (https://xunit.net/xunit.analyzers/rules/xUnit1051) [E:\github\FunWasHad\tests\FWH.Mobile.Data.Tests\FWH.Mobile.Data.Tests.csproj]
E:\github\FunWasHad\tests\FWH.Mobile.Data.Tests\WorkflowRepositoryTests.cs(41,25): warning xUnit1051: Calls to methods which accept CancellationToken should use TestContext.Current.CancellationToken to allow test cancellation to be more responsive. (https://xunit.net/xunit.analyzers/rules/xUnit1051) [E:\github\FunWasHad\tests\FWH.Mobile.Data.Tests\FWH.Mobile.Data.Tests.csproj]
E:\github\FunWasHad\tests\FWH.Mobile.Data.Tests\WorkflowCrudTests.cs(71,15): warning xUnit1051: Calls to methods which accept CancellationToken should use TestContext.Current.CancellationToken to allow test cancellation to be more responsive. (https://xunit.net/xunit.analyzers/rules/xUnit1051) [E:\github\FunWasHad\tests\FWH.Mobile.Data.Tests\FWH.Mobile.Data.Tests.csproj]
E:\github\FunWasHad\tests\FWH.Mobile.Data.Tests\WorkflowCrudTests.cs(73,25): warning xUnit1051: Calls to methods which accept CancellationToken should use TestContext.Current.CancellationToken to allow test cancellation to be more responsive. (https://xunit.net/xunit.analyzers/rules/xUnit1051) [E:\github\FunWasHad\tests\FWH.Mobile.Data.Tests\FWH.Mobile.Data.Tests.csproj]
E:\github\FunWasHad\tests\FWH.Mobile.Data.Tests\WorkflowCrudTests.cs(76,29): warning xUnit1051: Calls to methods which accept CancellationToken should use TestContext.Current.CancellationToken to allow test cancellation to be more responsive. (https://xunit.net/xunit.analyzers/rules/xUnit1051) [E:\github\FunWasHad\tests\FWH.Mobile.Data.Tests\FWH.Mobile.Data.Tests.csproj]
E:\github\FunWasHad\tests\FWH.Mobile.Data.Tests\WorkflowRepositoryPersistenceTests.cs(42,15): warning xUnit1051: Calls to methods which accept CancellationToken should use TestContext.Current.CancellationToken to allow test cancellation to be more responsive. (https://xunit.net/xunit.analyzers/rules/xUnit1051) [E:\github\FunWasHad\tests\FWH.Mobile.Data.Tests\FWH.Mobile.Data.Tests.csproj]
E:\github\FunWasHad\tests\FWH.Mobile.Data.Tests\WorkflowCrudTests.cs(79,27): warning xUnit1051: Calls to methods which accept CancellationToken should use TestContext.Current.CancellationToken to allow test cancellation to be more responsive. (https://xunit.net/xunit.analyzers/rules/xUnit1051) [E:\github\FunWasHad\tests\FWH.Mobile.Data.Tests\FWH.Mobile.Data.Tests.csproj]
E:\github\FunWasHad\tests\FWH.Mobile.Data.Tests\WorkflowRepositoryPersistenceTests.cs(44,29): warning xUnit1051: Calls to methods which accept CancellationToken should use TestContext.Current.CancellationToken to allow test cancellation to be more responsive. (https://xunit.net/xunit.analyzers/rules/xUnit1051) [E:\github\FunWasHad\tests\FWH.Mobile.Data.Tests\FWH.Mobile.Data.Tests.csproj]
E:\github\FunWasHad\tests\FWH.Mobile.Data.Tests\WorkflowRepositoryPersistenceTests.cs(47,31): warning xUnit1051: Calls to methods which accept CancellationToken should use TestContext.Current.CancellationToken to allow test cancellation to be more responsive. (https://xunit.net/xunit.analyzers/rules/xUnit1051) [E:\github\FunWasHad\tests\FWH.Mobile.Data.Tests\FWH.Mobile.Data.Tests.csproj]
E:\github\FunWasHad\tests\FWH.Mobile.Data.Tests\WorkflowRepositoryTests.cs(71,15): warning xUnit1051: Calls to methods which accept CancellationToken should use TestContext.Current.CancellationToken to allow test cancellation to be more responsive. (https://xunit.net/xunit.analyzers/rules/xUnit1051) [E:\github\FunWasHad\tests\FWH.Mobile.Data.Tests\FWH.Mobile.Data.Tests.csproj]
  FWH.MarketingApi.Tests -> E:\github\FunWasHad\tests\FWH.MarketingApi.Tests\bin\Debug\net9.0\FWH.MarketingApi.Tests.dll
E:\github\FunWasHad\tests\FWH.Mobile.Data.Tests\WorkflowRepositoryTests.cs(73,25): warning xUnit1051: Calls to methods which accept CancellationToken should use TestContext.Current.CancellationToken to allow test cancellation to be more responsive. (https://xunit.net/xunit.analyzers/rules/xUnit1051) [E:\github\FunWasHad\tests\FWH.Mobile.Data.Tests\FWH.Mobile.Data.Tests.csproj]
E:\github\FunWasHad\tests\FWH.Mobile.Data.Tests\WorkflowServiceImportTests.cs(40,31): warning xUnit1051: Calls to methods which accept CancellationToken should use TestContext.Current.CancellationToken to allow test cancellation to be more responsive. (https://xunit.net/xunit.analyzers/rules/xUnit1051) [E:\github\FunWasHad\tests\FWH.Mobile.Data.Tests\FWH.Mobile.Data.Tests.csproj]
E:\github\FunWasHad\tests\FWH.Mobile.Data.Tests\WorkflowServiceImportTests.cs(84,31): warning xUnit1051: Calls to methods which accept CancellationToken should use TestContext.Current.CancellationToken to allow test cancellation to be more responsive. (https://xunit.net/xunit.analyzers/rules/xUnit1051) [E:\github\FunWasHad\tests\FWH.Mobile.Data.Tests\FWH.Mobile.Data.Tests.csproj]
E:\github\FunWasHad\tests\FWH.Mobile.Data.Tests\WorkflowServiceImportTests.cs(150,13): warning xUnit2020: Do not use Assert.True(false, message) to fail a test. Use Assert.Fail(message) instead. (https://xunit.net/xunit.analyzers/rules/xUnit2020) [E:\github\FunWasHad\tests\FWH.Mobile.Data.Tests\FWH.Mobile.Data.Tests.csproj]
E:\github\FunWasHad\tests\FWH.Mobile.Data.Tests\WorkflowServiceImportTests.cs(129,31): warning xUnit1051: Calls to methods which accept CancellationToken should use TestContext.Current.CancellationToken to allow test cancellation to be more responsive. (https://xunit.net/xunit.analyzers/rules/xUnit1051) [E:\github\FunWasHad\tests\FWH.Mobile.Data.Tests\FWH.Mobile.Data.Tests.csproj]
  FWH.Mobile.Data.Tests -> E:\github\FunWasHad\tests\FWH.Mobile.Data.Tests\bin\Debug\net9.0\FWH.Mobile.Data.Tests.dll
E:\github\FunWasHad\tests\FWH.Common.Workflow.Tests\ActionExecutorErrorHandlingTests.cs(96,15): warning xUnit1051: Calls to methods which accept CancellationToken should use TestContext.Current.CancellationToken to allow test cancellation to be more responsive. (https://xunit.net/xunit.analyzers/rules/xUnit1051) [E:\github\FunWasHad\tests\FWH.Common.Workflow.Tests\FWH.Common.Workflow.Tests.csproj]
E:\github\FunWasHad\tests\FWH.Common.Workflow.Tests\ActionExecutorErrorHandlingTests.cs(135,15): warning xUnit1051: Calls to methods which accept CancellationToken should use TestContext.Current.CancellationToken to allow test cancellation to be more responsive. (https://xunit.net/xunit.analyzers/rules/xUnit1051) [E:\github\FunWasHad\tests\FWH.Common.Workflow.Tests\FWH.Common.Workflow.Tests.csproj]
E:\github\FunWasHad\tests\FWH.Common.Workflow.Tests\ActionExecutorErrorHandlingTests.cs(180,15): warning xUnit1051: Calls to methods which accept CancellationToken should use TestContext.Current.CancellationToken to allow test cancellation to be more responsive. (https://xunit.net/xunit.analyzers/rules/xUnit1051) [E:\github\FunWasHad\tests\FWH.Common.Workflow.Tests\FWH.Common.Workflow.Tests.csproj]
E:\github\FunWasHad\tests\FWH.Common.Workflow.Tests\ActionExecutionTests.cs(105,19): warning xUnit1051: Calls to methods which accept CancellationToken should use TestContext.Current.CancellationToken to allow test cancellation to be more responsive. (https://xunit.net/xunit.analyzers/rules/xUnit1051) [E:\github\FunWasHad\tests\FWH.Common.Workflow.Tests\FWH.Common.Workflow.Tests.csproj]
E:\github\FunWasHad\tests\FWH.Common.Workflow.Tests\ActionExecutorErrorHandlingTests.cs(223,19): warning xUnit1051: Calls to methods which accept CancellationToken should use TestContext.Current.CancellationToken to allow test cancellation to be more responsive. (https://xunit.net/xunit.analyzers/rules/xUnit1051) [E:\github\FunWasHad\tests\FWH.Common.Workflow.Tests\FWH.Common.Workflow.Tests.csproj]
E:\github\FunWasHad\tests\FWH.Common.Workflow.Tests\HandlerRegistryEdgeCaseTests.cs(158,23): warning xUnit1051: Calls to methods which accept CancellationToken should use TestContext.Current.CancellationToken to allow test cancellation to be more responsive. (https://xunit.net/xunit.analyzers/rules/xUnit1051) [E:\github\FunWasHad\tests\FWH.Common.Workflow.Tests\FWH.Common.Workflow.Tests.csproj]
E:\github\FunWasHad\tests\FWH.Common.Workflow.Tests\WorkflowPersistenceActionTests.cs(88,15): warning xUnit1051: Calls to methods which accept CancellationToken should use TestContext.Current.CancellationToken to allow test cancellation to be more responsive. (https://xunit.net/xunit.analyzers/rules/xUnit1051) [E:\github\FunWasHad\tests\FWH.Common.Workflow.Tests\FWH.Common.Workflow.Tests.csproj]
E:\github\FunWasHad\tests\FWH.Common.Workflow.Tests\WorkflowPersistenceActionTests.cs(91,31): warning xUnit1051: Calls to methods which accept CancellationToken should use TestContext.Current.CancellationToken to allow test cancellation to be more responsive. (https://xunit.net/xunit.analyzers/rules/xUnit1051) [E:\github\FunWasHad\tests\FWH.Common.Workflow.Tests\FWH.Common.Workflow.Tests.csproj]
E:\github\FunWasHad\tests\FWH.Common.Workflow.Tests\WorkflowPersistenceConcurrencyTests.cs(82,26): warning xUnit1051: Calls to methods which accept CancellationToken should use TestContext.Current.CancellationToken to allow test cancellation to be more responsive. (https://xunit.net/xunit.analyzers/rules/xUnit1051) [E:\github\FunWasHad\tests\FWH.Common.Workflow.Tests\FWH.Common.Workflow.Tests.csproj]
E:\github\FunWasHad\tests\FWH.Common.Workflow.Tests\HandlerRegistryEdgeCaseTests.cs(195,23): warning xUnit1051: Calls to methods which accept CancellationToken should use TestContext.Current.CancellationToken to allow test cancellation to be more responsive. (https://xunit.net/xunit.analyzers/rules/xUnit1051) [E:\github\FunWasHad\tests\FWH.Common.Workflow.Tests\FWH.Common.Workflow.Tests.csproj]
E:\github\FunWasHad\tests\FWH.Common.Workflow.Tests\WorkflowServiceTests.cs(153,31): warning xUnit1051: Calls to methods which accept CancellationToken should use TestContext.Current.CancellationToken to allow test cancellation to be more responsive. (https://xunit.net/xunit.analyzers/rules/xUnit1051) [E:\github\FunWasHad\tests\FWH.Common.Workflow.Tests\FWH.Common.Workflow.Tests.csproj]
E:\github\FunWasHad\tests\FWH.Common.Workflow.Tests\ActionExecutorErrorHandlingTests.cs(339,15): warning xUnit1051: Calls to methods which accept CancellationToken should use TestContext.Current.CancellationToken to allow test cancellation to be more responsive. (https://xunit.net/xunit.analyzers/rules/xUnit1051) [E:\github\FunWasHad\tests\FWH.Common.Workflow.Tests\FWH.Common.Workflow.Tests.csproj]
E:\github\FunWasHad\tests\FWH.Common.Workflow.Tests\WorkflowPersistenceConcurrencyTests.cs(123,26): warning xUnit1051: Calls to methods which accept CancellationToken should use TestContext.Current.CancellationToken to allow test cancellation to be more responsive. (https://xunit.net/xunit.analyzers/rules/xUnit1051) [E:\github\FunWasHad\tests\FWH.Common.Workflow.Tests\FWH.Common.Workflow.Tests.csproj]
E:\github\FunWasHad\tests\FWH.Common.Workflow.Tests\ActionExecutorErrorHandlingTests.cs(370,15): warning xUnit1051: Calls to methods which accept CancellationToken should use TestContext.Current.CancellationToken to allow test cancellation to be more responsive. (https://xunit.net/xunit.analyzers/rules/xUnit1051) [E:\github\FunWasHad\tests\FWH.Common.Workflow.Tests\FWH.Common.Workflow.Tests.csproj]
E:\github\FunWasHad\tests\FWH.Common.Workflow.Tests\ActionExecutorErrorHandlingTests.cs(284,24): warning xUnit1051: Calls to methods which accept CancellationToken should use TestContext.Current.CancellationToken to allow test cancellation to be more responsive. (https://xunit.net/xunit.analyzers/rules/xUnit1051) [E:\github\FunWasHad\tests\FWH.Common.Workflow.Tests\FWH.Common.Workflow.Tests.csproj]
E:\github\FunWasHad\tests\FWH.Common.Workflow.Tests\ActionExecutorErrorHandlingTests.cs(294,15): warning xUnit1051: Calls to methods which accept CancellationToken should use TestContext.Current.CancellationToken to allow test cancellation to be more responsive. (https://xunit.net/xunit.analyzers/rules/xUnit1051) [E:\github\FunWasHad\tests\FWH.Common.Workflow.Tests\FWH.Common.Workflow.Tests.csproj]
E:\github\FunWasHad\tests\FWH.Common.Workflow.Tests\ActionExecutorErrorHandlingTests.cs(417,15): warning xUnit1051: Calls to methods which accept CancellationToken should use TestContext.Current.CancellationToken to allow test cancellation to be more responsive. (https://xunit.net/xunit.analyzers/rules/xUnit1051) [E:\github\FunWasHad\tests\FWH.Common.Workflow.Tests\FWH.Common.Workflow.Tests.csproj]
E:\github\FunWasHad\tests\FWH.Common.Workflow.Tests\ActionExecutorErrorHandlingTests.cs(422,15): warning xUnit1051: Calls to methods which accept CancellationToken should use TestContext.Current.CancellationToken to allow test cancellation to be more responsive. (https://xunit.net/xunit.analyzers/rules/xUnit1051) [E:\github\FunWasHad\tests\FWH.Common.Workflow.Tests\FWH.Common.Workflow.Tests.csproj]
E:\github\FunWasHad\tests\FWH.Common.Workflow.Tests\WorkflowPersistenceConcurrencyTests.cs(253,15): warning xUnit1051: Calls to methods which accept CancellationToken should use TestContext.Current.CancellationToken to allow test cancellation to be more responsive. (https://xunit.net/xunit.analyzers/rules/xUnit1051) [E:\github\FunWasHad\tests\FWH.Common.Workflow.Tests\FWH.Common.Workflow.Tests.csproj]
E:\github\FunWasHad\tests\FWH.Common.Workflow.Tests\WorkflowPersistenceConcurrencyTests.cs(257,27): warning xUnit1051: Calls to methods which accept CancellationToken should use TestContext.Current.CancellationToken to allow test cancellation to be more responsive. (https://xunit.net/xunit.analyzers/rules/xUnit1051) [E:\github\FunWasHad\tests\FWH.Common.Workflow.Tests\FWH.Common.Workflow.Tests.csproj]
E:\github\FunWasHad\tests\FWH.Common.Workflow.Tests\WorkflowPersistenceConcurrencyTests.cs(308,15): warning xUnit1051: Calls to methods which accept CancellationToken should use TestContext.Current.CancellationToken to allow test cancellation to be more responsive. (https://xunit.net/xunit.analyzers/rules/xUnit1051) [E:\github\FunWasHad\tests\FWH.Common.Workflow.Tests\FWH.Common.Workflow.Tests.csproj]
E:\github\FunWasHad\tests\FWH.Common.Workflow.Tests\WorkflowPersistenceConcurrencyTests.cs(351,26): warning xUnit1051: Calls to methods which accept CancellationToken should use TestContext.Current.CancellationToken to allow test cancellation to be more responsive. (https://xunit.net/xunit.analyzers/rules/xUnit1051) [E:\github\FunWasHad\tests\FWH.Common.Workflow.Tests\FWH.Common.Workflow.Tests.csproj]
E:\github\FunWasHad\tests\FWH.Common.Workflow.Tests\WorkflowPersistenceConcurrencyTests.cs(388,24): warning xUnit1051: Calls to methods which accept CancellationToken should use TestContext.Current.CancellationToken to allow test cancellation to be more responsive. (https://xunit.net/xunit.analyzers/rules/xUnit1051) [E:\github\FunWasHad\tests\FWH.Common.Workflow.Tests\FWH.Common.Workflow.Tests.csproj]
E:\github\FunWasHad\tests\FWH.Common.Workflow.Tests\WorkflowPersistenceConcurrencyTests.cs(466,23): warning xUnit1051: Calls to methods which accept CancellationToken should use TestContext.Current.CancellationToken to allow test cancellation to be more responsive. (https://xunit.net/xunit.analyzers/rules/xUnit1051) [E:\github\FunWasHad\tests\FWH.Common.Workflow.Tests\FWH.Common.Workflow.Tests.csproj]
E:\github\FunWasHad\tests\FWH.Common.Workflow.Tests\WorkflowPersistenceConcurrencyTests.cs(476,23): warning xUnit1051: Calls to methods which accept CancellationToken should use TestContext.Current.CancellationToken to allow test cancellation to be more responsive. (https://xunit.net/xunit.analyzers/rules/xUnit1051) [E:\github\FunWasHad\tests\FWH.Common.Workflow.Tests\FWH.Common.Workflow.Tests.csproj]
E:\github\FunWasHad\tests\FWH.Common.Workflow.Tests\WorkflowPersistenceConcurrencyTests.cs(487,23): warning xUnit1051: Calls to methods which accept CancellationToken should use TestContext.Current.CancellationToken to allow test cancellation to be more responsive. (https://xunit.net/xunit.analyzers/rules/xUnit1051) [E:\github\FunWasHad\tests\FWH.Common.Workflow.Tests\FWH.Common.Workflow.Tests.csproj]
E:\github\FunWasHad\tests\FWH.Common.Workflow.Tests\WorkflowPersistenceConcurrencyTests.cs(542,19): warning xUnit1051: Calls to methods which accept CancellationToken should use TestContext.Current.CancellationToken to allow test cancellation to be more responsive. (https://xunit.net/xunit.analyzers/rules/xUnit1051) [E:\github\FunWasHad\tests\FWH.Common.Workflow.Tests\FWH.Common.Workflow.Tests.csproj]
E:\github\FunWasHad\tests\FWH.Common.Workflow.Tests\WorkflowPersistenceConcurrencyTests.cs(545,15): warning xUnit1051: Calls to methods which accept CancellationToken should use TestContext.Current.CancellationToken to allow test cancellation to be more responsive. (https://xunit.net/xunit.analyzers/rules/xUnit1051) [E:\github\FunWasHad\tests\FWH.Common.Workflow.Tests\FWH.Common.Workflow.Tests.csproj]
E:\github\FunWasHad\tests\FWH.Common.Workflow.Tests\WorkflowPersistenceConcurrencyTests.cs(548,31): warning xUnit1051: Calls to methods which accept CancellationToken should use TestContext.Current.CancellationToken to allow test cancellation to be more responsive. (https://xunit.net/xunit.analyzers/rules/xUnit1051) [E:\github\FunWasHad\tests\FWH.Common.Workflow.Tests\FWH.Common.Workflow.Tests.csproj]
  FWH.Common.Workflow.Tests -> E:\github\FunWasHad\tests\FWH.Common.Workflow.Tests\bin\Debug\net9.0\FWH.Common.Workflow.Tests.dll
E:\github\FunWasHad\src\FWH.Common.Chat\ViewModels\ChatListViewModel.cs(92,46): warning CA1003: Change the event 'ChoiceSelected' to replace the type 'System.EventHandler<FWH.Common.Chat.ViewModels.ChoicesItem?>?' with a generic EventHandler, for example EventHandler<T>, where T is a valid EventArgs (https://learn.microsoft.com/dotnet/fundamentals/code-analysis/quality-rules/ca1003) [E:\github\FunWasHad\src\FWH.Common.Chat\FWH.Common.Chat.csproj]
E:\github\FunWasHad\src\FWH.Common.Chat\ViewModels\ChoicePayload.cs(18,46): warning CA1051: Do not declare visible instance fields (https://learn.microsoft.com/dotnet/fundamentals/code-analysis/quality-rules/ca1051) [E:\github\FunWasHad\src\FWH.Common.Chat\FWH.Common.Chat.csproj]
E:\github\FunWasHad\src\FWH.Common.Chat\ViewModels\ChoicePayload.cs(32,25): warning CA1051: Do not declare visible instance fields (https://learn.microsoft.com/dotnet/fundamentals/code-analysis/quality-rules/ca1051) [E:\github\FunWasHad\src\FWH.Common.Chat\FWH.Common.Chat.csproj]
E:\github\FunWasHad\src\FWH.Common.Chat\ViewModels\ChoicePayload.cs(15,19): warning CA1051: Do not declare visible instance fields (https://learn.microsoft.com/dotnet/fundamentals/code-analysis/quality-rules/ca1051) [E:\github\FunWasHad\src\FWH.Common.Chat\FWH.Common.Chat.csproj]
E:\github\FunWasHad\src\FWH.Common.Chat\ViewModels\ChoicePayload.cs(6,22): warning CA1708: Names of 'Members' and 'FWH.Common.Chat.ViewModels.ChoicePayload.Prompt, FWH.Common.Chat.ViewModels.ChoicePayload.prompt' should differ by more than case (https://learn.microsoft.com/dotnet/fundamentals/code-analysis/quality-rules/ca1708) [E:\github\FunWasHad\src\FWH.Common.Chat\FWH.Common.Chat.csproj]
E:\github\FunWasHad\src\FWH.Common.Chat\ViewModels\ChoicePayload.cs(6,22): warning CA1708: Names of 'Members' and 'FWH.Common.Chat.ViewModels.ChoicePayload.Title, FWH.Common.Chat.ViewModels.ChoicePayload.title' should differ by more than case (https://learn.microsoft.com/dotnet/fundamentals/code-analysis/quality-rules/ca1708) [E:\github\FunWasHad\src\FWH.Common.Chat\FWH.Common.Chat.csproj]
E:\github\FunWasHad\src\FWH.Common.Chat\ViewModels\ChoicePayload.cs(6,22): warning CA1708: Names of 'Members' and 'FWH.Common.Chat.ViewModels.ChoicePayload.Choices, FWH.Common.Chat.ViewModels.ChoicePayload.choices' should differ by more than case (https://learn.microsoft.com/dotnet/fundamentals/code-analysis/quality-rules/ca1708) [E:\github\FunWasHad\src\FWH.Common.Chat\FWH.Common.Chat.csproj]
E:\github\FunWasHad\src\FWH.Common.Chat\ViewModels\ChoicePayload.cs(6,22): warning CA1708: Names of 'Members' and 'FWH.Common.Chat.ViewModels.ChoicePayload.SelectedChoice, FWH.Common.Chat.ViewModels.ChoicePayload.selectedChoice' should differ by more than case (https://learn.microsoft.com/dotnet/fundamentals/code-analysis/quality-rules/ca1708) [E:\github\FunWasHad\src\FWH.Common.Chat\FWH.Common.Chat.csproj]
E:\github\FunWasHad\src\FWH.Common.Chat\ViewModels\ImageChatEntry.cs(10,20): warning CA1819: Properties should not return arrays (https://learn.microsoft.com/dotnet/fundamentals/code-analysis/quality-rules/ca1819) [E:\github\FunWasHad\src\FWH.Common.Chat\FWH.Common.Chat.csproj]
E:\github\FunWasHad\src\FWH.Common.Chat\ViewModels\ChoicesItem.cs(18,46): warning CA1003: Change the event 'ChoiceSubmitted' to replace the type 'System.EventHandler<FWH.Common.Chat.ViewModels.ChoicesItem?>?' with a generic EventHandler, for example EventHandler<T>, where T is a valid EventArgs (https://learn.microsoft.com/dotnet/fundamentals/code-analysis/quality-rules/ca1003) [E:\github\FunWasHad\src\FWH.Common.Chat\FWH.Common.Chat.csproj]
E:\github\FunWasHad\src\FWH.Common.Chat\ViewModels\ChoicePayload.cs(12,19): warning CA1051: Do not declare visible instance fields (https://learn.microsoft.com/dotnet/fundamentals/code-analysis/quality-rules/ca1051) [E:\github\FunWasHad\src\FWH.Common.Chat\FWH.Common.Chat.csproj]
E:\github\FunWasHad\src\FWH.Common.Chat\ViewModels\ImagePayload.cs(5,22): warning CA1708: Names of 'Members' and 'FWH.Common.Chat.ViewModels.ImagePayload.Image, FWH.Common.Chat.ViewModels.ImagePayload.image' should differ by more than case (https://learn.microsoft.com/dotnet/fundamentals/code-analysis/quality-rules/ca1708) [E:\github\FunWasHad\src\FWH.Common.Chat\FWH.Common.Chat.csproj]
E:\github\FunWasHad\src\FWH.Common.Chat\ViewModels\ImagePayload.cs(5,22): warning CA1708: Names of 'Members' and 'FWH.Common.Chat.ViewModels.ImagePayload.ShowBorder, FWH.Common.Chat.ViewModels.ImagePayload.showBorder' should differ by more than case (https://learn.microsoft.com/dotnet/fundamentals/code-analysis/quality-rules/ca1708) [E:\github\FunWasHad\src\FWH.Common.Chat\FWH.Common.Chat.csproj]
E:\github\FunWasHad\src\FWH.Common.Chat\ViewModels\ImagePayload.cs(13,17): warning CA1051: Do not declare visible instance fields (https://learn.microsoft.com/dotnet/fundamentals/code-analysis/quality-rules/ca1051) [E:\github\FunWasHad\src\FWH.Common.Chat\FWH.Common.Chat.csproj]
E:\github\FunWasHad\src\FWH.Common.Chat\ViewModels\ImagePayload.cs(10,20): warning CA1051: Do not declare visible instance fields (https://learn.microsoft.com/dotnet/fundamentals/code-analysis/quality-rules/ca1051) [E:\github\FunWasHad\src\FWH.Common.Chat\FWH.Common.Chat.csproj]
E:\github\FunWasHad\src\FWH.Common.Chat\ViewModels\TextPayload.cs(5,22): warning CA1708: Names of 'Members' and 'FWH.Common.Chat.ViewModels.TextPayload.Text, FWH.Common.Chat.ViewModels.TextPayload.text' should differ by more than case (https://learn.microsoft.com/dotnet/fundamentals/code-analysis/quality-rules/ca1708) [E:\github\FunWasHad\src\FWH.Common.Chat\FWH.Common.Chat.csproj]
E:\github\FunWasHad\src\FWH.Common.Chat\ViewModels\TextPayload.cs(11,19): warning CA1051: Do not declare visible instance fields (https://learn.microsoft.com/dotnet/fundamentals/code-analysis/quality-rules/ca1051) [E:\github\FunWasHad\src\FWH.Common.Chat\FWH.Common.Chat.csproj]
E:\github\FunWasHad\src\FWH.Common.Chat\ViewModels\ChatInputViewModel.cs(130,40): warning CA1003: Change the event 'TextSubmitted' to replace the type 'System.EventHandler<string>?' with a generic EventHandler, for example EventHandler<T>, where T is a valid EventArgs (https://learn.microsoft.com/dotnet/fundamentals/code-analysis/quality-rules/ca1003) [E:\github\FunWasHad\src\FWH.Common.Chat\FWH.Common.Chat.csproj]
E:\github\FunWasHad\src\FWH.Common.Chat\ViewModels\ChatInputViewModel.cs(133,40): warning CA1003: Change the event 'ImageCaptured' to replace the type 'System.EventHandler<byte[]>?' with a generic EventHandler, for example EventHandler<T>, where T is a valid EventArgs (https://learn.microsoft.com/dotnet/fundamentals/code-analysis/quality-rules/ca1003) [E:\github\FunWasHad\src\FWH.Common.Chat\FWH.Common.Chat.csproj]
E:\github\FunWasHad\src\FWH.Common.Chat\ViewModels\ChatInputViewModel.cs(131,46): warning CA1003: Change the event 'ChoiceSubmitted' to replace the type 'System.EventHandler<FWH.Common.Chat.ViewModels.ChoicesItem?>?' with a generic EventHandler, for example EventHandler<T>, where T is a valid EventArgs (https://learn.microsoft.com/dotnet/fundamentals/code-analysis/quality-rules/ca1003) [E:\github\FunWasHad\src\FWH.Common.Chat\FWH.Common.Chat.csproj]
E:\github\FunWasHad\src\FWH.Common.Chat\Services\PlatformService.cs(48,13): warning CA1031: Modify 'GetDatabasePath' to catch a more specific allowed exception type, or rethrow the exception (https://learn.microsoft.com/dotnet/fundamentals/code-analysis/quality-rules/ca1031) [E:\github\FunWasHad\src\FWH.Common.Chat\FWH.Common.Chat.csproj]
E:\github\FunWasHad\src\FWH.Common.Chat\ChatService.cs(347,9): warning CA1848: For improved performance, use the LoggerMessage delegates instead of calling 'LoggerExtensions.LogDebug(ILogger, string?, params object?[])' (https://learn.microsoft.com/dotnet/fundamentals/code-analysis/quality-rules/ca1848) [E:\github\FunWasHad\src\FWH.Common.Chat\FWH.Common.Chat.csproj]
E:\github\FunWasHad\src\FWH.Common.Chat\ChatService.cs(231,31): warning CA1861: Prefer 'static readonly' fields over constant array arguments if the called method is called repeatedly and is not mutating the passed array (https://learn.microsoft.com/dotnet/fundamentals/code-analysis/quality-rules/ca1861) [E:\github\FunWasHad\src\FWH.Common.Chat\FWH.Common.Chat.csproj]
E:\github\FunWasHad\src\FWH.Common.Chat\ChatService.cs(304,13): warning CA1848: For improved performance, use the LoggerMessage delegates instead of calling 'LoggerExtensions.LogDebug(ILogger, string?, params object?[])' (https://learn.microsoft.com/dotnet/fundamentals/code-analysis/quality-rules/ca1848) [E:\github\FunWasHad\src\FWH.Common.Chat\FWH.Common.Chat.csproj]
E:\github\FunWasHad\src\FWH.Common.Chat\ChatService.cs(310,13): warning CA1848: For improved performance, use the LoggerMessage delegates instead of calling 'LoggerExtensions.LogWarning(ILogger, string?, params object?[])' (https://learn.microsoft.com/dotnet/fundamentals/code-analysis/quality-rules/ca1848) [E:\github\FunWasHad\src\FWH.Common.Chat\FWH.Common.Chat.csproj]
E:\github\FunWasHad\src\FWH.Common.Chat\ChatService.cs(314,9): warning CA1848: For improved performance, use the LoggerMessage delegates instead of calling 'LoggerExtensions.LogDebug(ILogger, string?, params object?[])' (https://learn.microsoft.com/dotnet/fundamentals/code-analysis/quality-rules/ca1848) [E:\github\FunWasHad\src\FWH.Common.Chat\FWH.Common.Chat.csproj]
E:\github\FunWasHad\src\FWH.Common.Chat\ChatService.cs(320,13): warning CA1848: For improved performance, use the LoggerMessage delegates instead of calling 'LoggerExtensions.LogDebug(ILogger, string?, params object?[])' (https://learn.microsoft.com/dotnet/fundamentals/code-analysis/quality-rules/ca1848) [E:\github\FunWasHad\src\FWH.Common.Chat\FWH.Common.Chat.csproj]
E:\github\FunWasHad\src\FWH.Common.Chat\ChatService.cs(325,17): warning CA1848: For improved performance, use the LoggerMessage delegates instead of calling 'LoggerExtensions.LogDebug(ILogger, string?, params object?[])' (https://learn.microsoft.com/dotnet/fundamentals/code-analysis/quality-rules/ca1848) [E:\github\FunWasHad\src\FWH.Common.Chat\FWH.Common.Chat.csproj]
E:\github\FunWasHad\src\FWH.Common.Chat\ChatService.cs(335,17): warning CA1848: For improved performance, use the LoggerMessage delegates instead of calling 'LoggerExtensions.LogWarning(ILogger, string?, params object?[])' (https://learn.microsoft.com/dotnet/fundamentals/code-analysis/quality-rules/ca1848) [E:\github\FunWasHad\src\FWH.Common.Chat\FWH.Common.Chat.csproj]
E:\github\FunWasHad\src\FWH.Common.Chat\ChatService.cs(340,13): warning CA1848: For improved performance, use the LoggerMessage delegates instead of calling 'LoggerExtensions.LogError(ILogger, Exception?, string?, params object?[])' (https://learn.microsoft.com/dotnet/fundamentals/code-analysis/quality-rules/ca1848) [E:\github\FunWasHad\src\FWH.Common.Chat\FWH.Common.Chat.csproj]
E:\github\FunWasHad\src\FWH.Common.Chat\ChatService.cs(246,13): warning CA1848: For improved performance, use the LoggerMessage delegates instead of calling 'LoggerExtensions.LogDebug(ILogger, string?, params object?[])' (https://learn.microsoft.com/dotnet/fundamentals/code-analysis/quality-rules/ca1848) [E:\github\FunWasHad\src\FWH.Common.Chat\FWH.Common.Chat.csproj]
E:\github\FunWasHad\src\FWH.Common.Chat\ChatService.cs(252,13): warning CA1848: For improved performance, use the LoggerMessage delegates instead of calling 'LoggerExtensions.LogWarning(ILogger, string?, params object?[])' (https://learn.microsoft.com/dotnet/fundamentals/code-analysis/quality-rules/ca1848) [E:\github\FunWasHad\src\FWH.Common.Chat\FWH.Common.Chat.csproj]
E:\github\FunWasHad\src\FWH.Common.Chat\ChatService.cs(256,9): warning CA1848: For improved performance, use the LoggerMessage delegates instead of calling 'LoggerExtensions.LogDebug(ILogger, string?, params object?[])' (https://learn.microsoft.com/dotnet/fundamentals/code-analysis/quality-rules/ca1848) [E:\github\FunWasHad\src\FWH.Common.Chat\FWH.Common.Chat.csproj]
E:\github\FunWasHad\src\FWH.Common.Chat\ChatService.cs(271,17): warning CA1848: For improved performance, use the LoggerMessage delegates instead of calling 'LoggerExtensions.LogDebug(ILogger, string?, params object?[])' (https://learn.microsoft.com/dotnet/fundamentals/code-analysis/quality-rules/ca1848) [E:\github\FunWasHad\src\FWH.Common.Chat\FWH.Common.Chat.csproj]
E:\github\FunWasHad\src\FWH.Common.Chat\ChatService.cs(276,21): warning CA1848: For improved performance, use the LoggerMessage delegates instead of calling 'LoggerExtensions.LogDebug(ILogger, string?, params object?[])' (https://learn.microsoft.com/dotnet/fundamentals/code-analysis/quality-rules/ca1848) [E:\github\FunWasHad\src\FWH.Common.Chat\FWH.Common.Chat.csproj]
E:\github\FunWasHad\src\FWH.Common.Chat\ChatService.cs(286,21): warning CA1848: For improved performance, use the LoggerMessage delegates instead of calling 'LoggerExtensions.LogWarning(ILogger, string?, params object?[])' (https://learn.microsoft.com/dotnet/fundamentals/code-analysis/quality-rules/ca1848) [E:\github\FunWasHad\src\FWH.Common.Chat\FWH.Common.Chat.csproj]
E:\github\FunWasHad\src\FWH.Common.Chat\ChatService.cs(291,17): warning CA1848: For improved performance, use the LoggerMessage delegates instead of calling 'LoggerExtensions.LogDebug(ILogger, string?, params object?[])' (https://learn.microsoft.com/dotnet/fundamentals/code-analysis/quality-rules/ca1848) [E:\github\FunWasHad\src\FWH.Common.Chat\FWH.Common.Chat.csproj]
E:\github\FunWasHad\src\FWH.Common.Chat\ChatService.cs(296,13): warning CA1848: For improved performance, use the LoggerMessage delegates instead of calling 'LoggerExtensions.LogError(ILogger, Exception?, string?, params object?[])' (https://learn.microsoft.com/dotnet/fundamentals/code-analysis/quality-rules/ca1848) [E:\github\FunWasHad\src\FWH.Common.Chat\FWH.Common.Chat.csproj]
E:\github\FunWasHad\src\FWH.Common.Chat\ChatService.cs(71,13): warning CA1848: For improved performance, use the LoggerMessage delegates instead of calling 'LoggerExtensions.LogWarning(ILogger, string?, params object?[])' (https://learn.microsoft.com/dotnet/fundamentals/code-analysis/quality-rules/ca1848) [E:\github\FunWasHad\src\FWH.Common.Chat\FWH.Common.Chat.csproj]
E:\github\FunWasHad\src\FWH.Common.Chat\ChatService.cs(83,9): warning CA1848: For improved performance, use the LoggerMessage delegates instead of calling 'LoggerExtensions.LogDebug(ILogger, string?, params object?[])' (https://learn.microsoft.com/dotnet/fundamentals/code-analysis/quality-rules/ca1848) [E:\github\FunWasHad\src\FWH.Common.Chat\FWH.Common.Chat.csproj]
E:\github\FunWasHad\src\FWH.Common.Chat\ChatService.cs(98,13): warning CA1848: For improved performance, use the LoggerMessage delegates instead of calling 'LoggerExtensions.LogWarning(ILogger, Exception?, string?, params object?[])' (https://learn.microsoft.com/dotnet/fundamentals/code-analysis/quality-rules/ca1848) [E:\github\FunWasHad\src\FWH.Common.Chat\FWH.Common.Chat.csproj]
E:\github\FunWasHad\src\FWH.Common.Chat\ChatService.cs(107,13): warning CA1848: For improved performance, use the LoggerMessage delegates instead of calling 'LoggerExtensions.LogError(ILogger, Exception?, string?, params object?[])' (https://learn.microsoft.com/dotnet/fundamentals/code-analysis/quality-rules/ca1848) [E:\github\FunWasHad\src\FWH.Common.Chat\FWH.Common.Chat.csproj]
E:\github\FunWasHad\src\FWH.Common.Chat\ChatService.cs(113,9): warning CA1848: For improved performance, use the LoggerMessage delegates instead of calling 'LoggerExtensions.LogDebug(ILogger, string?, params object?[])' (https://learn.microsoft.com/dotnet/fundamentals/code-analysis/quality-rules/ca1848) [E:\github\FunWasHad\src\FWH.Common.Chat\FWH.Common.Chat.csproj]
E:\github\FunWasHad\src\FWH.Common.Chat\ChatService.cs(122,17): warning CA1848: For improved performance, use the LoggerMessage delegates instead of calling 'LoggerExtensions.LogDebug(ILogger, string?, params object?[])' (https://learn.microsoft.com/dotnet/fundamentals/code-analysis/quality-rules/ca1848) [E:\github\FunWasHad\src\FWH.Common.Chat\FWH.Common.Chat.csproj]
E:\github\FunWasHad\src\FWH.Common.Chat\ChatService.cs(138,25): warning CA1848: For improved performance, use the LoggerMessage delegates instead of calling 'LoggerExtensions.LogWarning(ILogger, string?, params object?[])' (https://learn.microsoft.com/dotnet/fundamentals/code-analysis/quality-rules/ca1848) [E:\github\FunWasHad\src\FWH.Common.Chat\FWH.Common.Chat.csproj]
E:\github\FunWasHad\src\FWH.Common.Chat\ChatService.cs(142,21): warning CA1848: For improved performance, use the LoggerMessage delegates instead of calling 'LoggerExtensions.LogDebug(ILogger, string?, params object?[])' (https://learn.microsoft.com/dotnet/fundamentals/code-analysis/quality-rules/ca1848) [E:\github\FunWasHad\src\FWH.Common.Chat\FWH.Common.Chat.csproj]
E:\github\FunWasHad\src\FWH.Common.Chat\ChatService.cs(151,25): warning CA1848: For improved performance, use the LoggerMessage delegates instead of calling 'LoggerExtensions.LogDebug(ILogger, string?, params object?[])' (https://learn.microsoft.com/dotnet/fundamentals/code-analysis/quality-rules/ca1848) [E:\github\FunWasHad\src\FWH.Common.Chat\FWH.Common.Chat.csproj]
E:\github\FunWasHad\src\FWH.Common.Chat\ChatService.cs(155,29): warning CA1848: For improved performance, use the LoggerMessage delegates instead of calling 'LoggerExtensions.LogDebug(ILogger, string?, params object?[])' (https://learn.microsoft.com/dotnet/fundamentals/code-analysis/quality-rules/ca1848) [E:\github\FunWasHad\src\FWH.Common.Chat\FWH.Common.Chat.csproj]
E:\github\FunWasHad\src\FWH.Common.Chat\ChatService.cs(162,21): warning CA1848: For improved performance, use the LoggerMessage delegates instead of calling 'LoggerExtensions.LogError(ILogger, Exception?, string?, params object?[])' (https://learn.microsoft.com/dotnet/fundamentals/code-analysis/quality-rules/ca1848) [E:\github\FunWasHad\src\FWH.Common.Chat\FWH.Common.Chat.csproj]
E:\github\FunWasHad\src\FWH.Common.Chat\ChatService.cs(166,21): warning CA1848: For improved performance, use the LoggerMessage delegates instead of calling 'LoggerExtensions.LogDebug(ILogger, string?, params object?[])' (https://learn.microsoft.com/dotnet/fundamentals/code-analysis/quality-rules/ca1848) [E:\github\FunWasHad\src\FWH.Common.Chat\FWH.Common.Chat.csproj]
E:\github\FunWasHad\src\FWH.Common.Chat\ChatService.cs(176,13): warning CA1848: For improved performance, use the LoggerMessage delegates instead of calling 'LoggerExtensions.LogDebug(ILogger, string?, params object?[])' (https://learn.microsoft.com/dotnet/fundamentals/code-analysis/quality-rules/ca1848) [E:\github\FunWasHad\src\FWH.Common.Chat\FWH.Common.Chat.csproj]
E:\github\FunWasHad\src\FWH.Common.Chat\ChatService.cs(182,13): warning CA1848: For improved performance, use the LoggerMessage delegates instead of calling 'LoggerExtensions.LogDebug(ILogger, string?, params object?[])' (https://learn.microsoft.com/dotnet/fundamentals/code-analysis/quality-rules/ca1848) [E:\github\FunWasHad\src\FWH.Common.Chat\FWH.Common.Chat.csproj]
E:\github\FunWasHad\src\FWH.Common.Chat\ChatService.cs(194,17): warning CA1848: For improved performance, use the LoggerMessage delegates instead of calling 'LoggerExtensions.LogDebug(ILogger, string?, params object?[])' (https://learn.microsoft.com/dotnet/fundamentals/code-analysis/quality-rules/ca1848) [E:\github\FunWasHad\src\FWH.Common.Chat\FWH.Common.Chat.csproj]
E:\github\FunWasHad\src\FWH.Common.Chat\ChatService.cs(198,17): warning CA1848: For improved performance, use the LoggerMessage delegates instead of calling 'LoggerExtensions.LogDebug(ILogger, string?, params object?[])' (https://learn.microsoft.com/dotnet/fundamentals/code-analysis/quality-rules/ca1848) [E:\github\FunWasHad\src\FWH.Common.Chat\FWH.Common.Chat.csproj]
E:\github\FunWasHad\src\FWH.Common.Chat\ChatService.cs(203,13): warning CA1848: For improved performance, use the LoggerMessage delegates instead of calling 'LoggerExtensions.LogError(ILogger, Exception?, string?, params object?[])' (https://learn.microsoft.com/dotnet/fundamentals/code-analysis/quality-rules/ca1848) [E:\github\FunWasHad\src\FWH.Common.Chat\FWH.Common.Chat.csproj]
E:\github\FunWasHad\src\FWH.Common.Chat\ChatService.cs(205,9): warning CA1848: For improved performance, use the LoggerMessage delegates instead of calling 'LoggerExtensions.LogDebug(ILogger, string?, params object?[])' (https://learn.microsoft.com/dotnet/fundamentals/code-analysis/quality-rules/ca1848) [E:\github\FunWasHad\src\FWH.Common.Chat\FWH.Common.Chat.csproj]
E:\github\FunWasHad\src\FWH.Common.Chat\ChatService.cs(338,9): warning CA1031: Modify 'OnImageCaptured' to catch a more specific allowed exception type, or rethrow the exception (https://learn.microsoft.com/dotnet/fundamentals/code-analysis/quality-rules/ca1031) [E:\github\FunWasHad\src\FWH.Common.Chat\FWH.Common.Chat.csproj]
E:\github\FunWasHad\src\FWH.Common.Chat\ChatService.cs(294,9): warning CA1031: Modify 'OnTextSubmitted' to catch a more specific allowed exception type, or rethrow the exception (https://learn.microsoft.com/dotnet/fundamentals/code-analysis/quality-rules/ca1031) [E:\github\FunWasHad\src\FWH.Common.Chat\FWH.Common.Chat.csproj]
E:\github\FunWasHad\src\FWH.Common.Chat\ChatService.cs(105,9): warning CA1031: Modify 'RenderWorkflowStateAsync' to catch a more specific allowed exception type, or rethrow the exception (https://learn.microsoft.com/dotnet/fundamentals/code-analysis/quality-rules/ca1031) [E:\github\FunWasHad\src\FWH.Common.Chat\FWH.Common.Chat.csproj]
E:\github\FunWasHad\src\FWH.Common.Chat\ChatService.cs(158,21): warning CA1031: Modify 'RenderWorkflowStateAsync' to catch a more specific allowed exception type, or rethrow the exception (https://learn.microsoft.com/dotnet/fundamentals/code-analysis/quality-rules/ca1031) [E:\github\FunWasHad\src\FWH.Common.Chat\FWH.Common.Chat.csproj]
E:\github\FunWasHad\src\FWH.Common.Chat\ChatService.cs(160,17): warning CA1031: Modify 'RenderWorkflowStateAsync' to catch a more specific allowed exception type, or rethrow the exception (https://learn.microsoft.com/dotnet/fundamentals/code-analysis/quality-rules/ca1031) [E:\github\FunWasHad\src\FWH.Common.Chat\FWH.Common.Chat.csproj]
E:\github\FunWasHad\src\FWH.Common.Chat\ChatService.cs(201,9): warning CA1031: Modify 'RenderWorkflowStateAsync' to catch a more specific allowed exception type, or rethrow the exception (https://learn.microsoft.com/dotnet/fundamentals/code-analysis/quality-rules/ca1031) [E:\github\FunWasHad\src\FWH.Common.Chat\FWH.Common.Chat.csproj]
  FWH.Common.Chat -> E:\github\FunWasHad\src\FWH.Common.Chat\bin\Debug\net9.0\FWH.Common.Chat.dll
E:\github\FunWasHad\src\FWH.Common.Location\LocationServicesException.cs(79,12): warning CS8618: Non-nullable property 'Platform' must contain a non-null value when exiting constructor. Consider adding the 'required' modifier or declaring the property as nullable. [E:\github\FunWasHad\src\FWH.Common.Location\FWH.Common.Location.csproj]
E:\github\FunWasHad\src\FWH.Common.Location\LocationServicesException.cs(79,12): warning CS8618: Non-nullable property 'Operation' must contain a non-null value when exiting constructor. Consider adding the 'required' modifier or declaring the property as nullable. [E:\github\FunWasHad\src\FWH.Common.Location\FWH.Common.Location.csproj]
E:\github\FunWasHad\src\FWH.Common.Location\LocationServicesException.cs(79,12): warning CS8618: Non-nullable property 'Diagnostics' must contain a non-null value when exiting constructor. Consider adding the 'required' modifier or declaring the property as nullable. [E:\github\FunWasHad\src\FWH.Common.Location\FWH.Common.Location.csproj]
E:\github\FunWasHad\src\FWH.Common.Location\Configuration\LocationServiceOptions.cs(42,19): warning CA1056: Change the type of property 'LocationServiceOptions.OverpassApiUrl' from 'string' to 'System.Uri' (https://learn.microsoft.com/dotnet/fundamentals/code-analysis/quality-rules/ca1056) [E:\github\FunWasHad\src\FWH.Common.Location\FWH.Common.Location.csproj]
E:\github\FunWasHad\src\FWH.Common.Location\Services\RateLimitedLocationService.cs(45,9): warning CA1848: For improved performance, use the LoggerMessage delegates instead of calling 'LoggerExtensions.LogDebug(ILogger, string?, params object?[])' (https://learn.microsoft.com/dotnet/fundamentals/code-analysis/quality-rules/ca1848) [E:\github\FunWasHad\src\FWH.Common.Location\FWH.Common.Location.csproj]
E:\github\FunWasHad\src\FWH.Common.Location\Services\RateLimitedLocationService.cs(50,9): warning CA1848: For improved performance, use the LoggerMessage delegates instead of calling 'LoggerExtensions.LogDebug(ILogger, string?, params object?[])' (https://learn.microsoft.com/dotnet/fundamentals/code-analysis/quality-rules/ca1848) [E:\github\FunWasHad\src\FWH.Common.Location\FWH.Common.Location.csproj]
E:\github\FunWasHad\src\FWH.Common.Location\Services\RateLimitedLocationService.cs(69,9): warning CA1848: For improved performance, use the LoggerMessage delegates instead of calling 'LoggerExtensions.LogDebug(ILogger, string?, params object?[])' (https://learn.microsoft.com/dotnet/fundamentals/code-analysis/quality-rules/ca1848) [E:\github\FunWasHad\src\FWH.Common.Location\FWH.Common.Location.csproj]
E:\github\FunWasHad\src\FWH.Common.Location\Services\RateLimitedLocationService.cs(74,9): warning CA1848: For improved performance, use the LoggerMessage delegates instead of calling 'LoggerExtensions.LogDebug(ILogger, string?, params object?[])' (https://learn.microsoft.com/dotnet/fundamentals/code-analysis/quality-rules/ca1848) [E:\github\FunWasHad\src\FWH.Common.Location\FWH.Common.Location.csproj]
E:\github\FunWasHad\src\FWH.Common.Location\LocationServicesException.cs(71,29): warning CA1845: Use span-based 'string.Concat' and 'AsSpan' instead of 'Substring' (https://learn.microsoft.com/dotnet/fundamentals/code-analysis/quality-rules/ca1845) [E:\github\FunWasHad\src\FWH.Common.Location\FWH.Common.Location.csproj]
E:\github\FunWasHad\src\FWH.Common.Location\LocationServicesException.cs(62,9): warning CA1305: The behavior of 'StringBuilder.AppendLine(ref StringBuilder.AppendInterpolatedStringHandler)' could vary based on the current user's locale settings. Replace this call in 'LocationServicesException.BuildMessage(string, string, string, Dictionary<string, object>)' with a call to 'StringBuilder.AppendLine(IFormatProvider, ref StringBuilder.AppendInterpolatedStringHandler)'. (https://learn.microsoft.com/dotnet/fundamentals/code-analysis/quality-rules/ca1305) [E:\github\FunWasHad\src\FWH.Common.Location\FWH.Common.Location.csproj]
E:\github\FunWasHad\src\FWH.Common.Location\LocationServicesException.cs(72,17): warning CA1305: The behavior of 'StringBuilder.AppendLine(ref StringBuilder.AppendInterpolatedStringHandler)' could vary based on the current user's locale settings. Replace this call in 'LocationServicesException.BuildMessage(string, string, string, Dictionary<string, object>)' with a call to 'StringBuilder.AppendLine(IFormatProvider, ref StringBuilder.AppendInterpolatedStringHandler)'. (https://learn.microsoft.com/dotnet/fundamentals/code-analysis/quality-rules/ca1305) [E:\github\FunWasHad\src\FWH.Common.Location\FWH.Common.Location.csproj]
E:\github\FunWasHad\src\FWH.Common.Location\Services\RateLimitedLocationService.cs(92,9): warning CA1848: For improved performance, use the LoggerMessage delegates instead of calling 'LoggerExtensions.LogDebug(ILogger, string?, params object?[])' (https://learn.microsoft.com/dotnet/fundamentals/code-analysis/quality-rules/ca1848) [E:\github\FunWasHad\src\FWH.Common.Location\FWH.Common.Location.csproj]
E:\github\FunWasHad\src\FWH.Common.Location\Services\RateLimitedLocationService.cs(97,9): warning CA1848: For improved performance, use the LoggerMessage delegates instead of calling 'LoggerExtensions.LogDebug(ILogger, string?, params object?[])' (https://learn.microsoft.com/dotnet/fundamentals/code-analysis/quality-rules/ca1848) [E:\github\FunWasHad\src\FWH.Common.Location\FWH.Common.Location.csproj]
E:\github\FunWasHad\src\FWH.Common.Location\Services\OverpassLocationService.cs(277,13): warning CA1860: Prefer comparing 'Count' to 0 rather than using 'Any()', both for clarity and for performance (https://learn.microsoft.com/dotnet/fundamentals/code-analysis/quality-rules/ca1860) [E:\github\FunWasHad\src\FWH.Common.Location\FWH.Common.Location.csproj]
E:\github\FunWasHad\src\FWH.Common.Location\Services\OverpassLocationService.cs(49,17): warning CA1848: For improved performance, use the LoggerMessage delegates instead of calling 'LoggerExtensions.LogWarning(ILogger, string?, params object?[])' (https://learn.microsoft.com/dotnet/fundamentals/code-analysis/quality-rules/ca1848) [E:\github\FunWasHad\src\FWH.Common.Location\FWH.Common.Location.csproj]
E:\github\FunWasHad\src\FWH.Common.Location\Services\OverpassLocationService.cs(55,13): warning CA1848: For improved performance, use the LoggerMessage delegates instead of calling 'LoggerExtensions.LogDebug(ILogger, string?, params object?[])' (https://learn.microsoft.com/dotnet/fundamentals/code-analysis/quality-rules/ca1848) [E:\github\FunWasHad\src\FWH.Common.Location\FWH.Common.Location.csproj]
E:\github\FunWasHad\src\FWH.Common.Location\Services\OverpassLocationService.cs(67,17): warning CA1848: For improved performance, use the LoggerMessage delegates instead of calling 'LoggerExtensions.LogWarning(ILogger, string?, params object?[])' (https://learn.microsoft.com/dotnet/fundamentals/code-analysis/quality-rules/ca1848) [E:\github\FunWasHad\src\FWH.Common.Location\FWH.Common.Location.csproj]
E:\github\FunWasHad\src\FWH.Common.Location\Services\OverpassLocationService.cs(90,13): warning CA1848: For improved performance, use the LoggerMessage delegates instead of calling 'LoggerExtensions.LogInformation(ILogger, string?, params object?[])' (https://learn.microsoft.com/dotnet/fundamentals/code-analysis/quality-rules/ca1848) [E:\github\FunWasHad\src\FWH.Common.Location\FWH.Common.Location.csproj]
E:\github\FunWasHad\src\FWH.Common.Location\Services\OverpassLocationService.cs(97,13): warning CA1848: For improved performance, use the LoggerMessage delegates instead of calling 'LoggerExtensions.LogError(ILogger, Exception?, string?, params object?[])' (https://learn.microsoft.com/dotnet/fundamentals/code-analysis/quality-rules/ca1848) [E:\github\FunWasHad\src\FWH.Common.Location\FWH.Common.Location.csproj]
E:\github\FunWasHad\src\FWH.Common.Location\Services\OverpassLocationService.cs(102,13): warning CA1848: For improved performance, use the LoggerMessage delegates instead of calling 'LoggerExtensions.LogWarning(ILogger, Exception?, string?, params object?[])' (https://learn.microsoft.com/dotnet/fundamentals/code-analysis/quality-rules/ca1848) [E:\github\FunWasHad\src\FWH.Common.Location\FWH.Common.Location.csproj]
E:\github\FunWasHad\src\FWH.Common.Location\Services\OverpassLocationService.cs(107,13): warning CA1848: For improved performance, use the LoggerMessage delegates instead of calling 'LoggerExtensions.LogInformation(ILogger, string?, params object?[])' (https://learn.microsoft.com/dotnet/fundamentals/code-analysis/quality-rules/ca1848) [E:\github\FunWasHad\src\FWH.Common.Location\FWH.Common.Location.csproj]
E:\github\FunWasHad\src\FWH.Common.Location\Services\OverpassLocationService.cs(112,13): warning CA1848: For improved performance, use the LoggerMessage delegates instead of calling 'LoggerExtensions.LogError(ILogger, Exception?, string?, params object?[])' (https://learn.microsoft.com/dotnet/fundamentals/code-analysis/quality-rules/ca1848) [E:\github\FunWasHad\src\FWH.Common.Location\FWH.Common.Location.csproj]
E:\github\FunWasHad\src\FWH.Common.Location\Services\OverpassLocationService.cs(117,13): warning CA1848: For improved performance, use the LoggerMessage delegates instead of calling 'LoggerExtensions.LogError(ILogger, Exception?, string?, params object?[])' (https://learn.microsoft.com/dotnet/fundamentals/code-analysis/quality-rules/ca1848) [E:\github\FunWasHad\src\FWH.Common.Location\FWH.Common.Location.csproj]
E:\github\FunWasHad\src\FWH.Common.Location\Services\OverpassLocationService.cs(185,46): warning CA1860: Prefer comparing 'Count' to 0 rather than using 'Any()', both for clarity and for performance (https://learn.microsoft.com/dotnet/fundamentals/code-analysis/quality-rules/ca1860) [E:\github\FunWasHad\src\FWH.Common.Location\FWH.Common.Location.csproj]
E:\github\FunWasHad\src\FWH.Common.Location\Services\OverpassLocationService.cs(286,28): warning CA1848: For improved performance, use the LoggerMessage delegates instead of calling 'LoggerExtensions.LogWarning(ILogger, string?, params object?[])' (https://learn.microsoft.com/dotnet/fundamentals/code-analysis/quality-rules/ca1848) [E:\github\FunWasHad\src\FWH.Common.Location\FWH.Common.Location.csproj]
E:\github\FunWasHad\src\FWH.Common.Location\Services\OverpassLocationService.cs(167,13): warning CA1848: For improved performance, use the LoggerMessage delegates instead of calling 'LoggerExtensions.LogDebug(ILogger, string?, params object?[])' (https://learn.microsoft.com/dotnet/fundamentals/code-analysis/quality-rules/ca1848) [E:\github\FunWasHad\src\FWH.Common.Location\FWH.Common.Location.csproj]
E:\github\FunWasHad\src\FWH.Common.Location\Services\OverpassLocationService.cs(176,17): warning CA1848: For improved performance, use the LoggerMessage delegates instead of calling 'LoggerExtensions.LogDebug(ILogger, string?, params object?[])' (https://learn.microsoft.com/dotnet/fundamentals/code-analysis/quality-rules/ca1848) [E:\github\FunWasHad\src\FWH.Common.Location\FWH.Common.Location.csproj]
E:\github\FunWasHad\src\FWH.Common.Location\Services\OverpassLocationService.cs(212,21): warning CA1848: For improved performance, use the LoggerMessage delegates instead of calling 'LoggerExtensions.LogDebug(ILogger, string?, params object?[])' (https://learn.microsoft.com/dotnet/fundamentals/code-analysis/quality-rules/ca1848) [E:\github\FunWasHad\src\FWH.Common.Location\FWH.Common.Location.csproj]
E:\github\FunWasHad\src\FWH.Common.Location\Services\OverpassLocationService.cs(221,13): warning CA1848: For improved performance, use the LoggerMessage delegates instead of calling 'LoggerExtensions.LogError(ILogger, Exception?, string?, params object?[])' (https://learn.microsoft.com/dotnet/fundamentals/code-analysis/quality-rules/ca1848) [E:\github\FunWasHad\src\FWH.Common.Location\FWH.Common.Location.csproj]
E:\github\FunWasHad\src\FWH.Common.Location\Services\OverpassLocationService.cs(226,13): warning CA1848: For improved performance, use the LoggerMessage delegates instead of calling 'LoggerExtensions.LogWarning(ILogger, Exception?, string?, params object?[])' (https://learn.microsoft.com/dotnet/fundamentals/code-analysis/quality-rules/ca1848) [E:\github\FunWasHad\src\FWH.Common.Location\FWH.Common.Location.csproj]
E:\github\FunWasHad\src\FWH.Common.Location\Services\OverpassLocationService.cs(231,13): warning CA1848: For improved performance, use the LoggerMessage delegates instead of calling 'LoggerExtensions.LogInformation(ILogger, string?, params object?[])' (https://learn.microsoft.com/dotnet/fundamentals/code-analysis/quality-rules/ca1848) [E:\github\FunWasHad\src\FWH.Common.Location\FWH.Common.Location.csproj]
E:\github\FunWasHad\src\FWH.Common.Location\Services\RateLimitedLocationService.cs(11,14): warning CA1001: Type 'RateLimitedLocationService' owns disposable field(s) '_rateLimiter' but is not disposable (https://learn.microsoft.com/dotnet/fundamentals/code-analysis/quality-rules/ca1001) [E:\github\FunWasHad\src\FWH.Common.Location\FWH.Common.Location.csproj]
E:\github\FunWasHad\src\FWH.Common.Location\Services\OverpassLocationService.cs(236,13): warning CA1848: For improved performance, use the LoggerMessage delegates instead of calling 'LoggerExtensions.LogError(ILogger, Exception?, string?, params object?[])' (https://learn.microsoft.com/dotnet/fundamentals/code-analysis/quality-rules/ca1848) [E:\github\FunWasHad\src\FWH.Common.Location\FWH.Common.Location.csproj]
E:\github\FunWasHad\src\FWH.Common.Location\Services\OverpassLocationService.cs(241,13): warning CA1848: For improved performance, use the LoggerMessage delegates instead of calling 'LoggerExtensions.LogError(ILogger, Exception?, string?, params object?[])' (https://learn.microsoft.com/dotnet/fundamentals/code-analysis/quality-rules/ca1848) [E:\github\FunWasHad\src\FWH.Common.Location\FWH.Common.Location.csproj]
E:\github\FunWasHad\src\FWH.Common.Location\Services\OverpassLocationService.cs(389,16): warning CA1860: Prefer comparing 'Count' to 0 rather than using 'Any()', both for clarity and for performance (https://learn.microsoft.com/dotnet/fundamentals/code-analysis/quality-rules/ca1860) [E:\github\FunWasHad\src\FWH.Common.Location\FWH.Common.Location.csproj]
E:\github\FunWasHad\src\FWH.Common.Location\Services\OverpassLocationService.cs(411,23): warning CA1860: Prefer comparing 'Count' to 0 rather than using 'Any()', both for clarity and for performance (https://learn.microsoft.com/dotnet/fundamentals/code-analysis/quality-rules/ca1860) [E:\github\FunWasHad\src\FWH.Common.Location\FWH.Common.Location.csproj]
E:\github\FunWasHad\src\FWH.Common.Location\Services\OverpassLocationService.cs(115,9): warning CA1031: Modify 'GetNearbyBusinessesAsync' to catch a more specific allowed exception type, or rethrow the exception (https://learn.microsoft.com/dotnet/fundamentals/code-analysis/quality-rules/ca1031) [E:\github\FunWasHad\src\FWH.Common.Location\FWH.Common.Location.csproj]
E:\github\FunWasHad\src\FWH.Common.Location\Services\OverpassLocationService.cs(239,9): warning CA1031: Modify 'GetAddressAsync' to catch a more specific allowed exception type, or rethrow the exception (https://learn.microsoft.com/dotnet/fundamentals/code-analysis/quality-rules/ca1031) [E:\github\FunWasHad\src\FWH.Common.Location\FWH.Common.Location.csproj]
E:\github\FunWasHad\src\FWH.Common.Location\Services\OverpassLocationService.cs(170,27): warning CA2000: Call System.IDisposable.Dispose on object created by 'new StringContent(query)' before all references to it are out of scope (https://learn.microsoft.com/dotnet/fundamentals/code-analysis/quality-rules/ca2000) [E:\github\FunWasHad\src\FWH.Common.Location\FWH.Common.Location.csproj]
E:\github\FunWasHad\src\FWH.Common.Location\Services\OverpassLocationService.cs(58,27): warning CA2000: Call System.IDisposable.Dispose on object created by 'new StringContent(query)' before all references to it are out of scope (https://learn.microsoft.com/dotnet/fundamentals/code-analysis/quality-rules/ca2000) [E:\github\FunWasHad\src\FWH.Common.Location\FWH.Common.Location.csproj]
E:\github\FunWasHad\src\FWH.Common.Location\Services\OverpassLocationService.cs(462,19): warning CA1812: 'OverpassLocationService.OverpassResponse' is an internal class that is apparently never instantiated. If so, remove the code from the assembly. If this class is intended to contain only static members, make it 'static' (Module in Visual Basic). (https://learn.microsoft.com/dotnet/fundamentals/code-analysis/quality-rules/ca1812) [E:\github\FunWasHad\src\FWH.Common.Location\FWH.Common.Location.csproj]
E:\github\FunWasHad\src\FWH.Common.Location\Services\OverpassLocationService.cs(468,19): warning CA1812: 'OverpassLocationService.OverpassElement' is an internal class that is apparently never instantiated. If so, remove the code from the assembly. If this class is intended to contain only static members, make it 'static' (Module in Visual Basic). (https://learn.microsoft.com/dotnet/fundamentals/code-analysis/quality-rules/ca1812) [E:\github\FunWasHad\src\FWH.Common.Location\FWH.Common.Location.csproj]
E:\github\FunWasHad\src\FWH.Common.Location\Services\OverpassLocationService.cs(489,19): warning CA1812: 'OverpassLocationService.OverpassCenter' is an internal class that is apparently never instantiated. If so, remove the code from the assembly. If this class is intended to contain only static members, make it 'static' (Module in Visual Basic). (https://learn.microsoft.com/dotnet/fundamentals/code-analysis/quality-rules/ca1812) [E:\github\FunWasHad\src\FWH.Common.Location\FWH.Common.Location.csproj]
E:\github\FunWasHad\src\FWH.Common.Location\Services\OverpassLocationService.cs(462,19): warning CA1852: Type 'OverpassResponse' can be sealed because it has no subtypes in its containing assembly and is not externally visible (https://learn.microsoft.com/dotnet/fundamentals/code-analysis/quality-rules/ca1852) [E:\github\FunWasHad\src\FWH.Common.Location\FWH.Common.Location.csproj]
E:\github\FunWasHad\src\FWH.Common.Location\Services\OverpassLocationService.cs(468,19): warning CA1852: Type 'OverpassElement' can be sealed because it has no subtypes in its containing assembly and is not externally visible (https://learn.microsoft.com/dotnet/fundamentals/code-analysis/quality-rules/ca1852) [E:\github\FunWasHad\src\FWH.Common.Location\FWH.Common.Location.csproj]
E:\github\FunWasHad\src\FWH.Common.Location\Services\OverpassLocationService.cs(489,19): warning CA1852: Type 'OverpassCenter' can be sealed because it has no subtypes in its containing assembly and is not externally visible (https://learn.microsoft.com/dotnet/fundamentals/code-analysis/quality-rules/ca1852) [E:\github\FunWasHad\src\FWH.Common.Location\FWH.Common.Location.csproj]
  FWH.Common.Location -> E:\github\FunWasHad\src\FWH.Common.Location\bin\Debug\net9.0\FWH.Common.Location.dll
E:\github\FunWasHad\tests\FWH.Common.Location.Tests\Services\OverpassLocationServiceResilienceTests.cs(104,32): warning xUnit1051: Calls to methods which accept CancellationToken should use TestContext.Current.CancellationToken to allow test cancellation to be more responsive. (https://xunit.net/xunit.analyzers/rules/xUnit1051) [E:\github\FunWasHad\tests\FWH.Common.Location.Tests\FWH.Common.Location.Tests.csproj]
E:\github\FunWasHad\tests\FWH.Common.Location.Tests\Services\OverpassLocationServiceResilienceTests.cs(179,32): warning xUnit1051: Calls to methods which accept CancellationToken should use TestContext.Current.CancellationToken to allow test cancellation to be more responsive. (https://xunit.net/xunit.analyzers/rules/xUnit1051) [E:\github\FunWasHad\tests\FWH.Common.Location.Tests\FWH.Common.Location.Tests.csproj]
E:\github\FunWasHad\tests\FWH.Common.Location.Tests\Services\OverpassLocationServiceResilienceTests.cs(235,13): warning xUnit2020: Do not use Assert.True(false, message) to fail a test. Use Assert.Fail(message) instead. (https://xunit.net/xunit.analyzers/rules/xUnit2020) [E:\github\FunWasHad\tests\FWH.Common.Location.Tests\FWH.Common.Location.Tests.csproj]
E:\github\FunWasHad\tests\FWH.Common.Location.Tests\Services\OverpassLocationServiceResilienceTests.cs(231,19): warning xUnit1051: Calls to methods which accept CancellationToken should use TestContext.Current.CancellationToken to allow test cancellation to be more responsive. (https://xunit.net/xunit.analyzers/rules/xUnit1051) [E:\github\FunWasHad\tests\FWH.Common.Location.Tests\FWH.Common.Location.Tests.csproj]
E:\github\FunWasHad\tests\FWH.Common.Location.Tests\Services\OverpassLocationServiceResilienceTests.cs(286,13): warning xUnit2020: Do not use Assert.True(false, message) to fail a test. Use Assert.Fail(message) instead. (https://xunit.net/xunit.analyzers/rules/xUnit2020) [E:\github\FunWasHad\tests\FWH.Common.Location.Tests\FWH.Common.Location.Tests.csproj]
E:\github\FunWasHad\tests\FWH.Common.Location.Tests\Services\OverpassLocationServiceResilienceTests.cs(282,19): warning xUnit1051: Calls to methods which accept CancellationToken should use TestContext.Current.CancellationToken to allow test cancellation to be more responsive. (https://xunit.net/xunit.analyzers/rules/xUnit1051) [E:\github\FunWasHad\tests\FWH.Common.Location.Tests\FWH.Common.Location.Tests.csproj]
  FWH.Common.Location.Tests -> E:\github\FunWasHad\tests\FWH.Common.Location.Tests\bin\Debug\net9.0\FWH.Common.Location.Tests.dll
E:\github\FunWasHad\tests\FWH.Common.Chat.Tests\ChatServiceErrorHandlingTests.cs(198,26): warning xUnit1051: Calls to methods which accept CancellationToken should use TestContext.Current.CancellationToken to allow test cancellation to be more responsive. (https://xunit.net/xunit.analyzers/rules/xUnit1051) [E:\github\FunWasHad\tests\FWH.Common.Chat.Tests\FWH.Common.Chat.Tests.csproj]
E:\github\FunWasHad\tests\FWH.Common.Chat.Tests\ChatService_IntegrationTests.cs(178,31): warning xUnit1051: Calls to methods which accept CancellationToken should use TestContext.Current.CancellationToken to allow test cancellation to be more responsive. (https://xunit.net/xunit.analyzers/rules/xUnit1051) [E:\github\FunWasHad\tests\FWH.Common.Chat.Tests\FWH.Common.Chat.Tests.csproj]
E:\github\FunWasHad\tests\FWH.Common.Chat.Tests\ChatService_IntegrationTests.cs(100,31): warning xUnit1051: Calls to methods which accept CancellationToken should use TestContext.Current.CancellationToken to allow test cancellation to be more responsive. (https://xunit.net/xunit.analyzers/rules/xUnit1051) [E:\github\FunWasHad\tests\FWH.Common.Chat.Tests\FWH.Common.Chat.Tests.csproj]
E:\github\FunWasHad\tests\FWH.Common.Chat.Tests\FunWasHadWorkflowIntegrationTests.cs(509,31): warning xUnit1051: Calls to methods which accept CancellationToken should use TestContext.Current.CancellationToken to allow test cancellation to be more responsive. (https://xunit.net/xunit.analyzers/rules/xUnit1051) [E:\github\FunWasHad\tests\FWH.Common.Chat.Tests\FWH.Common.Chat.Tests.csproj]
  FWH.Common.Chat.Tests -> E:\github\FunWasHad\tests\FWH.Common.Chat.Tests\bin\Debug\net9.0\FWH.Common.Chat.Tests.dll
E:\github\FunWasHad\src\FWH.Location.Api\Data\DatabaseMigrationService.cs(42,54): warning CA1847: Use 'string.Contains(char)' instead of 'string.Contains(string)' when searching for a single character (https://learn.microsoft.com/dotnet/fundamentals/code-analysis/quality-rules/ca1847) [E:\github\FunWasHad\src\FWH.Location.Api\FWH.Location.Api.csproj]
E:\github\FunWasHad\src\FWH.Location.Api\Data\DatabaseMigrationService.cs(65,17): warning CA1848: For improved performance, use the LoggerMessage delegates instead of calling 'LoggerExtensions.LogDebug(ILogger, string?, params object?[])' (https://learn.microsoft.com/dotnet/fundamentals/code-analysis/quality-rules/ca1848) [E:\github\FunWasHad\src\FWH.Location.Api\FWH.Location.Api.csproj]
E:\github\FunWasHad\src\FWH.Location.Api\Data\DatabaseMigrationService.cs(69,17): warning CA1848: For improved performance, use the LoggerMessage delegates instead of calling 'LoggerExtensions.LogError(ILogger, Exception?, string?, params object?[])' (https://learn.microsoft.com/dotnet/fundamentals/code-analysis/quality-rules/ca1848) [E:\github\FunWasHad\src\FWH.Location.Api\FWH.Location.Api.csproj]
E:\github\FunWasHad\src\FWH.Location.Api\Controllers\LocationsController.cs(125,13): warning CA1848: For improved performance, use the LoggerMessage delegates instead of calling 'LoggerExtensions.LogDebug(ILogger, string?, params object?[])' (https://learn.microsoft.com/dotnet/fundamentals/code-analysis/quality-rules/ca1848) [E:\github\FunWasHad\src\FWH.Location.Api\FWH.Location.Api.csproj]
E:\github\FunWasHad\src\FWH.Location.Api\Middleware\ApiKeyAuthenticationMiddleware.cs(50,13): warning CA1848: For improved performance, use the LoggerMessage delegates instead of calling 'LoggerExtensions.LogWarning(ILogger, string?, params object?[])' (https://learn.microsoft.com/dotnet/fundamentals/code-analysis/quality-rules/ca1848) [E:\github\FunWasHad\src\FWH.Location.Api\FWH.Location.Api.csproj]
E:\github\FunWasHad\src\FWH.Location.Api\Middleware\ApiKeyAuthenticationMiddleware.cs(62,17): warning CA1848: For improved performance, use the LoggerMessage delegates instead of calling 'LoggerExtensions.LogWarning(ILogger, string?, params object?[])' (https://learn.microsoft.com/dotnet/fundamentals/code-analysis/quality-rules/ca1848) [E:\github\FunWasHad\src\FWH.Location.Api\FWH.Location.Api.csproj]
E:\github\FunWasHad\src\FWH.Location.Api\Data\DatabaseMigrationService.cs(109,18): warning CA1860: Prefer comparing 'Count' to 0 rather than using 'Any()', both for clarity and for performance (https://learn.microsoft.com/dotnet/fundamentals/code-analysis/quality-rules/ca1860) [E:\github\FunWasHad\src\FWH.Location.Api\FWH.Location.Api.csproj]
E:\github\FunWasHad\src\FWH.Location.Api\Data\DatabaseMigrationService.cs(87,13): warning CA1848: For improved performance, use the LoggerMessage delegates instead of calling 'LoggerExtensions.LogDebug(ILogger, string?, params object?[])' (https://learn.microsoft.com/dotnet/fundamentals/code-analysis/quality-rules/ca1848) [E:\github\FunWasHad\src\FWH.Location.Api\FWH.Location.Api.csproj]
E:\github\FunWasHad\src\FWH.Location.Api\Data\DatabaseMigrationService.cs(97,13): warning CA1848: For improved performance, use the LoggerMessage delegates instead of calling 'LoggerExtensions.LogDebug(ILogger, string?, params object?[])' (https://learn.microsoft.com/dotnet/fundamentals/code-analysis/quality-rules/ca1848) [E:\github\FunWasHad\src\FWH.Location.Api\FWH.Location.Api.csproj]
E:\github\FunWasHad\src\FWH.Location.Api\Data\DatabaseMigrationService.cs(101,13): warning CA1848: For improved performance, use the LoggerMessage delegates instead of calling 'LoggerExtensions.LogDebug(ILogger, string?, params object?[])' (https://learn.microsoft.com/dotnet/fundamentals/code-analysis/quality-rules/ca1848) [E:\github\FunWasHad\src\FWH.Location.Api\FWH.Location.Api.csproj]
E:\github\FunWasHad\src\FWH.Location.Api\Data\DatabaseMigrationService.cs(111,17): warning CA1848: For improved performance, use the LoggerMessage delegates instead of calling 'LoggerExtensions.LogDebug(ILogger, string?, params object?[])' (https://learn.microsoft.com/dotnet/fundamentals/code-analysis/quality-rules/ca1848) [E:\github\FunWasHad\src\FWH.Location.Api\FWH.Location.Api.csproj]
E:\github\FunWasHad\src\FWH.Location.Api\Data\DatabaseMigrationService.cs(115,13): warning CA1848: For improved performance, use the LoggerMessage delegates instead of calling 'LoggerExtensions.LogInformation(ILogger, string?, params object?[])' (https://learn.microsoft.com/dotnet/fundamentals/code-analysis/quality-rules/ca1848) [E:\github\FunWasHad\src\FWH.Location.Api\FWH.Location.Api.csproj]
E:\github\FunWasHad\src\FWH.Location.Api\Data\DatabaseMigrationService.cs(122,13): warning CA1848: For improved performance, use the LoggerMessage delegates instead of calling 'LoggerExtensions.LogInformation(ILogger, string?, params object?[])' (https://learn.microsoft.com/dotnet/fundamentals/code-analysis/quality-rules/ca1848) [E:\github\FunWasHad\src\FWH.Location.Api\FWH.Location.Api.csproj]
E:\github\FunWasHad\src\FWH.Location.Api\Data\DatabaseMigrationService.cs(126,13): warning CA1848: For improved performance, use the LoggerMessage delegates instead of calling 'LoggerExtensions.LogError(ILogger, Exception?, string?, params object?[])' (https://learn.microsoft.com/dotnet/fundamentals/code-analysis/quality-rules/ca1848) [E:\github\FunWasHad\src\FWH.Location.Api\FWH.Location.Api.csproj]
E:\github\FunWasHad\src\FWH.Location.Api\Data\DatabaseMigrationService.cs(158,13): warning CA1848: For improved performance, use the LoggerMessage delegates instead of calling 'LoggerExtensions.LogInformation(ILogger, string?, params object?[])' (https://learn.microsoft.com/dotnet/fundamentals/code-analysis/quality-rules/ca1848) [E:\github\FunWasHad\src\FWH.Location.Api\FWH.Location.Api.csproj]
E:\github\FunWasHad\src\FWH.Location.Api\Data\DatabaseMigrationService.cs(166,13): warning CA1848: For improved performance, use the LoggerMessage delegates instead of calling 'LoggerExtensions.LogInformation(ILogger, string?, params object?[])' (https://learn.microsoft.com/dotnet/fundamentals/code-analysis/quality-rules/ca1848) [E:\github\FunWasHad\src\FWH.Location.Api\FWH.Location.Api.csproj]
E:\github\FunWasHad\src\FWH.Location.Api\Data\DatabaseMigrationService.cs(170,13): warning CA1848: For improved performance, use the LoggerMessage delegates instead of calling 'LoggerExtensions.LogInformation(ILogger, string?, params object?[])' (https://learn.microsoft.com/dotnet/fundamentals/code-analysis/quality-rules/ca1848) [E:\github\FunWasHad\src\FWH.Location.Api\FWH.Location.Api.csproj]
E:\github\FunWasHad\src\FWH.Location.Api\Controllers\LocationsController.cs(186,9): warning CA1848: For improved performance, use the LoggerMessage delegates instead of calling 'LoggerExtensions.LogInformation(ILogger, string?, params object?[])' (https://learn.microsoft.com/dotnet/fundamentals/code-analysis/quality-rules/ca1848) [E:\github\FunWasHad\src\FWH.Location.Api\FWH.Location.Api.csproj]
E:\github\FunWasHad\src\FWH.Location.Api\Data\DatabaseMigrationService.cs(193,9): warning CA1848: For improved performance, use the LoggerMessage delegates instead of calling 'LoggerExtensions.LogDebug(ILogger, string?, params object?[])' (https://learn.microsoft.com/dotnet/fundamentals/code-analysis/quality-rules/ca1848) [E:\github\FunWasHad\src\FWH.Location.Api\FWH.Location.Api.csproj]
E:\github\FunWasHad\src\FWH.Location.Api\Data\DatabaseMigrationService.cs(180,38): warning CA2007: Consider calling ConfigureAwait on the awaited task (https://learn.microsoft.com/dotnet/fundamentals/code-analysis/quality-rules/ca2007) [E:\github\FunWasHad\src\FWH.Location.Api\FWH.Location.Api.csproj]
E:\github\FunWasHad\src\FWH.Location.Api\Data\DatabaseMigrationService.cs(190,35): warning CA2007: Consider calling ConfigureAwait on the awaited task (https://learn.microsoft.com/dotnet/fundamentals/code-analysis/quality-rules/ca2007) [E:\github\FunWasHad\src\FWH.Location.Api\FWH.Location.Api.csproj]
E:\github\FunWasHad\src\FWH.Location.Api\Middleware\ApiKeyAuthenticationMiddleware.cs(91,9): warning CA1031: Modify 'VerifyRequestSignature' to catch a more specific allowed exception type, or rethrow the exception (https://learn.microsoft.com/dotnet/fundamentals/code-analysis/quality-rules/ca1031) [E:\github\FunWasHad\src\FWH.Location.Api\FWH.Location.Api.csproj]
E:\github\FunWasHad\src\FWH.Location.Api\Data\DatabaseMigrationService.cs(228,13): warning CA1848: For improved performance, use the LoggerMessage delegates instead of calling 'LoggerExtensions.LogWarning(ILogger, string?, params object?[])' (https://learn.microsoft.com/dotnet/fundamentals/code-analysis/quality-rules/ca1848) [E:\github\FunWasHad\src\FWH.Location.Api\FWH.Location.Api.csproj]
E:\github\FunWasHad\src\FWH.Location.Api\Data\DatabaseMigrationService.cs(256,9): warning CA1848: For improved performance, use the LoggerMessage delegates instead of calling 'LoggerExtensions.LogInformation(ILogger, string?, params object?[])' (https://learn.microsoft.com/dotnet/fundamentals/code-analysis/quality-rules/ca1848) [E:\github\FunWasHad\src\FWH.Location.Api\FWH.Location.Api.csproj]
E:\github\FunWasHad\src\FWH.Location.Api\Data\DatabaseMigrationService.cs(282,13): warning CA1848: For improved performance, use the LoggerMessage delegates instead of calling 'LoggerExtensions.LogInformation(ILogger, string?, params object?[])' (https://learn.microsoft.com/dotnet/fundamentals/code-analysis/quality-rules/ca1848) [E:\github\FunWasHad\src\FWH.Location.Api\FWH.Location.Api.csproj]
E:\github\FunWasHad\src\FWH.Location.Api\Data\DatabaseMigrationService.cs(286,13): warning CA1848: For improved performance, use the LoggerMessage delegates instead of calling 'LoggerExtensions.LogError(ILogger, Exception?, string?, params object?[])' (https://learn.microsoft.com/dotnet/fundamentals/code-analysis/quality-rules/ca1848) [E:\github\FunWasHad\src\FWH.Location.Api\FWH.Location.Api.csproj]
E:\github\FunWasHad\src\FWH.Location.Api\Program.cs(139,44): warning CA1845: Use span-based 'string.Concat' and 'AsSpan' instead of 'Substring' (https://learn.microsoft.com/dotnet/fundamentals/code-analysis/quality-rules/ca1845) [E:\github\FunWasHad\src\FWH.Location.Api\FWH.Location.Api.csproj]
E:\github\FunWasHad\src\FWH.Location.Api\Program.cs(161,15): warning CA1845: Use span-based 'string.Concat' and 'AsSpan' instead of 'Substring' (https://learn.microsoft.com/dotnet/fundamentals/code-analysis/quality-rules/ca1845) [E:\github\FunWasHad\src\FWH.Location.Api\FWH.Location.Api.csproj]
E:\github\FunWasHad\src\FWH.Location.Api\Data\DatabaseMigrationService.cs(259,38): warning CA2007: Consider calling ConfigureAwait on the awaited task (https://learn.microsoft.com/dotnet/fundamentals/code-analysis/quality-rules/ca2007) [E:\github\FunWasHad\src\FWH.Location.Api\FWH.Location.Api.csproj]
E:\github\FunWasHad\src\FWH.Location.Api\Data\DatabaseMigrationService.cs(263,39): warning CA2007: Consider calling ConfigureAwait on the awaited task (https://learn.microsoft.com/dotnet/fundamentals/code-analysis/quality-rules/ca2007) [E:\github\FunWasHad\src\FWH.Location.Api\FWH.Location.Api.csproj]
E:\github\FunWasHad\src\FWH.Location.Api\Data\DatabaseMigrationService.cs(268,39): warning CA2007: Consider calling ConfigureAwait on the awaited task (https://learn.microsoft.com/dotnet/fundamentals/code-analysis/quality-rules/ca2007) [E:\github\FunWasHad\src\FWH.Location.Api\FWH.Location.Api.csproj]
E:\github\FunWasHad\src\FWH.Location.Api\Data\DatabaseMigrationService.cs(272,41): warning CA2007: Consider calling ConfigureAwait on the awaited task (https://learn.microsoft.com/dotnet/fundamentals/code-analysis/quality-rules/ca2007) [E:\github\FunWasHad\src\FWH.Location.Api\FWH.Location.Api.csproj]
E:\github\FunWasHad\src\FWH.Location.Api\Data\DatabaseMigrationService.cs(268,39): warning CA2100: Review if the query string passed to 'NpgsqlCommand.NpgsqlCommand(string? cmdText, NpgsqlConnection? connection, NpgsqlTransaction? transaction)' in 'ApplyMigrationAsync', accepts any user input (https://learn.microsoft.com/dotnet/fundamentals/code-analysis/quality-rules/ca2100) [E:\github\FunWasHad\src\FWH.Location.Api\FWH.Location.Api.csproj]
E:\github\FunWasHad\src\FWH.Location.Api\Program.cs(117,9): warning CA1848: For improved performance, use the LoggerMessage delegates instead of calling 'LoggerExtensions.LogDebug(ILogger, string?, params object?[])' (https://learn.microsoft.com/dotnet/fundamentals/code-analysis/quality-rules/ca1848) [E:\github\FunWasHad\src\FWH.Location.Api\FWH.Location.Api.csproj]
E:\github\FunWasHad\src\FWH.Location.Api\Program.cs(126,13): warning CA1848: For improved performance, use the LoggerMessage delegates instead of calling 'LoggerExtensions.LogError(ILogger, string?, params object?[])' (https://learn.microsoft.com/dotnet/fundamentals/code-analysis/quality-rules/ca1848) [E:\github\FunWasHad\src\FWH.Location.Api\FWH.Location.Api.csproj]
E:\github\FunWasHad\src\FWH.Location.Api\Program.cs(132,17): warning CA1848: For improved performance, use the LoggerMessage delegates instead of calling 'LoggerExtensions.LogError(ILogger, string?, params object?[])' (https://learn.microsoft.com/dotnet/fundamentals/code-analysis/quality-rules/ca1848) [E:\github\FunWasHad\src\FWH.Location.Api\FWH.Location.Api.csproj]
E:\github\FunWasHad\src\FWH.Location.Api\Program.cs(133,17): warning CA1848: For improved performance, use the LoggerMessage delegates instead of calling 'LoggerExtensions.LogWarning(ILogger, string?, params object?[])' (https://learn.microsoft.com/dotnet/fundamentals/code-analysis/quality-rules/ca1848) [E:\github\FunWasHad\src\FWH.Location.Api\FWH.Location.Api.csproj]
E:\github\FunWasHad\src\FWH.Location.Api\Program.cs(138,17): warning CA1848: For improved performance, use the LoggerMessage delegates instead of calling 'LoggerExtensions.LogWarning(ILogger, string?, params object?[])' (https://learn.microsoft.com/dotnet/fundamentals/code-analysis/quality-rules/ca1848) [E:\github\FunWasHad\src\FWH.Location.Api\FWH.Location.Api.csproj]
E:\github\FunWasHad\src\FWH.Location.Api\Program.cs(151,13): warning CA1848: For improved performance, use the LoggerMessage delegates instead of calling 'LoggerExtensions.LogError(ILogger, string?, params object?[])' (https://learn.microsoft.com/dotnet/fundamentals/code-analysis/quality-rules/ca1848) [E:\github\FunWasHad\src\FWH.Location.Api\FWH.Location.Api.csproj]
E:\github\FunWasHad\src\FWH.Location.Api\Program.cs(165,9): warning CA1848: For improved performance, use the LoggerMessage delegates instead of calling 'LoggerExtensions.LogDebug(ILogger, string?, params object?[])' (https://learn.microsoft.com/dotnet/fundamentals/code-analysis/quality-rules/ca1848) [E:\github\FunWasHad\src\FWH.Location.Api\FWH.Location.Api.csproj]
E:\github\FunWasHad\src\FWH.Location.Api\Program.cs(173,13): warning CA1848: For improved performance, use the LoggerMessage delegates instead of calling 'LoggerExtensions.LogDebug(ILogger, string?, params object?[])' (https://learn.microsoft.com/dotnet/fundamentals/code-analysis/quality-rules/ca1848) [E:\github\FunWasHad\src\FWH.Location.Api\FWH.Location.Api.csproj]
E:\github\FunWasHad\src\FWH.Location.Api\Program.cs(182,9): warning CA1848: For improved performance, use the LoggerMessage delegates instead of calling 'LoggerExtensions.LogInformation(ILogger, string?, params object?[])' (https://learn.microsoft.com/dotnet/fundamentals/code-analysis/quality-rules/ca1848) [E:\github\FunWasHad\src\FWH.Location.Api\FWH.Location.Api.csproj]
E:\github\FunWasHad\src\FWH.Location.Api\Program.cs(186,9): warning CA1848: For improved performance, use the LoggerMessage delegates instead of calling 'LoggerExtensions.LogError(ILogger, Exception?, string?, params object?[])' (https://learn.microsoft.com/dotnet/fundamentals/code-analysis/quality-rules/ca1848) [E:\github\FunWasHad\src\FWH.Location.Api\FWH.Location.Api.csproj]
E:\github\FunWasHad\src\FWH.Location.Api\Data\DatabaseMigrationService.cs(145,38): warning CA2007: Consider calling ConfigureAwait on the awaited task (https://learn.microsoft.com/dotnet/fundamentals/code-analysis/quality-rules/ca2007) [E:\github\FunWasHad\src\FWH.Location.Api\FWH.Location.Api.csproj]
E:\github\FunWasHad\src\FWH.Location.Api\Data\DatabaseMigrationService.cs(149,36): warning CA2007: Consider calling ConfigureAwait on the awaited task (https://learn.microsoft.com/dotnet/fundamentals/code-analysis/quality-rules/ca2007) [E:\github\FunWasHad\src\FWH.Location.Api\FWH.Location.Api.csproj]
E:\github\FunWasHad\src\FWH.Location.Api\Data\DatabaseMigrationService.cs(161,41): warning CA2007: Consider calling ConfigureAwait on the awaited task (https://learn.microsoft.com/dotnet/fundamentals/code-analysis/quality-rules/ca2007) [E:\github\FunWasHad\src\FWH.Location.Api\FWH.Location.Api.csproj]
E:\github\FunWasHad\src\FWH.Location.Api\Data\DatabaseMigrationService.cs(202,38): warning CA2007: Consider calling ConfigureAwait on the awaited task (https://learn.microsoft.com/dotnet/fundamentals/code-analysis/quality-rules/ca2007) [E:\github\FunWasHad\src\FWH.Location.Api\FWH.Location.Api.csproj]
E:\github\FunWasHad\src\FWH.Location.Api\Data\DatabaseMigrationService.cs(206,35): warning CA2007: Consider calling ConfigureAwait on the awaited task (https://learn.microsoft.com/dotnet/fundamentals/code-analysis/quality-rules/ca2007) [E:\github\FunWasHad\src\FWH.Location.Api\FWH.Location.Api.csproj]
E:\github\FunWasHad\src\FWH.Location.Api\Data\DatabaseMigrationService.cs(207,34): warning CA2007: Consider calling ConfigureAwait on the awaited task (https://learn.microsoft.com/dotnet/fundamentals/code-analysis/quality-rules/ca2007) [E:\github\FunWasHad\src\FWH.Location.Api\FWH.Location.Api.csproj]
E:\github\FunWasHad\src\FWH.Location.Api\Data\DatabaseMigrationService.cs(161,41): warning CA2100: Review if the query string passed to 'NpgsqlCommand.NpgsqlCommand(string? cmdText, NpgsqlConnection? connection)' in 'EnsureDatabaseExistsAsync', accepts any user input (https://learn.microsoft.com/dotnet/fundamentals/code-analysis/quality-rules/ca2100) [E:\github\FunWasHad\src\FWH.Location.Api\FWH.Location.Api.csproj]
E:\github\FunWasHad\src\FWH.Location.Api\Program.cs(191,1): warning CA1849: 'WebApplication.Run(string?)' synchronously blocks. Await 'WebApplication.RunAsync(string?)' instead. (https://learn.microsoft.com/dotnet/fundamentals/code-analysis/quality-rules/ca1849) [E:\github\FunWasHad\src\FWH.Location.Api\FWH.Location.Api.csproj]
E:\github\FunWasHad\src\FWH.Location.Api\Models\LocationConfirmationRequest.cs(14,24): warning CA1812: 'LocationConfirmationRequest' is an internal class that is apparently never instantiated. If so, remove the code from the assembly. If this class is intended to contain only static members, make it 'static' (Module in Visual Basic). (https://learn.microsoft.com/dotnet/fundamentals/code-analysis/quality-rules/ca1812) [E:\github\FunWasHad\src\FWH.Location.Api\FWH.Location.Api.csproj]
E:\github\FunWasHad\src\FWH.Location.Api\Controllers\LocationsController.cs(20,23): warning CA1812: 'LocationsController' is an internal class that is apparently never instantiated. If so, remove the code from the assembly. If this class is intended to contain only static members, make it 'static' (Module in Visual Basic). (https://learn.microsoft.com/dotnet/fundamentals/code-analysis/quality-rules/ca1812) [E:\github\FunWasHad\src\FWH.Location.Api\FWH.Location.Api.csproj]
E:\github\FunWasHad\src\FWH.Location.Api\Data\LocationDbContext.cs(5,16): warning CA1812: 'LocationDbContext' is an internal class that is apparently never instantiated. If so, remove the code from the assembly. If this class is intended to contain only static members, make it 'static' (Module in Visual Basic). (https://learn.microsoft.com/dotnet/fundamentals/code-analysis/quality-rules/ca1812) [E:\github\FunWasHad\src\FWH.Location.Api\FWH.Location.Api.csproj]
E:\github\FunWasHad\src\FWH.Location.Api\Middleware\ApiKeyAuthenticationMiddleware.cs(10,16): warning CA1812: 'ApiKeyAuthenticationMiddleware' is an internal class that is apparently never instantiated. If so, remove the code from the assembly. If this class is intended to contain only static members, make it 'static' (Module in Visual Basic). (https://learn.microsoft.com/dotnet/fundamentals/code-analysis/quality-rules/ca1812) [E:\github\FunWasHad\src\FWH.Location.Api\FWH.Location.Api.csproj]
E:\github\FunWasHad\src\FWH.Location.Api\Data\DatabaseMigrationService.cs(292,19): warning CA1852: Type 'MigrationScript' can be sealed because it has no subtypes in its containing assembly and is not externally visible (https://learn.microsoft.com/dotnet/fundamentals/code-analysis/quality-rules/ca1852) [E:\github\FunWasHad\src\FWH.Location.Api\FWH.Location.Api.csproj]
E:\github\FunWasHad\src\FWH.Location.Api\Data\DatabaseMigrationService.cs(9,16): warning CA1852: Type 'DatabaseMigrationService' can be sealed because it has no subtypes in its containing assembly and is not externally visible (https://learn.microsoft.com/dotnet/fundamentals/code-analysis/quality-rules/ca1852) [E:\github\FunWasHad\src\FWH.Location.Api\FWH.Location.Api.csproj]
E:\github\FunWasHad\src\FWH.Location.Api\Data\LocationConfirmation.cs(5,16): warning CA1852: Type 'LocationConfirmation' can be sealed because it has no subtypes in its containing assembly and is not externally visible (https://learn.microsoft.com/dotnet/fundamentals/code-analysis/quality-rules/ca1852) [E:\github\FunWasHad\src\FWH.Location.Api\FWH.Location.Api.csproj]
E:\github\FunWasHad\src\FWH.Location.Api\Data\LocationDbContext.cs(5,16): warning CA1852: Type 'LocationDbContext' can be sealed because it has no subtypes in its containing assembly and is not externally visible (https://learn.microsoft.com/dotnet/fundamentals/code-analysis/quality-rules/ca1852) [E:\github\FunWasHad\src\FWH.Location.Api\FWH.Location.Api.csproj]
E:\github\FunWasHad\src\FWH.Location.Api\Middleware\ApiKeyAuthenticationMiddleware.cs(10,16): warning CA1852: Type 'ApiKeyAuthenticationMiddleware' can be sealed because it has no subtypes in its containing assembly and is not externally visible (https://learn.microsoft.com/dotnet/fundamentals/code-analysis/quality-rules/ca1852) [E:\github\FunWasHad\src\FWH.Location.Api\FWH.Location.Api.csproj]
  FWH.Location.Api -> E:\github\FunWasHad\src\FWH.Location.Api\bin\Debug\net9.0\FWH.Location.Api.dll
E:\github\FunWasHad\src\FWH.Mobile\FWH.Mobile\Configuration\ApiSettings.cs(39,20): warning CA1056: Change the type of property 'ApiSettings.MarketingApiBaseUrl' from 'string' to 'System.Uri' (https://learn.microsoft.com/dotnet/fundamentals/code-analysis/quality-rules/ca1056) [E:\github\FunWasHad\src\FWH.Mobile\FWH.Mobile\FWH.Mobile.csproj]
E:\github\FunWasHad\src\FWH.Mobile\FWH.Mobile\Configuration\ApiSettings.cs(33,20): warning CA1056: Change the type of property 'ApiSettings.LocationApiBaseUrl' from 'string' to 'System.Uri' (https://learn.microsoft.com/dotnet/fundamentals/code-analysis/quality-rules/ca1056) [E:\github\FunWasHad\src\FWH.Mobile\FWH.Mobile\FWH.Mobile.csproj]
E:\github\FunWasHad\src\FWH.Mobile\FWH.Mobile\Services\ILocationTrackingService.cs(98,41): warning CA1003: Change the event 'LocationUpdated' to replace the type 'System.EventHandler<FWH.Common.Location.Models.GpsCoordinates>?' with a generic EventHandler, for example EventHandler<T>, where T is a valid EventArgs (https://learn.microsoft.com/dotnet/fundamentals/code-analysis/quality-rules/ca1003) [E:\github\FunWasHad\src\FWH.Mobile\FWH.Mobile\FWH.Mobile.csproj]
E:\github\FunWasHad\src\FWH.Mobile\FWH.Mobile\Services\ILocationTrackingService.cs(103,36): warning CA1003: Change the event 'LocationUpdateFailed' to replace the type 'System.EventHandler<System.Exception>?' with a generic EventHandler, for example EventHandler<T>, where T is a valid EventArgs (https://learn.microsoft.com/dotnet/fundamentals/code-analysis/quality-rules/ca1003) [E:\github\FunWasHad\src\FWH.Mobile\FWH.Mobile\FWH.Mobile.csproj]
E:\github\FunWasHad\src\FWH.Mobile\FWH.Mobile\ViewModels\LogViewerViewModel.cs(75,23): warning CA1819: Properties should not return arrays (https://learn.microsoft.com/dotnet/fundamentals/code-analysis/quality-rules/ca1819) [E:\github\FunWasHad\src\FWH.Mobile\FWH.Mobile\FWH.Mobile.csproj]
E:\github\FunWasHad\src\FWH.Mobile\FWH.Mobile\ViewModels\LogViewerViewModel.cs(59,26): warning CA1003: Change the event 'ScrollToEndRequested' to replace the type 'System.Action?' with a generic EventHandler, for example EventHandler<T>, where T is a valid EventArgs (https://learn.microsoft.com/dotnet/fundamentals/code-analysis/quality-rules/ca1003) [E:\github\FunWasHad\src\FWH.Mobile\FWH.Mobile\FWH.Mobile.csproj]
E:\github\FunWasHad\src\FWH.Mobile\FWH.Mobile\ViewModels\PlacesViewModel.cs(499,20): warning CA1056: Change the type of property 'PlaceItem.LogoUrl' from 'string' to 'System.Uri' (https://learn.microsoft.com/dotnet/fundamentals/code-analysis/quality-rules/ca1056) [E:\github\FunWasHad\src\FWH.Mobile\FWH.Mobile\FWH.Mobile.csproj]
E:\github\FunWasHad\src\FWH.Mobile\FWH.Mobile\ViewModels\PlacesViewModel.cs(517,20): warning CA1056: Change the type of property 'PlaceItem.BackgroundImageUrl' from 'string' to 'System.Uri' (https://learn.microsoft.com/dotnet/fundamentals/code-analysis/quality-rules/ca1056) [E:\github\FunWasHad\src\FWH.Mobile\FWH.Mobile\FWH.Mobile.csproj]
E:\github\FunWasHad\src\FWH.Mobile\FWH.Mobile\ViewModels\PlacesViewModel.cs(75,21): warning CA1819: Properties should not return arrays (https://learn.microsoft.com/dotnet/fundamentals/code-analysis/quality-rules/ca1819) [E:\github\FunWasHad\src\FWH.Mobile\FWH.Mobile\FWH.Mobile.csproj]
E:\github\FunWasHad\src\FWH.Mobile\FWH.Mobile\Configuration\LocationSettings.cs(25,37): warning CA1308: In method 'get_UseMph', replace the call to 'ToLowerInvariant' with 'ToUpperInvariant' (https://learn.microsoft.com/dotnet/fundamentals/code-analysis/quality-rules/ca1308) [E:\github\FunWasHad\src\FWH.Mobile\FWH.Mobile\FWH.Mobile.csproj]
E:\github\FunWasHad\src\FWH.Mobile\FWH.Mobile\Configuration\LocationSettings.cs(30,37): warning CA1308: In method 'get_UseKmh', replace the call to 'ToLowerInvariant' with 'ToUpperInvariant' (https://learn.microsoft.com/dotnet/fundamentals/code-analysis/quality-rules/ca1308) [E:\github\FunWasHad\src\FWH.Mobile\FWH.Mobile\FWH.Mobile.csproj]
E:\github\FunWasHad\src\FWH.Mobile\FWH.Mobile\Configuration\LocationSettings.cs(30,79): warning CA1308: In method 'get_UseKmh', replace the call to 'ToLowerInvariant' with 'ToUpperInvariant' (https://learn.microsoft.com/dotnet/fundamentals/code-analysis/quality-rules/ca1308) [E:\github\FunWasHad\src\FWH.Mobile\FWH.Mobile\FWH.Mobile.csproj]
E:\github\FunWasHad\src\FWH.Mobile\FWH.Mobile\Configuration\LocationSettings.cs(37,36): warning CA1308: In method 'GetPollingInterval', replace the call to 'ToLowerInvariant' with 'ToUpperInvariant' (https://learn.microsoft.com/dotnet/fundamentals/code-analysis/quality-rules/ca1308) [E:\github\FunWasHad\src\FWH.Mobile\FWH.Mobile\FWH.Mobile.csproj]
E:\github\FunWasHad\src\FWH.Mobile\FWH.Mobile\Services\ThemeService.cs(53,17): warning CA1848: For improved performance, use the LoggerMessage delegates instead of calling 'LoggerExtensions.LogDebug(ILogger, string?, params object?[])' (https://learn.microsoft.com/dotnet/fundamentals/code-analysis/quality-rules/ca1848) [E:\github\FunWasHad\src\FWH.Mobile\FWH.Mobile\FWH.Mobile.csproj]
E:\github\FunWasHad\src\FWH.Mobile\FWH.Mobile\Services\ThemeService.cs(60,13): warning CA1848: For improved performance, use the LoggerMessage delegates instead of calling 'LoggerExtensions.LogInformation(ILogger, string?, params object?[])' (https://learn.microsoft.com/dotnet/fundamentals/code-analysis/quality-rules/ca1848) [E:\github\FunWasHad\src\FWH.Mobile\FWH.Mobile\FWH.Mobile.csproj]
E:\github\FunWasHad\src\FWH.Mobile\FWH.Mobile\Services\ThemeService.cs(67,13): warning CA1848: For improved performance, use the LoggerMessage delegates instead of calling 'LoggerExtensions.LogWarning(ILogger, Exception?, string?, params object?[])' (https://learn.microsoft.com/dotnet/fundamentals/code-analysis/quality-rules/ca1848) [E:\github\FunWasHad\src\FWH.Mobile\FWH.Mobile\FWH.Mobile.csproj]
E:\github\FunWasHad\src\FWH.Mobile\FWH.Mobile\Services\ThemeService.cs(72,13): warning CA1848: For improved performance, use the LoggerMessage delegates instead of calling 'LoggerExtensions.LogWarning(ILogger, Exception?, string?, params object?[])' (https://learn.microsoft.com/dotnet/fundamentals/code-analysis/quality-rules/ca1848) [E:\github\FunWasHad\src\FWH.Mobile\FWH.Mobile\FWH.Mobile.csproj]
E:\github\FunWasHad\src\FWH.Mobile\FWH.Mobile\Services\ThemeService.cs(77,13): warning CA1848: For improved performance, use the LoggerMessage delegates instead of calling 'LoggerExtensions.LogInformation(ILogger, string?, params object?[])' (https://learn.microsoft.com/dotnet/fundamentals/code-analysis/quality-rules/ca1848) [E:\github\FunWasHad\src\FWH.Mobile\FWH.Mobile\FWH.Mobile.csproj]
E:\github\FunWasHad\src\FWH.Mobile\FWH.Mobile\Services\ThemeService.cs(82,13): warning CA1848: For improved performance, use the LoggerMessage delegates instead of calling 'LoggerExtensions.LogError(ILogger, Exception?, string?, params object?[])' (https://learn.microsoft.com/dotnet/fundamentals/code-analysis/quality-rules/ca1848) [E:\github\FunWasHad\src\FWH.Mobile\FWH.Mobile\FWH.Mobile.csproj]
E:\github\FunWasHad\src\FWH.Mobile\FWH.Mobile\Services\ChatNotificationService.cs(34,17): warning CA1848: For improved performance, use the LoggerMessage delegates instead of calling 'LoggerExtensions.LogInformation(ILogger, string?, params object?[])' (https://learn.microsoft.com/dotnet/fundamentals/code-analysis/quality-rules/ca1848) [E:\github\FunWasHad\src\FWH.Mobile\FWH.Mobile\FWH.Mobile.csproj]
E:\github\FunWasHad\src\FWH.Mobile\FWH.Mobile\Services\ChatNotificationService.cs(24,17): warning CA1848: For improved performance, use the LoggerMessage delegates instead of calling 'LoggerExtensions.LogError(ILogger, string?, params object?[])' (https://learn.microsoft.com/dotnet/fundamentals/code-analysis/quality-rules/ca1848) [E:\github\FunWasHad\src\FWH.Mobile\FWH.Mobile\FWH.Mobile.csproj]
E:\github\FunWasHad\src\FWH.Mobile\FWH.Mobile\Services\ApiAuthenticationService.cs(84,21): warning CA1848: For improved performance, use the LoggerMessage delegates instead of calling 'LoggerExtensions.LogWarning(ILogger, Exception?, string?, params object?[])' (https://learn.microsoft.com/dotnet/fundamentals/code-analysis/quality-rules/ca1848) [E:\github\FunWasHad\src\FWH.Mobile\FWH.Mobile\FWH.Mobile.csproj]
E:\github\FunWasHad\src\FWH.Mobile\FWH.Mobile\Views\ChatInputControl.axaml.cs(41,20): warning CA1848: For improved performance, use the LoggerMessage delegates instead of calling 'LoggerExtensions.LogInformation(ILogger, string?, params object?[])' (https://learn.microsoft.com/dotnet/fundamentals/code-analysis/quality-rules/ca1848) [E:\github\FunWasHad\src\FWH.Mobile\FWH.Mobile\FWH.Mobile.csproj]
E:\github\FunWasHad\src\FWH.Mobile\FWH.Mobile\Views\ChatInputControl.axaml.cs(49,24): warning CA1848: For improved performance, use the LoggerMessage delegates instead of calling 'LoggerExtensions.LogError(ILogger, string?, params object?[])' (https://learn.microsoft.com/dotnet/fundamentals/code-analysis/quality-rules/ca1848) [E:\github\FunWasHad\src\FWH.Mobile\FWH.Mobile\FWH.Mobile.csproj]
E:\github\FunWasHad\src\FWH.Mobile\FWH.Mobile\Views\ChatInputControl.axaml.cs(55,20): warning CA1848: For improved performance, use the LoggerMessage delegates instead of calling 'LoggerExtensions.LogDebug(ILogger, string?, params object?[])' (https://learn.microsoft.com/dotnet/fundamentals/code-analysis/quality-rules/ca1848) [E:\github\FunWasHad\src\FWH.Mobile\FWH.Mobile\FWH.Mobile.csproj]
E:\github\FunWasHad\src\FWH.Mobile\FWH.Mobile\Views\ChatInputControl.axaml.cs(56,20): warning CA1848: For improved performance, use the LoggerMessage delegates instead of calling 'LoggerExtensions.LogInformation(ILogger, string?, params object?[])' (https://learn.microsoft.com/dotnet/fundamentals/code-analysis/quality-rules/ca1848) [E:\github\FunWasHad\src\FWH.Mobile\FWH.Mobile\FWH.Mobile.csproj]
E:\github\FunWasHad\src\FWH.Mobile\FWH.Mobile\Views\ChatInputControl.axaml.cs(62,20): warning CA1848: For improved performance, use the LoggerMessage delegates instead of calling 'LoggerExtensions.LogInformation(ILogger, string?, params object?[])' (https://learn.microsoft.com/dotnet/fundamentals/code-analysis/quality-rules/ca1848) [E:\github\FunWasHad\src\FWH.Mobile\FWH.Mobile\FWH.Mobile.csproj]
E:\github\FunWasHad\src\FWH.Mobile\FWH.Mobile\Views\ChatInputControl.axaml.cs(80,32): warning CA1848: For improved performance, use the LoggerMessage delegates instead of calling 'LoggerExtensions.LogDebug(ILogger, string?, params object?[])' (https://learn.microsoft.com/dotnet/fundamentals/code-analysis/quality-rules/ca1848) [E:\github\FunWasHad\src\FWH.Mobile\FWH.Mobile\FWH.Mobile.csproj]
E:\github\FunWasHad\src\FWH.Mobile\FWH.Mobile\Views\ChatInputControl.axaml.cs(84,32): warning CA1848: For improved performance, use the LoggerMessage delegates instead of calling 'LoggerExtensions.LogWarning(ILogger, Exception?, string?, params object?[])' (https://learn.microsoft.com/dotnet/fundamentals/code-analysis/quality-rules/ca1848) [E:\github\FunWasHad\src\FWH.Mobile\FWH.Mobile\FWH.Mobile.csproj]
E:\github\FunWasHad\src\FWH.Mobile\FWH.Mobile\Views\ChatInputControl.axaml.cs(101,24): warning CA1848: For improved performance, use the LoggerMessage delegates instead of calling 'LoggerExtensions.LogWarning(ILogger, string?, params object?[])' (https://learn.microsoft.com/dotnet/fundamentals/code-analysis/quality-rules/ca1848) [E:\github\FunWasHad\src\FWH.Mobile\FWH.Mobile\FWH.Mobile.csproj]
E:\github\FunWasHad\src\FWH.Mobile\FWH.Mobile\Views\ChatInputControl.axaml.cs(108,20): warning CA1848: For improved performance, use the LoggerMessage delegates instead of calling 'LoggerExtensions.LogError(ILogger, Exception?, string?, params object?[])' (https://learn.microsoft.com/dotnet/fundamentals/code-analysis/quality-rules/ca1848) [E:\github\FunWasHad\src\FWH.Mobile\FWH.Mobile\FWH.Mobile.csproj]
E:\github\FunWasHad\src\FWH.Mobile\FWH.Mobile\Views\ChatInputControl.axaml.cs(139,20): warning CA1848: For improved performance, use the LoggerMessage delegates instead of calling 'LoggerExtensions.LogError(ILogger, Exception?, string?, params object?[])' (https://learn.microsoft.com/dotnet/fundamentals/code-analysis/quality-rules/ca1848) [E:\github\FunWasHad\src\FWH.Mobile\FWH.Mobile\FWH.Mobile.csproj]
E:\github\FunWasHad\src\FWH.Mobile\FWH.Mobile\Views\ChatInputControl.axaml.cs(136,9): warning CA1031: Modify 'OnImageCaptured' to catch a more specific allowed exception type, or rethrow the exception (https://learn.microsoft.com/dotnet/fundamentals/code-analysis/quality-rules/ca1031) [E:\github\FunWasHad\src\FWH.Mobile\FWH.Mobile\FWH.Mobile.csproj]
E:\github\FunWasHad\src\FWH.Mobile\FWH.Mobile\Services\ChatNotificationService.cs(44,17): warning CA1848: For improved performance, use the LoggerMessage delegates instead of calling 'LoggerExtensions.LogInformation(ILogger, string?, params object?[])' (https://learn.microsoft.com/dotnet/fundamentals/code-analysis/quality-rules/ca1848) [E:\github\FunWasHad\src\FWH.Mobile\FWH.Mobile\FWH.Mobile.csproj]
E:\github\FunWasHad\src\FWH.Mobile\FWH.Mobile\Services\ChatNotificationService.cs(54,17): warning CA1848: For improved performance, use the LoggerMessage delegates instead of calling 'LoggerExtensions.LogWarning(ILogger, string?, params object?[])' (https://learn.microsoft.com/dotnet/fundamentals/code-analysis/quality-rules/ca1848) [E:\github\FunWasHad\src\FWH.Mobile\FWH.Mobile\FWH.Mobile.csproj]
E:\github\FunWasHad\src\FWH.Mobile\FWH.Mobile\Services\ApiAuthenticationService.cs(82,9): warning CA1031: Modify 'GenerateRequestSignature' to catch a more specific allowed exception type, or rethrow the exception (https://learn.microsoft.com/dotnet/fundamentals/code-analysis/quality-rules/ca1031) [E:\github\FunWasHad\src\FWH.Mobile\FWH.Mobile\FWH.Mobile.csproj]
E:\github\FunWasHad\src\FWH.Mobile\FWH.Mobile\Services\ThemeService.cs(80,9): warning CA1031: Modify 'ApplyBusinessThemeAsync' to catch a more specific allowed exception type, or rethrow the exception (https://learn.microsoft.com/dotnet/fundamentals/code-analysis/quality-rules/ca1031) [E:\github\FunWasHad\src\FWH.Mobile\FWH.Mobile\FWH.Mobile.csproj]
E:\github\FunWasHad\src\FWH.Mobile\FWH.Mobile\App.axaml.cs(288,24): warning CA1848: For improved performance, use the LoggerMessage delegates instead of calling 'LoggerExtensions.LogDebug(ILogger, string?, params object?[])' (https://learn.microsoft.com/dotnet/fundamentals/code-analysis/quality-rules/ca1848) [E:\github\FunWasHad\src\FWH.Mobile\FWH.Mobile\FWH.Mobile.csproj]
E:\github\FunWasHad\src\FWH.Mobile\FWH.Mobile\App.axaml.cs(295,20): warning CA1848: For improved performance, use the LoggerMessage delegates instead of calling 'LoggerExtensions.LogWarning(ILogger, Exception?, string?, params object?[])' (https://learn.microsoft.com/dotnet/fundamentals/code-analysis/quality-rules/ca1848) [E:\github\FunWasHad\src\FWH.Mobile\FWH.Mobile\FWH.Mobile.csproj]
E:\github\FunWasHad\src\FWH.Mobile\FWH.Mobile\Services\ActivityTrackingService.cs(89,9): warning CA1848: For improved performance, use the LoggerMessage delegates instead of calling 'LoggerExtensions.LogInformation(ILogger, string?, params object?[])' (https://learn.microsoft.com/dotnet/fundamentals/code-analysis/quality-rules/ca1848) [E:\github\FunWasHad\src\FWH.Mobile\FWH.Mobile\FWH.Mobile.csproj]
E:\github\FunWasHad\src\FWH.Mobile\FWH.Mobile\Views\ChatInputControl.axaml.cs(82,21): warning CA1031: Modify 'OnCameraRequested' to catch a more specific allowed exception type, or rethrow the exception (https://learn.microsoft.com/dotnet/fundamentals/code-analysis/quality-rules/ca1031) [E:\github\FunWasHad\src\FWH.Mobile\FWH.Mobile\FWH.Mobile.csproj]
E:\github\FunWasHad\src\FWH.Mobile\FWH.Mobile\Views\ChatInputControl.axaml.cs(105,9): warning CA1031: Modify 'OnCameraRequested' to catch a more specific allowed exception type, or rethrow the exception (https://learn.microsoft.com/dotnet/fundamentals/code-analysis/quality-rules/ca1031) [E:\github\FunWasHad\src\FWH.Mobile\FWH.Mobile\FWH.Mobile.csproj]
E:\github\FunWasHad\src\FWH.Mobile\FWH.Mobile\Services\ActivityTrackingService.cs(105,9): warning CA1848: For improved performance, use the LoggerMessage delegates instead of calling 'LoggerExtensions.LogInformation(ILogger, string?, params object?[])' (https://learn.microsoft.com/dotnet/fundamentals/code-analysis/quality-rules/ca1848) [E:\github\FunWasHad\src\FWH.Mobile\FWH.Mobile\FWH.Mobile.csproj]
E:\github\FunWasHad\src\FWH.Mobile\FWH.Mobile\App.axaml.cs(416,13): warning CA1848: For improved performance, use the LoggerMessage delegates instead of calling 'LoggerExtensions.LogDebug(ILogger, string?, params object?[])' (https://learn.microsoft.com/dotnet/fundamentals/code-analysis/quality-rules/ca1848) [E:\github\FunWasHad\src\FWH.Mobile\FWH.Mobile\FWH.Mobile.csproj]
E:\github\FunWasHad\src\FWH.Mobile\FWH.Mobile\App.axaml.cs(421,13): warning CA1848: For improved performance, use the LoggerMessage delegates instead of calling 'LoggerExtensions.LogInformation(ILogger, string?, params object?[])' (https://learn.microsoft.com/dotnet/fundamentals/code-analysis/quality-rules/ca1848) [E:\github\FunWasHad\src\FWH.Mobile\FWH.Mobile\FWH.Mobile.csproj]
E:\github\FunWasHad\src\FWH.Mobile\FWH.Mobile\App.axaml.cs(429,13): warning CA1848: For improved performance, use the LoggerMessage delegates instead of calling 'LoggerExtensions.LogError(ILogger, Exception?, string?, params object?[])' (https://learn.microsoft.com/dotnet/fundamentals/code-analysis/quality-rules/ca1848) [E:\github\FunWasHad\src\FWH.Mobile\FWH.Mobile\FWH.Mobile.csproj]
E:\github\FunWasHad\src\FWH.Mobile\FWH.Mobile\Services\ActivityTrackingService.cs(112,13): warning CA1848: For improved performance, use the LoggerMessage delegates instead of calling 'LoggerExtensions.LogInformation(ILogger, string?, params object?[])' (https://learn.microsoft.com/dotnet/fundamentals/code-analysis/quality-rules/ca1848) [E:\github\FunWasHad\src\FWH.Mobile\FWH.Mobile\FWH.Mobile.csproj]
E:\github\FunWasHad\src\FWH.Mobile\FWH.Mobile\Services\ActivityTrackingService.cs(158,13): warning CA1848: For improved performance, use the LoggerMessage delegates instead of calling 'LoggerExtensions.LogError(ILogger, Exception?, string?, params object?[])' (https://learn.microsoft.com/dotnet/fundamentals/code-analysis/quality-rules/ca1848) [E:\github\FunWasHad\src\FWH.Mobile\FWH.Mobile\FWH.Mobile.csproj]
E:\github\FunWasHad\src\FWH.Mobile\FWH.Mobile\App.axaml.cs(427,31): warning CA2000: Call System.IDisposable.Dispose on object created by 'ServiceProvider.CreateScope()' before all references to it are out of scope (https://learn.microsoft.com/dotnet/fundamentals/code-analysis/quality-rules/ca2000) [E:\github\FunWasHad\src\FWH.Mobile\FWH.Mobile\FWH.Mobile.csproj]
E:\github\FunWasHad\src\FWH.Mobile\FWH.Mobile\Logging\AvaloniaLoggerProvider.cs(142,39): warning CA1845: Use span-based 'string.Concat' and 'AsSpan' instead of 'Substring' (https://learn.microsoft.com/dotnet/fundamentals/code-analysis/quality-rules/ca1845) [E:\github\FunWasHad\src\FWH.Mobile\FWH.Mobile\FWH.Mobile.csproj]
E:\github\FunWasHad\src\FWH.Mobile\FWH.Mobile\Services\ActivityTrackingService.cs(176,9): warning CA1848: For improved performance, use the LoggerMessage delegates instead of calling 'LoggerExtensions.LogInformation(ILogger, string?, params object?[])' (https://learn.microsoft.com/dotnet/fundamentals/code-analysis/quality-rules/ca1848) [E:\github\FunWasHad\src\FWH.Mobile\FWH.Mobile\FWH.Mobile.csproj]
E:\github\FunWasHad\src\FWH.Mobile\FWH.Mobile\Views\PlacesView.axaml.cs(37,13): warning CA1031: Modify '.ctor' to catch a more specific allowed exception type, or rethrow the exception (https://learn.microsoft.com/dotnet/fundamentals/code-analysis/quality-rules/ca1031) [E:\github\FunWasHad\src\FWH.Mobile\FWH.Mobile\FWH.Mobile.csproj]
E:\github\FunWasHad\src\FWH.Mobile\FWH.Mobile\Services\ActivityTrackingService.cs(191,9): warning CA1848: For improved performance, use the LoggerMessage delegates instead of calling 'LoggerExtensions.LogInformation(ILogger, string?, params object?[])' (https://learn.microsoft.com/dotnet/fundamentals/code-analysis/quality-rules/ca1848) [E:\github\FunWasHad\src\FWH.Mobile\FWH.Mobile\FWH.Mobile.csproj]
E:\github\FunWasHad\src\FWH.Mobile\FWH.Mobile\Services\ThemeService.cs(114,17): warning CA1848: For improved performance, use the LoggerMessage delegates instead of calling 'LoggerExtensions.LogDebug(ILogger, string?, params object?[])' (https://learn.microsoft.com/dotnet/fundamentals/code-analysis/quality-rules/ca1848) [E:\github\FunWasHad\src\FWH.Mobile\FWH.Mobile\FWH.Mobile.csproj]
E:\github\FunWasHad\src\FWH.Mobile\FWH.Mobile\Services\ThemeService.cs(122,13): warning CA1848: For improved performance, use the LoggerMessage delegates instead of calling 'LoggerExtensions.LogInformation(ILogger, string?, params object?[])' (https://learn.microsoft.com/dotnet/fundamentals/code-analysis/quality-rules/ca1848) [E:\github\FunWasHad\src\FWH.Mobile\FWH.Mobile\FWH.Mobile.csproj]
E:\github\FunWasHad\src\FWH.Mobile\FWH.Mobile\Services\ThemeService.cs(129,13): warning CA1848: For improved performance, use the LoggerMessage delegates instead of calling 'LoggerExtensions.LogWarning(ILogger, Exception?, string?, params object?[])' (https://learn.microsoft.com/dotnet/fundamentals/code-analysis/quality-rules/ca1848) [E:\github\FunWasHad\src\FWH.Mobile\FWH.Mobile\FWH.Mobile.csproj]
E:\github\FunWasHad\src\FWH.Mobile\FWH.Mobile\Services\ThemeService.cs(134,13): warning CA1848: For improved performance, use the LoggerMessage delegates instead of calling 'LoggerExtensions.LogWarning(ILogger, Exception?, string?, params object?[])' (https://learn.microsoft.com/dotnet/fundamentals/code-analysis/quality-rules/ca1848) [E:\github\FunWasHad\src\FWH.Mobile\FWH.Mobile\FWH.Mobile.csproj]
E:\github\FunWasHad\src\FWH.Mobile\FWH.Mobile\Services\ThemeService.cs(139,13): warning CA1848: For improved performance, use the LoggerMessage delegates instead of calling 'LoggerExtensions.LogInformation(ILogger, string?, params object?[])' (https://learn.microsoft.com/dotnet/fundamentals/code-analysis/quality-rules/ca1848) [E:\github\FunWasHad\src\FWH.Mobile\FWH.Mobile\FWH.Mobile.csproj]
E:\github\FunWasHad\src\FWH.Mobile\FWH.Mobile\Services\ThemeService.cs(144,13): warning CA1848: For improved performance, use the LoggerMessage delegates instead of calling 'LoggerExtensions.LogError(ILogger, Exception?, string?, params object?[])' (https://learn.microsoft.com/dotnet/fundamentals/code-analysis/quality-rules/ca1848) [E:\github\FunWasHad\src\FWH.Mobile\FWH.Mobile\FWH.Mobile.csproj]
E:\github\FunWasHad\src\FWH.Mobile\FWH.Mobile\Services\ThemeService.cs(168,9): warning CA1848: For improved performance, use the LoggerMessage delegates instead of calling 'LoggerExtensions.LogInformation(ILogger, string?, params object?[])' (https://learn.microsoft.com/dotnet/fundamentals/code-analysis/quality-rules/ca1848) [E:\github\FunWasHad\src\FWH.Mobile\FWH.Mobile\FWH.Mobile.csproj]
E:\github\FunWasHad\src\FWH.Mobile\FWH.Mobile\Services\IImageService.cs(19,17): warning CA1054: Change the type of parameter 'sourceUrl' of method 'IImageService.StoreImageAsync(byte[], string, [string], [string], [long?], [string], [string])' from 'string' to 'System.Uri', or provide an overload to 'IImageService.StoreImageAsync(byte[], string, [string], [string], [long?], [string], [string])' that allows 'sourceUrl' to be passed as a 'System.Uri' object (https://learn.microsoft.com/dotnet/fundamentals/code-analysis/quality-rules/ca1054) [E:\github\FunWasHad\src\FWH.Mobile\FWH.Mobile\FWH.Mobile.csproj]
E:\github\FunWasHad\src\FWH.Mobile\FWH.Mobile\Services\IImageService.cs(38,43): warning CA1054: Change the type of parameter 'sourceUrl' of method 'IImageService.GetImageUriAsync(string, string, [string], [long?])' from 'string' to 'System.Uri', or provide an overload to 'IImageService.GetImageUriAsync(string, string, [string], [long?])' that allows 'sourceUrl' to be passed as a 'System.Uri' object (https://learn.microsoft.com/dotnet/fundamentals/code-analysis/quality-rules/ca1054) [E:\github\FunWasHad\src\FWH.Mobile\FWH.Mobile\FWH.Mobile.csproj]
E:\github\FunWasHad\src\FWH.Mobile\FWH.Mobile\Services\IImageService.cs(11,40): warning CA1054: Change the type of parameter 'sourceUrl' of method 'IImageService.GetImageAsync(string, string, [string], [long?])' from 'string' to 'System.Uri', or provide an overload to 'IImageService.GetImageAsync(string, string, [string], [long?])' that allows 'sourceUrl' to be passed as a 'System.Uri' object (https://learn.microsoft.com/dotnet/fundamentals/code-analysis/quality-rules/ca1054) [E:\github\FunWasHad\src\FWH.Mobile\FWH.Mobile\FWH.Mobile.csproj]
E:\github\FunWasHad\src\FWH.Mobile\FWH.Mobile\Services\ActivityTrackingService.cs(206,9): warning CA1848: For improved performance, use the LoggerMessage delegates instead of calling 'LoggerExtensions.LogInformation(ILogger, string?, params object?[])' (https://learn.microsoft.com/dotnet/fundamentals/code-analysis/quality-rules/ca1848) [E:\github\FunWasHad\src\FWH.Mobile\FWH.Mobile\FWH.Mobile.csproj]
E:\github\FunWasHad\src\FWH.Mobile\FWH.Mobile\Services\ActivityTrackingService.cs(217,9): warning CA1848: For improved performance, use the LoggerMessage delegates instead of calling 'LoggerExtensions.LogInformation(ILogger, string?, params object?[])' (https://learn.microsoft.com/dotnet/fundamentals/code-analysis/quality-rules/ca1848) [E:\github\FunWasHad\src\FWH.Mobile\FWH.Mobile\FWH.Mobile.csproj]
E:\github\FunWasHad\src\FWH.Mobile\FWH.Mobile\App.axaml.cs(344,9): warning CA1031: Modify 'TryRegisterPlatformCameraServices' to catch a more specific allowed exception type, or rethrow the exception (https://learn.microsoft.com/dotnet/fundamentals/code-analysis/quality-rules/ca1031) [E:\github\FunWasHad\src\FWH.Mobile\FWH.Mobile\FWH.Mobile.csproj]
E:\github\FunWasHad\src\FWH.Mobile\FWH.Mobile\App.axaml.cs(368,9): warning CA1031: Modify 'TryRegisterPlatformCameraServices' to catch a more specific allowed exception type, or rethrow the exception (https://learn.microsoft.com/dotnet/fundamentals/code-analysis/quality-rules/ca1031) [E:\github\FunWasHad\src\FWH.Mobile\FWH.Mobile\FWH.Mobile.csproj]
E:\github\FunWasHad\src\FWH.Mobile\FWH.Mobile\App.axaml.cs(388,9): warning CA1031: Modify 'TryRegisterPlatformCameraServices' to catch a more specific allowed exception type, or rethrow the exception (https://learn.microsoft.com/dotnet/fundamentals/code-analysis/quality-rules/ca1031) [E:\github\FunWasHad\src\FWH.Mobile\FWH.Mobile\FWH.Mobile.csproj]
E:\github\FunWasHad\src\FWH.Mobile\FWH.Mobile\Services\ThemeService.cs(142,9): warning CA1031: Modify 'ApplyCityThemeAsync' to catch a more specific allowed exception type, or rethrow the exception (https://learn.microsoft.com/dotnet/fundamentals/code-analysis/quality-rules/ca1031) [E:\github\FunWasHad\src\FWH.Mobile\FWH.Mobile\FWH.Mobile.csproj]
E:\github\FunWasHad\src\FWH.Mobile\FWH.Mobile\App.axaml.cs(292,9): warning CA1031: Modify 'LoadAndroidAsset' to catch a more specific allowed exception type, or rethrow the exception (https://learn.microsoft.com/dotnet/fundamentals/code-analysis/quality-rules/ca1031) [E:\github\FunWasHad\src\FWH.Mobile\FWH.Mobile\FWH.Mobile.csproj]
E:\github\FunWasHad\src\FWH.Mobile\FWH.Mobile\Services\ActivityTrackingService.cs(156,9): warning CA1031: Modify 'OnMovementStateChanged' to catch a more specific allowed exception type, or rethrow the exception (https://learn.microsoft.com/dotnet/fundamentals/code-analysis/quality-rules/ca1031) [E:\github\FunWasHad\src\FWH.Mobile\FWH.Mobile\FWH.Mobile.csproj]
E:\github\FunWasHad\src\FWH.Mobile\FWH.Mobile\Services\ThemeService.cs(180,13): warning CA1848: For improved performance, use the LoggerMessage delegates instead of calling 'LoggerExtensions.LogWarning(ILogger, string?, params object?[])' (https://learn.microsoft.com/dotnet/fundamentals/code-analysis/quality-rules/ca1848) [E:\github\FunWasHad\src\FWH.Mobile\FWH.Mobile\FWH.Mobile.csproj]
E:\github\FunWasHad\src\FWH.Mobile\FWH.Mobile\Views\MovementStateControl.axaml.cs(58,36): warning CA2000: Call System.IDisposable.Dispose on object created by 'OpenStreetMap.CreateTileLayer()' before all references to it are out of scope (https://learn.microsoft.com/dotnet/fundamentals/code-analysis/quality-rules/ca2000) [E:\github\FunWasHad\src\FWH.Mobile\FWH.Mobile\FWH.Mobile.csproj]
E:\github\FunWasHad\src\FWH.Mobile\FWH.Mobile\ViewModels\ChatConverters.cs(70,9): warning CA1031: Modify 'Convert' to catch a more specific allowed exception type, or rethrow the exception (https://learn.microsoft.com/dotnet/fundamentals/code-analysis/quality-rules/ca1031) [E:\github\FunWasHad\src\FWH.Mobile\FWH.Mobile\FWH.Mobile.csproj]
E:\github\FunWasHad\src\FWH.Mobile\FWH.Mobile\ViewModels\CameraCaptureViewModel.cs(59,25): warning CA1848: For improved performance, use the LoggerMessage delegates instead of calling 'LoggerExtensions.LogWarning(ILogger, Exception?, string?, params object?[])' (https://learn.microsoft.com/dotnet/fundamentals/code-analysis/quality-rules/ca1848) [E:\github\FunWasHad\src\FWH.Mobile\FWH.Mobile\FWH.Mobile.csproj]
E:\github\FunWasHad\src\FWH.Mobile\FWH.Mobile\ViewModels\CameraCaptureViewModel.cs(88,21): warning CA1848: For improved performance, use the LoggerMessage delegates instead of calling 'LoggerExtensions.LogError(ILogger, Exception?, string?, params object?[])' (https://learn.microsoft.com/dotnet/fundamentals/code-analysis/quality-rules/ca1848) [E:\github\FunWasHad\src\FWH.Mobile\FWH.Mobile\FWH.Mobile.csproj]
E:\github\FunWasHad\src\FWH.Mobile\FWH.Mobile\Services\LocationApiClient.cs(81,13): warning CA1848: For improved performance, use the LoggerMessage delegates instead of calling 'LoggerExtensions.LogError(ILogger, Exception?, string?, params object?[])' (https://learn.microsoft.com/dotnet/fundamentals/code-analysis/quality-rules/ca1848) [E:\github\FunWasHad\src\FWH.Mobile\FWH.Mobile\FWH.Mobile.csproj]
E:\github\FunWasHad\src\FWH.Mobile\FWH.Mobile\Views\MapView.axaml.cs(69,36): warning CA2000: Call System.IDisposable.Dispose on object created by 'OpenStreetMap.CreateTileLayer()' before all references to it are out of scope (https://learn.microsoft.com/dotnet/fundamentals/code-analysis/quality-rules/ca2000) [E:\github\FunWasHad\src\FWH.Mobile\FWH.Mobile\FWH.Mobile.csproj]
E:\github\FunWasHad\src\FWH.Mobile\FWH.Mobile\Services\ImageService.cs(44,17): warning CA1848: For improved performance, use the LoggerMessage delegates instead of calling 'LoggerExtensions.LogDebug(ILogger, string?, params object?[])' (https://learn.microsoft.com/dotnet/fundamentals/code-analysis/quality-rules/ca1848) [E:\github\FunWasHad\src\FWH.Mobile\FWH.Mobile\FWH.Mobile.csproj]
E:\github\FunWasHad\src\FWH.Mobile\FWH.Mobile\Services\ImageService.cs(51,17): warning CA1848: For improved performance, use the LoggerMessage delegates instead of calling 'LoggerExtensions.LogWarning(ILogger, string?, params object?[])' (https://learn.microsoft.com/dotnet/fundamentals/code-analysis/quality-rules/ca1848) [E:\github\FunWasHad\src\FWH.Mobile\FWH.Mobile\FWH.Mobile.csproj]
E:\github\FunWasHad\src\FWH.Mobile\FWH.Mobile\Services\ImageService.cs(61,17): warning CA1848: For improved performance, use the LoggerMessage delegates instead of calling 'LoggerExtensions.LogWarning(ILogger, string?, params object?[])' (https://learn.microsoft.com/dotnet/fundamentals/code-analysis/quality-rules/ca1848) [E:\github\FunWasHad\src\FWH.Mobile\FWH.Mobile\FWH.Mobile.csproj]
E:\github\FunWasHad\src\FWH.Mobile\FWH.Mobile\Services\ImageService.cs(77,13): warning CA1848: For improved performance, use the LoggerMessage delegates instead of calling 'LoggerExtensions.LogInformation(ILogger, string?, params object?[])' (https://learn.microsoft.com/dotnet/fundamentals/code-analysis/quality-rules/ca1848) [E:\github\FunWasHad\src\FWH.Mobile\FWH.Mobile\FWH.Mobile.csproj]
E:\github\FunWasHad\src\FWH.Mobile\FWH.Mobile\Services\ImageService.cs(84,13): warning CA1848: For improved performance, use the LoggerMessage delegates instead of calling 'LoggerExtensions.LogError(ILogger, Exception?, string?, params object?[])' (https://learn.microsoft.com/dotnet/fundamentals/code-analysis/quality-rules/ca1848) [E:\github\FunWasHad\src\FWH.Mobile\FWH.Mobile\FWH.Mobile.csproj]
E:\github\FunWasHad\src\FWH.Mobile\FWH.Mobile\App.axaml.cs(485,28): warning CA1848: For improved performance, use the LoggerMessage delegates instead of calling 'LoggerExtensions.LogWarning(ILogger, string?, params object?[])' (https://learn.microsoft.com/dotnet/fundamentals/code-analysis/quality-rules/ca1848) [E:\github\FunWasHad\src\FWH.Mobile\FWH.Mobile\FWH.Mobile.csproj]
E:\github\FunWasHad\src\FWH.Mobile\FWH.Mobile\App.axaml.cs(490,28): warning CA1848: For improved performance, use the LoggerMessage delegates instead of calling 'LoggerExtensions.LogError(ILogger, Exception?, string?, params object?[])' (https://learn.microsoft.com/dotnet/fundamentals/code-analysis/quality-rules/ca1848) [E:\github\FunWasHad\src\FWH.Mobile\FWH.Mobile\FWH.Mobile.csproj]
E:\github\FunWasHad\src\FWH.Mobile\FWH.Mobile\App.axaml.cs(524,28): warning CA1848: For improved performance, use the LoggerMessage delegates instead of calling 'LoggerExtensions.LogWarning(ILogger, string?, params object?[])' (https://learn.microsoft.com/dotnet/fundamentals/code-analysis/quality-rules/ca1848) [E:\github\FunWasHad\src\FWH.Mobile\FWH.Mobile\FWH.Mobile.csproj]
E:\github\FunWasHad\src\FWH.Mobile\FWH.Mobile\App.axaml.cs(529,28): warning CA1848: For improved performance, use the LoggerMessage delegates instead of calling 'LoggerExtensions.LogError(ILogger, Exception?, string?, params object?[])' (https://learn.microsoft.com/dotnet/fundamentals/code-analysis/quality-rules/ca1848) [E:\github\FunWasHad\src\FWH.Mobile\FWH.Mobile\FWH.Mobile.csproj]
E:\github\FunWasHad\src\FWH.Mobile\FWH.Mobile\Services\ActivityTrackingService.cs(234,9): warning CA1848: For improved performance, use the LoggerMessage delegates instead of calling 'LoggerExtensions.LogInformation(ILogger, string?, params object?[])' (https://learn.microsoft.com/dotnet/fundamentals/code-analysis/quality-rules/ca1848) [E:\github\FunWasHad\src\FWH.Mobile\FWH.Mobile\FWH.Mobile.csproj]
E:\github\FunWasHad\src\FWH.Mobile\FWH.Mobile\Services\ImageService.cs(82,9): warning CA1031: Modify 'GetImageAsync' to catch a more specific allowed exception type, or rethrow the exception (https://learn.microsoft.com/dotnet/fundamentals/code-analysis/quality-rules/ca1031) [E:\github\FunWasHad\src\FWH.Mobile\FWH.Mobile\FWH.Mobile.csproj]
E:\github\FunWasHad\src\FWH.Mobile\FWH.Mobile\Services\ThemeService.cs(244,9): warning CA1031: Modify 'TryParseColor' to catch a more specific allowed exception type, or rethrow the exception (https://learn.microsoft.com/dotnet/fundamentals/code-analysis/quality-rules/ca1031) [E:\github\FunWasHad\src\FWH.Mobile\FWH.Mobile\FWH.Mobile.csproj]
E:\github\FunWasHad\src\FWH.Mobile\FWH.Mobile\Services\LocationTrackingService.cs(81,13): warning CA1848: For improved performance, use the LoggerMessage delegates instead of calling 'LoggerExtensions.LogWarning(ILogger, string?, params object?[])' (https://learn.microsoft.com/dotnet/fundamentals/code-analysis/quality-rules/ca1848) [E:\github\FunWasHad\src\FWH.Mobile\FWH.Mobile\FWH.Mobile.csproj]
E:\github\FunWasHad\src\FWH.Mobile\FWH.Mobile\App.axaml.cs(598,9): warning CA1031: Modify 'InitializeWorkflowAsync' to catch a more specific allowed exception type, or rethrow the exception (https://learn.microsoft.com/dotnet/fundamentals/code-analysis/quality-rules/ca1031) [E:\github\FunWasHad\src\FWH.Mobile\FWH.Mobile\FWH.Mobile.csproj]
E:\github\FunWasHad\src\FWH.Mobile\FWH.Mobile\ViewModels\MainViewModel.cs(22,17): warning CA1822: Member 'ShowLogViewAlways' does not access instance data and can be marked as static (https://learn.microsoft.com/dotnet/fundamentals/code-analysis/quality-rules/ca1822) [E:\github\FunWasHad\src\FWH.Mobile\FWH.Mobile\FWH.Mobile.csproj]
E:\github\FunWasHad\src\FWH.Mobile\FWH.Mobile\ViewModels\PlacesViewModel.cs(145,13): warning CA1848: For improved performance, use the LoggerMessage delegates instead of calling 'LoggerExtensions.LogInformation(ILogger, string?, params object?[])' (https://learn.microsoft.com/dotnet/fundamentals/code-analysis/quality-rules/ca1848) [E:\github\FunWasHad\src\FWH.Mobile\FWH.Mobile\FWH.Mobile.csproj]
E:\github\FunWasHad\src\FWH.Mobile\FWH.Mobile\ViewModels\PlacesViewModel.cs(150,17): warning CA1848: For improved performance, use the LoggerMessage delegates instead of calling 'LoggerExtensions.LogDebug(ILogger, string?, params object?[])' (https://learn.microsoft.com/dotnet/fundamentals/code-analysis/quality-rules/ca1848) [E:\github\FunWasHad\src\FWH.Mobile\FWH.Mobile\FWH.Mobile.csproj]
E:\github\FunWasHad\src\FWH.Mobile\FWH.Mobile\ViewModels\PlacesViewModel.cs(163,13): warning CA1848: For improved performance, use the LoggerMessage delegates instead of calling 'LoggerExtensions.LogError(ILogger, Exception?, string?, params object?[])' (https://learn.microsoft.com/dotnet/fundamentals/code-analysis/quality-rules/ca1848) [E:\github\FunWasHad\src\FWH.Mobile\FWH.Mobile\FWH.Mobile.csproj]
E:\github\FunWasHad\src\FWH.Mobile\FWH.Mobile\ViewModels\PlacesViewModel.cs(167,13): warning CA1848: For improved performance, use the LoggerMessage delegates instead of calling 'LoggerExtensions.LogInformation(ILogger, string?, params object?[])' (https://learn.microsoft.com/dotnet/fundamentals/code-analysis/quality-rules/ca1848) [E:\github\FunWasHad\src\FWH.Mobile\FWH.Mobile\FWH.Mobile.csproj]
E:\github\FunWasHad\src\FWH.Mobile\FWH.Mobile\ViewModels\PlacesViewModel.cs(171,13): warning CA1848: For improved performance, use the LoggerMessage delegates instead of calling 'LoggerExtensions.LogError(ILogger, Exception?, string?, params object?[])' (https://learn.microsoft.com/dotnet/fundamentals/code-analysis/quality-rules/ca1848) [E:\github\FunWasHad\src\FWH.Mobile\FWH.Mobile\FWH.Mobile.csproj]
E:\github\FunWasHad\src\FWH.Mobile\FWH.Mobile\App.axaml.cs(487,17): warning CA1031: Modify 'OnFrameworkInitializationCompleted' to catch a more specific allowed exception type, or rethrow the exception (https://learn.microsoft.com/dotnet/fundamentals/code-analysis/quality-rules/ca1031) [E:\github\FunWasHad\src\FWH.Mobile\FWH.Mobile\FWH.Mobile.csproj]
E:\github\FunWasHad\src\FWH.Mobile\FWH.Mobile\App.axaml.cs(526,17): warning CA1031: Modify 'OnFrameworkInitializationCompleted' to catch a more specific allowed exception type, or rethrow the exception (https://learn.microsoft.com/dotnet/fundamentals/code-analysis/quality-rules/ca1031) [E:\github\FunWasHad\src\FWH.Mobile\FWH.Mobile\FWH.Mobile.csproj]
E:\github\FunWasHad\src\FWH.Mobile\FWH.Mobile\Services\MovementStateLogger.cs(30,9): warning CA1848: For improved performance, use the LoggerMessage delegates instead of calling 'LoggerExtensions.LogDebug(ILogger, string?, params object?[])' (https://learn.microsoft.com/dotnet/fundamentals/code-analysis/quality-rules/ca1848) [E:\github\FunWasHad\src\FWH.Mobile\FWH.Mobile\FWH.Mobile.csproj]
E:\github\FunWasHad\src\FWH.Mobile\FWH.Mobile\ViewModels\CameraCaptureViewModel.cs(57,13): warning CA1031: Modify 'CapturePhotoAsync' to catch a more specific allowed exception type, or rethrow the exception (https://learn.microsoft.com/dotnet/fundamentals/code-analysis/quality-rules/ca1031) [E:\github\FunWasHad\src\FWH.Mobile\FWH.Mobile\FWH.Mobile.csproj]
E:\github\FunWasHad\src\FWH.Mobile\FWH.Mobile\ViewModels\CameraCaptureViewModel.cs(85,9): warning CA1031: Modify 'CapturePhotoAsync' to catch a more specific allowed exception type, or rethrow the exception (https://learn.microsoft.com/dotnet/fundamentals/code-analysis/quality-rules/ca1031) [E:\github\FunWasHad\src\FWH.Mobile\FWH.Mobile\FWH.Mobile.csproj]
E:\github\FunWasHad\src\FWH.Mobile\FWH.Mobile\Services\MovementStateLogger.cs(42,9): warning CA1848: For improved performance, use the LoggerMessage delegates instead of calling 'LoggerExtensions.LogDebug(ILogger, string?, params object?[])' (https://learn.microsoft.com/dotnet/fundamentals/code-analysis/quality-rules/ca1848) [E:\github\FunWasHad\src\FWH.Mobile\FWH.Mobile\FWH.Mobile.csproj]
E:\github\FunWasHad\src\FWH.Mobile\FWH.Mobile\ViewModels\MovementStateViewModel.cs(84,9): warning CA1848: For improved performance, use the LoggerMessage delegates instead of calling 'LoggerExtensions.LogDebug(ILogger, string?, params object?[])' (https://learn.microsoft.com/dotnet/fundamentals/code-analysis/quality-rules/ca1848) [E:\github\FunWasHad\src\FWH.Mobile\FWH.Mobile\FWH.Mobile.csproj]
E:\github\FunWasHad\src\FWH.Mobile\FWH.Mobile\ViewModels\MovementStateViewModel.cs(91,9): warning CA1848: For improved performance, use the LoggerMessage delegates instead of calling 'LoggerExtensions.LogDebug(ILogger, string?, params object?[])' (https://learn.microsoft.com/dotnet/fundamentals/code-analysis/quality-rules/ca1848) [E:\github\FunWasHad\src\FWH.Mobile\FWH.Mobile\FWH.Mobile.csproj]
E:\github\FunWasHad\src\FWH.Mobile\FWH.Mobile\App.axaml.cs(637,24): warning CA1848: For improved performance, use the LoggerMessage delegates instead of calling 'LoggerExtensions.LogWarning(ILogger, Exception?, string?, params object?[])' (https://learn.microsoft.com/dotnet/fundamentals/code-analysis/quality-rules/ca1848) [E:\github\FunWasHad\src\FWH.Mobile\FWH.Mobile\FWH.Mobile.csproj]
E:\github\FunWasHad\src\FWH.Mobile\FWH.Mobile\App.axaml.cs(662,20): warning CA1848: For improved performance, use the LoggerMessage delegates instead of calling 'LoggerExtensions.LogWarning(ILogger, Exception?, string?, params object?[])' (https://learn.microsoft.com/dotnet/fundamentals/code-analysis/quality-rules/ca1848) [E:\github\FunWasHad\src\FWH.Mobile\FWH.Mobile\FWH.Mobile.csproj]
E:\github\FunWasHad\src\FWH.Mobile\FWH.Mobile\Services\LocationWorkflowService.cs(44,13): warning CA1848: For improved performance, use the LoggerMessage delegates instead of calling 'LoggerExtensions.LogInformation(ILogger, string?, params object?[])' (https://learn.microsoft.com/dotnet/fundamentals/code-analysis/quality-rules/ca1848) [E:\github\FunWasHad\src\FWH.Mobile\FWH.Mobile\FWH.Mobile.csproj]
E:\github\FunWasHad\src\FWH.Mobile\FWH.Mobile\Services\LocationWorkflowService.cs(60,17): warning CA1848: For improved performance, use the LoggerMessage delegates instead of calling 'LoggerExtensions.LogInformation(ILogger, string?, params object?[])' (https://learn.microsoft.com/dotnet/fundamentals/code-analysis/quality-rules/ca1848) [E:\github\FunWasHad\src\FWH.Mobile\FWH.Mobile\FWH.Mobile.csproj]
E:\github\FunWasHad\src\FWH.Mobile\FWH.Mobile\Services\LocationWorkflowService.cs(71,17): warning CA1848: For improved performance, use the LoggerMessage delegates instead of calling 'LoggerExtensions.LogInformation(ILogger, string?, params object?[])' (https://learn.microsoft.com/dotnet/fundamentals/code-analysis/quality-rules/ca1848) [E:\github\FunWasHad\src\FWH.Mobile\FWH.Mobile\FWH.Mobile.csproj]
E:\github\FunWasHad\src\FWH.Mobile\FWH.Mobile\Services\LocationWorkflowService.cs(80,21): warning CA1848: For improved performance, use the LoggerMessage delegates instead of calling 'LoggerExtensions.LogWarning(ILogger, string?, params object?[])' (https://learn.microsoft.com/dotnet/fundamentals/code-analysis/quality-rules/ca1848) [E:\github\FunWasHad\src\FWH.Mobile\FWH.Mobile\FWH.Mobile.csproj]
E:\github\FunWasHad\src\FWH.Mobile\FWH.Mobile\Services\LocationWorkflowService.cs(93,17): warning CA1848: For improved performance, use the LoggerMessage delegates instead of calling 'LoggerExtensions.LogInformation(ILogger, string?, params object?[])' (https://learn.microsoft.com/dotnet/fundamentals/code-analysis/quality-rules/ca1848) [E:\github\FunWasHad\src\FWH.Mobile\FWH.Mobile\FWH.Mobile.csproj]
E:\github\FunWasHad\src\FWH.Mobile\FWH.Mobile\Services\LocationWorkflowService.cs(101,13): warning CA1848: For improved performance, use the LoggerMessage delegates instead of calling 'LoggerExtensions.LogError(ILogger, Exception?, string?, params object?[])' (https://learn.microsoft.com/dotnet/fundamentals/code-analysis/quality-rules/ca1848) [E:\github\FunWasHad\src\FWH.Mobile\FWH.Mobile\FWH.Mobile.csproj]
E:\github\FunWasHad\src\FWH.Mobile\FWH.Mobile\App.axaml.cs(547,13): warning CA1848: For improved performance, use the LoggerMessage delegates instead of calling 'LoggerExtensions.LogInformation(ILogger, string?, params object?[])' (https://learn.microsoft.com/dotnet/fundamentals/code-analysis/quality-rules/ca1848) [E:\github\FunWasHad\src\FWH.Mobile\FWH.Mobile\FWH.Mobile.csproj]
E:\github\FunWasHad\src\FWH.Mobile\FWH.Mobile\App.axaml.cs(553,13): warning CA1848: For improved performance, use the LoggerMessage delegates instead of calling 'LoggerExtensions.LogInformation(ILogger, string?, params object?[])' (https://learn.microsoft.com/dotnet/fundamentals/code-analysis/quality-rules/ca1848) [E:\github\FunWasHad\src\FWH.Mobile\FWH.Mobile\FWH.Mobile.csproj]
E:\github\FunWasHad\src\FWH.Mobile\FWH.Mobile\App.axaml.cs(559,13): warning CA1848: For improved performance, use the LoggerMessage delegates instead of calling 'LoggerExtensions.LogInformation(ILogger, string?, params object?[])' (https://learn.microsoft.com/dotnet/fundamentals/code-analysis/quality-rules/ca1848) [E:\github\FunWasHad\src\FWH.Mobile\FWH.Mobile\FWH.Mobile.csproj]
E:\github\FunWasHad\src\FWH.Mobile\FWH.Mobile\App.axaml.cs(565,20): warning CA1848: For improved performance, use the LoggerMessage delegates instead of calling 'LoggerExtensions.LogError(ILogger, Exception?, string?, params object?[])' (https://learn.microsoft.com/dotnet/fundamentals/code-analysis/quality-rules/ca1848) [E:\github\FunWasHad\src\FWH.Mobile\FWH.Mobile\FWH.Mobile.csproj]
E:\github\FunWasHad\src\FWH.Mobile\FWH.Mobile\Services\LocationWorkflowService.cs(111,16): warning CA1308: In method 'GenerateAddressHash', replace the call to 'ToLowerInvariant' with 'ToUpperInvariant' (https://learn.microsoft.com/dotnet/fundamentals/code-analysis/quality-rules/ca1308) [E:\github\FunWasHad\src\FWH.Mobile\FWH.Mobile\FWH.Mobile.csproj]
E:\github\FunWasHad\src\FWH.Mobile\FWH.Mobile\ViewModels\MovementStateViewModel.cs(101,9): warning CA1848: For improved performance, use the LoggerMessage delegates instead of calling 'LoggerExtensions.LogInformation(ILogger, string?, params object?[])' (https://learn.microsoft.com/dotnet/fundamentals/code-analysis/quality-rules/ca1848) [E:\github\FunWasHad\src\FWH.Mobile\FWH.Mobile\FWH.Mobile.csproj]
E:\github\FunWasHad\src\FWH.Mobile\FWH.Mobile\Services\MovementStateLogger.cs(73,9): warning CA1848: For improved performance, use the LoggerMessage delegates instead of calling 'LoggerExtensions.LogInformation(ILogger, string?, params object?[])' (https://learn.microsoft.com/dotnet/fundamentals/code-analysis/quality-rules/ca1848) [E:\github\FunWasHad\src\FWH.Mobile\FWH.Mobile\FWH.Mobile.csproj]
E:\github\FunWasHad\src\FWH.Mobile\FWH.Mobile\Services\MovementStateLogger.cs(73,32): warning CA2254: The logging message template should not vary between calls to 'LoggerExtensions.LogInformation(ILogger, string?, params object?[])' (https://learn.microsoft.com/dotnet/fundamentals/code-analysis/quality-rules/ca2254) [E:\github\FunWasHad\src\FWH.Mobile\FWH.Mobile\FWH.Mobile.csproj]
E:\github\FunWasHad\src\FWH.Mobile\FWH.Mobile\ViewModels\PlacesViewModel.cs(169,9): warning CA1031: Modify 'LoadPlacesAsync' to catch a more specific allowed exception type, or rethrow the exception (https://learn.microsoft.com/dotnet/fundamentals/code-analysis/quality-rules/ca1031) [E:\github\FunWasHad\src\FWH.Mobile\FWH.Mobile\FWH.Mobile.csproj]
E:\github\FunWasHad\src\FWH.Mobile\FWH.Mobile\Services\LocationWorkflowService.cs(121,9): warning CA1848: For improved performance, use the LoggerMessage delegates instead of calling 'LoggerExtensions.LogDebug(ILogger, string?, params object?[])' (https://learn.microsoft.com/dotnet/fundamentals/code-analysis/quality-rules/ca1848) [E:\github\FunWasHad\src\FWH.Mobile\FWH.Mobile\FWH.Mobile.csproj]
E:\github\FunWasHad\src\FWH.Mobile\FWH.Mobile\App.axaml.cs(561,9): warning CA1031: Modify 'StartLocationTrackingAsync' to catch a more specific allowed exception type, or rethrow the exception (https://learn.microsoft.com/dotnet/fundamentals/code-analysis/quality-rules/ca1031) [E:\github\FunWasHad\src\FWH.Mobile\FWH.Mobile\FWH.Mobile.csproj]
E:\github\FunWasHad\src\FWH.Mobile\FWH.Mobile\ViewModels\PlacesViewModel.cs(206,17): warning CA1848: For improved performance, use the LoggerMessage delegates instead of calling 'LoggerExtensions.LogInformation(ILogger, string?, params object?[])' (https://learn.microsoft.com/dotnet/fundamentals/code-analysis/quality-rules/ca1848) [E:\github\FunWasHad\src\FWH.Mobile\FWH.Mobile\FWH.Mobile.csproj]
E:\github\FunWasHad\src\FWH.Mobile\FWH.Mobile\ViewModels\PlacesViewModel.cs(217,13): warning CA1848: For improved performance, use the LoggerMessage delegates instead of calling 'LoggerExtensions.LogError(ILogger, Exception?, string?, params object?[])' (https://learn.microsoft.com/dotnet/fundamentals/code-analysis/quality-rules/ca1848) [E:\github\FunWasHad\src\FWH.Mobile\FWH.Mobile\FWH.Mobile.csproj]
E:\github\FunWasHad\src\FWH.Mobile\FWH.Mobile\ViewModels\PlacesViewModel.cs(221,13): warning CA1848: For improved performance, use the LoggerMessage delegates instead of calling 'LoggerExtensions.LogDebug(ILogger, string?, params object?[])' (https://learn.microsoft.com/dotnet/fundamentals/code-analysis/quality-rules/ca1848) [E:\github\FunWasHad\src\FWH.Mobile\FWH.Mobile\FWH.Mobile.csproj]
E:\github\FunWasHad\src\FWH.Mobile\FWH.Mobile\ViewModels\PlacesViewModel.cs(225,13): warning CA1848: For improved performance, use the LoggerMessage delegates instead of calling 'LoggerExtensions.LogError(ILogger, Exception?, string?, params object?[])' (https://learn.microsoft.com/dotnet/fundamentals/code-analysis/quality-rules/ca1848) [E:\github\FunWasHad\src\FWH.Mobile\FWH.Mobile\FWH.Mobile.csproj]
E:\github\FunWasHad\src\FWH.Mobile\FWH.Mobile\Services\LocationWorkflowService.cs(99,9): warning CA1031: Modify 'HandleNewLocationAddressAsync' to catch a more specific allowed exception type, or rethrow the exception (https://learn.microsoft.com/dotnet/fundamentals/code-analysis/quality-rules/ca1031) [E:\github\FunWasHad\src\FWH.Mobile\FWH.Mobile\FWH.Mobile.csproj]
E:\github\FunWasHad\src\FWH.Mobile\FWH.Mobile\ViewModels\PlacesViewModel.cs(223,9): warning CA1031: Modify 'ToggleFavorite' to catch a more specific allowed exception type, or rethrow the exception (https://learn.microsoft.com/dotnet/fundamentals/code-analysis/quality-rules/ca1031) [E:\github\FunWasHad\src\FWH.Mobile\FWH.Mobile\FWH.Mobile.csproj]
E:\github\FunWasHad\src\FWH.Mobile\FWH.Mobile\ViewModels\PlacesViewModel.cs(244,17): warning CA1848: For improved performance, use the LoggerMessage delegates instead of calling 'LoggerExtensions.LogInformation(ILogger, string?, params object?[])' (https://learn.microsoft.com/dotnet/fundamentals/code-analysis/quality-rules/ca1848) [E:\github\FunWasHad\src\FWH.Mobile\FWH.Mobile\FWH.Mobile.csproj]
E:\github\FunWasHad\src\FWH.Mobile\FWH.Mobile\ViewModels\PlacesViewModel.cs(249,13): warning CA1848: For improved performance, use the LoggerMessage delegates instead of calling 'LoggerExtensions.LogError(ILogger, Exception?, string?, params object?[])' (https://learn.microsoft.com/dotnet/fundamentals/code-analysis/quality-rules/ca1848) [E:\github\FunWasHad\src\FWH.Mobile\FWH.Mobile\FWH.Mobile.csproj]
E:\github\FunWasHad\src\FWH.Mobile\FWH.Mobile\ViewModels\PlacesViewModel.cs(253,13): warning CA1848: For improved performance, use the LoggerMessage delegates instead of calling 'LoggerExtensions.LogDebug(ILogger, string?, params object?[])' (https://learn.microsoft.com/dotnet/fundamentals/code-analysis/quality-rules/ca1848) [E:\github\FunWasHad\src\FWH.Mobile\FWH.Mobile\FWH.Mobile.csproj]
E:\github\FunWasHad\src\FWH.Mobile\FWH.Mobile\ViewModels\PlacesViewModel.cs(257,13): warning CA1848: For improved performance, use the LoggerMessage delegates instead of calling 'LoggerExtensions.LogError(ILogger, Exception?, string?, params object?[])' (https://learn.microsoft.com/dotnet/fundamentals/code-analysis/quality-rules/ca1848) [E:\github\FunWasHad\src\FWH.Mobile\FWH.Mobile\FWH.Mobile.csproj]
E:\github\FunWasHad\src\FWH.Mobile\FWH.Mobile\Services\LocationWorkflowService.cs(152,17): warning CA1848: For improved performance, use the LoggerMessage delegates instead of calling 'LoggerExtensions.LogDebug(ILogger, string?, params object?[])' (https://learn.microsoft.com/dotnet/fundamentals/code-analysis/quality-rules/ca1848) [E:\github\FunWasHad\src\FWH.Mobile\FWH.Mobile\FWH.Mobile.csproj]
E:\github\FunWasHad\src\FWH.Mobile\FWH.Mobile\ViewModels\PlacesViewModel.cs(255,9): warning CA1031: Modify 'DeletePlace' to catch a more specific allowed exception type, or rethrow the exception (https://learn.microsoft.com/dotnet/fundamentals/code-analysis/quality-rules/ca1031) [E:\github\FunWasHad\src\FWH.Mobile\FWH.Mobile\FWH.Mobile.csproj]
E:\github\FunWasHad\src\FWH.Mobile\FWH.Mobile\Services\LocationWorkflowService.cs(185,17): warning CA1848: For improved performance, use the LoggerMessage delegates instead of calling 'LoggerExtensions.LogWarning(ILogger, Exception?, string?, params object?[])' (https://learn.microsoft.com/dotnet/fundamentals/code-analysis/quality-rules/ca1848) [E:\github\FunWasHad\src\FWH.Mobile\FWH.Mobile\FWH.Mobile.csproj]
E:\github\FunWasHad\src\FWH.Mobile\FWH.Mobile\Services\LocationWorkflowService.cs(210,17): warning CA1848: For improved performance, use the LoggerMessage delegates instead of calling 'LoggerExtensions.LogWarning(ILogger, Exception?, string?, params object?[])' (https://learn.microsoft.com/dotnet/fundamentals/code-analysis/quality-rules/ca1848) [E:\github\FunWasHad\src\FWH.Mobile\FWH.Mobile\FWH.Mobile.csproj]
E:\github\FunWasHad\src\FWH.Mobile\FWH.Mobile\Services\LocationWorkflowService.cs(220,17): warning CA1848: For improved performance, use the LoggerMessage delegates instead of calling 'LoggerExtensions.LogDebug(ILogger, string?, params object?[])' (https://learn.microsoft.com/dotnet/fundamentals/code-analysis/quality-rules/ca1848) [E:\github\FunWasHad\src\FWH.Mobile\FWH.Mobile\FWH.Mobile.csproj]
E:\github\FunWasHad\src\FWH.Mobile\FWH.Mobile\Services\LocationApiClient.cs(167,13): warning CA1848: For improved performance, use the LoggerMessage delegates instead of calling 'LoggerExtensions.LogError(ILogger, Exception?, string?, params object?[])' (https://learn.microsoft.com/dotnet/fundamentals/code-analysis/quality-rules/ca1848) [E:\github\FunWasHad\src\FWH.Mobile\FWH.Mobile\FWH.Mobile.csproj]
E:\github\FunWasHad\src\FWH.Mobile\FWH.Mobile\Services\ImageService.cs(127,17): warning CA1848: For improved performance, use the LoggerMessage delegates instead of calling 'LoggerExtensions.LogDebug(ILogger, string?, params object?[])' (https://learn.microsoft.com/dotnet/fundamentals/code-analysis/quality-rules/ca1848) [E:\github\FunWasHad\src\FWH.Mobile\FWH.Mobile\FWH.Mobile.csproj]
E:\github\FunWasHad\src\FWH.Mobile\FWH.Mobile\Services\ImageService.cs(149,13): warning CA1848: For improved performance, use the LoggerMessage delegates instead of calling 'LoggerExtensions.LogInformation(ILogger, string?, params object?[])' (https://learn.microsoft.com/dotnet/fundamentals/code-analysis/quality-rules/ca1848) [E:\github\FunWasHad\src\FWH.Mobile\FWH.Mobile\FWH.Mobile.csproj]
E:\github\FunWasHad\src\FWH.Mobile\FWH.Mobile\Services\ImageService.cs(156,13): warning CA1848: For improved performance, use the LoggerMessage delegates instead of calling 'LoggerExtensions.LogError(ILogger, Exception?, string?, params object?[])' (https://learn.microsoft.com/dotnet/fundamentals/code-analysis/quality-rules/ca1848) [E:\github\FunWasHad\src\FWH.Mobile\FWH.Mobile\FWH.Mobile.csproj]
E:\github\FunWasHad\src\FWH.Mobile\FWH.Mobile\Views\FavoriteIconConverter.cs(127,17): warning CA1031: Modify 'LoadImageDirectly' to catch a more specific allowed exception type, or rethrow the exception (https://learn.microsoft.com/dotnet/fundamentals/code-analysis/quality-rules/ca1031) [E:\github\FunWasHad\src\FWH.Mobile\FWH.Mobile\FWH.Mobile.csproj]
E:\github\FunWasHad\src\FWH.Mobile\FWH.Mobile\Views\FavoriteIconConverter.cs(136,9): warning CA1031: Modify 'LoadImageDirectly' to catch a more specific allowed exception type, or rethrow the exception (https://learn.microsoft.com/dotnet/fundamentals/code-analysis/quality-rules/ca1031) [E:\github\FunWasHad\src\FWH.Mobile\FWH.Mobile\FWH.Mobile.csproj]
E:\github\FunWasHad\src\FWH.Mobile\FWH.Mobile\ViewModels\PlacesViewModel.cs(317,40): warning CA1860: Prefer comparing 'Count' to 0 rather than using 'Any()', both for clarity and for performance (https://learn.microsoft.com/dotnet/fundamentals/code-analysis/quality-rules/ca1860) [E:\github\FunWasHad\src\FWH.Mobile\FWH.Mobile\FWH.Mobile.csproj]
E:\github\FunWasHad\src\FWH.Mobile\FWH.Mobile\App.axaml.cs(634,13): warning CA1031: Modify 'LoadWorkflowFileAsync' to catch a more specific allowed exception type, or rethrow the exception (https://learn.microsoft.com/dotnet/fundamentals/code-analysis/quality-rules/ca1031) [E:\github\FunWasHad\src\FWH.Mobile\FWH.Mobile\FWH.Mobile.csproj]
E:\github\FunWasHad\src\FWH.Mobile\FWH.Mobile\App.axaml.cs(659,9): warning CA1031: Modify 'LoadWorkflowFileAsync' to catch a more specific allowed exception type, or rethrow the exception (https://learn.microsoft.com/dotnet/fundamentals/code-analysis/quality-rules/ca1031) [E:\github\FunWasHad\src\FWH.Mobile\FWH.Mobile\FWH.Mobile.csproj]
E:\github\FunWasHad\src\FWH.Mobile\FWH.Mobile\ViewModels\PlacesViewModel.cs(295,13): warning CA1848: For improved performance, use the LoggerMessage delegates instead of calling 'LoggerExtensions.LogDebug(ILogger, string?, params object?[])' (https://learn.microsoft.com/dotnet/fundamentals/code-analysis/quality-rules/ca1848) [E:\github\FunWasHad\src\FWH.Mobile\FWH.Mobile\FWH.Mobile.csproj]
E:\github\FunWasHad\src\FWH.Mobile\FWH.Mobile\ViewModels\PlacesViewModel.cs(301,13): warning CA1848: For improved performance, use the LoggerMessage delegates instead of calling 'LoggerExtensions.LogDebug(ILogger, string?, params object?[])' (https://learn.microsoft.com/dotnet/fundamentals/code-analysis/quality-rules/ca1848) [E:\github\FunWasHad\src\FWH.Mobile\FWH.Mobile\FWH.Mobile.csproj]
E:\github\FunWasHad\src\FWH.Mobile\FWH.Mobile\ViewModels\PlacesViewModel.cs(319,17): warning CA1848: For improved performance, use the LoggerMessage delegates instead of calling 'LoggerExtensions.LogDebug(ILogger, string?, params object?[])' (https://learn.microsoft.com/dotnet/fundamentals/code-analysis/quality-rules/ca1848) [E:\github\FunWasHad\src\FWH.Mobile\FWH.Mobile\FWH.Mobile.csproj]
E:\github\FunWasHad\src\FWH.Mobile\FWH.Mobile\ViewModels\PlacesViewModel.cs(339,17): warning CA1848: For improved performance, use the LoggerMessage delegates instead of calling 'LoggerExtensions.LogDebug(ILogger, string?, params object?[])' (https://learn.microsoft.com/dotnet/fundamentals/code-analysis/quality-rules/ca1848) [E:\github\FunWasHad\src\FWH.Mobile\FWH.Mobile\FWH.Mobile.csproj]
E:\github\FunWasHad\src\FWH.Mobile\FWH.Mobile\ViewModels\PlacesViewModel.cs(349,17): warning CA1848: For improved performance, use the LoggerMessage delegates instead of calling 'LoggerExtensions.LogDebug(ILogger, string?, params object?[])' (https://learn.microsoft.com/dotnet/fundamentals/code-analysis/quality-rules/ca1848) [E:\github\FunWasHad\src\FWH.Mobile\FWH.Mobile\FWH.Mobile.csproj]
E:\github\FunWasHad\src\FWH.Mobile\FWH.Mobile\ViewModels\PlacesViewModel.cs(400,13): warning CA1848: For improved performance, use the LoggerMessage delegates instead of calling 'LoggerExtensions.LogDebug(ILogger, string?, params object?[])' (https://learn.microsoft.com/dotnet/fundamentals/code-analysis/quality-rules/ca1848) [E:\github\FunWasHad\src\FWH.Mobile\FWH.Mobile\FWH.Mobile.csproj]
E:\github\FunWasHad\src\FWH.Mobile\FWH.Mobile\ViewModels\PlacesViewModel.cs(405,13): warning CA1848: For improved performance, use the LoggerMessage delegates instead of calling 'LoggerExtensions.LogWarning(ILogger, Exception?, string?, params object?[])' (https://learn.microsoft.com/dotnet/fundamentals/code-analysis/quality-rules/ca1848) [E:\github\FunWasHad\src\FWH.Mobile\FWH.Mobile\FWH.Mobile.csproj]
E:\github\FunWasHad\src\FWH.Mobile\FWH.Mobile\ViewModels\PlacesViewModel.cs(409,13): warning CA1848: For improved performance, use the LoggerMessage delegates instead of calling 'LoggerExtensions.LogWarning(ILogger, Exception?, string?, params object?[])' (https://learn.microsoft.com/dotnet/fundamentals/code-analysis/quality-rules/ca1848) [E:\github\FunWasHad\src\FWH.Mobile\FWH.Mobile\FWH.Mobile.csproj]
E:\github\FunWasHad\src\FWH.Mobile\FWH.Mobile\ViewModels\PlacesViewModel.cs(413,13): warning CA1848: For improved performance, use the LoggerMessage delegates instead of calling 'LoggerExtensions.LogWarning(ILogger, Exception?, string?, params object?[])' (https://learn.microsoft.com/dotnet/fundamentals/code-analysis/quality-rules/ca1848) [E:\github\FunWasHad\src\FWH.Mobile\FWH.Mobile\FWH.Mobile.csproj]
E:\github\FunWasHad\src\FWH.Mobile\FWH.Mobile\ViewModels\PlacesViewModel.cs(417,13): warning CA1848: For improved performance, use the LoggerMessage delegates instead of calling 'LoggerExtensions.LogDebug(ILogger, string?, params object?[])' (https://learn.microsoft.com/dotnet/fundamentals/code-analysis/quality-rules/ca1848) [E:\github\FunWasHad\src\FWH.Mobile\FWH.Mobile\FWH.Mobile.csproj]
E:\github\FunWasHad\src\FWH.Mobile\FWH.Mobile\ViewModels\PlacesViewModel.cs(421,13): warning CA1848: For improved performance, use the LoggerMessage delegates instead of calling 'LoggerExtensions.LogWarning(ILogger, Exception?, string?, params object?[])' (https://learn.microsoft.com/dotnet/fundamentals/code-analysis/quality-rules/ca1848) [E:\github\FunWasHad\src\FWH.Mobile\FWH.Mobile\FWH.Mobile.csproj]
E:\github\FunWasHad\src\FWH.Mobile\FWH.Mobile\Services\LocationApiClient.cs(150,13): warning CA1848: For improved performance, use the LoggerMessage delegates instead of calling 'LoggerExtensions.LogError(ILogger, Exception?, string?, params object?[])' (https://learn.microsoft.com/dotnet/fundamentals/code-analysis/quality-rules/ca1848) [E:\github\FunWasHad\src\FWH.Mobile\FWH.Mobile\FWH.Mobile.csproj]
E:\github\FunWasHad\src\FWH.Mobile\FWH.Mobile\ViewModels\LogViewerViewModel.cs(106,17): warning CA1860: Prefer comparing 'Count' to 0 rather than using 'Any()', both for clarity and for performance (https://learn.microsoft.com/dotnet/fundamentals/code-analysis/quality-rules/ca1860) [E:\github\FunWasHad\src\FWH.Mobile\FWH.Mobile\FWH.Mobile.csproj]
E:\github\FunWasHad\src\FWH.Mobile\FWH.Mobile\Services\MovementStateLogger.cs(104,9): warning CA1848: For improved performance, use the LoggerMessage delegates instead of calling 'LoggerExtensions.LogInformation(ILogger, string?, params object?[])' (https://learn.microsoft.com/dotnet/fundamentals/code-analysis/quality-rules/ca1848) [E:\github\FunWasHad\src\FWH.Mobile\FWH.Mobile\FWH.Mobile.csproj]
E:\github\FunWasHad\src\FWH.Mobile\FWH.Mobile\Views\FavoriteIconConverter.cs(90,17): warning CA1031: Modify 'Convert' to catch a more specific allowed exception type, or rethrow the exception (https://learn.microsoft.com/dotnet/fundamentals/code-analysis/quality-rules/ca1031) [E:\github\FunWasHad\src\FWH.Mobile\FWH.Mobile\FWH.Mobile.csproj]
E:\github\FunWasHad\src\FWH.Mobile\FWH.Mobile\Views\FavoriteIconConverter.cs(105,9): warning CA1031: Modify 'Convert' to catch a more specific allowed exception type, or rethrow the exception (https://learn.microsoft.com/dotnet/fundamentals/code-analysis/quality-rules/ca1031) [E:\github\FunWasHad\src\FWH.Mobile\FWH.Mobile\FWH.Mobile.csproj]
E:\github\FunWasHad\src\FWH.Mobile\FWH.Mobile\Services\MovementStateLogger.cs(112,9): warning CA1848: For improved performance, use the LoggerMessage delegates instead of calling 'LoggerExtensions.LogDebug(ILogger, string?, params object?[])' (https://learn.microsoft.com/dotnet/fundamentals/code-analysis/quality-rules/ca1848) [E:\github\FunWasHad\src\FWH.Mobile\FWH.Mobile\FWH.Mobile.csproj]
E:\github\FunWasHad\src\FWH.Mobile\FWH.Mobile\Services\MovementStateLogger.cs(125,9): warning CA1848: For improved performance, use the LoggerMessage delegates instead of calling 'LoggerExtensions.LogInformation(ILogger, string?, params object?[])' (https://learn.microsoft.com/dotnet/fundamentals/code-analysis/quality-rules/ca1848) [E:\github\FunWasHad\src\FWH.Mobile\FWH.Mobile\FWH.Mobile.csproj]
E:\github\FunWasHad\src\FWH.Mobile\FWH.Mobile\Services\GetNearbyBusinessesActionHandler.cs(163,17): warning CA1860: Prefer comparing 'Count' to 0 rather than using 'Any()', both for clarity and for performance (https://learn.microsoft.com/dotnet/fundamentals/code-analysis/quality-rules/ca1860) [E:\github\FunWasHad\src\FWH.Mobile\FWH.Mobile\FWH.Mobile.csproj]
E:\github\FunWasHad\src\FWH.Mobile\FWH.Mobile\ViewModels\PlacesViewModel.cs(419,9): warning CA1031: Modify 'FetchBusinessLogoAsync' to catch a more specific allowed exception type, or rethrow the exception (https://learn.microsoft.com/dotnet/fundamentals/code-analysis/quality-rules/ca1031) [E:\github\FunWasHad\src\FWH.Mobile\FWH.Mobile\FWH.Mobile.csproj]
E:\github\FunWasHad\src\FWH.Mobile\FWH.Mobile\ViewModels\MovementStateViewModel.cs(146,17): warning CA1848: For improved performance, use the LoggerMessage delegates instead of calling 'LoggerExtensions.LogDebug(ILogger, string?, params object?[])' (https://learn.microsoft.com/dotnet/fundamentals/code-analysis/quality-rules/ca1848) [E:\github\FunWasHad\src\FWH.Mobile\FWH.Mobile\FWH.Mobile.csproj]
E:\github\FunWasHad\src\FWH.Mobile\FWH.Mobile\ViewModels\MovementStateViewModel.cs(157,13): warning CA1848: For improved performance, use the LoggerMessage delegates instead of calling 'LoggerExtensions.LogWarning(ILogger, Exception?, string?, params object?[])' (https://learn.microsoft.com/dotnet/fundamentals/code-analysis/quality-rules/ca1848) [E:\github\FunWasHad\src\FWH.Mobile\FWH.Mobile\FWH.Mobile.csproj]
E:\github\FunWasHad\src\FWH.Mobile\FWH.Mobile\Services\LocationTrackingService.cs(191,9): warning CA1848: For improved performance, use the LoggerMessage delegates instead of calling 'LoggerExtensions.LogDebug(ILogger, string?, params object?[])' (https://learn.microsoft.com/dotnet/fundamentals/code-analysis/quality-rules/ca1848) [E:\github\FunWasHad\src\FWH.Mobile\FWH.Mobile\FWH.Mobile.csproj]
E:\github\FunWasHad\src\FWH.Mobile\FWH.Mobile\Services\LocationTrackingService.cs(213,9): warning CA1848: For improved performance, use the LoggerMessage delegates instead of calling 'LoggerExtensions.LogDebug(ILogger, string?, params object?[])' (https://learn.microsoft.com/dotnet/fundamentals/code-analysis/quality-rules/ca1848) [E:\github\FunWasHad\src\FWH.Mobile\FWH.Mobile\FWH.Mobile.csproj]
E:\github\FunWasHad\src\FWH.Mobile\FWH.Mobile\Services\GetNearbyBusinessesActionHandler.cs(39,9): warning CA1848: For improved performance, use the LoggerMessage delegates instead of calling 'LoggerExtensions.LogInformation(ILogger, string?, params object?[])' (https://learn.microsoft.com/dotnet/fundamentals/code-analysis/quality-rules/ca1848) [E:\github\FunWasHad\src\FWH.Mobile\FWH.Mobile\FWH.Mobile.csproj]
E:\github\FunWasHad\src\FWH.Mobile\FWH.Mobile\Services\GetNearbyBusinessesActionHandler.cs(60,17): warning CA1848: For improved performance, use the LoggerMessage delegates instead of calling 'LoggerExtensions.LogWarning(ILogger, string?, params object?[])' (https://learn.microsoft.com/dotnet/fundamentals/code-analysis/quality-rules/ca1848) [E:\github\FunWasHad\src\FWH.Mobile\FWH.Mobile\FWH.Mobile.csproj]
E:\github\FunWasHad\src\FWH.Mobile\FWH.Mobile\Services\GetNearbyBusinessesActionHandler.cs(69,21): warning CA1848: For improved performance, use the LoggerMessage delegates instead of calling 'LoggerExtensions.LogWarning(ILogger, string?, params object?[])' (https://learn.microsoft.com/dotnet/fundamentals/code-analysis/quality-rules/ca1848) [E:\github\FunWasHad\src\FWH.Mobile\FWH.Mobile\FWH.Mobile.csproj]
E:\github\FunWasHad\src\FWH.Mobile\FWH.Mobile\Services\LocationTrackingService.cs(195,22): warning CA1849: 'CancellationTokenSource.Cancel()' synchronously blocks. Await 'CancellationTokenSource.CancelAsync()' instead. (https://learn.microsoft.com/dotnet/fundamentals/code-analysis/quality-rules/ca1849) [E:\github\FunWasHad\src\FWH.Mobile\FWH.Mobile\FWH.Mobile.csproj]
E:\github\FunWasHad\src\FWH.Mobile\FWH.Mobile\Services\GetNearbyBusinessesActionHandler.cs(84,13): warning CA1848: For improved performance, use the LoggerMessage delegates instead of calling 'LoggerExtensions.LogInformation(ILogger, string?, params object?[])' (https://learn.microsoft.com/dotnet/fundamentals/code-analysis/quality-rules/ca1848) [E:\github\FunWasHad\src\FWH.Mobile\FWH.Mobile\FWH.Mobile.csproj]
E:\github\FunWasHad\src\FWH.Mobile\FWH.Mobile\Services\GetNearbyBusinessesActionHandler.cs(93,17): warning CA1848: For improved performance, use the LoggerMessage delegates instead of calling 'LoggerExtensions.LogError(ILogger, Exception?, string?, params object?[])' (https://learn.microsoft.com/dotnet/fundamentals/code-analysis/quality-rules/ca1848) [E:\github\FunWasHad\src\FWH.Mobile\FWH.Mobile\FWH.Mobile.csproj]
E:\github\FunWasHad\src\FWH.Mobile\FWH.Mobile\Services\GetNearbyBusinessesActionHandler.cs(122,17): warning CA1848: For improved performance, use the LoggerMessage delegates instead of calling 'LoggerExtensions.LogWarning(ILogger, string?, params object?[])' (https://learn.microsoft.com/dotnet/fundamentals/code-analysis/quality-rules/ca1848) [E:\github\FunWasHad\src\FWH.Mobile\FWH.Mobile\FWH.Mobile.csproj]
E:\github\FunWasHad\src\FWH.Mobile\FWH.Mobile\Services\GetNearbyBusinessesActionHandler.cs(134,13): warning CA1848: For improved performance, use the LoggerMessage delegates instead of calling 'LoggerExtensions.LogInformation(ILogger, string?, params object?[])' (https://learn.microsoft.com/dotnet/fundamentals/code-analysis/quality-rules/ca1848) [E:\github\FunWasHad\src\FWH.Mobile\FWH.Mobile\FWH.Mobile.csproj]
E:\github\FunWasHad\src\FWH.Mobile\FWH.Mobile\Services\GetNearbyBusinessesActionHandler.cs(139,13): warning CA1848: For improved performance, use the LoggerMessage delegates instead of calling 'LoggerExtensions.LogInformation(ILogger, string?, params object?[])' (https://learn.microsoft.com/dotnet/fundamentals/code-analysis/quality-rules/ca1848) [E:\github\FunWasHad\src\FWH.Mobile\FWH.Mobile\FWH.Mobile.csproj]
E:\github\FunWasHad\src\FWH.Mobile\FWH.Mobile\Services\GetNearbyBusinessesActionHandler.cs(150,13): warning CA1848: For improved performance, use the LoggerMessage delegates instead of calling 'LoggerExtensions.LogInformation(ILogger, string?, params object?[])' (https://learn.microsoft.com/dotnet/fundamentals/code-analysis/quality-rules/ca1848) [E:\github\FunWasHad\src\FWH.Mobile\FWH.Mobile\FWH.Mobile.csproj]
E:\github\FunWasHad\src\FWH.Mobile\FWH.Mobile\Services\GetNearbyBusinessesActionHandler.cs(194,13): warning CA1848: For improved performance, use the LoggerMessage delegates instead of calling 'LoggerExtensions.LogInformation(ILogger, string?, params object?[])' (https://learn.microsoft.com/dotnet/fundamentals/code-analysis/quality-rules/ca1848) [E:\github\FunWasHad\src\FWH.Mobile\FWH.Mobile\FWH.Mobile.csproj]
E:\github\FunWasHad\src\FWH.Mobile\FWH.Mobile\Services\GetNearbyBusinessesActionHandler.cs(199,13): warning CA1848: For improved performance, use the LoggerMessage delegates instead of calling 'LoggerExtensions.LogInformation(ILogger, string?, params object?[])' (https://learn.microsoft.com/dotnet/fundamentals/code-analysis/quality-rules/ca1848) [E:\github\FunWasHad\src\FWH.Mobile\FWH.Mobile\FWH.Mobile.csproj]
E:\github\FunWasHad\src\FWH.Mobile\FWH.Mobile\Services\GetNearbyBusinessesActionHandler.cs(211,13): warning CA1848: For improved performance, use the LoggerMessage delegates instead of calling 'LoggerExtensions.LogError(ILogger, Exception?, string?, params object?[])' (https://learn.microsoft.com/dotnet/fundamentals/code-analysis/quality-rules/ca1848) [E:\github\FunWasHad\src\FWH.Mobile\FWH.Mobile\FWH.Mobile.csproj]
E:\github\FunWasHad\src\FWH.Mobile\FWH.Mobile\Services\GetNearbyBusinessesActionHandler.cs(230,13): warning CA1848: For improved performance, use the LoggerMessage delegates instead of calling 'LoggerExtensions.LogError(ILogger, Exception?, string?, params object?[])' (https://learn.microsoft.com/dotnet/fundamentals/code-analysis/quality-rules/ca1848) [E:\github\FunWasHad\src\FWH.Mobile\FWH.Mobile\FWH.Mobile.csproj]
E:\github\FunWasHad\src\FWH.Mobile\FWH.Mobile\ViewModels\MovementStateViewModel.cs(155,9): warning CA1031: Modify 'CheckForBusinessAsync' to catch a more specific allowed exception type, or rethrow the exception (https://learn.microsoft.com/dotnet/fundamentals/code-analysis/quality-rules/ca1031) [E:\github\FunWasHad\src\FWH.Mobile\FWH.Mobile\FWH.Mobile.csproj]
E:\github\FunWasHad\src\FWH.Mobile\FWH.Mobile\Services\GetNearbyBusinessesActionHandler.cs(156,32): warning CA1305: The behavior of 'double.ToString(string)' could vary based on the current user's locale settings. Replace this call in 'GetNearbyBusinessesActionHandler.HandleAsync(ActionHandlerContext, IDictionary<string, string>, [CancellationToken])' with a call to 'double.ToString(string, IFormatProvider)'. (https://learn.microsoft.com/dotnet/fundamentals/code-analysis/quality-rules/ca1305) [E:\github\FunWasHad\src\FWH.Mobile\FWH.Mobile\FWH.Mobile.csproj]
E:\github\FunWasHad\src\FWH.Mobile\FWH.Mobile\Services\GetNearbyBusinessesActionHandler.cs(157,33): warning CA1305: The behavior of 'double.ToString(string)' could vary based on the current user's locale settings. Replace this call in 'GetNearbyBusinessesActionHandler.HandleAsync(ActionHandlerContext, IDictionary<string, string>, [CancellationToken])' with a call to 'double.ToString(string, IFormatProvider)'. (https://learn.microsoft.com/dotnet/fundamentals/code-analysis/quality-rules/ca1305) [E:\github\FunWasHad\src\FWH.Mobile\FWH.Mobile\FWH.Mobile.csproj]
E:\github\FunWasHad\src\FWH.Mobile\FWH.Mobile\Services\GetNearbyBusinessesActionHandler.cs(158,59): warning CA1305: The behavior of 'double.ToString(string)' could vary based on the current user's locale settings. Replace this call in 'GetNearbyBusinessesActionHandler.HandleAsync(ActionHandlerContext, IDictionary<string, string>, [CancellationToken])' with a call to 'double.ToString(string, IFormatProvider)'. (https://learn.microsoft.com/dotnet/fundamentals/code-analysis/quality-rules/ca1305) [E:\github\FunWasHad\src\FWH.Mobile\FWH.Mobile\FWH.Mobile.csproj]
E:\github\FunWasHad\src\FWH.Mobile\FWH.Mobile\Services\GetNearbyBusinessesActionHandler.cs(159,30): warning CA1305: The behavior of 'int.ToString()' could vary based on the current user's locale settings. Replace this call in 'GetNearbyBusinessesActionHandler.HandleAsync(ActionHandlerContext, IDictionary<string, string>, [CancellationToken])' with a call to 'int.ToString(IFormatProvider)'. (https://learn.microsoft.com/dotnet/fundamentals/code-analysis/quality-rules/ca1305) [E:\github\FunWasHad\src\FWH.Mobile\FWH.Mobile\FWH.Mobile.csproj]
E:\github\FunWasHad\src\FWH.Mobile\FWH.Mobile\Services\GetNearbyBusinessesActionHandler.cs(160,29): warning CA1305: The behavior of 'int.ToString()' could vary based on the current user's locale settings. Replace this call in 'GetNearbyBusinessesActionHandler.HandleAsync(ActionHandlerContext, IDictionary<string, string>, [CancellationToken])' with a call to 'int.ToString(IFormatProvider)'. (https://learn.microsoft.com/dotnet/fundamentals/code-analysis/quality-rules/ca1305) [E:\github\FunWasHad\src\FWH.Mobile\FWH.Mobile\FWH.Mobile.csproj]
E:\github\FunWasHad\src\FWH.Mobile\FWH.Mobile\Services\LocationTrackingService.cs(112,13): warning CA1848: For improved performance, use the LoggerMessage delegates instead of calling 'LoggerExtensions.LogWarning(ILogger, string?, params object?[])' (https://learn.microsoft.com/dotnet/fundamentals/code-analysis/quality-rules/ca1848) [E:\github\FunWasHad\src\FWH.Mobile\FWH.Mobile\FWH.Mobile.csproj]
E:\github\FunWasHad\src\FWH.Mobile\FWH.Mobile\Services\LocationTrackingService.cs(118,13): warning CA1848: For improved performance, use the LoggerMessage delegates instead of calling 'LoggerExtensions.LogWarning(ILogger, string?, params object?[])' (https://learn.microsoft.com/dotnet/fundamentals/code-analysis/quality-rules/ca1848) [E:\github\FunWasHad\src\FWH.Mobile\FWH.Mobile\FWH.Mobile.csproj]
E:\github\FunWasHad\src\FWH.Mobile\FWH.Mobile\Services\GetNearbyBusinessesActionHandler.cs(169,46): warning CA1305: The behavior of 'double.ToString(string)' could vary based on the current user's locale settings. Replace this call in 'GetNearbyBusinessesActionHandler.HandleAsync(ActionHandlerContext, IDictionary<string, string>, [CancellationToken])' with a call to 'double.ToString(string, IFormatProvider)'. (https://learn.microsoft.com/dotnet/fundamentals/code-analysis/quality-rules/ca1305) [E:\github\FunWasHad\src\FWH.Mobile\FWH.Mobile\FWH.Mobile.csproj]
E:\github\FunWasHad\src\FWH.Mobile\FWH.Mobile\Services\LocationTrackingService.cs(124,13): warning CA1848: For improved performance, use the LoggerMessage delegates instead of calling 'LoggerExtensions.LogWarning(ILogger, string?, params object?[])' (https://learn.microsoft.com/dotnet/fundamentals/code-analysis/quality-rules/ca1848) [E:\github\FunWasHad\src\FWH.Mobile\FWH.Mobile\FWH.Mobile.csproj]
E:\github\FunWasHad\src\FWH.Mobile\FWH.Mobile\Services\LocationTrackingService.cs(128,17): warning CA1848: For improved performance, use the LoggerMessage delegates instead of calling 'LoggerExtensions.LogWarning(ILogger, string?, params object?[])' (https://learn.microsoft.com/dotnet/fundamentals/code-analysis/quality-rules/ca1848) [E:\github\FunWasHad\src\FWH.Mobile\FWH.Mobile\FWH.Mobile.csproj]
E:\github\FunWasHad\src\FWH.Mobile\FWH.Mobile\Services\LocationTrackingService.cs(134,9): warning CA1848: For improved performance, use the LoggerMessage delegates instead of calling 'LoggerExtensions.LogDebug(ILogger, string?, params object?[])' (https://learn.microsoft.com/dotnet/fundamentals/code-analysis/quality-rules/ca1848) [E:\github\FunWasHad\src\FWH.Mobile\FWH.Mobile\FWH.Mobile.csproj]
E:\github\FunWasHad\src\FWH.Mobile\FWH.Mobile\Services\LocationTrackingService.cs(155,21): warning CA1848: For improved performance, use the LoggerMessage delegates instead of calling 'LoggerExtensions.LogInformation(ILogger, string?, params object?[])' (https://learn.microsoft.com/dotnet/fundamentals/code-analysis/quality-rules/ca1848) [E:\github\FunWasHad\src\FWH.Mobile\FWH.Mobile\FWH.Mobile.csproj]
E:\github\FunWasHad\src\FWH.Mobile\FWH.Mobile\Services\LocationTrackingService.cs(163,21): warning CA1848: For improved performance, use the LoggerMessage delegates instead of calling 'LoggerExtensions.LogDebug(ILogger, string?, params object?[])' (https://learn.microsoft.com/dotnet/fundamentals/code-analysis/quality-rules/ca1848) [E:\github\FunWasHad\src\FWH.Mobile\FWH.Mobile\FWH.Mobile.csproj]
E:\github\FunWasHad\src\FWH.Mobile\FWH.Mobile\Services\LocationTrackingService.cs(168,17): warning CA1848: For improved performance, use the LoggerMessage delegates instead of calling 'LoggerExtensions.LogWarning(ILogger, Exception?, string?, params object?[])' (https://learn.microsoft.com/dotnet/fundamentals/code-analysis/quality-rules/ca1848) [E:\github\FunWasHad\src\FWH.Mobile\FWH.Mobile\FWH.Mobile.csproj]
E:\github\FunWasHad\src\FWH.Mobile\FWH.Mobile\Services\LocationTrackingService.cs(175,17): warning CA1848: For improved performance, use the LoggerMessage delegates instead of calling 'LoggerExtensions.LogDebug(ILogger, string?, params object?[])' (https://learn.microsoft.com/dotnet/fundamentals/code-analysis/quality-rules/ca1848) [E:\github\FunWasHad\src\FWH.Mobile\FWH.Mobile\FWH.Mobile.csproj]
E:\github\FunWasHad\src\FWH.Mobile\FWH.Mobile\Services\LocationTrackingService.cs(179,17): warning CA1848: For improved performance, use the LoggerMessage delegates instead of calling 'LoggerExtensions.LogDebug(ILogger, Exception?, string?, params object?[])' (https://learn.microsoft.com/dotnet/fundamentals/code-analysis/quality-rules/ca1848) [E:\github\FunWasHad\src\FWH.Mobile\FWH.Mobile\FWH.Mobile.csproj]
E:\github\FunWasHad\src\FWH.Mobile\FWH.Mobile\Services\ImageService.cs(180,13): warning CA1848: For improved performance, use the LoggerMessage delegates instead of calling 'LoggerExtensions.LogError(ILogger, Exception?, string?, params object?[])' (https://learn.microsoft.com/dotnet/fundamentals/code-analysis/quality-rules/ca1848) [E:\github\FunWasHad\src\FWH.Mobile\FWH.Mobile\FWH.Mobile.csproj]
E:\github\FunWasHad\src\FWH.Mobile\FWH.Mobile\Services\ImageService.cs(195,17): warning CA1848: For improved performance, use the LoggerMessage delegates instead of calling 'LoggerExtensions.LogInformation(ILogger, string?, params object?[])' (https://learn.microsoft.com/dotnet/fundamentals/code-analysis/quality-rules/ca1848) [E:\github\FunWasHad\src\FWH.Mobile\FWH.Mobile\FWH.Mobile.csproj]
E:\github\FunWasHad\src\FWH.Mobile\FWH.Mobile\Services\ImageService.cs(200,13): warning CA1848: For improved performance, use the LoggerMessage delegates instead of calling 'LoggerExtensions.LogError(ILogger, Exception?, string?, params object?[])' (https://learn.microsoft.com/dotnet/fundamentals/code-analysis/quality-rules/ca1848) [E:\github\FunWasHad\src\FWH.Mobile\FWH.Mobile\FWH.Mobile.csproj]
E:\github\FunWasHad\src\FWH.Mobile\FWH.Mobile\Services\LocationTrackingService.cs(227,21): warning CA1848: For improved performance, use the LoggerMessage delegates instead of calling 'LoggerExtensions.LogWarning(ILogger, string?, params object?[])' (https://learn.microsoft.com/dotnet/fundamentals/code-analysis/quality-rules/ca1848) [E:\github\FunWasHad\src\FWH.Mobile\FWH.Mobile\FWH.Mobile.csproj]
E:\github\FunWasHad\src\FWH.Mobile\FWH.Mobile\Services\LocationTrackingService.cs(266,25): warning CA1848: For improved performance, use the LoggerMessage delegates instead of calling 'LoggerExtensions.LogDebug(ILogger, string?, params object?[])' (https://learn.microsoft.com/dotnet/fundamentals/code-analysis/quality-rules/ca1848) [E:\github\FunWasHad\src\FWH.Mobile\FWH.Mobile\FWH.Mobile.csproj]
E:\github\FunWasHad\src\FWH.Mobile\FWH.Mobile\Services\LocationTrackingService.cs(304,17): warning CA1848: For improved performance, use the LoggerMessage delegates instead of calling 'LoggerExtensions.LogError(ILogger, Exception?, string?, params object?[])' (https://learn.microsoft.com/dotnet/fundamentals/code-analysis/quality-rules/ca1848) [E:\github\FunWasHad\src\FWH.Mobile\FWH.Mobile\FWH.Mobile.csproj]
E:\github\FunWasHad\src\FWH.Mobile\FWH.Mobile\Services\LocationTrackingService.cs(323,17): warning CA1848: For improved performance, use the LoggerMessage delegates instead of calling 'LoggerExtensions.LogError(ILogger, Exception?, string?, params object?[])' (https://learn.microsoft.com/dotnet/fundamentals/code-analysis/quality-rules/ca1848) [E:\github\FunWasHad\src\FWH.Mobile\FWH.Mobile\FWH.Mobile.csproj]
E:\github\FunWasHad\src\FWH.Mobile\FWH.Mobile\Services\LocationTrackingService.cs(362,13): warning CA1848: For improved performance, use the LoggerMessage delegates instead of calling 'LoggerExtensions.LogInformation(ILogger, string?, params object?[])' (https://learn.microsoft.com/dotnet/fundamentals/code-analysis/quality-rules/ca1848) [E:\github\FunWasHad\src\FWH.Mobile\FWH.Mobile\FWH.Mobile.csproj]
E:\github\FunWasHad\src\FWH.Mobile\FWH.Mobile\Services\LocationTrackingService.cs(398,13): warning CA1848: For improved performance, use the LoggerMessage delegates instead of calling 'LoggerExtensions.LogTrace(ILogger, string?, params object?[])' (https://learn.microsoft.com/dotnet/fundamentals/code-analysis/quality-rules/ca1848) [E:\github\FunWasHad\src\FWH.Mobile\FWH.Mobile\FWH.Mobile.csproj]
E:\github\FunWasHad\src\FWH.Mobile\FWH.Mobile\Services\LocationTrackingService.cs(446,13): warning CA1848: For improved performance, use the LoggerMessage delegates instead of calling 'LoggerExtensions.LogDebug(ILogger, string?, params object?[])' (https://learn.microsoft.com/dotnet/fundamentals/code-analysis/quality-rules/ca1848) [E:\github\FunWasHad\src\FWH.Mobile\FWH.Mobile\FWH.Mobile.csproj]
E:\github\FunWasHad\src\FWH.Mobile\FWH.Mobile\Services\ImageService.cs(178,9): warning CA1031: Modify 'GetImageByEntityAsync' to catch a more specific allowed exception type, or rethrow the exception (https://learn.microsoft.com/dotnet/fundamentals/code-analysis/quality-rules/ca1031) [E:\github\FunWasHad\src\FWH.Mobile\FWH.Mobile\FWH.Mobile.csproj]
E:\github\FunWasHad\src\FWH.Mobile\FWH.Mobile\Services\LocationTrackingService.cs(412,9): warning CA1848: For improved performance, use the LoggerMessage delegates instead of calling 'LoggerExtensions.LogDebug(ILogger, string?, params object?[])' (https://learn.microsoft.com/dotnet/fundamentals/code-analysis/quality-rules/ca1848) [E:\github\FunWasHad\src\FWH.Mobile\FWH.Mobile\FWH.Mobile.csproj]
E:\github\FunWasHad\src\FWH.Mobile\FWH.Mobile\Services\LocationTrackingService.cs(433,17): warning CA1848: For improved performance, use the LoggerMessage delegates instead of calling 'LoggerExtensions.LogDebug(ILogger, string?, params object?[])' (https://learn.microsoft.com/dotnet/fundamentals/code-analysis/quality-rules/ca1848) [E:\github\FunWasHad\src\FWH.Mobile\FWH.Mobile\FWH.Mobile.csproj]
E:\github\FunWasHad\src\FWH.Mobile\FWH.Mobile\Services\LocationTrackingService.cs(437,17): warning CA1848: For improved performance, use the LoggerMessage delegates instead of calling 'LoggerExtensions.LogError(ILogger, Exception?, string?, params object?[])' (https://learn.microsoft.com/dotnet/fundamentals/code-analysis/quality-rules/ca1848) [E:\github\FunWasHad\src\FWH.Mobile\FWH.Mobile\FWH.Mobile.csproj]
E:\github\FunWasHad\src\FWH.Mobile\FWH.Mobile\Services\LocationWorkflowService.cs(183,13): warning CA1031: Modify 'LoadLocationWorkflowFileAsync' to catch a more specific allowed exception type, or rethrow the exception (https://learn.microsoft.com/dotnet/fundamentals/code-analysis/quality-rules/ca1031) [E:\github\FunWasHad\src\FWH.Mobile\FWH.Mobile\FWH.Mobile.csproj]
E:\github\FunWasHad\src\FWH.Mobile\FWH.Mobile\Services\LocationWorkflowService.cs(208,13): warning CA1031: Modify 'LoadLocationWorkflowFileAsync' to catch a more specific allowed exception type, or rethrow the exception (https://learn.microsoft.com/dotnet/fundamentals/code-analysis/quality-rules/ca1031) [E:\github\FunWasHad\src\FWH.Mobile\FWH.Mobile\FWH.Mobile.csproj]
E:\github\FunWasHad\src\FWH.Mobile\FWH.Mobile\Services\LocationTrackingService.cs(458,13): warning CA1848: For improved performance, use the LoggerMessage delegates instead of calling 'LoggerExtensions.LogDebug(ILogger, string?, params object?[])' (https://learn.microsoft.com/dotnet/fundamentals/code-analysis/quality-rules/ca1848) [E:\github\FunWasHad\src\FWH.Mobile\FWH.Mobile\FWH.Mobile.csproj]
E:\github\FunWasHad\src\FWH.Mobile\FWH.Mobile\Services\LocationTrackingService.cs(480,17): warning CA1848: For improved performance, use the LoggerMessage delegates instead of calling 'LoggerExtensions.LogDebug(ILogger, Exception?, string?, params object?[])' (https://learn.microsoft.com/dotnet/fundamentals/code-analysis/quality-rules/ca1848) [E:\github\FunWasHad\src\FWH.Mobile\FWH.Mobile\FWH.Mobile.csproj]
E:\github\FunWasHad\src\FWH.Mobile\FWH.Mobile\Services\LocationTrackingService.cs(487,17): warning CA1848: For improved performance, use the LoggerMessage delegates instead of calling 'LoggerExtensions.LogDebug(ILogger, string?, params object?[])' (https://learn.microsoft.com/dotnet/fundamentals/code-analysis/quality-rules/ca1848) [E:\github\FunWasHad\src\FWH.Mobile\FWH.Mobile\FWH.Mobile.csproj]
E:\github\FunWasHad\src\FWH.Mobile\FWH.Mobile\Services\LocationTrackingService.cs(177,13): warning CA1031: Modify 'StartTrackingAsync' to catch a more specific allowed exception type, or rethrow the exception (https://learn.microsoft.com/dotnet/fundamentals/code-analysis/quality-rules/ca1031) [E:\github\FunWasHad\src\FWH.Mobile\FWH.Mobile\FWH.Mobile.csproj]
E:\github\FunWasHad\src\FWH.Mobile\FWH.Mobile\Services\LocationTrackingService.cs(490,13): warning CA1848: For improved performance, use the LoggerMessage delegates instead of calling 'LoggerExtensions.LogTrace(ILogger, string?, params object?[])' (https://learn.microsoft.com/dotnet/fundamentals/code-analysis/quality-rules/ca1848) [E:\github\FunWasHad\src\FWH.Mobile\FWH.Mobile\FWH.Mobile.csproj]
E:\github\FunWasHad\src\FWH.Mobile\FWH.Mobile\Services\LocationTrackingService.cs(496,17): warning CA1848: For improved performance, use the LoggerMessage delegates instead of calling 'LoggerExtensions.LogInformation(ILogger, string?, params object?[])' (https://learn.microsoft.com/dotnet/fundamentals/code-analysis/quality-rules/ca1848) [E:\github\FunWasHad\src\FWH.Mobile\FWH.Mobile\FWH.Mobile.csproj]
E:\github\FunWasHad\src\FWH.Mobile\FWH.Mobile\Services\LocationTrackingService.cs(512,17): warning CA1848: For improved performance, use the LoggerMessage delegates instead of calling 'LoggerExtensions.LogDebug(ILogger, string?, params object?[])' (https://learn.microsoft.com/dotnet/fundamentals/code-analysis/quality-rules/ca1848) [E:\github\FunWasHad\src\FWH.Mobile\FWH.Mobile\FWH.Mobile.csproj]
E:\github\FunWasHad\src\FWH.Mobile\FWH.Mobile\Services\LocationTrackingService.cs(523,13): warning CA1848: For improved performance, use the LoggerMessage delegates instead of calling 'LoggerExtensions.LogError(ILogger, Exception?, string?, params object?[])' (https://learn.microsoft.com/dotnet/fundamentals/code-analysis/quality-rules/ca1848) [E:\github\FunWasHad\src\FWH.Mobile\FWH.Mobile\FWH.Mobile.csproj]
E:\github\FunWasHad\src\FWH.Mobile\FWH.Mobile\Services\LocationTrackingService.cs(559,13): warning CA1848: For improved performance, use the LoggerMessage delegates instead of calling 'LoggerExtensions.LogInformation(ILogger, string?, params object?[])' (https://learn.microsoft.com/dotnet/fundamentals/code-analysis/quality-rules/ca1848) [E:\github\FunWasHad\src\FWH.Mobile\FWH.Mobile\FWH.Mobile.csproj]
E:\github\FunWasHad\src\FWH.Mobile\FWH.Mobile\Services\LocationTrackingService.cs(573,29): warning CA1848: For improved performance, use the LoggerMessage delegates instead of calling 'LoggerExtensions.LogInformation(ILogger, string?, params object?[])' (https://learn.microsoft.com/dotnet/fundamentals/code-analysis/quality-rules/ca1848) [E:\github\FunWasHad\src\FWH.Mobile\FWH.Mobile\FWH.Mobile.csproj]
E:\github\FunWasHad\src\FWH.Mobile\FWH.Mobile\Services\LocationTrackingService.cs(578,25): warning CA1848: For improved performance, use the LoggerMessage delegates instead of calling 'LoggerExtensions.LogWarning(ILogger, Exception?, string?, params object?[])' (https://learn.microsoft.com/dotnet/fundamentals/code-analysis/quality-rules/ca1848) [E:\github\FunWasHad\src\FWH.Mobile\FWH.Mobile\FWH.Mobile.csproj]
E:\github\FunWasHad\src\FWH.Mobile\FWH.Mobile\Services\LocationTrackingService.cs(595,33): warning CA1848: For improved performance, use the LoggerMessage delegates instead of calling 'LoggerExtensions.LogInformation(ILogger, string?, params object?[])' (https://learn.microsoft.com/dotnet/fundamentals/code-analysis/quality-rules/ca1848) [E:\github\FunWasHad\src\FWH.Mobile\FWH.Mobile\FWH.Mobile.csproj]
E:\github\FunWasHad\src\FWH.Mobile\FWH.Mobile\Services\LocationTrackingService.cs(600,29): warning CA1848: For improved performance, use the LoggerMessage delegates instead of calling 'LoggerExtensions.LogWarning(ILogger, Exception?, string?, params object?[])' (https://learn.microsoft.com/dotnet/fundamentals/code-analysis/quality-rules/ca1848) [E:\github\FunWasHad\src\FWH.Mobile\FWH.Mobile\FWH.Mobile.csproj]
E:\github\FunWasHad\src\FWH.Mobile\FWH.Mobile\Services\LocationTrackingService.cs(608,13): warning CA1848: For improved performance, use the LoggerMessage delegates instead of calling 'LoggerExtensions.LogError(ILogger, Exception?, string?, params object?[])' (https://learn.microsoft.com/dotnet/fundamentals/code-analysis/quality-rules/ca1848) [E:\github\FunWasHad\src\FWH.Mobile\FWH.Mobile\FWH.Mobile.csproj]
E:\github\FunWasHad\src\FWH.Mobile\FWH.Mobile\Services\LocationTrackingService.cs(435,13): warning CA1031: Modify 'StartStationaryCountdown' to catch a more specific allowed exception type, or rethrow the exception (https://learn.microsoft.com/dotnet/fundamentals/code-analysis/quality-rules/ca1031) [E:\github\FunWasHad\src\FWH.Mobile\FWH.Mobile\FWH.Mobile.csproj]
E:\github\FunWasHad\src\FWH.Mobile\FWH.Mobile\Services\LocationTrackingService.cs(770,9): warning CA1848: For improved performance, use the LoggerMessage delegates instead of calling 'LoggerExtensions.LogDebug(ILogger, string?, params object?[])' (https://learn.microsoft.com/dotnet/fundamentals/code-analysis/quality-rules/ca1848) [E:\github\FunWasHad\src\FWH.Mobile\FWH.Mobile\FWH.Mobile.csproj]
E:\github\FunWasHad\src\FWH.Mobile\FWH.Mobile\Services\LocationTrackingService.cs(707,28): warning CA1860: Prefer comparing 'Count' to 0 rather than using 'Any()', both for clarity and for performance (https://learn.microsoft.com/dotnet/fundamentals/code-analysis/quality-rules/ca1860) [E:\github\FunWasHad\src\FWH.Mobile\FWH.Mobile\FWH.Mobile.csproj]
E:\github\FunWasHad\src\FWH.Mobile\FWH.Mobile\Services\LocationTrackingService.cs(711,9): warning CA1848: For improved performance, use the LoggerMessage delegates instead of calling 'LoggerExtensions.LogDebug(ILogger, string?, params object?[])' (https://learn.microsoft.com/dotnet/fundamentals/code-analysis/quality-rules/ca1848) [E:\github\FunWasHad\src\FWH.Mobile\FWH.Mobile\FWH.Mobile.csproj]
E:\github\FunWasHad\src\FWH.Mobile\FWH.Mobile\Services\LocationTrackingService.cs(779,13): warning CA1848: For improved performance, use the LoggerMessage delegates instead of calling 'LoggerExtensions.LogDebug(ILogger, string?, params object?[])' (https://learn.microsoft.com/dotnet/fundamentals/code-analysis/quality-rules/ca1848) [E:\github\FunWasHad\src\FWH.Mobile\FWH.Mobile\FWH.Mobile.csproj]
E:\github\FunWasHad\src\FWH.Mobile\FWH.Mobile\Services\LocationTrackingService.cs(804,13): warning CA1848: For improved performance, use the LoggerMessage delegates instead of calling 'LoggerExtensions.LogDebug(ILogger, string?, params object?[])' (https://learn.microsoft.com/dotnet/fundamentals/code-analysis/quality-rules/ca1848) [E:\github\FunWasHad\src\FWH.Mobile\FWH.Mobile\FWH.Mobile.csproj]
E:\github\FunWasHad\src\FWH.Mobile\FWH.Mobile\Services\LocationTrackingService.cs(810,13): warning CA1848: For improved performance, use the LoggerMessage delegates instead of calling 'LoggerExtensions.LogError(ILogger, Exception?, string?, params object?[])' (https://learn.microsoft.com/dotnet/fundamentals/code-analysis/quality-rules/ca1848) [E:\github\FunWasHad\src\FWH.Mobile\FWH.Mobile\FWH.Mobile.csproj]
E:\github\FunWasHad\src\FWH.Mobile\FWH.Mobile\Services\LocationTrackingService.cs(819,13): warning CA1848: For improved performance, use the LoggerMessage delegates instead of calling 'LoggerExtensions.LogDebug(ILogger, string?, params object?[])' (https://learn.microsoft.com/dotnet/fundamentals/code-analysis/quality-rules/ca1848) [E:\github\FunWasHad\src\FWH.Mobile\FWH.Mobile\FWH.Mobile.csproj]
E:\github\FunWasHad\src\FWH.Mobile\FWH.Mobile\Services\LocationTrackingService.cs(827,17): warning CA1848: For improved performance, use the LoggerMessage delegates instead of calling 'LoggerExtensions.LogWarning(ILogger, string?, params object?[])' (https://learn.microsoft.com/dotnet/fundamentals/code-analysis/quality-rules/ca1848) [E:\github\FunWasHad\src\FWH.Mobile\FWH.Mobile\FWH.Mobile.csproj]
E:\github\FunWasHad\src\FWH.Mobile\FWH.Mobile\Services\LocationTrackingService.cs(832,13): warning CA1848: For improved performance, use the LoggerMessage delegates instead of calling 'LoggerExtensions.LogError(ILogger, Exception?, string?, params object?[])' (https://learn.microsoft.com/dotnet/fundamentals/code-analysis/quality-rules/ca1848) [E:\github\FunWasHad\src\FWH.Mobile\FWH.Mobile\FWH.Mobile.csproj]
E:\github\FunWasHad\src\FWH.Mobile\FWH.Mobile\Services\LocationTrackingService.cs(830,9): warning CA1031: Modify 'OnNewLocationAddress' to catch a more specific allowed exception type, or rethrow the exception (https://learn.microsoft.com/dotnet/fundamentals/code-analysis/quality-rules/ca1031) [E:\github\FunWasHad\src\FWH.Mobile\FWH.Mobile\FWH.Mobile.csproj]
E:\github\FunWasHad\src\FWH.Mobile\FWH.Mobile\Services\LocationTrackingService.cs(808,9): warning CA1031: Modify 'SendLocationUpdateAsync' to catch a more specific allowed exception type, or rethrow the exception (https://learn.microsoft.com/dotnet/fundamentals/code-analysis/quality-rules/ca1031) [E:\github\FunWasHad\src\FWH.Mobile\FWH.Mobile\FWH.Mobile.csproj]
E:\github\FunWasHad\src\FWH.Mobile\FWH.Mobile\Services\LocationTrackingService.cs(864,21): warning CA1848: For improved performance, use the LoggerMessage delegates instead of calling 'LoggerExtensions.LogWarning(ILogger, Exception?, string?, params object?[])' (https://learn.microsoft.com/dotnet/fundamentals/code-analysis/quality-rules/ca1848) [E:\github\FunWasHad\src\FWH.Mobile\FWH.Mobile\FWH.Mobile.csproj]
E:\github\FunWasHad\src\FWH.Mobile\FWH.Mobile\Services\LocationTrackingService.cs(881,21): warning CA1848: For improved performance, use the LoggerMessage delegates instead of calling 'LoggerExtensions.LogWarning(ILogger, Exception?, string?, params object?[])' (https://learn.microsoft.com/dotnet/fundamentals/code-analysis/quality-rules/ca1848) [E:\github\FunWasHad\src\FWH.Mobile\FWH.Mobile\FWH.Mobile.csproj]
E:\github\FunWasHad\src\FWH.Mobile\FWH.Mobile\Services\LocationTrackingService.cs(576,21): warning CA1031: Modify 'SaveStationaryPlaceAsync' to catch a more specific allowed exception type, or rethrow the exception (https://learn.microsoft.com/dotnet/fundamentals/code-analysis/quality-rules/ca1031) [E:\github\FunWasHad\src\FWH.Mobile\FWH.Mobile\FWH.Mobile.csproj]
E:\github\FunWasHad\src\FWH.Mobile\FWH.Mobile\Services\LocationTrackingService.cs(598,25): warning CA1031: Modify 'SaveStationaryPlaceAsync' to catch a more specific allowed exception type, or rethrow the exception (https://learn.microsoft.com/dotnet/fundamentals/code-analysis/quality-rules/ca1031) [E:\github\FunWasHad\src\FWH.Mobile\FWH.Mobile\FWH.Mobile.csproj]
E:\github\FunWasHad\src\FWH.Mobile\FWH.Mobile\Services\LocationTrackingService.cs(606,9): warning CA1031: Modify 'SaveStationaryPlaceAsync' to catch a more specific allowed exception type, or rethrow the exception (https://learn.microsoft.com/dotnet/fundamentals/code-analysis/quality-rules/ca1031) [E:\github\FunWasHad\src\FWH.Mobile\FWH.Mobile\FWH.Mobile.csproj]
E:\github\FunWasHad\src\FWH.Mobile\FWH.Mobile\Services\LocationTrackingService.cs(321,13): warning CA1031: Modify 'TrackLocationLoopAsync' to catch a more specific allowed exception type, or rethrow the exception (https://learn.microsoft.com/dotnet/fundamentals/code-analysis/quality-rules/ca1031) [E:\github\FunWasHad\src\FWH.Mobile\FWH.Mobile\FWH.Mobile.csproj]
E:\github\FunWasHad\src\FWH.Mobile\FWH.Mobile\Services\LocationTrackingService.cs(862,17): warning CA1031: Modify 'Dispose' to catch a more specific allowed exception type, or rethrow the exception (https://learn.microsoft.com/dotnet/fundamentals/code-analysis/quality-rules/ca1031) [E:\github\FunWasHad\src\FWH.Mobile\FWH.Mobile\FWH.Mobile.csproj]
E:\github\FunWasHad\src\FWH.Mobile\FWH.Mobile\Services\LocationTrackingService.cs(879,17): warning CA1031: Modify 'Dispose' to catch a more specific allowed exception type, or rethrow the exception (https://learn.microsoft.com/dotnet/fundamentals/code-analysis/quality-rules/ca1031) [E:\github\FunWasHad\src\FWH.Mobile\FWH.Mobile\FWH.Mobile.csproj]
E:\github\FunWasHad\src\FWH.Mobile\FWH.Mobile\Services\LocationTrackingService.cs(478,13): warning CA1031: Modify 'CheckForAddressChangeAsync' to catch a more specific allowed exception type, or rethrow the exception (https://learn.microsoft.com/dotnet/fundamentals/code-analysis/quality-rules/ca1031) [E:\github\FunWasHad\src\FWH.Mobile\FWH.Mobile\FWH.Mobile.csproj]
E:\github\FunWasHad\src\FWH.Mobile\FWH.Mobile\Services\LocationTrackingService.cs(521,9): warning CA1031: Modify 'CheckForAddressChangeAsync' to catch a more specific allowed exception type, or rethrow the exception (https://learn.microsoft.com/dotnet/fundamentals/code-analysis/quality-rules/ca1031) [E:\github\FunWasHad\src\FWH.Mobile\FWH.Mobile\FWH.Mobile.csproj]
E:\github\FunWasHad\src\FWH.Mobile\FWH.Mobile\Services\GetNearbyBusinessesActionHandler.cs(228,9): warning CA1031: Modify 'HandleAsync' to catch a more specific allowed exception type, or rethrow the exception (https://learn.microsoft.com/dotnet/fundamentals/code-analysis/quality-rules/ca1031) [E:\github\FunWasHad\src\FWH.Mobile\FWH.Mobile\FWH.Mobile.csproj]
E:\github\FunWasHad\src\FWH.Mobile\FWH.Mobile\App.axaml.cs(668,18): warning CA1822: Member 'DisableAvaloniaDataAnnotationValidation' does not access instance data and can be marked as static (https://learn.microsoft.com/dotnet/fundamentals/code-analysis/quality-rules/ca1822) [E:\github\FunWasHad\src\FWH.Mobile\FWH.Mobile\FWH.Mobile.csproj]
E:\github\FunWasHad\src\FWH.Mobile\FWH.Mobile\App.axaml.cs(537,24): warning CA1822: Member 'StartLocationTrackingAsync' does not access instance data and can be marked as static (https://learn.microsoft.com/dotnet/fundamentals/code-analysis/quality-rules/ca1822) [E:\github\FunWasHad\src\FWH.Mobile\FWH.Mobile\FWH.Mobile.csproj]
E:\github\FunWasHad\src\FWH.Mobile\FWH.Mobile\App.axaml.cs(607,33): warning CA1822: Member 'LoadWorkflowFileAsync' does not access instance data and can be marked as static (https://learn.microsoft.com/dotnet/fundamentals/code-analysis/quality-rules/ca1822) [E:\github\FunWasHad\src\FWH.Mobile\FWH.Mobile\FWH.Mobile.csproj]
E:\github\FunWasHad\src\FWH.Mobile\FWH.Mobile\Services\ThemeService.cs(267,19): warning CA1812: 'ThemeService.CityThemeDto' is an internal class that is apparently never instantiated. If so, remove the code from the assembly. If this class is intended to contain only static members, make it 'static' (Module in Visual Basic). (https://learn.microsoft.com/dotnet/fundamentals/code-analysis/quality-rules/ca1812) [E:\github\FunWasHad\src\FWH.Mobile\FWH.Mobile\FWH.Mobile.csproj]
E:\github\FunWasHad\src\FWH.Mobile\FWH.Mobile\Services\ThemeService.cs(262,19): warning CA1812: 'ThemeService.CityMarketingResponseDto' is an internal class that is apparently never instantiated. If so, remove the code from the assembly. If this class is intended to contain only static members, make it 'static' (Module in Visual Basic). (https://learn.microsoft.com/dotnet/fundamentals/code-analysis/quality-rules/ca1812) [E:\github\FunWasHad\src\FWH.Mobile\FWH.Mobile\FWH.Mobile.csproj]
E:\github\FunWasHad\src\FWH.Mobile\FWH.Mobile\Services\ThemeService.cs(251,19): warning CA1812: 'ThemeService.BusinessThemeDto' is an internal class that is apparently never instantiated. If so, remove the code from the assembly. If this class is intended to contain only static members, make it 'static' (Module in Visual Basic). (https://learn.microsoft.com/dotnet/fundamentals/code-analysis/quality-rules/ca1812) [E:\github\FunWasHad\src\FWH.Mobile\FWH.Mobile\FWH.Mobile.csproj]
E:\github\FunWasHad\src\FWH.Mobile\FWH.Mobile\ViewModels\PlacesViewModel.cs(446,19): warning CA1812: 'PlacesViewModel.BusinessThemeDto' is an internal class that is apparently never instantiated. If so, remove the code from the assembly. If this class is intended to contain only static members, make it 'static' (Module in Visual Basic). (https://learn.microsoft.com/dotnet/fundamentals/code-analysis/quality-rules/ca1812) [E:\github\FunWasHad\src\FWH.Mobile\FWH.Mobile\FWH.Mobile.csproj]
E:\github\FunWasHad\src\FWH.Mobile\FWH.Mobile\ViewModels\PlacesViewModel.cs(437,19): warning CA1812: 'PlacesViewModel.MarketingBusinessDto' is an internal class that is apparently never instantiated. If so, remove the code from the assembly. If this class is intended to contain only static members, make it 'static' (Module in Visual Basic). (https://learn.microsoft.com/dotnet/fundamentals/code-analysis/quality-rules/ca1812) [E:\github\FunWasHad\src\FWH.Mobile\FWH.Mobile\FWH.Mobile.csproj]
E:\github\FunWasHad\src\FWH.Mobile\FWH.Mobile\Services\ThemeService.cs(267,19): warning CA1852: Type 'CityThemeDto' can be sealed because it has no subtypes in its containing assembly and is not externally visible (https://learn.microsoft.com/dotnet/fundamentals/code-analysis/quality-rules/ca1852) [E:\github\FunWasHad\src\FWH.Mobile\FWH.Mobile\FWH.Mobile.csproj]
E:\github\FunWasHad\src\FWH.Mobile\FWH.Mobile\Services\ThemeService.cs(262,19): warning CA1852: Type 'CityMarketingResponseDto' can be sealed because it has no subtypes in its containing assembly and is not externally visible (https://learn.microsoft.com/dotnet/fundamentals/code-analysis/quality-rules/ca1852) [E:\github\FunWasHad\src\FWH.Mobile\FWH.Mobile\FWH.Mobile.csproj]
E:\github\FunWasHad\src\FWH.Mobile\FWH.Mobile\Services\ThemeService.cs(251,19): warning CA1852: Type 'BusinessThemeDto' can be sealed because it has no subtypes in its containing assembly and is not externally visible (https://learn.microsoft.com/dotnet/fundamentals/code-analysis/quality-rules/ca1852) [E:\github\FunWasHad\src\FWH.Mobile\FWH.Mobile\FWH.Mobile.csproj]
E:\github\FunWasHad\src\FWH.Mobile\FWH.Mobile\ViewModels\PlacesViewModel.cs(446,19): warning CA1852: Type 'BusinessThemeDto' can be sealed because it has no subtypes in its containing assembly and is not externally visible (https://learn.microsoft.com/dotnet/fundamentals/code-analysis/quality-rules/ca1852) [E:\github\FunWasHad\src\FWH.Mobile\FWH.Mobile\FWH.Mobile.csproj]
E:\github\FunWasHad\src\FWH.Mobile\FWH.Mobile\ViewModels\PlacesViewModel.cs(437,19): warning CA1852: Type 'MarketingBusinessDto' can be sealed because it has no subtypes in its containing assembly and is not externally visible (https://learn.microsoft.com/dotnet/fundamentals/code-analysis/quality-rules/ca1852) [E:\github\FunWasHad\src\FWH.Mobile\FWH.Mobile\FWH.Mobile.csproj]
  FWH.AppHost -> E:\github\FunWasHad\src\FWH.AppHost\bin\Debug\net9.0\FWH.AppHost.dll
  FWH.Mobile -> E:\github\FunWasHad\src\FWH.Mobile\FWH.Mobile\bin\Debug\net9.0\FWH.Mobile.dll
E:\github\FunWasHad\src\FWH.Mobile\FWH.Mobile.Desktop\Services\WindowsGpsService.cs(46,25): warning CA1848: For improved performance, use the LoggerMessage delegates instead of calling 'LoggerExtensions.LogError(ILogger, Exception?, string?, params object?[])' (https://learn.microsoft.com/dotnet/fundamentals/code-analysis/quality-rules/ca1848) [E:\github\FunWasHad\src\FWH.Mobile\FWH.Mobile.Desktop\FWH.Mobile.Desktop.csproj]
E:\github\FunWasHad\src\FWH.Mobile\FWH.Mobile.Desktop\Services\WindowsGpsService.cs(61,21): warning CA1848: For improved performance, use the LoggerMessage delegates instead of calling 'LoggerExtensions.LogWarning(ILogger, Exception?, string?, params object?[])' (https://learn.microsoft.com/dotnet/fundamentals/code-analysis/quality-rules/ca1848) [E:\github\FunWasHad\src\FWH.Mobile\FWH.Mobile.Desktop\FWH.Mobile.Desktop.csproj]
E:\github\FunWasHad\src\FWH.Mobile\FWH.Mobile.Desktop\Services\WindowsGpsService.cs(66,21): warning CA1848: For improved performance, use the LoggerMessage delegates instead of calling 'LoggerExtensions.LogError(ILogger, Exception?, string?, params object?[])' (https://learn.microsoft.com/dotnet/fundamentals/code-analysis/quality-rules/ca1848) [E:\github\FunWasHad\src\FWH.Mobile\FWH.Mobile.Desktop\FWH.Mobile.Desktop.csproj]
E:\github\FunWasHad\src\FWH.Mobile\FWH.Mobile.Desktop\Services\WindowsGpsService.cs(240,21): warning CA1848: For improved performance, use the LoggerMessage delegates instead of calling 'LoggerExtensions.LogError(ILogger, Exception?, string?, params object?[])' (https://learn.microsoft.com/dotnet/fundamentals/code-analysis/quality-rules/ca1848) [E:\github\FunWasHad\src\FWH.Mobile\FWH.Mobile.Desktop\FWH.Mobile.Desktop.csproj]
E:\github\FunWasHad\src\FWH.Mobile\FWH.Mobile.Desktop\Services\WindowsGpsService.cs(44,13): warning CA1031: Modify 'get_IsLocationAvailable' to catch a more specific allowed exception type, or rethrow the exception (https://learn.microsoft.com/dotnet/fundamentals/code-analysis/quality-rules/ca1031) [E:\github\FunWasHad\src\FWH.Mobile\FWH.Mobile.Desktop\FWH.Mobile.Desktop.csproj]
E:\github\FunWasHad\src\FWH.Mobile\FWH.Mobile.Desktop\Services\WindowsGpsService.cs(64,9): warning CA1031: Modify 'RequestLocationPermissionAsync' to catch a more specific allowed exception type, or rethrow the exception (https://learn.microsoft.com/dotnet/fundamentals/code-analysis/quality-rules/ca1031) [E:\github\FunWasHad\src\FWH.Mobile\FWH.Mobile.Desktop\FWH.Mobile.Desktop.csproj]
E:\github\FunWasHad\src\FWH.Mobile\FWH.Mobile.Desktop\Services\WindowsGpsService.cs(238,9): warning CA1031: Modify 'GetLastKnownLocationAsync' to catch a more specific allowed exception type, or rethrow the exception (https://learn.microsoft.com/dotnet/fundamentals/code-analysis/quality-rules/ca1031) [E:\github\FunWasHad\src\FWH.Mobile\FWH.Mobile.Desktop\FWH.Mobile.Desktop.csproj]
E:\github\FunWasHad\src\FWH.Mobile\FWH.Mobile.Desktop\Services\WindowsGpsService.cs(90,17): warning CA1031: Modify 'GetCurrentLocationAsync' to catch a more specific allowed exception type, or rethrow the exception (https://learn.microsoft.com/dotnet/fundamentals/code-analysis/quality-rules/ca1031) [E:\github\FunWasHad\src\FWH.Mobile\FWH.Mobile.Desktop\FWH.Mobile.Desktop.csproj]
E:\github\FunWasHad\src\FWH.Mobile\FWH.Mobile.Desktop\Services\WindowsGpsService.cs(128,13): warning CA1031: Modify 'GetCurrentLocationAsync' to catch a more specific allowed exception type, or rethrow the exception (https://learn.microsoft.com/dotnet/fundamentals/code-analysis/quality-rules/ca1031) [E:\github\FunWasHad\src\FWH.Mobile\FWH.Mobile.Desktop\FWH.Mobile.Desktop.csproj]
E:\github\FunWasHad\src\FWH.Mobile\FWH.Mobile.Desktop\Services\WindowsGpsService.cs(12,16): warning CA1812: 'WindowsGpsService' is an internal class that is apparently never instantiated. If so, remove the code from the assembly. If this class is intended to contain only static members, make it 'static' (Module in Visual Basic). (https://learn.microsoft.com/dotnet/fundamentals/code-analysis/quality-rules/ca1812) [E:\github\FunWasHad\src\FWH.Mobile\FWH.Mobile.Desktop\FWH.Mobile.Desktop.csproj]
E:\github\FunWasHad\src\FWH.Mobile\FWH.Mobile.Desktop\Services\WindowsGpsService.cs(12,16): warning CA1852: Type 'WindowsGpsService' can be sealed because it has no subtypes in its containing assembly and is not externally visible (https://learn.microsoft.com/dotnet/fundamentals/code-analysis/quality-rules/ca1852) [E:\github\FunWasHad\src\FWH.Mobile\FWH.Mobile.Desktop\FWH.Mobile.Desktop.csproj]
  FWH.Mobile.Desktop -> E:\github\FunWasHad\src\FWH.Mobile\FWH.Mobile.Desktop\bin\Debug\net9.0-windows10.0.19041.0\FWH.Mobile.Desktop.dll
E:\github\FunWasHad\tests\FWH.Mobile.Services.Tests\LocationTrackingServiceTests.cs(143,15): warning xUnit1051: Calls to methods which accept CancellationToken should use TestContext.Current.CancellationToken to allow test cancellation to be more responsive. (https://xunit.net/xunit.analyzers/rules/xUnit1051) [E:\github\FunWasHad\tests\FWH.Mobile.Services.Tests\FWH.Mobile.Services.Tests.csproj]
E:\github\FunWasHad\tests\FWH.Mobile.Services.Tests\LocationTrackingServiceTests.cs(77,15): warning xUnit1051: Calls to methods which accept CancellationToken should use TestContext.Current.CancellationToken to allow test cancellation to be more responsive. (https://xunit.net/xunit.analyzers/rules/xUnit1051) [E:\github\FunWasHad\tests\FWH.Mobile.Services.Tests\FWH.Mobile.Services.Tests.csproj]
E:\github\FunWasHad\tests\FWH.Mobile.Services.Tests\LocationTrackingServiceTests.cs(80,15): warning xUnit1051: Calls to methods which accept CancellationToken should use TestContext.Current.CancellationToken to allow test cancellation to be more responsive. (https://xunit.net/xunit.analyzers/rules/xUnit1051) [E:\github\FunWasHad\tests\FWH.Mobile.Services.Tests\FWH.Mobile.Services.Tests.csproj]
E:\github\FunWasHad\tests\FWH.Mobile.Services.Tests\LocationTrackingServiceTests.cs(223,15): warning xUnit1051: Calls to methods which accept CancellationToken should use TestContext.Current.CancellationToken to allow test cancellation to be more responsive. (https://xunit.net/xunit.analyzers/rules/xUnit1051) [E:\github\FunWasHad\tests\FWH.Mobile.Services.Tests\FWH.Mobile.Services.Tests.csproj]
E:\github\FunWasHad\tests\FWH.Mobile.Services.Tests\LocationTrackingServiceTests.cs(224,15): warning xUnit1051: Calls to methods which accept CancellationToken should use TestContext.Current.CancellationToken to allow test cancellation to be more responsive. (https://xunit.net/xunit.analyzers/rules/xUnit1051) [E:\github\FunWasHad\tests\FWH.Mobile.Services.Tests\FWH.Mobile.Services.Tests.csproj]
E:\github\FunWasHad\tests\FWH.Mobile.Services.Tests\LocationTrackingServiceTests.cs(115,15): warning xUnit1051: Calls to methods which accept CancellationToken should use TestContext.Current.CancellationToken to allow test cancellation to be more responsive. (https://xunit.net/xunit.analyzers/rules/xUnit1051) [E:\github\FunWasHad\tests\FWH.Mobile.Services.Tests\FWH.Mobile.Services.Tests.csproj]
E:\github\FunWasHad\tests\FWH.Mobile.Services.Tests\LocationTrackingServiceTests.cs(275,15): warning xUnit1051: Calls to methods which accept CancellationToken should use TestContext.Current.CancellationToken to allow test cancellation to be more responsive. (https://xunit.net/xunit.analyzers/rules/xUnit1051) [E:\github\FunWasHad\tests\FWH.Mobile.Services.Tests\FWH.Mobile.Services.Tests.csproj]
E:\github\FunWasHad\tests\FWH.Mobile.Services.Tests\LocationTrackingServiceTests.cs(276,15): warning xUnit1051: Calls to methods which accept CancellationToken should use TestContext.Current.CancellationToken to allow test cancellation to be more responsive. (https://xunit.net/xunit.analyzers/rules/xUnit1051) [E:\github\FunWasHad\tests\FWH.Mobile.Services.Tests\FWH.Mobile.Services.Tests.csproj]
E:\github\FunWasHad\tests\FWH.Mobile.Services.Tests\LocationTrackingServiceTests.cs(178,15): warning xUnit1051: Calls to methods which accept CancellationToken should use TestContext.Current.CancellationToken to allow test cancellation to be more responsive. (https://xunit.net/xunit.analyzers/rules/xUnit1051) [E:\github\FunWasHad\tests\FWH.Mobile.Services.Tests\FWH.Mobile.Services.Tests.csproj]
E:\github\FunWasHad\tests\FWH.Mobile.Services.Tests\LocationTrackingServiceTests.cs(179,15): warning xUnit1051: Calls to methods which accept CancellationToken should use TestContext.Current.CancellationToken to allow test cancellation to be more responsive. (https://xunit.net/xunit.analyzers/rules/xUnit1051) [E:\github\FunWasHad\tests\FWH.Mobile.Services.Tests\FWH.Mobile.Services.Tests.csproj]
E:\github\FunWasHad\tests\FWH.Mobile.Services.Tests\LocationTrackingServiceTests.cs(182,37): warning xUnit1051: Calls to methods which accept CancellationToken should use TestContext.Current.CancellationToken to allow test cancellation to be more responsive. (https://xunit.net/xunit.analyzers/rules/xUnit1051) [E:\github\FunWasHad\tests\FWH.Mobile.Services.Tests\FWH.Mobile.Services.Tests.csproj]
E:\github\FunWasHad\tests\FWH.Mobile.Services.Tests\LocationTrackingServiceTests.cs(389,15): warning xUnit1051: Calls to methods which accept CancellationToken should use TestContext.Current.CancellationToken to allow test cancellation to be more responsive. (https://xunit.net/xunit.analyzers/rules/xUnit1051) [E:\github\FunWasHad\tests\FWH.Mobile.Services.Tests\FWH.Mobile.Services.Tests.csproj]
E:\github\FunWasHad\tests\FWH.Mobile.Services.Tests\LocationTrackingServiceTests.cs(346,15): warning xUnit1051: Calls to methods which accept CancellationToken should use TestContext.Current.CancellationToken to allow test cancellation to be more responsive. (https://xunit.net/xunit.analyzers/rules/xUnit1051) [E:\github\FunWasHad\tests\FWH.Mobile.Services.Tests\FWH.Mobile.Services.Tests.csproj]
E:\github\FunWasHad\tests\FWH.Mobile.Services.Tests\LocationTrackingServiceTests.cs(393,15): warning xUnit1051: Calls to methods which accept CancellationToken should use TestContext.Current.CancellationToken to allow test cancellation to be more responsive. (https://xunit.net/xunit.analyzers/rules/xUnit1051) [E:\github\FunWasHad\tests\FWH.Mobile.Services.Tests\FWH.Mobile.Services.Tests.csproj]
E:\github\FunWasHad\tests\FWH.Mobile.Services.Tests\LocationTrackingServiceTests.cs(347,15): warning xUnit1051: Calls to methods which accept CancellationToken should use TestContext.Current.CancellationToken to allow test cancellation to be more responsive. (https://xunit.net/xunit.analyzers/rules/xUnit1051) [E:\github\FunWasHad\tests\FWH.Mobile.Services.Tests\FWH.Mobile.Services.Tests.csproj]
E:\github\FunWasHad\tests\FWH.Mobile.Services.Tests\LocationTrackingServiceTests.cs(309,15): warning xUnit1051: Calls to methods which accept CancellationToken should use TestContext.Current.CancellationToken to allow test cancellation to be more responsive. (https://xunit.net/xunit.analyzers/rules/xUnit1051) [E:\github\FunWasHad\tests\FWH.Mobile.Services.Tests\FWH.Mobile.Services.Tests.csproj]
E:\github\FunWasHad\tests\FWH.Mobile.Services.Tests\LocationTrackingServiceTests.cs(399,37): warning xUnit1051: Calls to methods which accept CancellationToken should use TestContext.Current.CancellationToken to allow test cancellation to be more responsive. (https://xunit.net/xunit.analyzers/rules/xUnit1051) [E:\github\FunWasHad\tests\FWH.Mobile.Services.Tests\FWH.Mobile.Services.Tests.csproj]
E:\github\FunWasHad\tests\FWH.Mobile.Services.Tests\LocationTrackingServiceTests.cs(310,15): warning xUnit1051: Calls to methods which accept CancellationToken should use TestContext.Current.CancellationToken to allow test cancellation to be more responsive. (https://xunit.net/xunit.analyzers/rules/xUnit1051) [E:\github\FunWasHad\tests\FWH.Mobile.Services.Tests\FWH.Mobile.Services.Tests.csproj]
E:\github\FunWasHad\tests\FWH.Mobile.Services.Tests\LocationTrackingServiceTests.cs(446,15): warning xUnit1051: Calls to methods which accept CancellationToken should use TestContext.Current.CancellationToken to allow test cancellation to be more responsive. (https://xunit.net/xunit.analyzers/rules/xUnit1051) [E:\github\FunWasHad\tests\FWH.Mobile.Services.Tests\FWH.Mobile.Services.Tests.csproj]
E:\github\FunWasHad\tests\FWH.Mobile.Services.Tests\LocationTrackingServiceTests.cs(447,15): warning xUnit1051: Calls to methods which accept CancellationToken should use TestContext.Current.CancellationToken to allow test cancellation to be more responsive. (https://xunit.net/xunit.analyzers/rules/xUnit1051) [E:\github\FunWasHad\tests\FWH.Mobile.Services.Tests\FWH.Mobile.Services.Tests.csproj]
E:\github\FunWasHad\tests\FWH.Mobile.Services.Tests\LocationTrackingServiceTests.cs(450,37): warning xUnit1051: Calls to methods which accept CancellationToken should use TestContext.Current.CancellationToken to allow test cancellation to be more responsive. (https://xunit.net/xunit.analyzers/rules/xUnit1051) [E:\github\FunWasHad\tests\FWH.Mobile.Services.Tests\FWH.Mobile.Services.Tests.csproj]
E:\github\FunWasHad\tests\FWH.Mobile.Services.Tests\LocationTrackingServiceTests.cs(516,15): warning xUnit1051: Calls to methods which accept CancellationToken should use TestContext.Current.CancellationToken to allow test cancellation to be more responsive. (https://xunit.net/xunit.analyzers/rules/xUnit1051) [E:\github\FunWasHad\tests\FWH.Mobile.Services.Tests\FWH.Mobile.Services.Tests.csproj]
E:\github\FunWasHad\tests\FWH.Mobile.Services.Tests\LocationTrackingServiceTests.cs(517,15): warning xUnit1051: Calls to methods which accept CancellationToken should use TestContext.Current.CancellationToken to allow test cancellation to be more responsive. (https://xunit.net/xunit.analyzers/rules/xUnit1051) [E:\github\FunWasHad\tests\FWH.Mobile.Services.Tests\FWH.Mobile.Services.Tests.csproj]
E:\github\FunWasHad\tests\FWH.Mobile.Services.Tests\LocationTrackingServiceTests.cs(521,31): warning xUnit1051: Calls to methods which accept CancellationToken should use TestContext.Current.CancellationToken to allow test cancellation to be more responsive. (https://xunit.net/xunit.analyzers/rules/xUnit1051) [E:\github\FunWasHad\tests\FWH.Mobile.Services.Tests\FWH.Mobile.Services.Tests.csproj]
E:\github\FunWasHad\tests\FWH.Mobile.Services.Tests\LocationTrackingServiceTests.cs(522,39): warning xUnit1051: Calls to methods which accept CancellationToken should use TestContext.Current.CancellationToken to allow test cancellation to be more responsive. (https://xunit.net/xunit.analyzers/rules/xUnit1051) [E:\github\FunWasHad\tests\FWH.Mobile.Services.Tests\FWH.Mobile.Services.Tests.csproj]
E:\github\FunWasHad\tests\FWH.Mobile.Services.Tests\LocationTrackingServiceTests.cs(547,15): warning xUnit1051: Calls to methods which accept CancellationToken should use TestContext.Current.CancellationToken to allow test cancellation to be more responsive. (https://xunit.net/xunit.analyzers/rules/xUnit1051) [E:\github\FunWasHad\tests\FWH.Mobile.Services.Tests\FWH.Mobile.Services.Tests.csproj]
E:\github\FunWasHad\tests\FWH.Mobile.Services.Tests\LocationTrackingServiceTests.cs(548,15): warning xUnit1051: Calls to methods which accept CancellationToken should use TestContext.Current.CancellationToken to allow test cancellation to be more responsive. (https://xunit.net/xunit.analyzers/rules/xUnit1051) [E:\github\FunWasHad\tests\FWH.Mobile.Services.Tests\FWH.Mobile.Services.Tests.csproj]
E:\github\FunWasHad\tests\FWH.Mobile.Services.Tests\LocationTrackingServiceTests.cs(553,37): warning xUnit1051: Calls to methods which accept CancellationToken should use TestContext.Current.CancellationToken to allow test cancellation to be more responsive. (https://xunit.net/xunit.analyzers/rules/xUnit1051) [E:\github\FunWasHad\tests\FWH.Mobile.Services.Tests\FWH.Mobile.Services.Tests.csproj]
  FWH.Mobile.Services.Tests -> E:\github\FunWasHad\tests\FWH.Mobile.Services.Tests\bin\Debug\net9.0\FWH.Mobile.Services.Tests.dll
E:\github\FunWasHad\src\FWH.Mobile\FWH.Mobile.Android\Services\AndroidCameraService.cs(26,9): warning CA1031: Modify 'GetActivity' to catch a more specific allowed exception type, or rethrow the exception (https://learn.microsoft.com/dotnet/fundamentals/code-analysis/quality-rules/ca1031) [E:\github\FunWasHad\src\FWH.Mobile\FWH.Mobile.Android\FWH.Mobile.Android.csproj]
E:\github\FunWasHad\src\FWH.Mobile\FWH.Mobile.Android\Services\AndroidGpsService.cs(51,13): warning CA1031: Modify 'get_IsLocationAvailable' to catch a more specific allowed exception type, or rethrow the exception (https://learn.microsoft.com/dotnet/fundamentals/code-analysis/quality-rules/ca1031) [E:\github\FunWasHad\src\FWH.Mobile\FWH.Mobile.Android\FWH.Mobile.Android.csproj]
E:\github\FunWasHad\src\FWH.Mobile\FWH.Mobile.Android\MainActivity.cs(50,21): warning CA1848: For improved performance, use the LoggerMessage delegates instead of calling 'LoggerExtensions.LogInformation(ILogger, string?, params object?[])' (https://learn.microsoft.com/dotnet/fundamentals/code-analysis/quality-rules/ca1848) [E:\github\FunWasHad\src\FWH.Mobile\FWH.Mobile.Android\FWH.Mobile.Android.csproj]
E:\github\FunWasHad\src\FWH.Mobile\FWH.Mobile.Android\MainActivity.cs(74,17): warning CA1848: For improved performance, use the LoggerMessage delegates instead of calling 'LoggerExtensions.LogDebug(ILogger, string?, params object?[])' (https://learn.microsoft.com/dotnet/fundamentals/code-analysis/quality-rules/ca1848) [E:\github\FunWasHad\src\FWH.Mobile\FWH.Mobile.Android\FWH.Mobile.Android.csproj]
E:\github\FunWasHad\src\FWH.Mobile\FWH.Mobile.Android\MainActivity.cs(86,21): warning CA1848: For improved performance, use the LoggerMessage delegates instead of calling 'LoggerExtensions.LogWarning(ILogger, string?, params object?[])' (https://learn.microsoft.com/dotnet/fundamentals/code-analysis/quality-rules/ca1848) [E:\github\FunWasHad\src\FWH.Mobile\FWH.Mobile.Android\FWH.Mobile.Android.csproj]
E:\github\FunWasHad\src\FWH.Mobile\FWH.Mobile.Android\MainActivity.cs(54,21): warning CA1848: For improved performance, use the LoggerMessage delegates instead of calling 'LoggerExtensions.LogWarning(ILogger, string?, params object?[])' (https://learn.microsoft.com/dotnet/fundamentals/code-analysis/quality-rules/ca1848) [E:\github\FunWasHad\src\FWH.Mobile\FWH.Mobile.Android\FWH.Mobile.Android.csproj]
E:\github\FunWasHad\src\FWH.Mobile\FWH.Mobile.Android\MainActivity.cs(28,32): warning CA2000: Call System.IDisposable.Dispose on object created by 'new(0)' before all references to it are out of scope (https://learn.microsoft.com/dotnet/fundamentals/code-analysis/quality-rules/ca2000) [E:\github\FunWasHad\src\FWH.Mobile\FWH.Mobile.Android\FWH.Mobile.Android.csproj]
E:\github\FunWasHad\src\FWH.Mobile\FWH.Mobile.Android\MainActivity.cs(150,29): warning CA1848: For improved performance, use the LoggerMessage delegates instead of calling 'LoggerExtensions.LogInformation(ILogger, string?, params object?[])' (https://learn.microsoft.com/dotnet/fundamentals/code-analysis/quality-rules/ca1848) [E:\github\FunWasHad\src\FWH.Mobile\FWH.Mobile.Android\FWH.Mobile.Android.csproj]
E:\github\FunWasHad\src\FWH.Mobile\FWH.Mobile.Android\MainActivity.cs(154,29): warning CA1848: For improved performance, use the LoggerMessage delegates instead of calling 'LoggerExtensions.LogWarning(ILogger, string?, params object?[])' (https://learn.microsoft.com/dotnet/fundamentals/code-analysis/quality-rules/ca1848) [E:\github\FunWasHad\src\FWH.Mobile\FWH.Mobile.Android\FWH.Mobile.Android.csproj]
E:\github\FunWasHad\src\FWH.Mobile\FWH.Mobile.Android\Services\AndroidCameraService.cs(53,29): warning CA1848: For improved performance, use the LoggerMessage delegates instead of calling 'LoggerExtensions.LogWarning(ILogger, string?, params object?[])' (https://learn.microsoft.com/dotnet/fundamentals/code-analysis/quality-rules/ca1848) [E:\github\FunWasHad\src\FWH.Mobile\FWH.Mobile.Android\FWH.Mobile.Android.csproj]
E:\github\FunWasHad\src\FWH.Mobile\FWH.Mobile.Android\Services\AndroidCameraService.cs(61,29): warning CA1848: For improved performance, use the LoggerMessage delegates instead of calling 'LoggerExtensions.LogWarning(ILogger, string?, params object?[])' (https://learn.microsoft.com/dotnet/fundamentals/code-analysis/quality-rules/ca1848) [E:\github\FunWasHad\src\FWH.Mobile\FWH.Mobile.Android\FWH.Mobile.Android.csproj]
E:\github\FunWasHad\src\FWH.Mobile\FWH.Mobile.Android\Services\AndroidCameraService.cs(75,25): warning CA1848: For improved performance, use the LoggerMessage delegates instead of calling 'LoggerExtensions.LogDebug(ILogger, string?, params object?[])' (https://learn.microsoft.com/dotnet/fundamentals/code-analysis/quality-rules/ca1848) [E:\github\FunWasHad\src\FWH.Mobile\FWH.Mobile.Android\FWH.Mobile.Android.csproj]
E:\github\FunWasHad\src\FWH.Mobile\FWH.Mobile.Android\Services\AndroidCameraService.cs(80,29): warning CA1848: For improved performance, use the LoggerMessage delegates instead of calling 'LoggerExtensions.LogWarning(ILogger, string?, params object?[])' (https://learn.microsoft.com/dotnet/fundamentals/code-analysis/quality-rules/ca1848) [E:\github\FunWasHad\src\FWH.Mobile\FWH.Mobile.Android\FWH.Mobile.Android.csproj]
E:\github\FunWasHad\src\FWH.Mobile\FWH.Mobile.Android\Services\AndroidCameraService.cs(88,25): warning CA1848: For improved performance, use the LoggerMessage delegates instead of calling 'LoggerExtensions.LogWarning(ILogger, Exception?, string?, params object?[])' (https://learn.microsoft.com/dotnet/fundamentals/code-analysis/quality-rules/ca1848) [E:\github\FunWasHad\src\FWH.Mobile\FWH.Mobile.Android\FWH.Mobile.Android.csproj]
E:\github\FunWasHad\src\FWH.Mobile\FWH.Mobile.Android\Services\AndroidCameraService.cs(93,25): warning CA1848: For improved performance, use the LoggerMessage delegates instead of calling 'LoggerExtensions.LogError(ILogger, Exception?, string?, params object?[])' (https://learn.microsoft.com/dotnet/fundamentals/code-analysis/quality-rules/ca1848) [E:\github\FunWasHad\src\FWH.Mobile\FWH.Mobile.Android\FWH.Mobile.Android.csproj]
E:\github\FunWasHad\src\FWH.Mobile\FWH.Mobile.Android\Services\AndroidCameraService.cs(91,13): warning CA1031: Modify 'get_IsCameraAvailable' to catch a more specific allowed exception type, or rethrow the exception (https://learn.microsoft.com/dotnet/fundamentals/code-analysis/quality-rules/ca1031) [E:\github\FunWasHad\src\FWH.Mobile\FWH.Mobile.Android\FWH.Mobile.Android.csproj]
E:\github\FunWasHad\src\FWH.Mobile\FWH.Mobile.Android\Services\AndroidGpsService.cs(314,17): warning CA1848: For improved performance, use the LoggerMessage delegates instead of calling 'LoggerExtensions.LogInformation(ILogger, string?, params object?[])' (https://learn.microsoft.com/dotnet/fundamentals/code-analysis/quality-rules/ca1848) [E:\github\FunWasHad\src\FWH.Mobile\FWH.Mobile.Android\FWH.Mobile.Android.csproj]
E:\github\FunWasHad\src\FWH.Mobile\FWH.Mobile.Android\Services\AndroidGpsService.cs(319,17): warning CA1848: For improved performance, use the LoggerMessage delegates instead of calling 'LoggerExtensions.LogInformation(ILogger, string?, params object?[])' (https://learn.microsoft.com/dotnet/fundamentals/code-analysis/quality-rules/ca1848) [E:\github\FunWasHad\src\FWH.Mobile\FWH.Mobile.Android\FWH.Mobile.Android.csproj]
E:\github\FunWasHad\src\FWH.Mobile\FWH.Mobile.Android\Services\AndroidGpsService.cs(324,17): warning CA1848: For improved performance, use the LoggerMessage delegates instead of calling 'LoggerExtensions.LogDebug(ILogger, string?, params object?[])' (https://learn.microsoft.com/dotnet/fundamentals/code-analysis/quality-rules/ca1848) [E:\github\FunWasHad\src\FWH.Mobile\FWH.Mobile.Android\FWH.Mobile.Android.csproj]
E:\github\FunWasHad\src\FWH.Mobile\FWH.Mobile.Android\Services\AndroidGpsService.cs(281,21): warning CA1848: For improved performance, use the LoggerMessage delegates instead of calling 'LoggerExtensions.LogError(ILogger, Exception?, string?, params object?[])' (https://learn.microsoft.com/dotnet/fundamentals/code-analysis/quality-rules/ca1848) [E:\github\FunWasHad\src\FWH.Mobile\FWH.Mobile.Android\FWH.Mobile.Android.csproj]
E:\github\FunWasHad\src\FWH.Mobile\FWH.Mobile.Android\Services\AndroidCameraService.cs(240,9): warning CA1031: Modify 'TryDelete' to catch a more specific allowed exception type, or rethrow the exception (https://learn.microsoft.com/dotnet/fundamentals/code-analysis/quality-rules/ca1031) [E:\github\FunWasHad\src\FWH.Mobile\FWH.Mobile.Android\FWH.Mobile.Android.csproj]
E:\github\FunWasHad\src\FWH.Mobile\FWH.Mobile.Android\Services\AndroidCameraService.cs(253,17): warning CA1848: For improved performance, use the LoggerMessage delegates instead of calling 'LoggerExtensions.LogDebug(ILogger, string?, params object?[])' (https://learn.microsoft.com/dotnet/fundamentals/code-analysis/quality-rules/ca1848) [E:\github\FunWasHad\src\FWH.Mobile\FWH.Mobile.Android\FWH.Mobile.Android.csproj]
E:\github\FunWasHad\src\FWH.Mobile\FWH.Mobile.Android\Services\AndroidCameraService.cs(261,21): warning CA1848: For improved performance, use the LoggerMessage delegates instead of calling 'LoggerExtensions.LogWarning(ILogger, string?, params object?[])' (https://learn.microsoft.com/dotnet/fundamentals/code-analysis/quality-rules/ca1848) [E:\github\FunWasHad\src\FWH.Mobile\FWH.Mobile.Android\FWH.Mobile.Android.csproj]
E:\github\FunWasHad\src\FWH.Mobile\FWH.Mobile.Android\Services\AndroidCameraService.cs(291,21): warning CA1848: For improved performance, use the LoggerMessage delegates instead of calling 'LoggerExtensions.LogError(ILogger, Exception?, string?, params object?[])' (https://learn.microsoft.com/dotnet/fundamentals/code-analysis/quality-rules/ca1848) [E:\github\FunWasHad\src\FWH.Mobile\FWH.Mobile.Android\FWH.Mobile.Android.csproj]
E:\github\FunWasHad\src\FWH.Mobile\FWH.Mobile.Android\Services\AndroidCameraService.cs(107,21): warning CA1848: For improved performance, use the LoggerMessage delegates instead of calling 'LoggerExtensions.LogWarning(ILogger, string?, params object?[])' (https://learn.microsoft.com/dotnet/fundamentals/code-analysis/quality-rules/ca1848) [E:\github\FunWasHad\src\FWH.Mobile\FWH.Mobile.Android\FWH.Mobile.Android.csproj]
E:\github\FunWasHad\src\FWH.Mobile\FWH.Mobile.Android\Services\AndroidCameraService.cs(118,25): warning CA1848: For improved performance, use the LoggerMessage delegates instead of calling 'LoggerExtensions.LogError(ILogger, string?, params object?[])' (https://learn.microsoft.com/dotnet/fundamentals/code-analysis/quality-rules/ca1848) [E:\github\FunWasHad\src\FWH.Mobile\FWH.Mobile.Android\FWH.Mobile.Android.csproj]
E:\github\FunWasHad\src\FWH.Mobile\FWH.Mobile.Android\Services\AndroidCameraService.cs(137,25): warning CA1848: For improved performance, use the LoggerMessage delegates instead of calling 'LoggerExtensions.LogError(ILogger, Exception?, string?, params object?[])' (https://learn.microsoft.com/dotnet/fundamentals/code-analysis/quality-rules/ca1848) [E:\github\FunWasHad\src\FWH.Mobile\FWH.Mobile.Android\FWH.Mobile.Android.csproj]
E:\github\FunWasHad\src\FWH.Mobile\FWH.Mobile.Android\Services\AndroidCameraService.cs(151,25): warning CA1848: For improved performance, use the LoggerMessage delegates instead of calling 'LoggerExtensions.LogError(ILogger, Exception?, string?, params object?[])' (https://learn.microsoft.com/dotnet/fundamentals/code-analysis/quality-rules/ca1848) [E:\github\FunWasHad\src\FWH.Mobile\FWH.Mobile.Android\FWH.Mobile.Android.csproj]
E:\github\FunWasHad\src\FWH.Mobile\FWH.Mobile.Android\Services\AndroidCameraService.cs(172,25): warning CA1848: For improved performance, use the LoggerMessage delegates instead of calling 'LoggerExtensions.LogError(ILogger, string?, params object?[])' (https://learn.microsoft.com/dotnet/fundamentals/code-analysis/quality-rules/ca1848) [E:\github\FunWasHad\src\FWH.Mobile\FWH.Mobile.Android\FWH.Mobile.Android.csproj]
E:\github\FunWasHad\src\FWH.Mobile\FWH.Mobile.Android\Services\AndroidCameraService.cs(181,25): warning CA1848: For improved performance, use the LoggerMessage delegates instead of calling 'LoggerExtensions.LogError(ILogger, string?, params object?[])' (https://learn.microsoft.com/dotnet/fundamentals/code-analysis/quality-rules/ca1848) [E:\github\FunWasHad\src\FWH.Mobile\FWH.Mobile.Android\FWH.Mobile.Android.csproj]
E:\github\FunWasHad\src\FWH.Mobile\FWH.Mobile.Android\Services\AndroidCameraService.cs(196,21): warning CA1848: For improved performance, use the LoggerMessage delegates instead of calling 'LoggerExtensions.LogInformation(ILogger, string?, params object?[])' (https://learn.microsoft.com/dotnet/fundamentals/code-analysis/quality-rules/ca1848) [E:\github\FunWasHad\src\FWH.Mobile\FWH.Mobile.Android\FWH.Mobile.Android.csproj]
E:\github\FunWasHad\src\FWH.Mobile\FWH.Mobile.Android\Services\AndroidCameraService.cs(203,25): warning CA1848: For improved performance, use the LoggerMessage delegates instead of calling 'LoggerExtensions.LogDebug(ILogger, string?, params object?[])' (https://learn.microsoft.com/dotnet/fundamentals/code-analysis/quality-rules/ca1848) [E:\github\FunWasHad\src\FWH.Mobile\FWH.Mobile.Android\FWH.Mobile.Android.csproj]
E:\github\FunWasHad\src\FWH.Mobile\FWH.Mobile.Android\Services\AndroidCameraService.cs(208,25): warning CA1848: For improved performance, use the LoggerMessage delegates instead of calling 'LoggerExtensions.LogError(ILogger, Exception?, string?, params object?[])' (https://learn.microsoft.com/dotnet/fundamentals/code-analysis/quality-rules/ca1848) [E:\github\FunWasHad\src\FWH.Mobile\FWH.Mobile.Android\FWH.Mobile.Android.csproj]
E:\github\FunWasHad\src\FWH.Mobile\FWH.Mobile.Android\Services\AndroidCameraService.cs(216,21): warning CA1848: For improved performance, use the LoggerMessage delegates instead of calling 'LoggerExtensions.LogError(ILogger, Exception?, string?, params object?[])' (https://learn.microsoft.com/dotnet/fundamentals/code-analysis/quality-rules/ca1848) [E:\github\FunWasHad\src\FWH.Mobile\FWH.Mobile.Android\FWH.Mobile.Android.csproj]
E:\github\FunWasHad\src\FWH.Mobile\FWH.Mobile.Android\Services\AndroidGpsService.cs(279,9): warning CA1031: Modify 'GetLastKnownLocation' to catch a more specific allowed exception type, or rethrow the exception (https://learn.microsoft.com/dotnet/fundamentals/code-analysis/quality-rules/ca1031) [E:\github\FunWasHad\src\FWH.Mobile\FWH.Mobile.Android\FWH.Mobile.Android.csproj]
E:\github\FunWasHad\src\FWH.Mobile\FWH.Mobile.Android\Services\AndroidCameraService.cs(289,9): warning CA1031: Modify 'OnActivityResult' to catch a more specific allowed exception type, or rethrow the exception (https://learn.microsoft.com/dotnet/fundamentals/code-analysis/quality-rules/ca1031) [E:\github\FunWasHad\src\FWH.Mobile\FWH.Mobile.Android\FWH.Mobile.Android.csproj]
E:\github\FunWasHad\src\FWH.Mobile\FWH.Mobile.Android\Services\AndroidCameraService.cs(148,13): warning CA1031: Modify 'TakePhotoAsync' to catch a more specific allowed exception type, or rethrow the exception (https://learn.microsoft.com/dotnet/fundamentals/code-analysis/quality-rules/ca1031) [E:\github\FunWasHad\src\FWH.Mobile\FWH.Mobile.Android\FWH.Mobile.Android.csproj]
E:\github\FunWasHad\src\FWH.Mobile\FWH.Mobile.Android\Services\AndroidCameraService.cs(205,13): warning CA1031: Modify 'TakePhotoAsync' to catch a more specific allowed exception type, or rethrow the exception (https://learn.microsoft.com/dotnet/fundamentals/code-analysis/quality-rules/ca1031) [E:\github\FunWasHad\src\FWH.Mobile\FWH.Mobile.Android\FWH.Mobile.Android.csproj]
E:\github\FunWasHad\src\FWH.Mobile\FWH.Mobile.Android\Services\AndroidCameraService.cs(213,9): warning CA1031: Modify 'TakePhotoAsync' to catch a more specific allowed exception type, or rethrow the exception (https://learn.microsoft.com/dotnet/fundamentals/code-analysis/quality-rules/ca1031) [E:\github\FunWasHad\src\FWH.Mobile\FWH.Mobile.Android\FWH.Mobile.Android.csproj]
E:\github\FunWasHad\src\FWH.Mobile\FWH.Mobile.Android\Services\AndroidCameraService.cs(164,26): warning CA2000: Call System.IDisposable.Dispose on object created by 'new Intent(MediaStore.ActionImageCapture)' before all references to it are out of scope (https://learn.microsoft.com/dotnet/fundamentals/code-analysis/quality-rules/ca2000) [E:\github\FunWasHad\src\FWH.Mobile\FWH.Mobile.Android\FWH.Mobile.Android.csproj]
E:\github\FunWasHad\src\FWH.Mobile\FWH.Mobile.Android\Services\AndroidCameraService.cs(129,29): warning CA2000: Use recommended dispose pattern to ensure that object created by 'new JFile(cacheDir, "photo_" + DateTime.UtcNow.Ticks + ".jpg")' is disposed on all paths. If possible, wrap the creation within a 'using' statement or a 'using' declaration. Otherwise, use a try-finally pattern, with a dedicated local variable declared before the try region and an unconditional Dispose invocation on non-null value in the 'finally' region, say 'x?.Dispose()'. If the object is explicitly disposed within the try region or the dispose ownership is transfered to another object or method, assign 'null' to the local variable just after such an operation to prevent double dispose in 'finally'. (https://learn.microsoft.com/dotnet/fundamentals/code-analysis/quality-rules/ca2000) [E:\github\FunWasHad\src\FWH.Mobile\FWH.Mobile.Android\FWH.Mobile.Android.csproj]
E:\github\FunWasHad\src\FWH.Mobile\FWH.Mobile.Android\Services\AndroidCameraService.cs(20,23): warning CA1822: Member 'GetActivity' does not access instance data and can be marked as static (https://learn.microsoft.com/dotnet/fundamentals/code-analysis/quality-rules/ca1822) [E:\github\FunWasHad\src\FWH.Mobile\FWH.Mobile.Android\FWH.Mobile.Android.csproj]
E:\github\FunWasHad\src\FWH.Mobile\FWH.Mobile.Android\Services\AndroidGpsService.cs(164,17): warning CA1031: Modify 'GetCurrentLocationAsync' to catch a more specific allowed exception type, or rethrow the exception (https://learn.microsoft.com/dotnet/fundamentals/code-analysis/quality-rules/ca1031) [E:\github\FunWasHad\src\FWH.Mobile\FWH.Mobile.Android\FWH.Mobile.Android.csproj]
E:\github\FunWasHad\src\FWH.Mobile\FWH.Mobile.Android\Services\AndroidGpsService.cs(198,17): warning CA1031: Modify 'GetCurrentLocationAsync' to catch a more specific allowed exception type, or rethrow the exception (https://learn.microsoft.com/dotnet/fundamentals/code-analysis/quality-rules/ca1031) [E:\github\FunWasHad\src\FWH.Mobile\FWH.Mobile.Android\FWH.Mobile.Android.csproj]
E:\github\FunWasHad\src\FWH.Mobile\FWH.Mobile.Android\Services\AndroidGpsService.cs(286,18): warning CA1822: Member 'IsLocationRecent' does not access instance data and can be marked as static (https://learn.microsoft.com/dotnet/fundamentals/code-analysis/quality-rules/ca1822) [E:\github\FunWasHad\src\FWH.Mobile\FWH.Mobile.Android\FWH.Mobile.Android.csproj]
E:\github\FunWasHad\src\FWH.Mobile\FWH.Mobile.Android\Services\AndroidGpsService.cs(18,30): warning CA2213: 'AndroidGpsService' contains field '_mainHandler' that is of IDisposable type 'Handler', but it is never disposed. Change the Dispose method on 'AndroidGpsService' to call Close or Dispose on this field. (https://learn.microsoft.com/dotnet/fundamentals/code-analysis/quality-rules/ca2213) [E:\github\FunWasHad\src\FWH.Mobile\FWH.Mobile.Android\FWH.Mobile.Android.csproj]
E:\github\FunWasHad\src\FWH.Mobile\FWH.Mobile.Android\Services\AndroidGpsService.cs(17,39): warning CA2213: 'AndroidGpsService' contains field '_locationManager' that is of IDisposable type 'LocationManager?', but it is never disposed. Change the Dispose method on 'AndroidGpsService' to call Close or Dispose on this field. (https://learn.microsoft.com/dotnet/fundamentals/code-analysis/quality-rules/ca2213) [E:\github\FunWasHad\src\FWH.Mobile\FWH.Mobile.Android\FWH.Mobile.Android.csproj]
  FWH.Mobile.Android -> E:\github\FunWasHad\src\FWH.Mobile\FWH.Mobile.Android\bin\Debug\net9.0-android\FWH.Mobile.Android.dll
  FWH.Common.Imaging -> E:\github\FunWasHad\src\FWH.Common.Imaging\bin\Debug\net9.0\FWH.Common.Imaging.dll
  FWH.Orchestrix.Contracts -> E:\github\FunWasHad\src\FWH.Orchestrix.Contracts\bin\Debug\net9.0\FWH.Orchestrix.Contracts.dll
  FWH.Mobile.Data -> E:\github\FunWasHad\src\FWH.Mobile.Data\bin\Debug\net9.0\FWH.Mobile.Data.dll
  FWH.Orchestrix.Mediator.Remote -> E:\github\FunWasHad\src\FWH.Orchestrix.Mediator.Remote\bin\Debug\net9.0\FWH.Orchestrix.Mediator.Remote.dll
  FWH.Common.Workflow -> E:\github\FunWasHad\src\FWH.Common.Workflow\bin\Debug\net9.0\FWH.Common.Workflow.dll
  FWH.Common.Chat -> E:\github\FunWasHad\src\FWH.Common.Chat\bin\Debug\net9.0\FWH.Common.Chat.dll
  FWH.Common.Location -> E:\github\FunWasHad\src\FWH.Common.Location\bin\Debug\net9.0\FWH.Common.Location.dll
  FWH.Mobile -> E:\github\FunWasHad\src\FWH.Mobile\FWH.Mobile\bin\Debug\net9.0\FWH.Mobile.dll

Build succeeded.

E:\github\FunWasHad\tests\FWH.Mobile.Data.Tests\FWH.Mobile.Data.Tests.csproj : warning NU1604: Project dependency coverlet.collector does not contain an inclusive lower bound. Include a lower bound in the dependency version to ensure consistent restore results. [E:\github\FunWasHad\FunWasHad.sln]
E:\github\FunWasHad\tests\FWH.MarketingApi.Tests\FWH.MarketingApi.Tests.csproj : warning NU1604: Project dependency coverlet.collector does not contain an inclusive lower bound. Include a lower bound in the dependency version to ensure consistent restore results. [E:\github\FunWasHad\FunWasHad.sln]
E:\github\FunWasHad\tests\FWH.Common.Chat.Tests\FWH.Common.Chat.Tests.csproj : warning NU1604: Project dependency coverlet.collector does not contain an inclusive lower bound. Include a lower bound in the dependency version to ensure consistent restore results. [E:\github\FunWasHad\FunWasHad.sln]
E:\github\FunWasHad\tests\FWH.MarketingApi.Tests\FWH.MarketingApi.Tests.csproj : warning NU1604: Project dependency Microsoft.AspNetCore.Mvc.Testing does not contain an inclusive lower bound. Include a lower bound in the dependency version to ensure consistent restore results. [E:\github\FunWasHad\FunWasHad.sln]
E:\github\FunWasHad\tests\FWH.MarketingApi.Tests\FWH.MarketingApi.Tests.csproj : warning NU1604: Project dependency Microsoft.EntityFrameworkCore.InMemory does not contain an inclusive lower bound. Include a lower bound in the dependency version to ensure consistent restore results. [E:\github\FunWasHad\FunWasHad.sln]
E:\github\FunWasHad\tests\FWH.MarketingApi.Tests\FWH.MarketingApi.Tests.csproj : warning NU1604: Project dependency Microsoft.Extensions.Hosting does not contain an inclusive lower bound. Include a lower bound in the dependency version to ensure consistent restore results. [E:\github\FunWasHad\FunWasHad.sln]
E:\github\FunWasHad\tests\FWH.MarketingApi.Tests\FWH.MarketingApi.Tests.csproj : warning NU1604: Project dependency Microsoft.NET.Test.Sdk does not contain an inclusive lower bound. Include a lower bound in the dependency version to ensure consistent restore results. [E:\github\FunWasHad\FunWasHad.sln]
E:\github\FunWasHad\tests\FWH.Mobile.Data.Tests\FWH.Mobile.Data.Tests.csproj : warning NU1604: Project dependency Microsoft.NET.Test.Sdk does not contain an inclusive lower bound. Include a lower bound in the dependency version to ensure consistent restore results. [E:\github\FunWasHad\FunWasHad.sln]
E:\github\FunWasHad\tests\FWH.MarketingApi.Tests\FWH.MarketingApi.Tests.csproj : warning NU1604: Project dependency NSubstitute does not contain an inclusive lower bound. Include a lower bound in the dependency version to ensure consistent restore results. [E:\github\FunWasHad\FunWasHad.sln]
E:\github\FunWasHad\tests\FWH.MarketingApi.Tests\FWH.MarketingApi.Tests.csproj : warning NU1604: Project dependency Testcontainers.PostgreSql does not contain an inclusive lower bound. Include a lower bound in the dependency version to ensure consistent restore results. [E:\github\FunWasHad\FunWasHad.sln]
E:\github\FunWasHad\tests\FWH.Mobile.Data.Tests\FWH.Mobile.Data.Tests.csproj : warning NU1604: Project dependency xunit.v3 does not contain an inclusive lower bound. Include a lower bound in the dependency version to ensure consistent restore results. [E:\github\FunWasHad\FunWasHad.sln]
E:\github\FunWasHad\tests\FWH.MarketingApi.Tests\FWH.MarketingApi.Tests.csproj : warning NU1604: Project dependency xunit.v3 does not contain an inclusive lower bound. Include a lower bound in the dependency version to ensure consistent restore results. [E:\github\FunWasHad\FunWasHad.sln]
E:\github\FunWasHad\tests\FWH.MarketingApi.Tests\FWH.MarketingApi.Tests.csproj : warning NU1903: Package 'Microsoft.AspNetCore.Http' 2.1.0 has a known high severity vulnerability, https://github.com/advisories/GHSA-hxrm-9w7p-39cc [E:\github\FunWasHad\FunWasHad.sln]
E:\github\FunWasHad\tests\FWH.Mobile.Data.Tests\FWH.Mobile.Data.Tests.csproj : warning NU1903: Package 'Newtonsoft.Json' 9.0.1 has a known high severity vulnerability, https://github.com/advisories/GHSA-5crp-9r3c-p9vr [E:\github\FunWasHad\FunWasHad.sln]
E:\github\FunWasHad\tests\FWH.MarketingApi.Tests\FWH.MarketingApi.Tests.csproj : warning NU1903: Package 'System.IO.Pipelines' 4.5.0 has a known high severity vulnerability, https://github.com/advisories/GHSA-j378-6mmw-hqfr [E:\github\FunWasHad\FunWasHad.sln]
E:\github\FunWasHad\tests\FWH.Mobile.Data.Tests\FWH.Mobile.Data.Tests.csproj : warning NU1903: Package 'System.Net.Http' 4.1.0 has a known high severity vulnerability, https://github.com/advisories/GHSA-7jgj-8wvc-jh57 [E:\github\FunWasHad\FunWasHad.sln]
E:\github\FunWasHad\tests\FWH.MarketingApi.Tests\FWH.MarketingApi.Tests.csproj : warning NU1903: Package 'System.Net.Http' 4.1.0 has a known high severity vulnerability, https://github.com/advisories/GHSA-7jgj-8wvc-jh57 [E:\github\FunWasHad\FunWasHad.sln]
E:\github\FunWasHad\tests\FWH.Mobile.Data.Tests\FWH.Mobile.Data.Tests.csproj : warning NU1903: Package 'System.Security.Cryptography.X509Certificates' 4.1.0 has a known high severity vulnerability, https://github.com/advisories/GHSA-7mfr-774f-w5r9 [E:\github\FunWasHad\FunWasHad.sln]
E:\github\FunWasHad\tests\FWH.MarketingApi.Tests\FWH.MarketingApi.Tests.csproj : warning NU1903: Package 'System.Security.Cryptography.X509Certificates' 4.1.0 has a known high severity vulnerability, https://github.com/advisories/GHSA-7mfr-774f-w5r9 [E:\github\FunWasHad\FunWasHad.sln]
E:\github\FunWasHad\tests\FWH.Common.Chat.Tests\FWH.Common.Chat.Tests.csproj : warning NU1604: Project dependency Microsoft.NET.Test.Sdk does not contain an inclusive lower bound. Include a lower bound in the dependency version to ensure consistent restore results. [E:\github\FunWasHad\FunWasHad.sln]
E:\github\FunWasHad\tests\FWH.MarketingApi.Tests\FWH.MarketingApi.Tests.csproj : warning NU1904: Package 'System.Text.Encodings.Web' 4.5.0 has a known critical severity vulnerability, https://github.com/advisories/GHSA-ghhp-997w-qr28 [E:\github\FunWasHad\FunWasHad.sln]
E:\github\FunWasHad\tests\FWH.MarketingApi.Tests\FWH.MarketingApi.Tests.csproj : warning NU1701: Package 'NSubstitute 0.9.0.34' was restored using '.NETFramework,Version=v4.6.1, .NETFramework,Version=v4.6.2, .NETFramework,Version=v4.7, .NETFramework,Version=v4.7.1, .NETFramework,Version=v4.7.2, .NETFramework,Version=v4.8, .NETFramework,Version=v4.8.1' instead of the project target framework 'net9.0'. This package may not be fully compatible with your project. [E:\github\FunWasHad\FunWasHad.sln]
E:\github\FunWasHad\tests\FWH.Common.Chat.Tests\FWH.Common.Chat.Tests.csproj : warning NU1604: Project dependency xunit.v3 does not contain an inclusive lower bound. Include a lower bound in the dependency version to ensure consistent restore results. [E:\github\FunWasHad\FunWasHad.sln]
E:\github\FunWasHad\tests\FWH.Common.Chat.Tests\FWH.Common.Chat.Tests.csproj : warning NU1903: Package 'Newtonsoft.Json' 9.0.1 has a known high severity vulnerability, https://github.com/advisories/GHSA-5crp-9r3c-p9vr [E:\github\FunWasHad\FunWasHad.sln]
E:\github\FunWasHad\tests\FWH.Common.Chat.Tests\FWH.Common.Chat.Tests.csproj : warning NU1903: Package 'System.Net.Http' 4.1.0 has a known high severity vulnerability, https://github.com/advisories/GHSA-7jgj-8wvc-jh57 [E:\github\FunWasHad\FunWasHad.sln]
E:\github\FunWasHad\tests\FWH.Common.Chat.Tests\FWH.Common.Chat.Tests.csproj : warning NU1903: Package 'System.Security.Cryptography.X509Certificates' 4.1.0 has a known high severity vulnerability, https://github.com/advisories/GHSA-7mfr-774f-w5r9 [E:\github\FunWasHad\FunWasHad.sln]
E:\github\FunWasHad\tests\FWH.Common.Workflow.Tests\FWH.Common.Workflow.Tests.csproj : warning NU1604: Project dependency coverlet.collector does not contain an inclusive lower bound. Include a lower bound in the dependency version to ensure consistent restore results. [E:\github\FunWasHad\FunWasHad.sln]
E:\github\FunWasHad\tests\FWH.Common.Workflow.Tests\FWH.Common.Workflow.Tests.csproj : warning NU1604: Project dependency Microsoft.NET.Test.Sdk does not contain an inclusive lower bound. Include a lower bound in the dependency version to ensure consistent restore results. [E:\github\FunWasHad\FunWasHad.sln]
E:\github\FunWasHad\tests\FWH.Common.Workflow.Tests\FWH.Common.Workflow.Tests.csproj : warning NU1604: Project dependency NSubstitute does not contain an inclusive lower bound. Include a lower bound in the dependency version to ensure consistent restore results. [E:\github\FunWasHad\FunWasHad.sln]
E:\github\FunWasHad\tests\FWH.Common.Workflow.Tests\FWH.Common.Workflow.Tests.csproj : warning NU1604: Project dependency xunit.v3 does not contain an inclusive lower bound. Include a lower bound in the dependency version to ensure consistent restore results. [E:\github\FunWasHad\FunWasHad.sln]
E:\github\FunWasHad\tests\FWH.Common.Workflow.Tests\FWH.Common.Workflow.Tests.csproj : warning NU1903: Package 'Newtonsoft.Json' 9.0.1 has a known high severity vulnerability, https://github.com/advisories/GHSA-5crp-9r3c-p9vr [E:\github\FunWasHad\FunWasHad.sln]
E:\github\FunWasHad\tests\FWH.Common.Workflow.Tests\FWH.Common.Workflow.Tests.csproj : warning NU1903: Package 'System.Net.Http' 4.1.0 has a known high severity vulnerability, https://github.com/advisories/GHSA-7jgj-8wvc-jh57 [E:\github\FunWasHad\FunWasHad.sln]
E:\github\FunWasHad\tests\FWH.Common.Workflow.Tests\FWH.Common.Workflow.Tests.csproj : warning NU1903: Package 'System.Security.Cryptography.X509Certificates' 4.1.0 has a known high severity vulnerability, https://github.com/advisories/GHSA-7mfr-774f-w5r9 [E:\github\FunWasHad\FunWasHad.sln]
E:\github\FunWasHad\tests\FWH.Common.Workflow.Tests\FWH.Common.Workflow.Tests.csproj : warning NU1701: Package 'NSubstitute 0.9.0.34' was restored using '.NETFramework,Version=v4.6.1, .NETFramework,Version=v4.6.2, .NETFramework,Version=v4.7, .NETFramework,Version=v4.7.1, .NETFramework,Version=v4.7.2, .NETFramework,Version=v4.8, .NETFramework,Version=v4.8.1' instead of the project target framework 'net9.0'. This package may not be fully compatible with your project. [E:\github\FunWasHad\FunWasHad.sln]
E:\github\FunWasHad\tests\FWH.Common.Location.Tests\FWH.Common.Location.Tests.csproj : warning NU1604: Project dependency coverlet.collector does not contain an inclusive lower bound. Include a lower bound in the dependency version to ensure consistent restore results. [E:\github\FunWasHad\FunWasHad.sln]
E:\github\FunWasHad\tests\FWH.Common.Location.Tests\FWH.Common.Location.Tests.csproj : warning NU1604: Project dependency Microsoft.NET.Test.Sdk does not contain an inclusive lower bound. Include a lower bound in the dependency version to ensure consistent restore results. [E:\github\FunWasHad\FunWasHad.sln]
E:\github\FunWasHad\tests\FWH.Common.Location.Tests\FWH.Common.Location.Tests.csproj : warning NU1604: Project dependency NSubstitute does not contain an inclusive lower bound. Include a lower bound in the dependency version to ensure consistent restore results. [E:\github\FunWasHad\FunWasHad.sln]
E:\github\FunWasHad\tests\FWH.Common.Location.Tests\FWH.Common.Location.Tests.csproj : warning NU1604: Project dependency xunit.v3 does not contain an inclusive lower bound. Include a lower bound in the dependency version to ensure consistent restore results. [E:\github\FunWasHad\FunWasHad.sln]
E:\github\FunWasHad\tests\FWH.Common.Location.Tests\FWH.Common.Location.Tests.csproj : warning NU1903: Package 'Newtonsoft.Json' 9.0.1 has a known high severity vulnerability, https://github.com/advisories/GHSA-5crp-9r3c-p9vr [E:\github\FunWasHad\FunWasHad.sln]
E:\github\FunWasHad\tests\FWH.Common.Location.Tests\FWH.Common.Location.Tests.csproj : warning NU1903: Package 'System.Net.Http' 4.1.0 has a known high severity vulnerability, https://github.com/advisories/GHSA-7jgj-8wvc-jh57 [E:\github\FunWasHad\FunWasHad.sln]
E:\github\FunWasHad\tests\FWH.Common.Location.Tests\FWH.Common.Location.Tests.csproj : warning NU1903: Package 'System.Security.Cryptography.X509Certificates' 4.1.0 has a known high severity vulnerability, https://github.com/advisories/GHSA-7mfr-774f-w5r9 [E:\github\FunWasHad\FunWasHad.sln]
E:\github\FunWasHad\tests\FWH.Common.Location.Tests\FWH.Common.Location.Tests.csproj : warning NU1701: Package 'NSubstitute 0.9.0.34' was restored using '.NETFramework,Version=v4.6.1, .NETFramework,Version=v4.6.2, .NETFramework,Version=v4.7, .NETFramework,Version=v4.7.1, .NETFramework,Version=v4.7.2, .NETFramework,Version=v4.8, .NETFramework,Version=v4.8.1' instead of the project target framework 'net9.0'. This package may not be fully compatible with your project. [E:\github\FunWasHad\FunWasHad.sln]
E:\github\FunWasHad\tests\PlantUmlRender.Tests\PlantUmlRender.Tests.csproj : warning NU1604: Project dependency coverlet.collector does not contain an inclusive lower bound. Include a lower bound in the dependency version to ensure consistent restore results. [E:\github\FunWasHad\FunWasHad.sln]
E:\github\FunWasHad\tests\PlantUmlRender.Tests\PlantUmlRender.Tests.csproj : warning NU1604: Project dependency Microsoft.NET.Test.Sdk does not contain an inclusive lower bound. Include a lower bound in the dependency version to ensure consistent restore results. [E:\github\FunWasHad\FunWasHad.sln]
E:\github\FunWasHad\tests\PlantUmlRender.Tests\PlantUmlRender.Tests.csproj : warning NU1604: Project dependency xunit.v3 does not contain an inclusive lower bound. Include a lower bound in the dependency version to ensure consistent restore results. [E:\github\FunWasHad\FunWasHad.sln]
E:\github\FunWasHad\tests\PlantUmlRender.Tests\PlantUmlRender.Tests.csproj : warning NU1903: Package 'Newtonsoft.Json' 9.0.1 has a known high severity vulnerability, https://github.com/advisories/GHSA-5crp-9r3c-p9vr [E:\github\FunWasHad\FunWasHad.sln]
E:\github\FunWasHad\tests\FWH.Common.Imaging.Tests\FWH.Common.Imaging.Tests.csproj : warning NU1604: Project dependency coverlet.collector does not contain an inclusive lower bound. Include a lower bound in the dependency version to ensure consistent restore results. [E:\github\FunWasHad\FunWasHad.sln]
E:\github\FunWasHad\tests\FWH.Common.Imaging.Tests\FWH.Common.Imaging.Tests.csproj : warning NU1604: Project dependency Microsoft.NET.Test.Sdk does not contain an inclusive lower bound. Include a lower bound in the dependency version to ensure consistent restore results. [E:\github\FunWasHad\FunWasHad.sln]
E:\github\FunWasHad\tests\FWH.Common.Imaging.Tests\FWH.Common.Imaging.Tests.csproj : warning NU1604: Project dependency xunit.v3 does not contain an inclusive lower bound. Include a lower bound in the dependency version to ensure consistent restore results. [E:\github\FunWasHad\FunWasHad.sln]
E:\github\FunWasHad\tests\FWH.Common.Imaging.Tests\FWH.Common.Imaging.Tests.csproj : warning NU1903: Package 'Newtonsoft.Json' 9.0.1 has a known high severity vulnerability, https://github.com/advisories/GHSA-5crp-9r3c-p9vr [E:\github\FunWasHad\FunWasHad.sln]
E:\github\FunWasHad\tests\FWH.Common.Imaging.Tests\FWH.Common.Imaging.Tests.csproj : warning NU1903: Package 'System.Net.Http' 4.1.0 has a known high severity vulnerability, https://github.com/advisories/GHSA-7jgj-8wvc-jh57 [E:\github\FunWasHad\FunWasHad.sln]
E:\github\FunWasHad\tests\FWH.Common.Imaging.Tests\FWH.Common.Imaging.Tests.csproj : warning NU1903: Package 'System.Security.Cryptography.X509Certificates' 4.1.0 has a known high severity vulnerability, https://github.com/advisories/GHSA-7mfr-774f-w5r9 [E:\github\FunWasHad\FunWasHad.sln]
E:\github\FunWasHad\tests\FWH.Mobile.Services.Tests\FWH.Mobile.Services.Tests.csproj : warning NU1604: Project dependency coverlet.collector does not contain an inclusive lower bound. Include a lower bound in the dependency version to ensure consistent restore results. [E:\github\FunWasHad\FunWasHad.sln]
E:\github\FunWasHad\tests\FWH.Mobile.Services.Tests\FWH.Mobile.Services.Tests.csproj : warning NU1604: Project dependency Microsoft.EntityFrameworkCore.InMemory does not contain an inclusive lower bound. Include a lower bound in the dependency version to ensure consistent restore results. [E:\github\FunWasHad\FunWasHad.sln]
E:\github\FunWasHad\tests\FWH.Mobile.Services.Tests\FWH.Mobile.Services.Tests.csproj : warning NU1604: Project dependency Microsoft.NET.Test.Sdk does not contain an inclusive lower bound. Include a lower bound in the dependency version to ensure consistent restore results. [E:\github\FunWasHad\FunWasHad.sln]
E:\github\FunWasHad\tests\FWH.Mobile.Services.Tests\FWH.Mobile.Services.Tests.csproj : warning NU1604: Project dependency xunit.v3 does not contain an inclusive lower bound. Include a lower bound in the dependency version to ensure consistent restore results. [E:\github\FunWasHad\FunWasHad.sln]
E:\github\FunWasHad\tests\FWH.Mobile.Services.Tests\FWH.Mobile.Services.Tests.csproj : warning NU1903: Package 'Newtonsoft.Json' 9.0.1 has a known high severity vulnerability, https://github.com/advisories/GHSA-5crp-9r3c-p9vr [E:\github\FunWasHad\FunWasHad.sln]
E:\github\FunWasHad\tests\FWH.Mobile.Services.Tests\FWH.Mobile.Services.Tests.csproj : warning NU1903: Package 'System.Net.Http' 4.1.0 has a known high severity vulnerability, https://github.com/advisories/GHSA-7jgj-8wvc-jh57 [E:\github\FunWasHad\FunWasHad.sln]
E:\github\FunWasHad\tests\FWH.Mobile.Services.Tests\FWH.Mobile.Services.Tests.csproj : warning NU1903: Package 'System.Security.Cryptography.X509Certificates' 4.1.0 has a known high severity vulnerability, https://github.com/advisories/GHSA-7mfr-774f-w5r9 [E:\github\FunWasHad\FunWasHad.sln]
E:\github\FunWasHad\tests\FWH.Common.Workflow.Tests\FWH.Common.Workflow.Tests.csproj : warning NU1604: Project dependency coverlet.collector does not contain an inclusive lower bound. Include a lower bound in the dependency version to ensure consistent restore results.
E:\github\FunWasHad\tests\FWH.Common.Workflow.Tests\FWH.Common.Workflow.Tests.csproj : warning NU1604: Project dependency Microsoft.NET.Test.Sdk does not contain an inclusive lower bound. Include a lower bound in the dependency version to ensure consistent restore results.
E:\github\FunWasHad\tests\FWH.Common.Workflow.Tests\FWH.Common.Workflow.Tests.csproj : warning NU1604: Project dependency NSubstitute does not contain an inclusive lower bound. Include a lower bound in the dependency version to ensure consistent restore results.
E:\github\FunWasHad\tests\FWH.Common.Workflow.Tests\FWH.Common.Workflow.Tests.csproj : warning NU1604: Project dependency xunit.v3 does not contain an inclusive lower bound. Include a lower bound in the dependency version to ensure consistent restore results.
E:\github\FunWasHad\tests\FWH.Common.Workflow.Tests\FWH.Common.Workflow.Tests.csproj : warning NU1903: Package 'Newtonsoft.Json' 9.0.1 has a known high severity vulnerability, https://github.com/advisories/GHSA-5crp-9r3c-p9vr
E:\github\FunWasHad\tests\FWH.Common.Workflow.Tests\FWH.Common.Workflow.Tests.csproj : warning NU1903: Package 'System.Net.Http' 4.1.0 has a known high severity vulnerability, https://github.com/advisories/GHSA-7jgj-8wvc-jh57
E:\github\FunWasHad\tests\FWH.Common.Workflow.Tests\FWH.Common.Workflow.Tests.csproj : warning NU1903: Package 'System.Security.Cryptography.X509Certificates' 4.1.0 has a known high severity vulnerability, https://github.com/advisories/GHSA-7mfr-774f-w5r9
E:\github\FunWasHad\tests\FWH.Common.Workflow.Tests\FWH.Common.Workflow.Tests.csproj : warning NU1701: Package 'NSubstitute 0.9.0.34' was restored using '.NETFramework,Version=v4.6.1, .NETFramework,Version=v4.6.2, .NETFramework,Version=v4.7, .NETFramework,Version=v4.7.1, .NETFramework,Version=v4.7.2, .NETFramework,Version=v4.8, .NETFramework,Version=v4.8.1' instead of the project target framework 'net9.0'. This package may not be fully compatible with your project.
E:\github\FunWasHad\tests\FWH.Common.Imaging.Tests\FWH.Common.Imaging.Tests.csproj : warning NU1604: Project dependency coverlet.collector does not contain an inclusive lower bound. Include a lower bound in the dependency version to ensure consistent restore results.
E:\github\FunWasHad\tests\FWH.Common.Imaging.Tests\FWH.Common.Imaging.Tests.csproj : warning NU1604: Project dependency Microsoft.NET.Test.Sdk does not contain an inclusive lower bound. Include a lower bound in the dependency version to ensure consistent restore results.
E:\github\FunWasHad\tests\FWH.Common.Location.Tests\FWH.Common.Location.Tests.csproj : warning NU1604: Project dependency coverlet.collector does not contain an inclusive lower bound. Include a lower bound in the dependency version to ensure consistent restore results.
E:\github\FunWasHad\tests\FWH.Common.Imaging.Tests\FWH.Common.Imaging.Tests.csproj : warning NU1604: Project dependency xunit.v3 does not contain an inclusive lower bound. Include a lower bound in the dependency version to ensure consistent restore results.
E:\github\FunWasHad\tests\FWH.Common.Location.Tests\FWH.Common.Location.Tests.csproj : warning NU1604: Project dependency Microsoft.NET.Test.Sdk does not contain an inclusive lower bound. Include a lower bound in the dependency version to ensure consistent restore results.
E:\github\FunWasHad\tests\FWH.Common.Imaging.Tests\FWH.Common.Imaging.Tests.csproj : warning NU1903: Package 'Newtonsoft.Json' 9.0.1 has a known high severity vulnerability, https://github.com/advisories/GHSA-5crp-9r3c-p9vr
E:\github\FunWasHad\tests\FWH.Common.Imaging.Tests\FWH.Common.Imaging.Tests.csproj : warning NU1903: Package 'System.Net.Http' 4.1.0 has a known high severity vulnerability, https://github.com/advisories/GHSA-7jgj-8wvc-jh57
E:\github\FunWasHad\tests\FWH.Common.Location.Tests\FWH.Common.Location.Tests.csproj : warning NU1604: Project dependency NSubstitute does not contain an inclusive lower bound. Include a lower bound in the dependency version to ensure consistent restore results.
E:\github\FunWasHad\tests\FWH.Common.Imaging.Tests\FWH.Common.Imaging.Tests.csproj : warning NU1903: Package 'System.Security.Cryptography.X509Certificates' 4.1.0 has a known high severity vulnerability, https://github.com/advisories/GHSA-7mfr-774f-w5r9
E:\github\FunWasHad\tests\FWH.Common.Location.Tests\FWH.Common.Location.Tests.csproj : warning NU1604: Project dependency xunit.v3 does not contain an inclusive lower bound. Include a lower bound in the dependency version to ensure consistent restore results.
E:\github\FunWasHad\tests\FWH.Common.Location.Tests\FWH.Common.Location.Tests.csproj : warning NU1903: Package 'Newtonsoft.Json' 9.0.1 has a known high severity vulnerability, https://github.com/advisories/GHSA-5crp-9r3c-p9vr
E:\github\FunWasHad\tests\FWH.Common.Location.Tests\FWH.Common.Location.Tests.csproj : warning NU1903: Package 'System.Net.Http' 4.1.0 has a known high severity vulnerability, https://github.com/advisories/GHSA-7jgj-8wvc-jh57
E:\github\FunWasHad\tests\FWH.Mobile.Data.Tests\FWH.Mobile.Data.Tests.csproj : warning NU1604: Project dependency coverlet.collector does not contain an inclusive lower bound. Include a lower bound in the dependency version to ensure consistent restore results.
E:\github\FunWasHad\tests\FWH.Common.Location.Tests\FWH.Common.Location.Tests.csproj : warning NU1903: Package 'System.Security.Cryptography.X509Certificates' 4.1.0 has a known high severity vulnerability, https://github.com/advisories/GHSA-7mfr-774f-w5r9
E:\github\FunWasHad\tests\FWH.Common.Location.Tests\FWH.Common.Location.Tests.csproj : warning NU1701: Package 'NSubstitute 0.9.0.34' was restored using '.NETFramework,Version=v4.6.1, .NETFramework,Version=v4.6.2, .NETFramework,Version=v4.7, .NETFramework,Version=v4.7.1, .NETFramework,Version=v4.7.2, .NETFramework,Version=v4.8, .NETFramework,Version=v4.8.1' instead of the project target framework 'net9.0'. This package may not be fully compatible with your project.
E:\github\FunWasHad\tests\FWH.Common.Chat.Tests\FWH.Common.Chat.Tests.csproj : warning NU1604: Project dependency coverlet.collector does not contain an inclusive lower bound. Include a lower bound in the dependency version to ensure consistent restore results.
E:\github\FunWasHad\tests\FWH.Mobile.Data.Tests\FWH.Mobile.Data.Tests.csproj : warning NU1604: Project dependency Microsoft.NET.Test.Sdk does not contain an inclusive lower bound. Include a lower bound in the dependency version to ensure consistent restore results.
E:\github\FunWasHad\tests\FWH.Common.Chat.Tests\FWH.Common.Chat.Tests.csproj : warning NU1604: Project dependency Microsoft.NET.Test.Sdk does not contain an inclusive lower bound. Include a lower bound in the dependency version to ensure consistent restore results.
E:\github\FunWasHad\tests\FWH.Common.Chat.Tests\FWH.Common.Chat.Tests.csproj : warning NU1604: Project dependency xunit.v3 does not contain an inclusive lower bound. Include a lower bound in the dependency version to ensure consistent restore results.
E:\github\FunWasHad\tests\FWH.Mobile.Data.Tests\FWH.Mobile.Data.Tests.csproj : warning NU1604: Project dependency xunit.v3 does not contain an inclusive lower bound. Include a lower bound in the dependency version to ensure consistent restore results.
E:\github\FunWasHad\tests\FWH.Common.Chat.Tests\FWH.Common.Chat.Tests.csproj : warning NU1903: Package 'Newtonsoft.Json' 9.0.1 has a known high severity vulnerability, https://github.com/advisories/GHSA-5crp-9r3c-p9vr
E:\github\FunWasHad\tests\FWH.Common.Chat.Tests\FWH.Common.Chat.Tests.csproj : warning NU1903: Package 'System.Net.Http' 4.1.0 has a known high severity vulnerability, https://github.com/advisories/GHSA-7jgj-8wvc-jh57
E:\github\FunWasHad\tests\FWH.Mobile.Data.Tests\FWH.Mobile.Data.Tests.csproj : warning NU1903: Package 'Newtonsoft.Json' 9.0.1 has a known high severity vulnerability, https://github.com/advisories/GHSA-5crp-9r3c-p9vr
E:\github\FunWasHad\tests\FWH.Common.Chat.Tests\FWH.Common.Chat.Tests.csproj : warning NU1903: Package 'System.Security.Cryptography.X509Certificates' 4.1.0 has a known high severity vulnerability, https://github.com/advisories/GHSA-7mfr-774f-w5r9
E:\github\FunWasHad\tests\FWH.Mobile.Data.Tests\FWH.Mobile.Data.Tests.csproj : warning NU1903: Package 'System.Net.Http' 4.1.0 has a known high severity vulnerability, https://github.com/advisories/GHSA-7jgj-8wvc-jh57
E:\github\FunWasHad\tests\FWH.Mobile.Data.Tests\FWH.Mobile.Data.Tests.csproj : warning NU1903: Package 'System.Security.Cryptography.X509Certificates' 4.1.0 has a known high severity vulnerability, https://github.com/advisories/GHSA-7mfr-774f-w5r9
E:\github\FunWasHad\tests\FWH.Mobile.Services.Tests\FWH.Mobile.Services.Tests.csproj : warning NU1604: Project dependency coverlet.collector does not contain an inclusive lower bound. Include a lower bound in the dependency version to ensure consistent restore results.
E:\github\FunWasHad\tests\FWH.Mobile.Services.Tests\FWH.Mobile.Services.Tests.csproj : warning NU1604: Project dependency Microsoft.EntityFrameworkCore.InMemory does not contain an inclusive lower bound. Include a lower bound in the dependency version to ensure consistent restore results.
E:\github\FunWasHad\tests\FWH.Mobile.Services.Tests\FWH.Mobile.Services.Tests.csproj : warning NU1604: Project dependency Microsoft.NET.Test.Sdk does not contain an inclusive lower bound. Include a lower bound in the dependency version to ensure consistent restore results.
E:\github\FunWasHad\tests\FWH.Mobile.Services.Tests\FWH.Mobile.Services.Tests.csproj : warning NU1604: Project dependency xunit.v3 does not contain an inclusive lower bound. Include a lower bound in the dependency version to ensure consistent restore results.
E:\github\FunWasHad\tests\FWH.Mobile.Services.Tests\FWH.Mobile.Services.Tests.csproj : warning NU1903: Package 'Newtonsoft.Json' 9.0.1 has a known high severity vulnerability, https://github.com/advisories/GHSA-5crp-9r3c-p9vr
E:\github\FunWasHad\tests\FWH.Mobile.Services.Tests\FWH.Mobile.Services.Tests.csproj : warning NU1903: Package 'System.Net.Http' 4.1.0 has a known high severity vulnerability, https://github.com/advisories/GHSA-7jgj-8wvc-jh57
E:\github\FunWasHad\tests\FWH.Mobile.Services.Tests\FWH.Mobile.Services.Tests.csproj : warning NU1903: Package 'System.Security.Cryptography.X509Certificates' 4.1.0 has a known high severity vulnerability, https://github.com/advisories/GHSA-7mfr-774f-w5r9
E:\github\FunWasHad\tests\FWH.MarketingApi.Tests\FWH.MarketingApi.Tests.csproj : warning NU1604: Project dependency coverlet.collector does not contain an inclusive lower bound. Include a lower bound in the dependency version to ensure consistent restore results.
E:\github\FunWasHad\tests\FWH.MarketingApi.Tests\FWH.MarketingApi.Tests.csproj : warning NU1604: Project dependency Microsoft.AspNetCore.Mvc.Testing does not contain an inclusive lower bound. Include a lower bound in the dependency version to ensure consistent restore results.
E:\github\FunWasHad\tests\FWH.MarketingApi.Tests\FWH.MarketingApi.Tests.csproj : warning NU1604: Project dependency Microsoft.EntityFrameworkCore.InMemory does not contain an inclusive lower bound. Include a lower bound in the dependency version to ensure consistent restore results.
E:\github\FunWasHad\tests\FWH.MarketingApi.Tests\FWH.MarketingApi.Tests.csproj : warning NU1604: Project dependency Microsoft.Extensions.Hosting does not contain an inclusive lower bound. Include a lower bound in the dependency version to ensure consistent restore results.
E:\github\FunWasHad\tests\FWH.MarketingApi.Tests\FWH.MarketingApi.Tests.csproj : warning NU1604: Project dependency Microsoft.NET.Test.Sdk does not contain an inclusive lower bound. Include a lower bound in the dependency version to ensure consistent restore results.
E:\github\FunWasHad\tests\FWH.MarketingApi.Tests\FWH.MarketingApi.Tests.csproj : warning NU1604: Project dependency NSubstitute does not contain an inclusive lower bound. Include a lower bound in the dependency version to ensure consistent restore results.
E:\github\FunWasHad\tests\FWH.MarketingApi.Tests\FWH.MarketingApi.Tests.csproj : warning NU1604: Project dependency Testcontainers.PostgreSql does not contain an inclusive lower bound. Include a lower bound in the dependency version to ensure consistent restore results.
E:\github\FunWasHad\tests\PlantUmlRender.Tests\PlantUmlRender.Tests.csproj : warning NU1604: Project dependency coverlet.collector does not contain an inclusive lower bound. Include a lower bound in the dependency version to ensure consistent restore results.
E:\github\FunWasHad\tests\FWH.MarketingApi.Tests\FWH.MarketingApi.Tests.csproj : warning NU1604: Project dependency xunit.v3 does not contain an inclusive lower bound. Include a lower bound in the dependency version to ensure consistent restore results.
E:\github\FunWasHad\tests\PlantUmlRender.Tests\PlantUmlRender.Tests.csproj : warning NU1604: Project dependency Microsoft.NET.Test.Sdk does not contain an inclusive lower bound. Include a lower bound in the dependency version to ensure consistent restore results.
E:\github\FunWasHad\tests\PlantUmlRender.Tests\PlantUmlRender.Tests.csproj : warning NU1604: Project dependency xunit.v3 does not contain an inclusive lower bound. Include a lower bound in the dependency version to ensure consistent restore results.
E:\github\FunWasHad\tests\PlantUmlRender.Tests\PlantUmlRender.Tests.csproj : warning NU1903: Package 'Newtonsoft.Json' 9.0.1 has a known high severity vulnerability, https://github.com/advisories/GHSA-5crp-9r3c-p9vr
E:\github\FunWasHad\tests\FWH.MarketingApi.Tests\FWH.MarketingApi.Tests.csproj : warning NU1903: Package 'Microsoft.AspNetCore.Http' 2.1.0 has a known high severity vulnerability, https://github.com/advisories/GHSA-hxrm-9w7p-39cc
E:\github\FunWasHad\tests\FWH.MarketingApi.Tests\FWH.MarketingApi.Tests.csproj : warning NU1903: Package 'System.IO.Pipelines' 4.5.0 has a known high severity vulnerability, https://github.com/advisories/GHSA-j378-6mmw-hqfr
E:\github\FunWasHad\tests\FWH.MarketingApi.Tests\FWH.MarketingApi.Tests.csproj : warning NU1903: Package 'System.Net.Http' 4.1.0 has a known high severity vulnerability, https://github.com/advisories/GHSA-7jgj-8wvc-jh57
E:\github\FunWasHad\tests\FWH.MarketingApi.Tests\FWH.MarketingApi.Tests.csproj : warning NU1903: Package 'System.Security.Cryptography.X509Certificates' 4.1.0 has a known high severity vulnerability, https://github.com/advisories/GHSA-7mfr-774f-w5r9
E:\github\FunWasHad\tests\FWH.MarketingApi.Tests\FWH.MarketingApi.Tests.csproj : warning NU1904: Package 'System.Text.Encodings.Web' 4.5.0 has a known critical severity vulnerability, https://github.com/advisories/GHSA-ghhp-997w-qr28
E:\github\FunWasHad\tests\FWH.MarketingApi.Tests\FWH.MarketingApi.Tests.csproj : warning NU1701: Package 'NSubstitute 0.9.0.34' was restored using '.NETFramework,Version=v4.6.1, .NETFramework,Version=v4.6.2, .NETFramework,Version=v4.7, .NETFramework,Version=v4.7.1, .NETFramework,Version=v4.7.2, .NETFramework,Version=v4.8, .NETFramework,Version=v4.8.1' instead of the project target framework 'net9.0'. This package may not be fully compatible with your project.
E:\github\FunWasHad\src\FWH.Orchestrix.Contracts\Location\LocationContracts.cs(58,36): warning CA1002: Change 'List<DeviceLocationDto>' in 'GetDeviceLocationHistoryResponse.Locations' to use 'Collection<T>', 'ReadOnlyCollection<T>' or 'KeyedCollection<K,V>' (https://learn.microsoft.com/dotnet/fundamentals/code-analysis/quality-rules/ca1002) [E:\github\FunWasHad\src\FWH.Orchestrix.Contracts\FWH.Orchestrix.Contracts.csproj]
E:\github\FunWasHad\src\FWH.Orchestrix.Contracts\Location\LocationContracts.cs(69,22): warning CA1819: Properties should not return arrays (https://learn.microsoft.com/dotnet/fundamentals/code-analysis/quality-rules/ca1819) [E:\github\FunWasHad\src\FWH.Orchestrix.Contracts\FWH.Orchestrix.Contracts.csproj]
E:\github\FunWasHad\src\FWH.Orchestrix.Contracts\Marketing\MarketingContracts.cs(76,30): warning CA1002: Change 'List<MenuItemDto>' in 'GetBusinessMenuResponse.MenuItems' to use 'Collection<T>', 'ReadOnlyCollection<T>' or 'KeyedCollection<K,V>' (https://learn.microsoft.com/dotnet/fundamentals/code-analysis/quality-rules/ca1002) [E:\github\FunWasHad\src\FWH.Orchestrix.Contracts\FWH.Orchestrix.Contracts.csproj]
E:\github\FunWasHad\src\FWH.Orchestrix.Contracts\Marketing\MarketingContracts.cs(59,28): warning CA1002: Change 'List<CouponDto>' in 'GetBusinessCouponsResponse.Coupons' to use 'Collection<T>', 'ReadOnlyCollection<T>' or 'KeyedCollection<K,V>' (https://learn.microsoft.com/dotnet/fundamentals/code-analysis/quality-rules/ca1002) [E:\github\FunWasHad\src\FWH.Orchestrix.Contracts\FWH.Orchestrix.Contracts.csproj]
E:\github\FunWasHad\src\FWH.Orchestrix.Contracts\Marketing\MarketingContracts.cs(93,30): warning CA1002: Change 'List<NewsItemDto>' in 'GetBusinessNewsResponse.NewsItems' to use 'Collection<T>', 'ReadOnlyCollection<T>' or 'KeyedCollection<K,V>' (https://learn.microsoft.com/dotnet/fundamentals/code-analysis/quality-rules/ca1002) [E:\github\FunWasHad\src\FWH.Orchestrix.Contracts\FWH.Orchestrix.Contracts.csproj]
E:\github\FunWasHad\src\FWH.Orchestrix.Contracts\Marketing\MarketingContracts.cs(140,20): warning CA1056: Change the type of property 'UploadFeedbackAttachmentResponse.StorageUrl' from 'string' to 'System.Uri' (https://learn.microsoft.com/dotnet/fundamentals/code-analysis/quality-rules/ca1056) [E:\github\FunWasHad\src\FWH.Orchestrix.Contracts\FWH.Orchestrix.Contracts.csproj]
E:\github\FunWasHad\src\FWH.Orchestrix.Contracts\Marketing\MarketingContracts.cs(131,28): warning CA1819: Properties should not return arrays (https://learn.microsoft.com/dotnet/fundamentals/code-analysis/quality-rules/ca1819) [E:\github\FunWasHad\src\FWH.Orchestrix.Contracts\FWH.Orchestrix.Contracts.csproj]
E:\github\FunWasHad\src\FWH.Orchestrix.Contracts\Marketing\MarketingContracts.cs(158,37): warning CA1002: Change 'List<BusinessSummaryDto>' in 'FindNearbyBusinessesResponse.Businesses' to use 'Collection<T>', 'ReadOnlyCollection<T>' or 'KeyedCollection<K,V>' (https://learn.microsoft.com/dotnet/fundamentals/code-analysis/quality-rules/ca1002) [E:\github\FunWasHad\src\FWH.Orchestrix.Contracts\FWH.Orchestrix.Contracts.csproj]
E:\github\FunWasHad\src\FWH.Orchestrix.Contracts\Marketing\MarketingContracts.cs(171,28): warning CA1002: Change 'List<CouponDto>' in 'BusinessMarketingDto.Coupons' to use 'Collection<T>', 'ReadOnlyCollection<T>' or 'KeyedCollection<K,V>' (https://learn.microsoft.com/dotnet/fundamentals/code-analysis/quality-rules/ca1002) [E:\github\FunWasHad\src\FWH.Orchestrix.Contracts\FWH.Orchestrix.Contracts.csproj]
E:\github\FunWasHad\tools\PlantUmlRender\Program.cs(37,25): warning CA1308: In method 'ParseArgs', replace the call to 'ToLowerInvariant' with 'ToUpperInvariant' (https://learn.microsoft.com/dotnet/fundamentals/code-analysis/quality-rules/ca1308) [E:\github\FunWasHad\tools\PlantUmlRender\PlantUmlRender.csproj]
E:\github\FunWasHad\src\FWH.Orchestrix.Contracts\Marketing\MarketingContracts.cs(172,30): warning CA1002: Change 'List<MenuItemDto>' in 'BusinessMarketingDto.MenuItems' to use 'Collection<T>', 'ReadOnlyCollection<T>' or 'KeyedCollection<K,V>' (https://learn.microsoft.com/dotnet/fundamentals/code-analysis/quality-rules/ca1002) [E:\github\FunWasHad\src\FWH.Orchestrix.Contracts\FWH.Orchestrix.Contracts.csproj]
E:\github\FunWasHad\tools\PlantUmlRender\Program.cs(67,13): warning CA1849: 'TextWriter.WriteLine(string?)' synchronously blocks. Await 'TextWriter.WriteLineAsync()' instead. (https://learn.microsoft.com/dotnet/fundamentals/code-analysis/quality-rules/ca1849) [E:\github\FunWasHad\tools\PlantUmlRender\PlantUmlRender.csproj]
E:\github\FunWasHad\src\FWH.Orchestrix.Contracts\Marketing\MarketingContracts.cs(173,30): warning CA1002: Change 'List<NewsItemDto>' in 'BusinessMarketingDto.NewsItems' to use 'Collection<T>', 'ReadOnlyCollection<T>' or 'KeyedCollection<K,V>' (https://learn.microsoft.com/dotnet/fundamentals/code-analysis/quality-rules/ca1002) [E:\github\FunWasHad\src\FWH.Orchestrix.Contracts\FWH.Orchestrix.Contracts.csproj]
E:\github\FunWasHad\tools\PlantUmlRender\Program.cs(71,13): warning CA1849: 'TextWriter.WriteLine(string?)' synchronously blocks. Await 'TextWriter.WriteLineAsync()' instead. (https://learn.microsoft.com/dotnet/fundamentals/code-analysis/quality-rules/ca1849) [E:\github\FunWasHad\tools\PlantUmlRender\PlantUmlRender.csproj]
E:\github\FunWasHad\src\FWH.Orchestrix.Contracts\Marketing\MarketingContracts.cs(189,20): warning CA1056: Change the type of property 'BusinessThemeDto.LogoUrl' from 'string' to 'System.Uri' (https://learn.microsoft.com/dotnet/fundamentals/code-analysis/quality-rules/ca1056) [E:\github\FunWasHad\src\FWH.Orchestrix.Contracts\FWH.Orchestrix.Contracts.csproj]
E:\github\FunWasHad\tools\PlantUmlRender\Program.cs(81,13): warning CA1849: 'TextWriter.WriteLine(string?)' synchronously blocks. Await 'TextWriter.WriteLineAsync()' instead. (https://learn.microsoft.com/dotnet/fundamentals/code-analysis/quality-rules/ca1849) [E:\github\FunWasHad\tools\PlantUmlRender\PlantUmlRender.csproj]
E:\github\FunWasHad\src\FWH.Orchestrix.Contracts\Marketing\MarketingContracts.cs(190,20): warning CA1056: Change the type of property 'BusinessThemeDto.BackgroundImageUrl' from 'string' to 'System.Uri' (https://learn.microsoft.com/dotnet/fundamentals/code-analysis/quality-rules/ca1056) [E:\github\FunWasHad\src\FWH.Orchestrix.Contracts\FWH.Orchestrix.Contracts.csproj]
E:\github\FunWasHad\tools\PlantUmlRender\Program.cs(90,17): warning CA1849: 'TextWriter.WriteLine(string?)' synchronously blocks. Await 'TextWriter.WriteLineAsync()' instead. (https://learn.microsoft.com/dotnet/fundamentals/code-analysis/quality-rules/ca1849) [E:\github\FunWasHad\tools\PlantUmlRender\PlantUmlRender.csproj]
E:\github\FunWasHad\src\FWH.Orchestrix.Contracts\Marketing\MarketingContracts.cs(238,20): warning CA1056: Change the type of property 'NewsItemDto.ImageUrl' from 'string' to 'System.Uri' (https://learn.microsoft.com/dotnet/fundamentals/code-analysis/quality-rules/ca1056) [E:\github\FunWasHad\src\FWH.Orchestrix.Contracts\FWH.Orchestrix.Contracts.csproj]
E:\github\FunWasHad\tools\PlantUmlRender\Program.cs(168,17): warning CA1849: 'TextWriter.WriteLine(string?)' synchronously blocks. Await 'TextWriter.WriteLineAsync()' instead. (https://learn.microsoft.com/dotnet/fundamentals/code-analysis/quality-rules/ca1849) [E:\github\FunWasHad\tools\PlantUmlRender\PlantUmlRender.csproj]
E:\github\FunWasHad\src\FWH.Orchestrix.Contracts\Marketing\MarketingContracts.cs(205,20): warning CA1056: Change the type of property 'CouponDto.ImageUrl' from 'string' to 'System.Uri' (https://learn.microsoft.com/dotnet/fundamentals/code-analysis/quality-rules/ca1056) [E:\github\FunWasHad\src\FWH.Orchestrix.Contracts\FWH.Orchestrix.Contracts.csproj]
E:\github\FunWasHad\tools\PlantUmlRender\Program.cs(179,13): warning CA1849: 'TextWriter.WriteLine(string?)' synchronously blocks. Await 'TextWriter.WriteLineAsync()' instead. (https://learn.microsoft.com/dotnet/fundamentals/code-analysis/quality-rules/ca1849) [E:\github\FunWasHad\tools\PlantUmlRender\PlantUmlRender.csproj]
E:\github\FunWasHad\src\FWH.Orchestrix.Contracts\Marketing\MarketingContracts.cs(223,20): warning CA1056: Change the type of property 'MenuItemDto.ImageUrl' from 'string' to 'System.Uri' (https://learn.microsoft.com/dotnet/fundamentals/code-analysis/quality-rules/ca1056) [E:\github\FunWasHad\src\FWH.Orchestrix.Contracts\FWH.Orchestrix.Contracts.csproj]
E:\github\FunWasHad\tools\PlantUmlRender\Program.cs(177,9): warning CA1031: Modify 'RenderOne' to catch a more specific allowed exception type, or rethrow the exception (https://learn.microsoft.com/dotnet/fundamentals/code-analysis/quality-rules/ca1031) [E:\github\FunWasHad\tools\PlantUmlRender\PlantUmlRender.csproj]
E:\github\FunWasHad\src\FWH.Orchestrix.Contracts\Location\LocationContracts.cs(77,30): warning CA1002: Change 'List<BusinessDto>' in 'GetNearbyBusinessesResponse.Businesses' to use 'Collection<T>', 'ReadOnlyCollection<T>' or 'KeyedCollection<K,V>' (https://learn.microsoft.com/dotnet/fundamentals/code-analysis/quality-rules/ca1002) [E:\github\FunWasHad\src\FWH.Orchestrix.Contracts\FWH.Orchestrix.Contracts.csproj]
E:\github\FunWasHad\tools\PlantUmlRender\Program.cs(109,13): warning CA1849: 'TextWriter.WriteLine(string?)' synchronously blocks. Await 'TextWriter.WriteLineAsync()' instead. (https://learn.microsoft.com/dotnet/fundamentals/code-analysis/quality-rules/ca1849) [E:\github\FunWasHad\tools\PlantUmlRender\PlantUmlRender.csproj]
E:\github\FunWasHad\tools\PlantUmlRender\Program.cs(114,13): warning CA1849: 'TextWriter.WriteLine(string?)' synchronously blocks. Await 'TextWriter.WriteLineAsync()' instead. (https://learn.microsoft.com/dotnet/fundamentals/code-analysis/quality-rules/ca1849) [E:\github\FunWasHad\tools\PlantUmlRender\PlantUmlRender.csproj]
E:\github\FunWasHad\tools\PlantUmlRender\Program.cs(128,17): warning CA1849: 'TextWriter.WriteLine(string?)' synchronously blocks. Await 'TextWriter.WriteLineAsync()' instead. (https://learn.microsoft.com/dotnet/fundamentals/code-analysis/quality-rules/ca1849) [E:\github\FunWasHad\tools\PlantUmlRender\PlantUmlRender.csproj]
E:\github\FunWasHad\tools\PlantUmlRender\Program.cs(134,17): warning CA1849: 'TextWriter.WriteLine(string?)' synchronously blocks. Await 'TextWriter.WriteLineAsync()' instead. (https://learn.microsoft.com/dotnet/fundamentals/code-analysis/quality-rules/ca1849) [E:\github\FunWasHad\tools\PlantUmlRender\PlantUmlRender.csproj]
E:\github\FunWasHad\tools\PlantUmlRender\Program.cs(142,17): warning CA1849: 'TextWriter.WriteLine(string?)' synchronously blocks. Await 'TextWriter.WriteLineAsync()' instead. (https://learn.microsoft.com/dotnet/fundamentals/code-analysis/quality-rules/ca1849) [E:\github\FunWasHad\tools\PlantUmlRender\PlantUmlRender.csproj]
E:\github\FunWasHad\src\FWH.Common.Imaging\ImagingService.cs(29,27): warning CA2000: Call System.IDisposable.Dispose on object created by 'new SKSvg()' before all references to it are out of scope (https://learn.microsoft.com/dotnet/fundamentals/code-analysis/quality-rules/ca2000) [E:\github\FunWasHad\src\FWH.Common.Imaging\FWH.Common.Imaging.csproj]
E:\github\FunWasHad\src\FWH.Mobile.Data\Entities\CityMarketingInfoEntity.cs(51,20): warning CA1056: Change the type of property 'CityMarketingInfoEntity.LogoUrl' from 'string' to 'System.Uri' (https://learn.microsoft.com/dotnet/fundamentals/code-analysis/quality-rules/ca1056) [E:\github\FunWasHad\src\FWH.Mobile.Data\FWH.Mobile.Data.csproj]
E:\github\FunWasHad\src\FWH.Mobile.Data\Entities\CityMarketingInfoEntity.cs(81,20): warning CA1056: Change the type of property 'CityMarketingInfoEntity.BackgroundImageUrl' from 'string' to 'System.Uri' (https://learn.microsoft.com/dotnet/fundamentals/code-analysis/quality-rules/ca1056) [E:\github\FunWasHad\src\FWH.Mobile.Data\FWH.Mobile.Data.csproj]
E:\github\FunWasHad\src\FWH.Mobile.Data\Entities\StationaryPlaceEntity.cs(62,20): warning CA1056: Change the type of property 'StationaryPlaceEntity.LogoUrl' from 'string' to 'System.Uri' (https://learn.microsoft.com/dotnet/fundamentals/code-analysis/quality-rules/ca1056) [E:\github\FunWasHad\src\FWH.Mobile.Data\FWH.Mobile.Data.csproj]
E:\github\FunWasHad\src\FWH.Mobile.Data\Entities\StationaryPlaceEntity.cs(92,20): warning CA1056: Change the type of property 'StationaryPlaceEntity.BackgroundImageUrl' from 'string' to 'System.Uri' (https://learn.microsoft.com/dotnet/fundamentals/code-analysis/quality-rules/ca1056) [E:\github\FunWasHad\src\FWH.Mobile.Data\FWH.Mobile.Data.csproj]
E:\github\FunWasHad\src\FWH.Mobile.Data\Entities\ImageEntity.cs(36,19): warning CA1819: Properties should not return arrays (https://learn.microsoft.com/dotnet/fundamentals/code-analysis/quality-rules/ca1819) [E:\github\FunWasHad\src\FWH.Mobile.Data\FWH.Mobile.Data.csproj]
E:\github\FunWasHad\src\FWH.Mobile.Data\Models\WorkflowDefinitionEntity.cs(14,29): warning CA2227: Change 'Nodes' to be read-only by removing the property setter (https://learn.microsoft.com/dotnet/fundamentals/code-analysis/quality-rules/ca2227) [E:\github\FunWasHad\src\FWH.Mobile.Data\FWH.Mobile.Data.csproj]
E:\github\FunWasHad\src\FWH.Mobile.Data\Models\WorkflowDefinitionEntity.cs(14,29): warning CA1002: Change 'List<NodeEntity>' in 'WorkflowDefinitionEntity.Nodes' to use 'Collection<T>', 'ReadOnlyCollection<T>' or 'KeyedCollection<K,V>' (https://learn.microsoft.com/dotnet/fundamentals/code-analysis/quality-rules/ca1002) [E:\github\FunWasHad\src\FWH.Mobile.Data\FWH.Mobile.Data.csproj]
E:\github\FunWasHad\src\FWH.Mobile.Data\Models\WorkflowDefinitionEntity.cs(18,35): warning CA2227: Change 'StartPoints' to be read-only by removing the property setter (https://learn.microsoft.com/dotnet/fundamentals/code-analysis/quality-rules/ca2227) [E:\github\FunWasHad\src\FWH.Mobile.Data\FWH.Mobile.Data.csproj]
E:\github\FunWasHad\src\FWH.Mobile.Data\Models\WorkflowDefinitionEntity.cs(16,35): warning CA2227: Change 'Transitions' to be read-only by removing the property setter (https://learn.microsoft.com/dotnet/fundamentals/code-analysis/quality-rules/ca2227) [E:\github\FunWasHad\src\FWH.Mobile.Data\FWH.Mobile.Data.csproj]
E:\github\FunWasHad\src\FWH.Mobile.Data\Models\WorkflowDefinitionEntity.cs(18,35): warning CA1002: Change 'List<StartPointEntity>' in 'WorkflowDefinitionEntity.StartPoints' to use 'Collection<T>', 'ReadOnlyCollection<T>' or 'KeyedCollection<K,V>' (https://learn.microsoft.com/dotnet/fundamentals/code-analysis/quality-rules/ca1002) [E:\github\FunWasHad\src\FWH.Mobile.Data\FWH.Mobile.Data.csproj]
E:\github\FunWasHad\src\FWH.Mobile.Data\Models\WorkflowDefinitionEntity.cs(16,35): warning CA1002: Change 'List<TransitionEntity>' in 'WorkflowDefinitionEntity.Transitions' to use 'Collection<T>', 'ReadOnlyCollection<T>' or 'KeyedCollection<K,V>' (https://learn.microsoft.com/dotnet/fundamentals/code-analysis/quality-rules/ca1002) [E:\github\FunWasHad\src\FWH.Mobile.Data\FWH.Mobile.Data.csproj]
E:\github\FunWasHad\src\FWH.Mobile.Data\Models\WorkflowDefinitionEntity.cs(28,20): warning CA1819: Properties should not return arrays (https://learn.microsoft.com/dotnet/fundamentals/code-analysis/quality-rules/ca1819) [E:\github\FunWasHad\src\FWH.Mobile.Data\FWH.Mobile.Data.csproj]
E:\github\FunWasHad\src\FWH.Mobile.Data\Entities\ImageEntity.cs(16,20): warning CA1056: Change the type of property 'ImageEntity.SourceUrl' from 'string' to 'System.Uri' (https://learn.microsoft.com/dotnet/fundamentals/code-analysis/quality-rules/ca1056) [E:\github\FunWasHad\src\FWH.Mobile.Data\FWH.Mobile.Data.csproj]
E:\github\FunWasHad\src\FWH.Mobile.Data\Migrations\AddDeviceLocationHistory.cs(53,22): warning CA1861: Prefer 'static readonly' fields over constant array arguments if the called method is called repeatedly and is not mutating the passed array (https://learn.microsoft.com/dotnet/fundamentals/code-analysis/quality-rules/ca1861) [E:\github\FunWasHad\src\FWH.Mobile.Data\FWH.Mobile.Data.csproj]
E:\github\FunWasHad\src\FWH.Mobile.Data\Repositories\EfNoteRepository.cs(19,9): warning CA1510: Use 'ArgumentNullException.ThrowIfNull' instead of explicitly throwing a new exception instance (https://learn.microsoft.com/dotnet/fundamentals/code-analysis/quality-rules/ca1510) [E:\github\FunWasHad\src\FWH.Mobile.Data\FWH.Mobile.Data.csproj]
E:\github\FunWasHad\src\FWH.Mobile.Data\Services\MobileDatabaseMigrationService.cs(112,9): warning CA1031: Modify 'GetAppliedMigrationsAsync' to catch a more specific allowed exception type, or rethrow the exception (https://learn.microsoft.com/dotnet/fundamentals/code-analysis/quality-rules/ca1031) [E:\github\FunWasHad\src\FWH.Mobile.Data\FWH.Mobile.Data.csproj]
E:\github\FunWasHad\src\FWH.Mobile.Data\Services\MobileDatabaseMigrationService.cs(129,9): warning CA1031: Modify 'GetPendingMigrationsAsync' to catch a more specific allowed exception type, or rethrow the exception (https://learn.microsoft.com/dotnet/fundamentals/code-analysis/quality-rules/ca1031) [E:\github\FunWasHad\src\FWH.Mobile.Data\FWH.Mobile.Data.csproj]
E:\github\FunWasHad\src\FWH.Mobile.Data\Repositories\EfConfigurationRepository.cs(75,29): warning CA1305: The behavior of 'int.ToString()' could vary based on the current user's locale settings. Replace this call in 'EfConfigurationRepository.SetIntAsync(string, int, [string], [string])' with a call to 'int.ToString(IFormatProvider)'. (https://learn.microsoft.com/dotnet/fundamentals/code-analysis/quality-rules/ca1305) [E:\github\FunWasHad\src\FWH.Mobile.Data\FWH.Mobile.Data.csproj]
E:\github\FunWasHad\src\FWH.Mobile.Data\Repositories\EfConfigurationRepository.cs(80,46): warning CA1311: Specify a culture or use an invariant version to avoid implicit dependency on current culture (https://learn.microsoft.com/dotnet/fundamentals/code-analysis/quality-rules/ca1311) [E:\github\FunWasHad\src\FWH.Mobile.Data\FWH.Mobile.Data.csproj]
E:\github\FunWasHad\src\FWH.Mobile.Data\Repositories\EfConfigurationRepository.cs(80,29): warning CA1304: The behavior of 'string.ToLower()' could vary based on the current user's locale settings. Replace this call in 'EfConfigurationRepository.SetBoolAsync(string, bool, [string], [string])' with a call to 'string.ToLower(CultureInfo)'. (https://learn.microsoft.com/dotnet/fundamentals/code-analysis/quality-rules/ca1304) [E:\github\FunWasHad\src\FWH.Mobile.Data\FWH.Mobile.Data.csproj]
E:\github\FunWasHad\src\FWH.Mobile.Data\Repositories\EfWorkflowRepository.cs(185,21): warning CA1860: Prefer comparing 'Count' to 0 rather than using 'Any()', both for clarity and for performance (https://learn.microsoft.com/dotnet/fundamentals/code-analysis/quality-rules/ca1860) [E:\github\FunWasHad\src\FWH.Mobile.Data\FWH.Mobile.Data.csproj]
E:\github\FunWasHad\src\FWH.Mobile.Data\Repositories\EfWorkflowRepository.cs(188,21): warning CA1860: Prefer comparing 'Count' to 0 rather than using 'Any()', both for clarity and for performance (https://learn.microsoft.com/dotnet/fundamentals/code-analysis/quality-rules/ca1860) [E:\github\FunWasHad\src\FWH.Mobile.Data\FWH.Mobile.Data.csproj]
E:\github\FunWasHad\src\FWH.Mobile.Data\Repositories\EfWorkflowRepository.cs(191,21): warning CA1860: Prefer comparing 'Count' to 0 rather than using 'Any()', both for clarity and for performance (https://learn.microsoft.com/dotnet/fundamentals/code-analysis/quality-rules/ca1860) [E:\github\FunWasHad\src\FWH.Mobile.Data\FWH.Mobile.Data.csproj]
E:\github\FunWasHad\src\FWH.Mobile.Data\Repositories\EfWorkflowRepository.cs(224,21): warning CA1860: Prefer comparing 'Count' to 0 rather than using 'Any()', both for clarity and for performance (https://learn.microsoft.com/dotnet/fundamentals/code-analysis/quality-rules/ca1860) [E:\github\FunWasHad\src\FWH.Mobile.Data\FWH.Mobile.Data.csproj]
E:\github\FunWasHad\src\FWH.Mobile.Data\Repositories\EfWorkflowRepository.cs(225,21): warning CA1860: Prefer comparing 'Count' to 0 rather than using 'Any()', both for clarity and for performance (https://learn.microsoft.com/dotnet/fundamentals/code-analysis/quality-rules/ca1860) [E:\github\FunWasHad\src\FWH.Mobile.Data\FWH.Mobile.Data.csproj]
E:\github\FunWasHad\src\FWH.Mobile.Data\Repositories\EfWorkflowRepository.cs(226,21): warning CA1860: Prefer comparing 'Count' to 0 rather than using 'Any()', both for clarity and for performance (https://learn.microsoft.com/dotnet/fundamentals/code-analysis/quality-rules/ca1860) [E:\github\FunWasHad\src\FWH.Mobile.Data\FWH.Mobile.Data.csproj]
E:\github\FunWasHad\src\FWH.Documentation.Sync\Program.cs(41,26): warning CA1311: Specify a culture or use an invariant version to avoid implicit dependency on current culture (https://learn.microsoft.com/dotnet/fundamentals/code-analysis/quality-rules/ca1311) [E:\github\FunWasHad\src\FWH.Documentation.Sync\FWH.Documentation.Sync.csproj]
E:\github\FunWasHad\src\FWH.Documentation.Sync\Program.cs(110,9): warning CA1848: For improved performance, use the LoggerMessage delegates instead of calling 'LoggerExtensions.LogInformation(ILogger, string?, params object?[])' (https://learn.microsoft.com/dotnet/fundamentals/code-analysis/quality-rules/ca1848) [E:\github\FunWasHad\src\FWH.Documentation.Sync\FWH.Documentation.Sync.csproj]
E:\github\FunWasHad\src\FWH.Documentation.Sync\Program.cs(67,9): warning CA1848: For improved performance, use the LoggerMessage delegates instead of calling 'LoggerExtensions.LogInformation(ILogger, string?, params object?[])' (https://learn.microsoft.com/dotnet/fundamentals/code-analysis/quality-rules/ca1848) [E:\github\FunWasHad\src\FWH.Documentation.Sync\FWH.Documentation.Sync.csproj]
E:\github\FunWasHad\src\FWH.Documentation.Sync\Program.cs(133,9): warning CA1848: For improved performance, use the LoggerMessage delegates instead of calling 'LoggerExtensions.LogInformation(ILogger, string?, params object?[])' (https://learn.microsoft.com/dotnet/fundamentals/code-analysis/quality-rules/ca1848) [E:\github\FunWasHad\src\FWH.Documentation.Sync\FWH.Documentation.Sync.csproj]
E:\github\FunWasHad\src\FWH.Documentation.Sync\Program.cs(35,9): warning CA1848: For improved performance, use the LoggerMessage delegates instead of calling 'LoggerExtensions.LogInformation(ILogger, string?, params object?[])' (https://learn.microsoft.com/dotnet/fundamentals/code-analysis/quality-rules/ca1848) [E:\github\FunWasHad\src\FWH.Documentation.Sync\FWH.Documentation.Sync.csproj]
E:\github\FunWasHad\src\FWH.Documentation.Sync\Program.cs(36,9): warning CA1848: For improved performance, use the LoggerMessage delegates instead of calling 'LoggerExtensions.LogInformation(ILogger, string?, params object?[])' (https://learn.microsoft.com/dotnet/fundamentals/code-analysis/quality-rules/ca1848) [E:\github\FunWasHad\src\FWH.Documentation.Sync\FWH.Documentation.Sync.csproj]
E:\github\FunWasHad\src\FWH.Documentation.Sync\Program.cs(134,9): warning CA1848: For improved performance, use the LoggerMessage delegates instead of calling 'LoggerExtensions.LogInformation(ILogger, string?, params object?[])' (https://learn.microsoft.com/dotnet/fundamentals/code-analysis/quality-rules/ca1848) [E:\github\FunWasHad\src\FWH.Documentation.Sync\FWH.Documentation.Sync.csproj]
E:\github\FunWasHad\src\FWH.Documentation.Sync\Program.cs(95,13): warning CA1848: For improved performance, use the LoggerMessage delegates instead of calling 'LoggerExtensions.LogWarning(ILogger, string?, params object?[])' (https://learn.microsoft.com/dotnet/fundamentals/code-analysis/quality-rules/ca1848) [E:\github\FunWasHad\src\FWH.Documentation.Sync\FWH.Documentation.Sync.csproj]
E:\github\FunWasHad\src\FWH.Documentation.Sync\Program.cs(117,9): warning CA1848: For improved performance, use the LoggerMessage delegates instead of calling 'LoggerExtensions.LogInformation(ILogger, string?, params object?[])' (https://learn.microsoft.com/dotnet/fundamentals/code-analysis/quality-rules/ca1848) [E:\github\FunWasHad\src\FWH.Documentation.Sync\FWH.Documentation.Sync.csproj]
E:\github\FunWasHad\src\FWH.Documentation.Sync\Program.cs(145,13): warning CA1848: For improved performance, use the LoggerMessage delegates instead of calling 'LoggerExtensions.LogInformation(ILogger, string?, params object?[])' (https://learn.microsoft.com/dotnet/fundamentals/code-analysis/quality-rules/ca1848) [E:\github\FunWasHad\src\FWH.Documentation.Sync\FWH.Documentation.Sync.csproj]
E:\github\FunWasHad\src\FWH.Documentation.Sync\Program.cs(98,17): warning CA1848: For improved performance, use the LoggerMessage delegates instead of calling 'LoggerExtensions.LogWarning(ILogger, string?, params object?[])' (https://learn.microsoft.com/dotnet/fundamentals/code-analysis/quality-rules/ca1848) [E:\github\FunWasHad\src\FWH.Documentation.Sync\FWH.Documentation.Sync.csproj]
E:\github\FunWasHad\src\FWH.Documentation.Sync\Program.cs(37,9): warning CA1848: For improved performance, use the LoggerMessage delegates instead of calling 'LoggerExtensions.LogInformation(ILogger, string?, params object?[])' (https://learn.microsoft.com/dotnet/fundamentals/code-analysis/quality-rules/ca1848) [E:\github\FunWasHad\src\FWH.Documentation.Sync\FWH.Documentation.Sync.csproj]
E:\github\FunWasHad\src\FWH.Documentation.Sync\Program.cs(128,9): warning CA1848: For improved performance, use the LoggerMessage delegates instead of calling 'LoggerExtensions.LogInformation(ILogger, string?, params object?[])' (https://learn.microsoft.com/dotnet/fundamentals/code-analysis/quality-rules/ca1848) [E:\github\FunWasHad\src\FWH.Documentation.Sync\FWH.Documentation.Sync.csproj]
E:\github\FunWasHad\src\FWH.Documentation.Sync\Program.cs(104,13): warning CA1848: For improved performance, use the LoggerMessage delegates instead of calling 'LoggerExtensions.LogInformation(ILogger, string?, params object?[])' (https://learn.microsoft.com/dotnet/fundamentals/code-analysis/quality-rules/ca1848) [E:\github\FunWasHad\src\FWH.Documentation.Sync\FWH.Documentation.Sync.csproj]
E:\github\FunWasHad\src\FWH.Documentation.Sync\Program.cs(53,21): warning CA1848: For improved performance, use the LoggerMessage delegates instead of calling 'LoggerExtensions.LogError(ILogger, string?, params object?[])' (https://learn.microsoft.com/dotnet/fundamentals/code-analysis/quality-rules/ca1848) [E:\github\FunWasHad\src\FWH.Documentation.Sync\FWH.Documentation.Sync.csproj]
E:\github\FunWasHad\src\FWH.Documentation.Sync\Program.cs(60,13): warning CA1848: For improved performance, use the LoggerMessage delegates instead of calling 'LoggerExtensions.LogError(ILogger, Exception?, string?, params object?[])' (https://learn.microsoft.com/dotnet/fundamentals/code-analysis/quality-rules/ca1848) [E:\github\FunWasHad\src\FWH.Documentation.Sync\FWH.Documentation.Sync.csproj]
E:\github\FunWasHad\src\FWH.Documentation.Sync\Program.cs(41,21): warning CA1304: The behavior of 'string.ToLower()' could vary based on the current user's locale settings. Replace this call in 'Program.Main(string[])' with a call to 'string.ToLower(CultureInfo)'. (https://learn.microsoft.com/dotnet/fundamentals/code-analysis/quality-rules/ca1304) [E:\github\FunWasHad\src\FWH.Documentation.Sync\FWH.Documentation.Sync.csproj]
E:\github\FunWasHad\src\FWH.Documentation.Sync\Program.cs(146,17): warning CA1305: The behavior of 'DateTime.ToString(string)' could vary based on the current user's locale settings. Replace this call in 'Program.WatchForChanges(string, ILogger)' with a call to 'DateTime.ToString(string, IFormatProvider)'. (https://learn.microsoft.com/dotnet/fundamentals/code-analysis/quality-rules/ca1305) [E:\github\FunWasHad\src\FWH.Documentation.Sync\FWH.Documentation.Sync.csproj]
E:\github\FunWasHad\src\FWH.Documentation.Sync\Program.cs(227,13): warning CA1848: For improved performance, use the LoggerMessage delegates instead of calling 'LoggerExtensions.LogInformation(ILogger, string?, params object?[])' (https://learn.microsoft.com/dotnet/fundamentals/code-analysis/quality-rules/ca1848) [E:\github\FunWasHad\src\FWH.Documentation.Sync\FWH.Documentation.Sync.csproj]
E:\github\FunWasHad\src\FWH.Documentation.Sync\Program.cs(200,29): warning CA1310: The behavior of 'string.StartsWith(string)' could vary based on the current user's locale settings. Replace this call in 'FWH.Documentation.Sync.Program.UpdateStatusDocument(string, System.Collections.Generic.List<FWH.Documentation.Sync.TodoItem>, Microsoft.Extensions.Logging.ILogger)' with a call to 'string.StartsWith(string, System.StringComparison)'. (https://learn.microsoft.com/dotnet/fundamentals/code-analysis/quality-rules/ca1310) [E:\github\FunWasHad\src\FWH.Documentation.Sync\FWH.Documentation.Sync.csproj]
E:\github\FunWasHad\src\FWH.Documentation.Sync\Program.cs(201,29): warning CA1310: The behavior of 'string.StartsWith(string)' could vary based on the current user's locale settings. Replace this call in 'FWH.Documentation.Sync.Program.UpdateStatusDocument(string, System.Collections.Generic.List<FWH.Documentation.Sync.TodoItem>, Microsoft.Extensions.Logging.ILogger)' with a call to 'string.StartsWith(string, System.StringComparison)'. (https://learn.microsoft.com/dotnet/fundamentals/code-analysis/quality-rules/ca1310) [E:\github\FunWasHad\src\FWH.Documentation.Sync\FWH.Documentation.Sync.csproj]
E:\github\FunWasHad\src\FWH.Documentation.Sync\Program.cs(202,29): warning CA1310: The behavior of 'string.StartsWith(string)' could vary based on the current user's locale settings. Replace this call in 'FWH.Documentation.Sync.Program.UpdateStatusDocument(string, System.Collections.Generic.List<FWH.Documentation.Sync.TodoItem>, Microsoft.Extensions.Logging.ILogger)' with a call to 'string.StartsWith(string, System.StringComparison)'. (https://learn.microsoft.com/dotnet/fundamentals/code-analysis/quality-rules/ca1310) [E:\github\FunWasHad\src\FWH.Documentation.Sync\FWH.Documentation.Sync.csproj]
E:\github\FunWasHad\src\FWH.Documentation.Sync\Program.cs(203,29): warning CA1310: The behavior of 'string.StartsWith(string)' could vary based on the current user's locale settings. Replace this call in 'FWH.Documentation.Sync.Program.UpdateStatusDocument(string, System.Collections.Generic.List<FWH.Documentation.Sync.TodoItem>, Microsoft.Extensions.Logging.ILogger)' with a call to 'string.StartsWith(string, System.StringComparison)'. (https://learn.microsoft.com/dotnet/fundamentals/code-analysis/quality-rules/ca1310) [E:\github\FunWasHad\src\FWH.Documentation.Sync\FWH.Documentation.Sync.csproj]
E:\github\FunWasHad\src\FWH.Documentation.Sync\Program.cs(246,21): warning CA1848: For improved performance, use the LoggerMessage delegates instead of calling 'LoggerExtensions.LogInformation(ILogger, string?, params object?[])' (https://learn.microsoft.com/dotnet/fundamentals/code-analysis/quality-rules/ca1848) [E:\github\FunWasHad\src\FWH.Documentation.Sync\FWH.Documentation.Sync.csproj]
E:\github\FunWasHad\src\FWH.Documentation.Sync\Program.cs(254,9): warning CA1848: For improved performance, use the LoggerMessage delegates instead of calling 'LoggerExtensions.LogInformation(ILogger, string?, params object?[])' (https://learn.microsoft.com/dotnet/fundamentals/code-analysis/quality-rules/ca1848) [E:\github\FunWasHad\src\FWH.Documentation.Sync\FWH.Documentation.Sync.csproj]
E:\github\FunWasHad\src\FWH.Documentation.Sync\Program.cs(314,21): warning CA1848: For improved performance, use the LoggerMessage delegates instead of calling 'LoggerExtensions.LogWarning(ILogger, string?, params object?[])' (https://learn.microsoft.com/dotnet/fundamentals/code-analysis/quality-rules/ca1848) [E:\github\FunWasHad\src\FWH.Documentation.Sync\FWH.Documentation.Sync.csproj]
E:\github\FunWasHad\src\FWH.Documentation.Sync\Program.cs(322,17): warning CA1848: For improved performance, use the LoggerMessage delegates instead of calling 'LoggerExtensions.LogInformation(ILogger, string?, params object?[])' (https://learn.microsoft.com/dotnet/fundamentals/code-analysis/quality-rules/ca1848) [E:\github\FunWasHad\src\FWH.Documentation.Sync\FWH.Documentation.Sync.csproj]
E:\github\FunWasHad\src\FWH.Documentation.Sync\Program.cs(328,13): warning CA1848: For improved performance, use the LoggerMessage delegates instead of calling 'LoggerExtensions.LogInformation(ILogger, string?, params object?[])' (https://learn.microsoft.com/dotnet/fundamentals/code-analysis/quality-rules/ca1848) [E:\github\FunWasHad\src\FWH.Documentation.Sync\FWH.Documentation.Sync.csproj]
E:\github\FunWasHad\src\FWH.Documentation.Sync\Program.cs(332,13): warning CA1848: For improved performance, use the LoggerMessage delegates instead of calling 'LoggerExtensions.LogInformation(ILogger, string?, params object?[])' (https://learn.microsoft.com/dotnet/fundamentals/code-analysis/quality-rules/ca1848) [E:\github\FunWasHad\src\FWH.Documentation.Sync\FWH.Documentation.Sync.csproj]
E:\github\FunWasHad\src\FWH.Documentation.Sync\Program.cs(338,9): warning CA1848: For improved performance, use the LoggerMessage delegates instead of calling 'LoggerExtensions.LogInformation(ILogger, string?, params object?[])' (https://learn.microsoft.com/dotnet/fundamentals/code-analysis/quality-rules/ca1848) [E:\github\FunWasHad\src\FWH.Documentation.Sync\FWH.Documentation.Sync.csproj]
E:\github\FunWasHad\src\FWH.Documentation.Sync\Program.cs(343,13): warning CA1848: For improved performance, use the LoggerMessage delegates instead of calling 'LoggerExtensions.LogWarning(ILogger, string?, params object?[])' (https://learn.microsoft.com/dotnet/fundamentals/code-analysis/quality-rules/ca1848) [E:\github\FunWasHad\src\FWH.Documentation.Sync\FWH.Documentation.Sync.csproj]
E:\github\FunWasHad\src\FWH.Documentation.Sync\Program.cs(363,17): warning CA1848: For improved performance, use the LoggerMessage delegates instead of calling 'LoggerExtensions.LogWarning(ILogger, string?, params object?[])' (https://learn.microsoft.com/dotnet/fundamentals/code-analysis/quality-rules/ca1848) [E:\github\FunWasHad\src\FWH.Documentation.Sync\FWH.Documentation.Sync.csproj]
E:\github\FunWasHad\src\FWH.Documentation.Sync\Program.cs(373,17): warning CA1848: For improved performance, use the LoggerMessage delegates instead of calling 'LoggerExtensions.LogInformation(ILogger, string?, params object?[])' (https://learn.microsoft.com/dotnet/fundamentals/code-analysis/quality-rules/ca1848) [E:\github\FunWasHad\src\FWH.Documentation.Sync\FWH.Documentation.Sync.csproj]
E:\github\FunWasHad\src\FWH.Documentation.Sync\Program.cs(377,17): warning CA1848: For improved performance, use the LoggerMessage delegates instead of calling 'LoggerExtensions.LogWarning(ILogger, string?, params object?[])' (https://learn.microsoft.com/dotnet/fundamentals/code-analysis/quality-rules/ca1848) [E:\github\FunWasHad\src\FWH.Documentation.Sync\FWH.Documentation.Sync.csproj]
E:\github\FunWasHad\src\FWH.Documentation.Sync\Program.cs(385,21): warning CA1848: For improved performance, use the LoggerMessage delegates instead of calling 'LoggerExtensions.LogWarning(ILogger, string?, params object?[])' (https://learn.microsoft.com/dotnet/fundamentals/code-analysis/quality-rules/ca1848) [E:\github\FunWasHad\src\FWH.Documentation.Sync\FWH.Documentation.Sync.csproj]
E:\github\FunWasHad\src\FWH.Documentation.Sync\Program.cs(391,13): warning CA1848: For improved performance, use the LoggerMessage delegates instead of calling 'LoggerExtensions.LogError(ILogger, Exception?, string?, params object?[])' (https://learn.microsoft.com/dotnet/fundamentals/code-analysis/quality-rules/ca1848) [E:\github\FunWasHad\src\FWH.Documentation.Sync\FWH.Documentation.Sync.csproj]
E:\github\FunWasHad\src\FWH.Documentation.Sync\Program.cs(58,9): warning CA1031: Modify 'Main' to catch a more specific allowed exception type, or rethrow the exception (https://learn.microsoft.com/dotnet/fundamentals/code-analysis/quality-rules/ca1031) [E:\github\FunWasHad\src\FWH.Documentation.Sync\FWH.Documentation.Sync.csproj]
E:\github\FunWasHad\src\FWH.Documentation.Sync\Program.cs(389,9): warning CA1031: Modify 'BuildDocumentation' to catch a more specific allowed exception type, or rethrow the exception (https://learn.microsoft.com/dotnet/fundamentals/code-analysis/quality-rules/ca1031) [E:\github\FunWasHad\src\FWH.Documentation.Sync\FWH.Documentation.Sync.csproj]
E:\github\FunWasHad\src\FWH.Documentation.Sync\Program.cs(396,8): warning CA1852: Type 'TodoItem' can be sealed because it has no subtypes in its containing assembly and is not externally visible (https://learn.microsoft.com/dotnet/fundamentals/code-analysis/quality-rules/ca1852) [E:\github\FunWasHad\src\FWH.Documentation.Sync\FWH.Documentation.Sync.csproj]
E:\github\FunWasHad\src\FWH.Documentation.Sync\Program.cs(13,7): warning CA1852: Type 'Program' can be sealed because it has no subtypes in its containing assembly and is not externally visible (https://learn.microsoft.com/dotnet/fundamentals/code-analysis/quality-rules/ca1852) [E:\github\FunWasHad\src\FWH.Documentation.Sync\FWH.Documentation.Sync.csproj]
E:\github\FunWasHad\src\FWH.Documentation.Sync\Program.cs(402,7): warning CA1852: Type 'ProjectStats' can be sealed because it has no subtypes in its containing assembly and is not externally visible (https://learn.microsoft.com/dotnet/fundamentals/code-analysis/quality-rules/ca1852) [E:\github\FunWasHad\src\FWH.Documentation.Sync\FWH.Documentation.Sync.csproj]
E:\github\FunWasHad\src\FWH.Orchestrix.Mediator.Remote\Extensions\MediatorServiceCollectionExtensions.cs(180,19): warning CA1056: Change the type of property 'ApiClientOptions.LocationApiBaseUrl' from 'string' to 'System.Uri' (https://learn.microsoft.com/dotnet/fundamentals/code-analysis/quality-rules/ca1056) [E:\github\FunWasHad\src\FWH.Orchestrix.Mediator.Remote\FWH.Orchestrix.Mediator.Remote.csproj]
E:\github\FunWasHad\src\FWH.Orchestrix.Mediator.Remote\Extensions\MediatorServiceCollectionExtensions.cs(181,19): warning CA1056: Change the type of property 'ApiClientOptions.MarketingApiBaseUrl' from 'string' to 'System.Uri' (https://learn.microsoft.com/dotnet/fundamentals/code-analysis/quality-rules/ca1056) [E:\github\FunWasHad\src\FWH.Orchestrix.Mediator.Remote\FWH.Orchestrix.Mediator.Remote.csproj]
E:\github\FunWasHad\src\FWH.Orchestrix.Mediator.Remote\Marketing\GetBusinessThemeHandler.cs(32,13): warning CA1848: For improved performance, use the LoggerMessage delegates instead of calling 'LoggerExtensions.LogInformation(ILogger, string?, params object?[])' (https://learn.microsoft.com/dotnet/fundamentals/code-analysis/quality-rules/ca1848) [E:\github\FunWasHad\src\FWH.Orchestrix.Mediator.Remote\FWH.Orchestrix.Mediator.Remote.csproj]
E:\github\FunWasHad\src\FWH.Orchestrix.Mediator.Remote\Marketing\GetBusinessThemeHandler.cs(48,13): warning CA1848: For improved performance, use the LoggerMessage delegates instead of calling 'LoggerExtensions.LogWarning(ILogger, string?, params object?[])' (https://learn.microsoft.com/dotnet/fundamentals/code-analysis/quality-rules/ca1848) [E:\github\FunWasHad\src\FWH.Orchestrix.Mediator.Remote\FWH.Orchestrix.Mediator.Remote.csproj]
E:\github\FunWasHad\src\FWH.Orchestrix.Mediator.Remote\Marketing\GetBusinessThemeHandler.cs(59,13): warning CA1848: For improved performance, use the LoggerMessage delegates instead of calling 'LoggerExtensions.LogError(ILogger, Exception?, string?, params object?[])' (https://learn.microsoft.com/dotnet/fundamentals/code-analysis/quality-rules/ca1848) [E:\github\FunWasHad\src\FWH.Orchestrix.Mediator.Remote\FWH.Orchestrix.Mediator.Remote.csproj]
E:\github\FunWasHad\src\FWH.Orchestrix.Mediator.Remote\Marketing\GetBusinessCouponsHandler.cs(32,13): warning CA1848: For improved performance, use the LoggerMessage delegates instead of calling 'LoggerExtensions.LogInformation(ILogger, string?, params object?[])' (https://learn.microsoft.com/dotnet/fundamentals/code-analysis/quality-rules/ca1848) [E:\github\FunWasHad\src\FWH.Orchestrix.Mediator.Remote\FWH.Orchestrix.Mediator.Remote.csproj]
E:\github\FunWasHad\src\FWH.Orchestrix.Mediator.Remote\Marketing\GetBusinessCouponsHandler.cs(48,13): warning CA1848: For improved performance, use the LoggerMessage delegates instead of calling 'LoggerExtensions.LogWarning(ILogger, string?, params object?[])' (https://learn.microsoft.com/dotnet/fundamentals/code-analysis/quality-rules/ca1848) [E:\github\FunWasHad\src\FWH.Orchestrix.Mediator.Remote\FWH.Orchestrix.Mediator.Remote.csproj]
E:\github\FunWasHad\src\FWH.Orchestrix.Mediator.Remote\Marketing\GetBusinessCouponsHandler.cs(59,13): warning CA1848: For improved performance, use the LoggerMessage delegates instead of calling 'LoggerExtensions.LogError(ILogger, Exception?, string?, params object?[])' (https://learn.microsoft.com/dotnet/fundamentals/code-analysis/quality-rules/ca1848) [E:\github\FunWasHad\src\FWH.Orchestrix.Mediator.Remote\FWH.Orchestrix.Mediator.Remote.csproj]
E:\github\FunWasHad\src\FWH.Orchestrix.Mediator.Remote\Marketing\UploadFeedbackAttachmentHandler.cs(32,13): warning CA1848: For improved performance, use the LoggerMessage delegates instead of calling 'LoggerExtensions.LogInformation(ILogger, string?, params object?[])' (https://learn.microsoft.com/dotnet/fundamentals/code-analysis/quality-rules/ca1848) [E:\github\FunWasHad\src\FWH.Orchestrix.Mediator.Remote\FWH.Orchestrix.Mediator.Remote.csproj]
E:\github\FunWasHad\src\FWH.Orchestrix.Mediator.Remote\Marketing\UploadFeedbackAttachmentHandler.cs(58,13): warning CA1848: For improved performance, use the LoggerMessage delegates instead of calling 'LoggerExtensions.LogWarning(ILogger, string?, params object?[])' (https://learn.microsoft.com/dotnet/fundamentals/code-analysis/quality-rules/ca1848) [E:\github\FunWasHad\src\FWH.Orchestrix.Mediator.Remote\FWH.Orchestrix.Mediator.Remote.csproj]
E:\github\FunWasHad\src\FWH.Orchestrix.Mediator.Remote\Marketing\UploadFeedbackAttachmentHandler.cs(69,13): warning CA1848: For improved performance, use the LoggerMessage delegates instead of calling 'LoggerExtensions.LogError(ILogger, Exception?, string?, params object?[])' (https://learn.microsoft.com/dotnet/fundamentals/code-analysis/quality-rules/ca1848) [E:\github\FunWasHad\src\FWH.Orchestrix.Mediator.Remote\FWH.Orchestrix.Mediator.Remote.csproj]
E:\github\FunWasHad\src\FWH.Orchestrix.Mediator.Remote\Marketing\GetBusinessThemeHandler.cs(57,9): warning CA1031: Modify 'HandleAsync' to catch a more specific allowed exception type, or rethrow the exception (https://learn.microsoft.com/dotnet/fundamentals/code-analysis/quality-rules/ca1031) [E:\github\FunWasHad\src\FWH.Orchestrix.Mediator.Remote\FWH.Orchestrix.Mediator.Remote.csproj]
E:\github\FunWasHad\src\FWH.Orchestrix.Mediator.Remote\Marketing\GetBusinessMarketingHandler.cs(32,13): warning CA1848: For improved performance, use the LoggerMessage delegates instead of calling 'LoggerExtensions.LogInformation(ILogger, string?, params object?[])' (https://learn.microsoft.com/dotnet/fundamentals/code-analysis/quality-rules/ca1848) [E:\github\FunWasHad\src\FWH.Orchestrix.Mediator.Remote\FWH.Orchestrix.Mediator.Remote.csproj]
E:\github\FunWasHad\src\FWH.Orchestrix.Mediator.Remote\Marketing\GetBusinessMarketingHandler.cs(48,13): warning CA1848: For improved performance, use the LoggerMessage delegates instead of calling 'LoggerExtensions.LogWarning(ILogger, string?, params object?[])' (https://learn.microsoft.com/dotnet/fundamentals/code-analysis/quality-rules/ca1848) [E:\github\FunWasHad\src\FWH.Orchestrix.Mediator.Remote\FWH.Orchestrix.Mediator.Remote.csproj]
E:\github\FunWasHad\src\FWH.Orchestrix.Mediator.Remote\Marketing\GetBusinessMarketingHandler.cs(59,13): warning CA1848: For improved performance, use the LoggerMessage delegates instead of calling 'LoggerExtensions.LogError(ILogger, Exception?, string?, params object?[])' (https://learn.microsoft.com/dotnet/fundamentals/code-analysis/quality-rules/ca1848) [E:\github\FunWasHad\src\FWH.Orchestrix.Mediator.Remote\FWH.Orchestrix.Mediator.Remote.csproj]
E:\github\FunWasHad\src\FWH.Orchestrix.Mediator.Remote\Location\GetDeviceLocationHistoryHandler.cs(32,13): warning CA1848: For improved performance, use the LoggerMessage delegates instead of calling 'LoggerExtensions.LogInformation(ILogger, string?, params object?[])' (https://learn.microsoft.com/dotnet/fundamentals/code-analysis/quality-rules/ca1848) [E:\github\FunWasHad\src\FWH.Orchestrix.Mediator.Remote\FWH.Orchestrix.Mediator.Remote.csproj]
E:\github\FunWasHad\src\FWH.Orchestrix.Mediator.Remote\Location\GetDeviceLocationHistoryHandler.cs(56,13): warning CA1848: For improved performance, use the LoggerMessage delegates instead of calling 'LoggerExtensions.LogWarning(ILogger, string?, params object?[])' (https://learn.microsoft.com/dotnet/fundamentals/code-analysis/quality-rules/ca1848) [E:\github\FunWasHad\src\FWH.Orchestrix.Mediator.Remote\FWH.Orchestrix.Mediator.Remote.csproj]
E:\github\FunWasHad\src\FWH.Orchestrix.Mediator.Remote\Location\GetDeviceLocationHistoryHandler.cs(67,13): warning CA1848: For improved performance, use the LoggerMessage delegates instead of calling 'LoggerExtensions.LogError(ILogger, Exception?, string?, params object?[])' (https://learn.microsoft.com/dotnet/fundamentals/code-analysis/quality-rules/ca1848) [E:\github\FunWasHad\src\FWH.Orchestrix.Mediator.Remote\FWH.Orchestrix.Mediator.Remote.csproj]
E:\github\FunWasHad\src\FWH.Orchestrix.Mediator.Remote\Marketing\SubmitFeedbackHandler.cs(32,13): warning CA1848: For improved performance, use the LoggerMessage delegates instead of calling 'LoggerExtensions.LogInformation(ILogger, string?, params object?[])' (https://learn.microsoft.com/dotnet/fundamentals/code-analysis/quality-rules/ca1848) [E:\github\FunWasHad\src\FWH.Orchestrix.Mediator.Remote\FWH.Orchestrix.Mediator.Remote.csproj]
E:\github\FunWasHad\src\FWH.Orchestrix.Mediator.Remote\Marketing\SubmitFeedbackHandler.cs(64,13): warning CA1848: For improved performance, use the LoggerMessage delegates instead of calling 'LoggerExtensions.LogWarning(ILogger, string?, params object?[])' (https://learn.microsoft.com/dotnet/fundamentals/code-analysis/quality-rules/ca1848) [E:\github\FunWasHad\src\FWH.Orchestrix.Mediator.Remote\FWH.Orchestrix.Mediator.Remote.csproj]
E:\github\FunWasHad\src\FWH.Orchestrix.Mediator.Remote\Marketing\SubmitFeedbackHandler.cs(75,13): warning CA1848: For improved performance, use the LoggerMessage delegates instead of calling 'LoggerExtensions.LogError(ILogger, Exception?, string?, params object?[])' (https://learn.microsoft.com/dotnet/fundamentals/code-analysis/quality-rules/ca1848) [E:\github\FunWasHad\src\FWH.Orchestrix.Mediator.Remote\FWH.Orchestrix.Mediator.Remote.csproj]
E:\github\FunWasHad\src\FWH.Orchestrix.Mediator.Remote\Marketing\GetBusinessMarketingHandler.cs(57,9): warning CA1031: Modify 'HandleAsync' to catch a more specific allowed exception type, or rethrow the exception (https://learn.microsoft.com/dotnet/fundamentals/code-analysis/quality-rules/ca1031) [E:\github\FunWasHad\src\FWH.Orchestrix.Mediator.Remote\FWH.Orchestrix.Mediator.Remote.csproj]
E:\github\FunWasHad\src\FWH.Orchestrix.Mediator.Remote\Marketing\GetBusinessCouponsHandler.cs(57,9): warning CA1031: Modify 'HandleAsync' to catch a more specific allowed exception type, or rethrow the exception (https://learn.microsoft.com/dotnet/fundamentals/code-analysis/quality-rules/ca1031) [E:\github\FunWasHad\src\FWH.Orchestrix.Mediator.Remote\FWH.Orchestrix.Mediator.Remote.csproj]
E:\github\FunWasHad\src\FWH.Orchestrix.Mediator.Remote\Marketing\UploadFeedbackAttachmentHandler.cs(67,9): warning CA1031: Modify 'HandleAsync' to catch a more specific allowed exception type, or rethrow the exception (https://learn.microsoft.com/dotnet/fundamentals/code-analysis/quality-rules/ca1031) [E:\github\FunWasHad\src\FWH.Orchestrix.Mediator.Remote\FWH.Orchestrix.Mediator.Remote.csproj]
E:\github\FunWasHad\src\FWH.Orchestrix.Mediator.Remote\Marketing\SubmitFeedbackHandler.cs(73,9): warning CA1031: Modify 'HandleAsync' to catch a more specific allowed exception type, or rethrow the exception (https://learn.microsoft.com/dotnet/fundamentals/code-analysis/quality-rules/ca1031) [E:\github\FunWasHad\src\FWH.Orchestrix.Mediator.Remote\FWH.Orchestrix.Mediator.Remote.csproj]
E:\github\FunWasHad\src\FWH.Orchestrix.Mediator.Remote\Location\UpdateDeviceLocationHandler.cs(39,13): warning CA1848: For improved performance, use the LoggerMessage delegates instead of calling 'LoggerExtensions.LogInformation(ILogger, string?, params object?[])' (https://learn.microsoft.com/dotnet/fundamentals/code-analysis/quality-rules/ca1848) [E:\github\FunWasHad\src\FWH.Orchestrix.Mediator.Remote\FWH.Orchestrix.Mediator.Remote.csproj]
E:\github\FunWasHad\src\FWH.Orchestrix.Mediator.Remote\Location\UpdateDeviceLocationHandler.cs(68,13): warning CA1848: For improved performance, use the LoggerMessage delegates instead of calling 'LoggerExtensions.LogWarning(ILogger, string?, params object?[])' (https://learn.microsoft.com/dotnet/fundamentals/code-analysis/quality-rules/ca1848) [E:\github\FunWasHad\src\FWH.Orchestrix.Mediator.Remote\FWH.Orchestrix.Mediator.Remote.csproj]
E:\github\FunWasHad\src\FWH.Orchestrix.Mediator.Remote\Location\UpdateDeviceLocationHandler.cs(79,13): warning CA1848: For improved performance, use the LoggerMessage delegates instead of calling 'LoggerExtensions.LogError(ILogger, Exception?, string?, params object?[])' (https://learn.microsoft.com/dotnet/fundamentals/code-analysis/quality-rules/ca1848) [E:\github\FunWasHad\src\FWH.Orchestrix.Mediator.Remote\FWH.Orchestrix.Mediator.Remote.csproj]
E:\github\FunWasHad\src\FWH.Orchestrix.Mediator.Remote\Location\UpdateDeviceLocationHandler.cs(77,9): warning CA1031: Modify 'HandleAsync' to catch a more specific allowed exception type, or rethrow the exception (https://learn.microsoft.com/dotnet/fundamentals/code-analysis/quality-rules/ca1031) [E:\github\FunWasHad\src\FWH.Orchestrix.Mediator.Remote\FWH.Orchestrix.Mediator.Remote.csproj]
E:\github\FunWasHad\src\FWH.Orchestrix.Mediator.Remote\Location\GetNearbyBusinessesHandler.cs(32,13): warning CA1848: For improved performance, use the LoggerMessage delegates instead of calling 'LoggerExtensions.LogInformation(ILogger, string?, params object?[])' (https://learn.microsoft.com/dotnet/fundamentals/code-analysis/quality-rules/ca1848) [E:\github\FunWasHad\src\FWH.Orchestrix.Mediator.Remote\FWH.Orchestrix.Mediator.Remote.csproj]
E:\github\FunWasHad\src\FWH.Orchestrix.Mediator.Remote\Location\GetNearbyBusinessesHandler.cs(55,13): warning CA1848: For improved performance, use the LoggerMessage delegates instead of calling 'LoggerExtensions.LogWarning(ILogger, string?, params object?[])' (https://learn.microsoft.com/dotnet/fundamentals/code-analysis/quality-rules/ca1848) [E:\github\FunWasHad\src\FWH.Orchestrix.Mediator.Remote\FWH.Orchestrix.Mediator.Remote.csproj]
E:\github\FunWasHad\src\FWH.Orchestrix.Mediator.Remote\Location\GetNearbyBusinessesHandler.cs(66,13): warning CA1848: For improved performance, use the LoggerMessage delegates instead of calling 'LoggerExtensions.LogError(ILogger, Exception?, string?, params object?[])' (https://learn.microsoft.com/dotnet/fundamentals/code-analysis/quality-rules/ca1848) [E:\github\FunWasHad\src\FWH.Orchestrix.Mediator.Remote\FWH.Orchestrix.Mediator.Remote.csproj]
E:\github\FunWasHad\src\FWH.Orchestrix.Mediator.Remote\Location\GetDeviceLocationHistoryHandler.cs(65,9): warning CA1031: Modify 'HandleAsync' to catch a more specific allowed exception type, or rethrow the exception (https://learn.microsoft.com/dotnet/fundamentals/code-analysis/quality-rules/ca1031) [E:\github\FunWasHad\src\FWH.Orchestrix.Mediator.Remote\FWH.Orchestrix.Mediator.Remote.csproj]
E:\github\FunWasHad\src\FWH.Orchestrix.Mediator.Remote\Location\GetNearbyBusinessesHandler.cs(64,9): warning CA1031: Modify 'HandleAsync' to catch a more specific allowed exception type, or rethrow the exception (https://learn.microsoft.com/dotnet/fundamentals/code-analysis/quality-rules/ca1031) [E:\github\FunWasHad\src\FWH.Orchestrix.Mediator.Remote\FWH.Orchestrix.Mediator.Remote.csproj]
E:\github\FunWasHad\src\FWH.Orchestrix.Mediator.Remote\Location\UpdateDeviceLocationHandler.cs(88,20): warning CA1812: 'UpdateDeviceLocationHandler.LocationCreatedDto' is an internal class that is apparently never instantiated. If so, remove the code from the assembly. If this class is intended to contain only static members, make it 'static' (Module in Visual Basic). (https://learn.microsoft.com/dotnet/fundamentals/code-analysis/quality-rules/ca1812) [E:\github\FunWasHad\src\FWH.Orchestrix.Mediator.Remote\FWH.Orchestrix.Mediator.Remote.csproj]
E:\github\FunWasHad\src\FWH.Orchestrix.Mediator.Remote\Marketing\SubmitFeedbackHandler.cs(84,20): warning CA1812: 'SubmitFeedbackHandler.FeedbackCreatedDto' is an internal class that is apparently never instantiated. If so, remove the code from the assembly. If this class is intended to contain only static members, make it 'static' (Module in Visual Basic). (https://learn.microsoft.com/dotnet/fundamentals/code-analysis/quality-rules/ca1812) [E:\github\FunWasHad\src\FWH.Orchestrix.Mediator.Remote\FWH.Orchestrix.Mediator.Remote.csproj]
E:\github\FunWasHad\src\FWH.Orchestrix.Mediator.Remote\Marketing\UploadFeedbackAttachmentHandler.cs(78,20): warning CA1812: 'UploadFeedbackAttachmentHandler.AttachmentCreatedDto' is an internal class that is apparently never instantiated. If so, remove the code from the assembly. If this class is intended to contain only static members, make it 'static' (Module in Visual Basic). (https://learn.microsoft.com/dotnet/fundamentals/code-analysis/quality-rules/ca1812) [E:\github\FunWasHad\src\FWH.Orchestrix.Mediator.Remote\FWH.Orchestrix.Mediator.Remote.csproj]
E:\github\FunWasHad\src\FWH.Orchestrix.Mediator.Remote\Location\UpdateDeviceLocationHandler.cs(88,20): warning CA1852: Type 'LocationCreatedDto' can be sealed because it has no subtypes in its containing assembly and is not externally visible (https://learn.microsoft.com/dotnet/fundamentals/code-analysis/quality-rules/ca1852) [E:\github\FunWasHad\src\FWH.Orchestrix.Mediator.Remote\FWH.Orchestrix.Mediator.Remote.csproj]
E:\github\FunWasHad\src\FWH.Orchestrix.Mediator.Remote\Marketing\SubmitFeedbackHandler.cs(84,20): warning CA1852: Type 'FeedbackCreatedDto' can be sealed because it has no subtypes in its containing assembly and is not externally visible (https://learn.microsoft.com/dotnet/fundamentals/code-analysis/quality-rules/ca1852) [E:\github\FunWasHad\src\FWH.Orchestrix.Mediator.Remote\FWH.Orchestrix.Mediator.Remote.csproj]
E:\github\FunWasHad\src\FWH.Orchestrix.Mediator.Remote\Extensions\MediatorServiceCollectionExtensions.cs(188,16): warning CA1852: Type 'ApiAuthenticationMessageHandler' can be sealed because it has no subtypes in its containing assembly and is not externally visible (https://learn.microsoft.com/dotnet/fundamentals/code-analysis/quality-rules/ca1852) [E:\github\FunWasHad\src\FWH.Orchestrix.Mediator.Remote\FWH.Orchestrix.Mediator.Remote.csproj]
E:\github\FunWasHad\src\FWH.Orchestrix.Mediator.Remote\Marketing\UploadFeedbackAttachmentHandler.cs(78,20): warning CA1852: Type 'AttachmentCreatedDto' can be sealed because it has no subtypes in its containing assembly and is not externally visible (https://learn.microsoft.com/dotnet/fundamentals/code-analysis/quality-rules/ca1852) [E:\github\FunWasHad\src\FWH.Orchestrix.Mediator.Remote\FWH.Orchestrix.Mediator.Remote.csproj]
E:\github\FunWasHad\tests\PlantUmlRender.Tests\ExtractStartumlBlockTests.cs(13,9): warning xUnit2009: Do not use Assert.True() to check for substrings. Use Assert.StartsWith instead. (https://xunit.net/xunit.analyzers/rules/xUnit2009) [E:\github\FunWasHad\tests\PlantUmlRender.Tests\PlantUmlRender.Tests.csproj]
E:\github\FunWasHad\tests\PlantUmlRender.Tests\ExtractStartumlBlockTests.cs(14,9): warning xUnit2009: Do not use Assert.True() to check for substrings. Use Assert.EndsWith instead. (https://xunit.net/xunit.analyzers/rules/xUnit2009) [E:\github\FunWasHad\tests\PlantUmlRender.Tests\PlantUmlRender.Tests.csproj]
E:\github\FunWasHad\src\FWH.MarketingApi\Program.cs(154,22): warning CA1515: Because an application's API isn't typically referenced from outside the assembly, types can be made internal (https://learn.microsoft.com/dotnet/fundamentals/code-analysis/quality-rules/ca1515) [E:\github\FunWasHad\src\FWH.MarketingApi\FWH.MarketingApi.csproj]
E:\github\FunWasHad\src\FWH.MarketingApi\Services\LocalFileBlobStorageService.cs(31,13): warning CA1848: For improved performance, use the LoggerMessage delegates instead of calling 'LoggerExtensions.LogInformation(ILogger, string?, params object?[])' (https://learn.microsoft.com/dotnet/fundamentals/code-analysis/quality-rules/ca1848) [E:\github\FunWasHad\src\FWH.MarketingApi\FWH.MarketingApi.csproj]
E:\github\FunWasHad\src\FWH.MarketingApi\Services\LocalFileBlobStorageService.cs(34,9): warning CA1848: For improved performance, use the LoggerMessage delegates instead of calling 'LoggerExtensions.LogInformation(ILogger, string?, params object?[])' (https://learn.microsoft.com/dotnet/fundamentals/code-analysis/quality-rules/ca1848) [E:\github\FunWasHad\src\FWH.MarketingApi\FWH.MarketingApi.csproj]
E:\github\FunWasHad\src\FWH.MarketingApi\Services\LocalFileBlobStorageService.cs(73,9): warning CA1848: For improved performance, use the LoggerMessage delegates instead of calling 'LoggerExtensions.LogDebug(ILogger, string?, params object?[])' (https://learn.microsoft.com/dotnet/fundamentals/code-analysis/quality-rules/ca1848) [E:\github\FunWasHad\src\FWH.MarketingApi\FWH.MarketingApi.csproj]
E:\github\FunWasHad\src\FWH.MarketingApi\Middleware\ApiKeyAuthenticationMiddleware.cs(50,13): warning CA1848: For improved performance, use the LoggerMessage delegates instead of calling 'LoggerExtensions.LogWarning(ILogger, string?, params object?[])' (https://learn.microsoft.com/dotnet/fundamentals/code-analysis/quality-rules/ca1848) [E:\github\FunWasHad\src\FWH.MarketingApi\FWH.MarketingApi.csproj]
E:\github\FunWasHad\src\FWH.MarketingApi\Middleware\ApiKeyAuthenticationMiddleware.cs(62,17): warning CA1848: For improved performance, use the LoggerMessage delegates instead of calling 'LoggerExtensions.LogWarning(ILogger, string?, params object?[])' (https://learn.microsoft.com/dotnet/fundamentals/code-analysis/quality-rules/ca1848) [E:\github\FunWasHad\src\FWH.MarketingApi\FWH.MarketingApi.csproj]
E:\github\FunWasHad\src\FWH.MarketingApi\Services\LocalFileBlobStorageService.cs(95,13): warning CA1848: For improved performance, use the LoggerMessage delegates instead of calling 'LoggerExtensions.LogDebug(ILogger, string?, params object?[])' (https://learn.microsoft.com/dotnet/fundamentals/code-analysis/quality-rules/ca1848) [E:\github\FunWasHad\src\FWH.MarketingApi\FWH.MarketingApi.csproj]
E:\github\FunWasHad\src\FWH.MarketingApi\Controllers\FeedbackController.cs(76,55): warning CA1311: Specify a culture or use an invariant version to avoid implicit dependency on current culture (https://learn.microsoft.com/dotnet/fundamentals/code-analysis/quality-rules/ca1311) [E:\github\FunWasHad\src\FWH.MarketingApi\FWH.MarketingApi.csproj]
E:\github\FunWasHad\src\FWH.MarketingApi\Controllers\FeedbackController.cs(93,49): warning CA1311: Specify a culture or use an invariant version to avoid implicit dependency on current culture (https://learn.microsoft.com/dotnet/fundamentals/code-analysis/quality-rules/ca1311) [E:\github\FunWasHad\src\FWH.MarketingApi\FWH.MarketingApi.csproj]
E:\github\FunWasHad\src\FWH.MarketingApi\Services\LocalFileBlobStorageService.cs(112,17): warning CA1848: For improved performance, use the LoggerMessage delegates instead of calling 'LoggerExtensions.LogDebug(ILogger, string?, params object?[])' (https://learn.microsoft.com/dotnet/fundamentals/code-analysis/quality-rules/ca1848) [E:\github\FunWasHad\src\FWH.MarketingApi\FWH.MarketingApi.csproj]
E:\github\FunWasHad\src\FWH.MarketingApi\Services\LocalFileBlobStorageService.cs(118,13): warning CA1848: For improved performance, use the LoggerMessage delegates instead of calling 'LoggerExtensions.LogWarning(ILogger, Exception?, string?, params object?[])' (https://learn.microsoft.com/dotnet/fundamentals/code-analysis/quality-rules/ca1848) [E:\github\FunWasHad\src\FWH.MarketingApi\FWH.MarketingApi.csproj]
E:\github\FunWasHad\src\FWH.MarketingApi\Controllers\FeedbackController.cs(107,9): warning CA1848: For improved performance, use the LoggerMessage delegates instead of calling 'LoggerExtensions.LogInformation(ILogger, string?, params object?[])' (https://learn.microsoft.com/dotnet/fundamentals/code-analysis/quality-rules/ca1848) [E:\github\FunWasHad\src\FWH.MarketingApi\FWH.MarketingApi.csproj]
E:\github\FunWasHad\src\FWH.MarketingApi\Controllers\FeedbackController.cs(76,34): warning CA1304: The behavior of 'string.ToLower()' could vary based on the current user's locale settings. Replace this call in 'FeedbackController.SubmitFeedback(SubmitFeedbackRequest)' with a call to 'string.ToLower(CultureInfo)'. (https://learn.microsoft.com/dotnet/fundamentals/code-analysis/quality-rules/ca1304) [E:\github\FunWasHad\src\FWH.MarketingApi\FWH.MarketingApi.csproj]
E:\github\FunWasHad\src\FWH.MarketingApi\Controllers\FeedbackController.cs(93,28): warning CA1304: The behavior of 'string.ToLower()' could vary based on the current user's locale settings. Replace this call in 'FeedbackController.SubmitFeedback(SubmitFeedbackRequest)' with a call to 'string.ToLower(CultureInfo)'. (https://learn.microsoft.com/dotnet/fundamentals/code-analysis/quality-rules/ca1304) [E:\github\FunWasHad\src\FWH.MarketingApi\FWH.MarketingApi.csproj]
E:\github\FunWasHad\src\FWH.MarketingApi\Data\DatabaseMigrationService.cs(40,54): warning CA1847: Use 'string.Contains(char)' instead of 'string.Contains(string)' when searching for a single character (https://learn.microsoft.com/dotnet/fundamentals/code-analysis/quality-rules/ca1847) [E:\github\FunWasHad\src\FWH.MarketingApi\FWH.MarketingApi.csproj]
E:\github\FunWasHad\src\FWH.MarketingApi\Services\LocalFileBlobStorageService.cs(116,9): warning CA1031: Modify 'DeleteAsync' to catch a more specific allowed exception type, or rethrow the exception (https://learn.microsoft.com/dotnet/fundamentals/code-analysis/quality-rules/ca1031) [E:\github\FunWasHad\src\FWH.MarketingApi\FWH.MarketingApi.csproj]
E:\github\FunWasHad\src\FWH.MarketingApi\Data\DatabaseMigrationService.cs(63,17): warning CA1848: For improved performance, use the LoggerMessage delegates instead of calling 'LoggerExtensions.LogDebug(ILogger, string?, params object?[])' (https://learn.microsoft.com/dotnet/fundamentals/code-analysis/quality-rules/ca1848) [E:\github\FunWasHad\src\FWH.MarketingApi\FWH.MarketingApi.csproj]
E:\github\FunWasHad\src\FWH.MarketingApi\Data\DatabaseMigrationService.cs(67,17): warning CA1848: For improved performance, use the LoggerMessage delegates instead of calling 'LoggerExtensions.LogError(ILogger, Exception?, string?, params object?[])' (https://learn.microsoft.com/dotnet/fundamentals/code-analysis/quality-rules/ca1848) [E:\github\FunWasHad\src\FWH.MarketingApi\FWH.MarketingApi.csproj]
E:\github\FunWasHad\src\FWH.MarketingApi\Services\LocalFileBlobStorageService.cs(140,13): warning CA1848: For improved performance, use the LoggerMessage delegates instead of calling 'LoggerExtensions.LogWarning(ILogger, Exception?, string?, params object?[])' (https://learn.microsoft.com/dotnet/fundamentals/code-analysis/quality-rules/ca1848) [E:\github\FunWasHad\src\FWH.MarketingApi\FWH.MarketingApi.csproj]
E:\github\FunWasHad\src\FWH.MarketingApi\Services\LocalFileBlobStorageService.cs(138,9): warning CA1031: Modify 'GetAsync' to catch a more specific allowed exception type, or rethrow the exception (https://learn.microsoft.com/dotnet/fundamentals/code-analysis/quality-rules/ca1031) [E:\github\FunWasHad\src\FWH.MarketingApi\FWH.MarketingApi.csproj]
E:\github\FunWasHad\src\FWH.MarketingApi\Controllers\MarketingController.cs(52,13): warning CA1848: For improved performance, use the LoggerMessage delegates instead of calling 'LoggerExtensions.LogWarning(ILogger, string?, params object?[])' (https://learn.microsoft.com/dotnet/fundamentals/code-analysis/quality-rules/ca1848) [E:\github\FunWasHad\src\FWH.MarketingApi\FWH.MarketingApi.csproj]
E:\github\FunWasHad\src\FWH.MarketingApi\Controllers\MarketingController.cs(66,9): warning CA1848: For improved performance, use the LoggerMessage delegates instead of calling 'LoggerExtensions.LogDebug(ILogger, string?, params object?[])' (https://learn.microsoft.com/dotnet/fundamentals/code-analysis/quality-rules/ca1848) [E:\github\FunWasHad\src\FWH.MarketingApi\FWH.MarketingApi.csproj]
E:\github\FunWasHad\src\FWH.MarketingApi\Services\LocalFileBlobStorageService.cs(156,9): warning CA1031: Modify 'ExistsAsync' to catch a more specific allowed exception type, or rethrow the exception (https://learn.microsoft.com/dotnet/fundamentals/code-analysis/quality-rules/ca1031) [E:\github\FunWasHad\src\FWH.MarketingApi\FWH.MarketingApi.csproj]
E:\github\FunWasHad\src\FWH.MarketingApi\Middleware\ApiKeyAuthenticationMiddleware.cs(91,9): warning CA1031: Modify 'VerifyRequestSignature' to catch a more specific allowed exception type, or rethrow the exception (https://learn.microsoft.com/dotnet/fundamentals/code-analysis/quality-rules/ca1031) [E:\github\FunWasHad\src\FWH.MarketingApi\FWH.MarketingApi.csproj]
E:\github\FunWasHad\src\FWH.MarketingApi\Services\LocalFileBlobStorageService.cs(195,25): warning CA1845: Use span-based 'string.Concat' and 'AsSpan' instead of 'Substring' (https://learn.microsoft.com/dotnet/fundamentals/code-analysis/quality-rules/ca1845) [E:\github\FunWasHad\src\FWH.MarketingApi\FWH.MarketingApi.csproj]
E:\github\FunWasHad\src\FWH.MarketingApi\Controllers\MarketingController.cs(88,13): warning CA1848: For improved performance, use the LoggerMessage delegates instead of calling 'LoggerExtensions.LogWarning(ILogger, string?, params object?[])' (https://learn.microsoft.com/dotnet/fundamentals/code-analysis/quality-rules/ca1848) [E:\github\FunWasHad\src\FWH.MarketingApi\FWH.MarketingApi.csproj]
E:\github\FunWasHad\src\FWH.MarketingApi\Controllers\FeedbackController.cs(144,58): warning CA1311: Specify a culture or use an invariant version to avoid implicit dependency on current culture (https://learn.microsoft.com/dotnet/fundamentals/code-analysis/quality-rules/ca1311) [E:\github\FunWasHad\src\FWH.MarketingApi\FWH.MarketingApi.csproj]
E:\github\FunWasHad\src\FWH.MarketingApi\Controllers\FeedbackController.cs(228,58): warning CA1311: Specify a culture or use an invariant version to avoid implicit dependency on current culture (https://learn.microsoft.com/dotnet/fundamentals/code-analysis/quality-rules/ca1311) [E:\github\FunWasHad\src\FWH.MarketingApi\FWH.MarketingApi.csproj]
E:\github\FunWasHad\src\FWH.MarketingApi\Data\DatabaseMigrationService.cs(80,9): warning CA1848: For improved performance, use the LoggerMessage delegates instead of calling 'LoggerExtensions.LogDebug(ILogger, string?, params object?[])' (https://learn.microsoft.com/dotnet/fundamentals/code-analysis/quality-rules/ca1848) [E:\github\FunWasHad\src\FWH.MarketingApi\FWH.MarketingApi.csproj]
E:\github\FunWasHad\src\FWH.MarketingApi\Data\DatabaseMigrationService.cs(95,17): warning CA1848: For improved performance, use the LoggerMessage delegates instead of calling 'LoggerExtensions.LogWarning(ILogger, string?, params object?[])' (https://learn.microsoft.com/dotnet/fundamentals/code-analysis/quality-rules/ca1848) [E:\github\FunWasHad\src\FWH.MarketingApi\FWH.MarketingApi.csproj]
E:\github\FunWasHad\src\FWH.MarketingApi\Data\DatabaseMigrationService.cs(105,17): warning CA1848: For improved performance, use the LoggerMessage delegates instead of calling 'LoggerExtensions.LogDebug(ILogger, string?, params object?[])' (https://learn.microsoft.com/dotnet/fundamentals/code-analysis/quality-rules/ca1848) [E:\github\FunWasHad\src\FWH.MarketingApi\FWH.MarketingApi.csproj]
E:\github\FunWasHad\src\FWH.MarketingApi\Data\DatabaseMigrationService.cs(109,13): warning CA1848: For improved performance, use the LoggerMessage delegates instead of calling 'LoggerExtensions.LogDebug(ILogger, string?, params object?[])' (https://learn.microsoft.com/dotnet/fundamentals/code-analysis/quality-rules/ca1848) [E:\github\FunWasHad\src\FWH.MarketingApi\FWH.MarketingApi.csproj]
E:\github\FunWasHad\src\FWH.MarketingApi\Data\DatabaseMigrationService.cs(118,21): warning CA1848: For improved performance, use the LoggerMessage delegates instead of calling 'LoggerExtensions.LogDebug(ILogger, string?, params object?[])' (https://learn.microsoft.com/dotnet/fundamentals/code-analysis/quality-rules/ca1848) [E:\github\FunWasHad\src\FWH.MarketingApi\FWH.MarketingApi.csproj]
E:\github\FunWasHad\src\FWH.MarketingApi\Data\DatabaseMigrationService.cs(122,17): warning CA1848: For improved performance, use the LoggerMessage delegates instead of calling 'LoggerExtensions.LogInformation(ILogger, string?, params object?[])' (https://learn.microsoft.com/dotnet/fundamentals/code-analysis/quality-rules/ca1848) [E:\github\FunWasHad\src\FWH.MarketingApi\FWH.MarketingApi.csproj]
E:\github\FunWasHad\src\FWH.MarketingApi\Data\DatabaseMigrationService.cs(127,17): warning CA1848: For improved performance, use the LoggerMessage delegates instead of calling 'LoggerExtensions.LogInformation(ILogger, string?, params object?[])' (https://learn.microsoft.com/dotnet/fundamentals/code-analysis/quality-rules/ca1848) [E:\github\FunWasHad\src\FWH.MarketingApi\FWH.MarketingApi.csproj]
E:\github\FunWasHad\src\FWH.MarketingApi\Data\DatabaseMigrationService.cs(130,13): warning CA1848: For improved performance, use the LoggerMessage delegates instead of calling 'LoggerExtensions.LogInformation(ILogger, string?, params object?[])' (https://learn.microsoft.com/dotnet/fundamentals/code-analysis/quality-rules/ca1848) [E:\github\FunWasHad\src\FWH.MarketingApi\FWH.MarketingApi.csproj]
E:\github\FunWasHad\src\FWH.MarketingApi\Data\DatabaseMigrationService.cs(134,13): warning CA1848: For improved performance, use the LoggerMessage delegates instead of calling 'LoggerExtensions.LogError(ILogger, Exception?, string?, params object?[])' (https://learn.microsoft.com/dotnet/fundamentals/code-analysis/quality-rules/ca1848) [E:\github\FunWasHad\src\FWH.MarketingApi\FWH.MarketingApi.csproj]
E:\github\FunWasHad\src\FWH.MarketingApi\Controllers\FeedbackController.cs(172,13): warning CA1848: For improved performance, use the LoggerMessage delegates instead of calling 'LoggerExtensions.LogError(ILogger, Exception?, string?, params object?[])' (https://learn.microsoft.com/dotnet/fundamentals/code-analysis/quality-rules/ca1848) [E:\github\FunWasHad\src\FWH.MarketingApi\FWH.MarketingApi.csproj]
E:\github\FunWasHad\src\FWH.MarketingApi\Controllers\FeedbackController.cs(191,9): warning CA1848: For improved performance, use the LoggerMessage delegates instead of calling 'LoggerExtensions.LogInformation(ILogger, string?, params object?[])' (https://learn.microsoft.com/dotnet/fundamentals/code-analysis/quality-rules/ca1848) [E:\github\FunWasHad\src\FWH.MarketingApi\FWH.MarketingApi.csproj]
E:\github\FunWasHad\src\FWH.MarketingApi\Controllers\MarketingController.cs(138,9): warning CA1848: For improved performance, use the LoggerMessage delegates instead of calling 'LoggerExtensions.LogDebug(ILogger, string?, params object?[])' (https://learn.microsoft.com/dotnet/fundamentals/code-analysis/quality-rules/ca1848) [E:\github\FunWasHad\src\FWH.MarketingApi\FWH.MarketingApi.csproj]
E:\github\FunWasHad\src\FWH.MarketingApi\Controllers\FeedbackController.cs(144,41): warning CA1304: The behavior of 'string.ToLower()' could vary based on the current user's locale settings. Replace this call in 'FeedbackController.UploadImage(long, IFormFile)' with a call to 'string.ToLower(CultureInfo)'. (https://learn.microsoft.com/dotnet/fundamentals/code-analysis/quality-rules/ca1304) [E:\github\FunWasHad\src\FWH.MarketingApi\FWH.MarketingApi.csproj]
E:\github\FunWasHad\src\FWH.MarketingApi\Controllers\FeedbackController.cs(256,13): warning CA1848: For improved performance, use the LoggerMessage delegates instead of calling 'LoggerExtensions.LogError(ILogger, Exception?, string?, params object?[])' (https://learn.microsoft.com/dotnet/fundamentals/code-analysis/quality-rules/ca1848) [E:\github\FunWasHad\src\FWH.MarketingApi\FWH.MarketingApi.csproj]
E:\github\FunWasHad\src\FWH.MarketingApi\Controllers\FeedbackController.cs(276,9): warning CA1848: For improved performance, use the LoggerMessage delegates instead of calling 'LoggerExtensions.LogInformation(ILogger, string?, params object?[])' (https://learn.microsoft.com/dotnet/fundamentals/code-analysis/quality-rules/ca1848) [E:\github\FunWasHad\src\FWH.MarketingApi\FWH.MarketingApi.csproj]
E:\github\FunWasHad\src\FWH.MarketingApi\Controllers\FeedbackController.cs(228,41): warning CA1304: The behavior of 'string.ToLower()' could vary based on the current user's locale settings. Replace this call in 'FeedbackController.UploadVideo(long, IFormFile)' with a call to 'string.ToLower(CultureInfo)'. (https://learn.microsoft.com/dotnet/fundamentals/code-analysis/quality-rules/ca1304) [E:\github\FunWasHad\src\FWH.MarketingApi\FWH.MarketingApi.csproj]
E:\github\FunWasHad\src\FWH.MarketingApi\Controllers\MarketingController.cs(169,9): warning CA1848: For improved performance, use the LoggerMessage delegates instead of calling 'LoggerExtensions.LogDebug(ILogger, string?, params object?[])' (https://learn.microsoft.com/dotnet/fundamentals/code-analysis/quality-rules/ca1848) [E:\github\FunWasHad\src\FWH.MarketingApi\FWH.MarketingApi.csproj]
E:\github\FunWasHad\src\FWH.MarketingApi\Program.cs(113,5): warning CA1848: For improved performance, use the LoggerMessage delegates instead of calling 'LoggerExtensions.LogInformation(ILogger, string?, params object?[])' (https://learn.microsoft.com/dotnet/fundamentals/code-analysis/quality-rules/ca1848) [E:\github\FunWasHad\src\FWH.MarketingApi\FWH.MarketingApi.csproj]
E:\github\FunWasHad\src\FWH.MarketingApi\Program.cs(125,9): warning CA1848: For improved performance, use the LoggerMessage delegates instead of calling 'LoggerExtensions.LogDebug(ILogger, string?, params object?[])' (https://learn.microsoft.com/dotnet/fundamentals/code-analysis/quality-rules/ca1848) [E:\github\FunWasHad\src\FWH.MarketingApi\FWH.MarketingApi.csproj]
E:\github\FunWasHad\src\FWH.MarketingApi\Program.cs(133,13): warning CA1848: For improved performance, use the LoggerMessage delegates instead of calling 'LoggerExtensions.LogWarning(ILogger, string?, params object?[])' (https://learn.microsoft.com/dotnet/fundamentals/code-analysis/quality-rules/ca1848) [E:\github\FunWasHad\src\FWH.MarketingApi\FWH.MarketingApi.csproj]
E:\github\FunWasHad\src\FWH.MarketingApi\Program.cs(143,9): warning CA1848: For improved performance, use the LoggerMessage delegates instead of calling 'LoggerExtensions.LogInformation(ILogger, string?, params object?[])' (https://learn.microsoft.com/dotnet/fundamentals/code-analysis/quality-rules/ca1848) [E:\github\FunWasHad\src\FWH.MarketingApi\FWH.MarketingApi.csproj]
E:\github\FunWasHad\src\FWH.MarketingApi\Program.cs(147,9): warning CA1848: For improved performance, use the LoggerMessage delegates instead of calling 'LoggerExtensions.LogError(ILogger, Exception?, string?, params object?[])' (https://learn.microsoft.com/dotnet/fundamentals/code-analysis/quality-rules/ca1848) [E:\github\FunWasHad\src\FWH.MarketingApi\FWH.MarketingApi.csproj]
E:\github\FunWasHad\src\FWH.MarketingApi\Data\DatabaseMigrationService.cs(149,13): warning CA1848: For improved performance, use the LoggerMessage delegates instead of calling 'LoggerExtensions.LogDebug(ILogger, string?, params object?[])' (https://learn.microsoft.com/dotnet/fundamentals/code-analysis/quality-rules/ca1848) [E:\github\FunWasHad\src\FWH.MarketingApi\FWH.MarketingApi.csproj]
E:\github\FunWasHad\src\FWH.MarketingApi\Data\DatabaseMigrationService.cs(168,17): warning CA1848: For improved performance, use the LoggerMessage delegates instead of calling 'LoggerExtensions.LogInformation(ILogger, string?, params object?[])' (https://learn.microsoft.com/dotnet/fundamentals/code-analysis/quality-rules/ca1848) [E:\github\FunWasHad\src\FWH.MarketingApi\FWH.MarketingApi.csproj]
E:\github\FunWasHad\src\FWH.MarketingApi\Data\DatabaseMigrationService.cs(182,9): warning CA1848: For improved performance, use the LoggerMessage delegates instead of calling 'LoggerExtensions.LogInformation(ILogger, string?, params object?[])' (https://learn.microsoft.com/dotnet/fundamentals/code-analysis/quality-rules/ca1848) [E:\github\FunWasHad\src\FWH.MarketingApi\FWH.MarketingApi.csproj]
E:\github\FunWasHad\src\FWH.MarketingApi\Program.cs(152,1): warning CA1849: 'WebApplication.Run(string?)' synchronously blocks. Await 'WebApplication.RunAsync(string?)' instead. (https://learn.microsoft.com/dotnet/fundamentals/code-analysis/quality-rules/ca1849) [E:\github\FunWasHad\src\FWH.MarketingApi\FWH.MarketingApi.csproj]
E:\github\FunWasHad\src\FWH.MarketingApi\Controllers\FeedbackController.cs(170,9): warning CA1031: Modify 'UploadImage' to catch a more specific allowed exception type, or rethrow the exception (https://learn.microsoft.com/dotnet/fundamentals/code-analysis/quality-rules/ca1031) [E:\github\FunWasHad\src\FWH.MarketingApi\FWH.MarketingApi.csproj]
E:\github\FunWasHad\src\FWH.MarketingApi\Controllers\FeedbackController.cs(254,9): warning CA1031: Modify 'UploadVideo' to catch a more specific allowed exception type, or rethrow the exception (https://learn.microsoft.com/dotnet/fundamentals/code-analysis/quality-rules/ca1031) [E:\github\FunWasHad\src\FWH.MarketingApi\FWH.MarketingApi.csproj]
E:\github\FunWasHad\src\FWH.MarketingApi\Data\DatabaseMigrationService.cs(157,43): warning CA2007: Consider calling ConfigureAwait on the awaited task (https://learn.microsoft.com/dotnet/fundamentals/code-analysis/quality-rules/ca2007) [E:\github\FunWasHad\src\FWH.MarketingApi\FWH.MarketingApi.csproj]
E:\github\FunWasHad\src\FWH.MarketingApi\Data\DatabaseMigrationService.cs(161,42): warning CA2007: Consider calling ConfigureAwait on the awaited task (https://learn.microsoft.com/dotnet/fundamentals/code-analysis/quality-rules/ca2007) [E:\github\FunWasHad\src\FWH.MarketingApi\FWH.MarketingApi.csproj]
E:\github\FunWasHad\src\FWH.MarketingApi\Data\DatabaseMigrationService.cs(177,42): warning CA2007: Consider calling ConfigureAwait on the awaited task (https://learn.microsoft.com/dotnet/fundamentals/code-analysis/quality-rules/ca2007) [E:\github\FunWasHad\src\FWH.MarketingApi\FWH.MarketingApi.csproj]
E:\github\FunWasHad\src\FWH.MarketingApi\Data\DatabaseMigrationService.cs(196,38): warning CA2007: Consider calling ConfigureAwait on the awaited task (https://learn.microsoft.com/dotnet/fundamentals/code-analysis/quality-rules/ca2007) [E:\github\FunWasHad\src\FWH.MarketingApi\FWH.MarketingApi.csproj]
E:\github\FunWasHad\src\FWH.MarketingApi\Data\DatabaseMigrationService.cs(199,35): warning CA2007: Consider calling ConfigureAwait on the awaited task (https://learn.microsoft.com/dotnet/fundamentals/code-analysis/quality-rules/ca2007) [E:\github\FunWasHad\src\FWH.MarketingApi\FWH.MarketingApi.csproj]
E:\github\FunWasHad\src\FWH.MarketingApi\Data\DatabaseMigrationService.cs(215,16): warning CA1305: The behavior of 'Convert.ToInt32(object)' could vary based on the current user's locale settings. Replace this call in 'DatabaseMigrationService.IsMigrationAppliedAsync(string)' with a call to 'Convert.ToInt32(object, IFormatProvider)'. (https://learn.microsoft.com/dotnet/fundamentals/code-analysis/quality-rules/ca1305) [E:\github\FunWasHad\src\FWH.MarketingApi\FWH.MarketingApi.csproj]
E:\github\FunWasHad\src\FWH.MarketingApi\Controllers\FeedbackController.cs(374,9): warning CA1848: For improved performance, use the LoggerMessage delegates instead of calling 'LoggerExtensions.LogDebug(ILogger, string?, params object?[])' (https://learn.microsoft.com/dotnet/fundamentals/code-analysis/quality-rules/ca1848) [E:\github\FunWasHad\src\FWH.MarketingApi\FWH.MarketingApi.csproj]
E:\github\FunWasHad\src\FWH.MarketingApi\Data\DatabaseMigrationService.cs(208,38): warning CA2007: Consider calling ConfigureAwait on the awaited task (https://learn.microsoft.com/dotnet/fundamentals/code-analysis/quality-rules/ca2007) [E:\github\FunWasHad\src\FWH.MarketingApi\FWH.MarketingApi.csproj]
E:\github\FunWasHad\src\FWH.MarketingApi\Data\DatabaseMigrationService.cs(211,35): warning CA2007: Consider calling ConfigureAwait on the awaited task (https://learn.microsoft.com/dotnet/fundamentals/code-analysis/quality-rules/ca2007) [E:\github\FunWasHad\src\FWH.MarketingApi\FWH.MarketingApi.csproj]
E:\github\FunWasHad\src\FWH.MarketingApi\Data\DatabaseMigrationService.cs(177,42): warning CA2100: Review if the query string passed to 'NpgsqlCommand.NpgsqlCommand(string? cmdText, NpgsqlConnection? connection)' in 'EnsureDatabaseExistsAsync', accepts any user input (https://learn.microsoft.com/dotnet/fundamentals/code-analysis/quality-rules/ca2100) [E:\github\FunWasHad\src\FWH.MarketingApi\FWH.MarketingApi.csproj]
E:\github\FunWasHad\src\FWH.MarketingApi\Data\DatabaseMigrationService.cs(221,38): warning CA2007: Consider calling ConfigureAwait on the awaited task (https://learn.microsoft.com/dotnet/fundamentals/code-analysis/quality-rules/ca2007) [E:\github\FunWasHad\src\FWH.MarketingApi\FWH.MarketingApi.csproj]
E:\github\FunWasHad\src\FWH.MarketingApi\Data\DatabaseMigrationService.cs(224,39): warning CA2007: Consider calling ConfigureAwait on the awaited task (https://learn.microsoft.com/dotnet/fundamentals/code-analysis/quality-rules/ca2007) [E:\github\FunWasHad\src\FWH.MarketingApi\FWH.MarketingApi.csproj]
E:\github\FunWasHad\src\FWH.MarketingApi\Data\DatabaseMigrationService.cs(229,40): warning CA2007: Consider calling ConfigureAwait on the awaited task (https://learn.microsoft.com/dotnet/fundamentals/code-analysis/quality-rules/ca2007) [E:\github\FunWasHad\src\FWH.MarketingApi\FWH.MarketingApi.csproj]
E:\github\FunWasHad\src\FWH.MarketingApi\Data\DatabaseMigrationService.cs(236,40): warning CA2007: Consider calling ConfigureAwait on the awaited task (https://learn.microsoft.com/dotnet/fundamentals/code-analysis/quality-rules/ca2007) [E:\github\FunWasHad\src\FWH.MarketingApi\FWH.MarketingApi.csproj]
E:\github\FunWasHad\src\FWH.MarketingApi\Controllers\MarketingController.cs(237,9): warning CA1848: For improved performance, use the LoggerMessage delegates instead of calling 'LoggerExtensions.LogDebug(ILogger, string?, params object?[])' (https://learn.microsoft.com/dotnet/fundamentals/code-analysis/quality-rules/ca1848) [E:\github\FunWasHad\src\FWH.MarketingApi\FWH.MarketingApi.csproj]
E:\github\FunWasHad\src\FWH.MarketingApi\Data\DatabaseMigrationService.cs(229,40): warning CA2100: Review if the query string passed to 'NpgsqlCommand.NpgsqlCommand(string? cmdText, NpgsqlConnection? connection, NpgsqlTransaction? transaction)' in 'ExecuteMigrationAsync', accepts any user input (https://learn.microsoft.com/dotnet/fundamentals/code-analysis/quality-rules/ca2100) [E:\github\FunWasHad\src\FWH.MarketingApi\FWH.MarketingApi.csproj]
E:\github\FunWasHad\src\FWH.MarketingApi\Controllers\MarketingController.cs(301,13): warning CA1848: For improved performance, use the LoggerMessage delegates instead of calling 'LoggerExtensions.LogDebug(ILogger, string?, params object?[])' (https://learn.microsoft.com/dotnet/fundamentals/code-analysis/quality-rules/ca1848) [E:\github\FunWasHad\src\FWH.MarketingApi\FWH.MarketingApi.csproj]
E:\github\FunWasHad\src\FWH.MarketingApi\Controllers\MarketingController.cs(310,13): warning CA1848: For improved performance, use the LoggerMessage delegates instead of calling 'LoggerExtensions.LogWarning(ILogger, Exception?, string?, params object?[])' (https://learn.microsoft.com/dotnet/fundamentals/code-analysis/quality-rules/ca1848) [E:\github\FunWasHad\src\FWH.MarketingApi\FWH.MarketingApi.csproj]
E:\github\FunWasHad\src\FWH.MarketingApi\Controllers\MarketingController.cs(336,13): warning CA1848: For improved performance, use the LoggerMessage delegates instead of calling 'LoggerExtensions.LogDebug(ILogger, string?, params object?[])' (https://learn.microsoft.com/dotnet/fundamentals/code-analysis/quality-rules/ca1848) [E:\github\FunWasHad\src\FWH.MarketingApi\FWH.MarketingApi.csproj]
E:\github\FunWasHad\src\FWH.MarketingApi\Controllers\MarketingController.cs(455,13): warning CA1848: For improved performance, use the LoggerMessage delegates instead of calling 'LoggerExtensions.LogWarning(ILogger, string?, params object?[])' (https://learn.microsoft.com/dotnet/fundamentals/code-analysis/quality-rules/ca1848) [E:\github\FunWasHad\src\FWH.MarketingApi\FWH.MarketingApi.csproj]
E:\github\FunWasHad\src\FWH.MarketingApi\Controllers\MarketingController.cs(397,13): warning CA1848: For improved performance, use the LoggerMessage delegates instead of calling 'LoggerExtensions.LogWarning(ILogger, string?, params object?[])' (https://learn.microsoft.com/dotnet/fundamentals/code-analysis/quality-rules/ca1848) [E:\github\FunWasHad\src\FWH.MarketingApi\FWH.MarketingApi.csproj]
E:\github\FunWasHad\src\FWH.MarketingApi\Controllers\MarketingController.cs(435,9): warning CA1848: For improved performance, use the LoggerMessage delegates instead of calling 'LoggerExtensions.LogDebug(ILogger, string?, params object?[])' (https://learn.microsoft.com/dotnet/fundamentals/code-analysis/quality-rules/ca1848) [E:\github\FunWasHad\src\FWH.MarketingApi\FWH.MarketingApi.csproj]
E:\github\FunWasHad\src\FWH.Common.Workflow\Views\WorkflowView.cs(21,96): warning LOGGEN036: The type "object?" doesn't implement ToString(), IConvertible, or IFormattable (did you forget to apply [LogProperties] or [TagProvider] to "choice"?) (https://aka.ms/dotnet-extensions-warnings/LOGGEN036) [E:\github\FunWasHad\src\FWH.Common.Workflow\FWH.Common.Workflow.csproj]
E:\github\FunWasHad\src\FWH.Common.Workflow\Controllers\WorkflowController.cs(178,49): warning CS8604: Possible null reference argument for parameter 'nodeId' in 'void WorkflowController.LogStartedWorkflow(ILogger logger, string workflowId, string nodeId)'. [E:\github\FunWasHad\src\FWH.Common.Workflow\FWH.Common.Workflow.csproj]
E:\github\FunWasHad\src\FWH.Common.Workflow\Controllers\WorkflowController.cs(221,51): warning CS8604: Possible null reference argument for parameter 'nodeId' in 'void WorkflowController.LogRestartedWorkflow(ILogger logger, string workflowId, string nodeId)'. [E:\github\FunWasHad\src\FWH.Common.Workflow\FWH.Common.Workflow.csproj]
E:\github\FunWasHad\src\FWH.Common.Workflow\Actions\WorkflowActionExecutor.cs(222,45): warning CS8604: Possible null reference argument for parameter 'actionName' in 'void WorkflowActionExecutor.LogNoHandlerRegistered(ILogger logger, string actionName)'. [E:\github\FunWasHad\src\FWH.Common.Workflow\FWH.Common.Workflow.csproj]
E:\github\FunWasHad\src\FWH.Common.Workflow\Actions\WorkflowActionExecutor.cs(235,71): warning CS8604: Possible null reference argument for parameter 'actionName' in 'void WorkflowActionExecutor.LogFactoryProducedHandler(ILogger logger, string? handler, string actionName)'. [E:\github\FunWasHad\src\FWH.Common.Workflow\FWH.Common.Workflow.csproj]
E:\github\FunWasHad\src\FWH.Common.Workflow\Actions\WorkflowActionExecutor.cs(293,71): warning CS8604: Possible null reference argument for parameter 'actionName' in 'void WorkflowActionExecutor.LogFactoryProducedHandler(ILogger logger, string? handler, string actionName)'. [E:\github\FunWasHad\src\FWH.Common.Workflow\FWH.Common.Workflow.csproj]
E:\github\FunWasHad\src\FWH.Common.Workflow\Actions\WorkflowActionExecutor.cs(355,52): warning CS8604: Possible null reference argument for parameter 'actionName' in 'void WorkflowActionExecutor.LogActionHandlerThrew(ILogger logger, Exception ex, string actionName)'. [E:\github\FunWasHad\src\FWH.Common.Workflow\FWH.Common.Workflow.csproj]
E:\github\FunWasHad\src\FWH.Common.Workflow\Actions\WorkflowActionRequest.cs(12,40): warning CA2227: Change 'Parameters' to be read-only by removing the property setter (https://learn.microsoft.com/dotnet/fundamentals/code-analysis/quality-rules/ca2227) [E:\github\FunWasHad\src\FWH.Common.Workflow\FWH.Common.Workflow.csproj]
E:\github\FunWasHad\src\FWH.Common.Workflow\Actions\WorkflowActionRequest.cs(21,41): warning CA2227: Change 'VariableUpdates' to be read-only by removing the property setter (https://learn.microsoft.com/dotnet/fundamentals/code-analysis/quality-rules/ca2227) [E:\github\FunWasHad\src\FWH.Common.Workflow\FWH.Common.Workflow.csproj]
E:\github\FunWasHad\src\FWH.Common.Workflow\Logging\LoggerHelpers.cs(22,13): warning CA1031: Modify 'ResolveLogger' to catch a more specific allowed exception type, or rethrow the exception (https://learn.microsoft.com/dotnet/fundamentals/code-analysis/quality-rules/ca1031) [E:\github\FunWasHad\src\FWH.Common.Workflow\FWH.Common.Workflow.csproj]
E:\github\FunWasHad\src\FWH.Common.Workflow\Mapping\WorkflowModelMapper.cs(51,30): warning CA1826: Do not use Enumerable methods on indexable collections. Instead use the collection directly. (https://learn.microsoft.com/dotnet/fundamentals/code-analysis/quality-rules/ca1826) [E:\github\FunWasHad\src\FWH.Common.Workflow\FWH.Common.Workflow.csproj]
E:\github\FunWasHad\src\FWH.Common.Workflow\Mapping\WorkflowModelMapper.cs(51,81): warning CA1826: Do not use Enumerable methods on indexable collections. Instead use the collection directly. (https://learn.microsoft.com/dotnet/fundamentals/code-analysis/quality-rules/ca1826) [E:\github\FunWasHad\src\FWH.Common.Workflow\FWH.Common.Workflow.csproj]
E:\github\FunWasHad\src\FWH.Common.Workflow\PlantUmlParser.cs(25,20): warning CA1861: Prefer 'static readonly' fields over constant array arguments if the called method is called repeatedly and is not mutating the passed array (https://learn.microsoft.com/dotnet/fundamentals/code-analysis/quality-rules/ca1861) [E:\github\FunWasHad\src\FWH.Common.Workflow\FWH.Common.Workflow.csproj]
E:\github\FunWasHad\src\FWH.Common.Workflow\PlantUmlParser.cs(31,29): warning CA1310: The behavior of 'string.StartsWith(string)' could vary based on the current user's locale settings. Replace this call in 'FWH.Common.Workflow.PlantUmlParser.PlantUmlParser(string)' with a call to 'string.StartsWith(string, System.StringComparison)'. (https://learn.microsoft.com/dotnet/fundamentals/code-analysis/quality-rules/ca1310) [E:\github\FunWasHad\src\FWH.Common.Workflow\FWH.Common.Workflow.csproj]
E:\github\FunWasHad\src\FWH.Common.Workflow\State\WorkflowStateCalculator.cs(33,21): warning CA1826: Do not use Enumerable methods on indexable collections. Instead use the collection directly. (https://learn.microsoft.com/dotnet/fundamentals/code-analysis/quality-rules/ca1826) [E:\github\FunWasHad\src\FWH.Common.Workflow\FWH.Common.Workflow.csproj]
E:\github\FunWasHad\src\FWH.Common.Workflow\State\WorkflowStateCalculator.cs(33,72): warning CA1826: Do not use Enumerable methods on indexable collections. Instead use the collection directly. (https://learn.microsoft.com/dotnet/fundamentals/code-analysis/quality-rules/ca1826) [E:\github\FunWasHad\src\FWH.Common.Workflow\FWH.Common.Workflow.csproj]
E:\github\FunWasHad\src\FWH.Common.Workflow\Actions\WorkflowActionRequestHandler.cs(124,9): warning CA1031: Modify 'HandleAsync' to catch a more specific allowed exception type, or rethrow the exception (https://learn.microsoft.com/dotnet/fundamentals/code-analysis/quality-rules/ca1031) [E:\github\FunWasHad\src\FWH.Common.Workflow\FWH.Common.Workflow.csproj]
E:\github\FunWasHad\src\FWH.Common.Workflow\Views\WorkflowView.cs(197,9): warning CA1031: Modify 'RefreshStateAsync' to catch a more specific allowed exception type, or rethrow the exception (https://learn.microsoft.com/dotnet/fundamentals/code-analysis/quality-rules/ca1031) [E:\github\FunWasHad\src\FWH.Common.Workflow\FWH.Common.Workflow.csproj]
E:\github\FunWasHad\src\FWH.Common.Workflow\PlantUmlParser.cs(387,36): warning CA1861: Prefer 'static readonly' fields over constant array arguments if the called method is called repeatedly and is not mutating the passed array (https://learn.microsoft.com/dotnet/fundamentals/code-analysis/quality-rules/ca1861) [E:\github\FunWasHad\src\FWH.Common.Workflow\FWH.Common.Workflow.csproj]
E:\github\FunWasHad\src\FWH.Common.Workflow\PlantUmlParser.cs(417,27): warning CA1866: Use 'string.StartsWith(char)' instead of 'string.StartsWith(string)' when you have a string with a single char (https://learn.microsoft.com/dotnet/fundamentals/code-analysis/quality-rules/ca1866) [E:\github\FunWasHad\src\FWH.Common.Workflow\FWH.Common.Workflow.csproj]
E:\github\FunWasHad\src\FWH.Common.Workflow\PlantUmlParser.cs(418,25): warning CA1866: Use 'string.EndsWith(char)' instead of 'string.EndsWith(string)' when you have a string with a single char (https://learn.microsoft.com/dotnet/fundamentals/code-analysis/quality-rules/ca1866) [E:\github\FunWasHad\src\FWH.Common.Workflow\FWH.Common.Workflow.csproj]
E:\github\FunWasHad\src\FWH.Common.Workflow\PlantUmlParser.cs(417,13): warning CA1310: The behavior of 'string.StartsWith(string)' could vary based on the current user's locale settings. Replace this call in 'FWH.Common.Workflow.PlantUmlParser.NormalizeLabel(string)' with a call to 'string.StartsWith(string, System.StringComparison)'. (https://learn.microsoft.com/dotnet/fundamentals/code-analysis/quality-rules/ca1310) [E:\github\FunWasHad\src\FWH.Common.Workflow\FWH.Common.Workflow.csproj]
E:\github\FunWasHad\src\FWH.Common.Workflow\PlantUmlParser.cs(418,13): warning CA1310: The behavior of 'string.EndsWith(string)' could vary based on the current user's locale settings. Replace this call in 'FWH.Common.Workflow.PlantUmlParser.NormalizeLabel(string)' with a call to 'string.EndsWith(string, System.StringComparison)'. (https://learn.microsoft.com/dotnet/fundamentals/code-analysis/quality-rules/ca1310) [E:\github\FunWasHad\src\FWH.Common.Workflow\FWH.Common.Workflow.csproj]
E:\github\FunWasHad\src\FWH.Common.Workflow\Controllers\WorkflowController.cs(181,29): warning CA1826: Do not use Enumerable methods on indexable collections. Instead use the collection directly. (https://learn.microsoft.com/dotnet/fundamentals/code-analysis/quality-rules/ca1826) [E:\github\FunWasHad\src\FWH.Common.Workflow\FWH.Common.Workflow.csproj]
E:\github\FunWasHad\src\FWH.Common.Workflow\Controllers\WorkflowController.cs(181,80): warning CA1826: Do not use Enumerable methods on indexable collections. Instead use the collection directly. (https://learn.microsoft.com/dotnet/fundamentals/code-analysis/quality-rules/ca1826) [E:\github\FunWasHad\src\FWH.Common.Workflow\FWH.Common.Workflow.csproj]
E:\github\FunWasHad\src\FWH.Common.Workflow\Actions\WorkflowActionHandlerRegistrar.cs(62,13): warning CA1031: Modify '.ctor' to catch a more specific allowed exception type, or rethrow the exception (https://learn.microsoft.com/dotnet/fundamentals/code-analysis/quality-rules/ca1031) [E:\github\FunWasHad\src\FWH.Common.Workflow\FWH.Common.Workflow.csproj]
E:\github\FunWasHad\src\FWH.Common.Workflow\Controllers\WorkflowController.cs(232,13): warning CA1031: Modify 'RestartInstanceAsync' to catch a more specific allowed exception type, or rethrow the exception (https://learn.microsoft.com/dotnet/fundamentals/code-analysis/quality-rules/ca1031) [E:\github\FunWasHad\src\FWH.Common.Workflow\FWH.Common.Workflow.csproj]
E:\github\FunWasHad\src\FWH.Common.Workflow\Controllers\WorkflowController.cs(168,13): warning CA1031: Modify 'StartInstanceAsync' to catch a more specific allowed exception type, or rethrow the exception (https://learn.microsoft.com/dotnet/fundamentals/code-analysis/quality-rules/ca1031) [E:\github\FunWasHad\src\FWH.Common.Workflow\FWH.Common.Workflow.csproj]
E:\github\FunWasHad\src\FWH.Common.Workflow\Controllers\WorkflowController.cs(373,9): warning CA1031: Modify 'PersistCurrentNodeAsync' to catch a more specific allowed exception type, or rethrow the exception (https://learn.microsoft.com/dotnet/fundamentals/code-analysis/quality-rules/ca1031) [E:\github\FunWasHad\src\FWH.Common.Workflow\FWH.Common.Workflow.csproj]
E:\github\FunWasHad\src\FWH.Common.Workflow\Controllers\WorkflowController.cs(450,9): warning CA1031: Modify 'TryExecuteNodeActionAsync' to catch a more specific allowed exception type, or rethrow the exception (https://learn.microsoft.com/dotnet/fundamentals/code-analysis/quality-rules/ca1031) [E:\github\FunWasHad\src\FWH.Common.Workflow\FWH.Common.Workflow.csproj]
E:\github\FunWasHad\src\FWH.Common.Workflow\Controllers\WorkflowController.cs(417,9): warning CA1031: Modify 'PersistDefinitionAsync' to catch a more specific allowed exception type, or rethrow the exception (https://learn.microsoft.com/dotnet/fundamentals/code-analysis/quality-rules/ca1031) [E:\github\FunWasHad\src\FWH.Common.Workflow\FWH.Common.Workflow.csproj]
E:\github\FunWasHad\src\FWH.Common.Workflow\Controllers\WorkflowController.cs(317,21): warning CA1822: Member 'ResolveChoiceValue' does not access instance data and can be marked as static (https://learn.microsoft.com/dotnet/fundamentals/code-analysis/quality-rules/ca1822) [E:\github\FunWasHad\src\FWH.Common.Workflow\FWH.Common.Workflow.csproj]
E:\github\FunWasHad\src\FWH.Common.Workflow\Actions\WorkflowActionExecutor.cs(199,13): warning CA1031: Modify 'ExecuteAsync' to catch a more specific allowed exception type, or rethrow the exception (https://learn.microsoft.com/dotnet/fundamentals/code-analysis/quality-rules/ca1031) [E:\github\FunWasHad\src\FWH.Common.Workflow\FWH.Common.Workflow.csproj]
E:\github\FunWasHad\src\FWH.Common.Workflow\Actions\WorkflowActionExecutor.cs(283,29): warning CA1031: Modify 'ExecuteAsync' to catch a more specific allowed exception type, or rethrow the exception (https://learn.microsoft.com/dotnet/fundamentals/code-analysis/quality-rules/ca1031) [E:\github\FunWasHad\src\FWH.Common.Workflow\FWH.Common.Workflow.csproj]
E:\github\FunWasHad\src\FWH.Common.Workflow\Actions\WorkflowActionExecutor.cs(341,29): warning CA1031: Modify 'ExecuteAsync' to catch a more specific allowed exception type, or rethrow the exception (https://learn.microsoft.com/dotnet/fundamentals/code-analysis/quality-rules/ca1031) [E:\github\FunWasHad\src\FWH.Common.Workflow\FWH.Common.Workflow.csproj]
E:\github\FunWasHad\src\FWH.Common.Workflow\Actions\WorkflowActionExecutor.cs(353,13): warning CA1031: Modify 'ExecuteAsync' to catch a more specific allowed exception type, or rethrow the exception (https://learn.microsoft.com/dotnet/fundamentals/code-analysis/quality-rules/ca1031) [E:\github\FunWasHad\src\FWH.Common.Workflow\FWH.Common.Workflow.csproj]
E:\github\FunWasHad\src\FWH.Common.Workflow\Actions\WorkflowActionExecutor.cs(132,37): warning CA1859: Change type of variable 'parameters' from 'System.Collections.Generic.IDictionary<string, string>' to 'System.Collections.Concurrent.ConcurrentDictionary<string, string>' for improved performance (https://learn.microsoft.com/dotnet/fundamentals/code-analysis/quality-rules/ca1859) [E:\github\FunWasHad\src\FWH.Common.Workflow\FWH.Common.Workflow.csproj]
E:\github\FunWasHad\src\FWH.Common.Workflow\Actions\WorkflowActionExecutor.cs(381,48): warning CA1859: Change return type of method 'ResolveTemplates' from 'System.Collections.Generic.IDictionary<string, string>' to 'System.Collections.Concurrent.ConcurrentDictionary<string, string>' for improved performance (https://learn.microsoft.com/dotnet/fundamentals/code-analysis/quality-rules/ca1859) [E:\github\FunWasHad\src\FWH.Common.Workflow\FWH.Common.Workflow.csproj]
E:\github\FunWasHad\tests\FWH.MarketingApi.Tests\Integration\ApiKeyAuthenticationIntegrationTests.cs(42,30): warning xUnit1051: Calls to methods which accept CancellationToken should use TestContext.Current.CancellationToken to allow test cancellation to be more responsive. (https://xunit.net/xunit.analyzers/rules/xUnit1051) [E:\github\FunWasHad\tests\FWH.MarketingApi.Tests\FWH.MarketingApi.Tests.csproj]
E:\github\FunWasHad\tests\FWH.MarketingApi.Tests\Integration\ApiKeyAuthenticationIntegrationTests.cs(93,30): warning xUnit1051: Calls to methods which accept CancellationToken should use TestContext.Current.CancellationToken to allow test cancellation to be more responsive. (https://xunit.net/xunit.analyzers/rules/xUnit1051) [E:\github\FunWasHad\tests\FWH.MarketingApi.Tests\FWH.MarketingApi.Tests.csproj]
E:\github\FunWasHad\tests\FWH.MarketingApi.Tests\FeedbackControllerTests.cs(81,30): warning xUnit1051: Calls to methods which accept CancellationToken should use TestContext.Current.CancellationToken to allow test cancellation to be more responsive. (https://xunit.net/xunit.analyzers/rules/xUnit1051) [E:\github\FunWasHad\tests\FWH.MarketingApi.Tests\FWH.MarketingApi.Tests.csproj]
E:\github\FunWasHad\tests\FWH.MarketingApi.Tests\FeedbackControllerTests.cs(84,28): warning xUnit1051: Calls to methods which accept CancellationToken should use TestContext.Current.CancellationToken to allow test cancellation to be more responsive. (https://xunit.net/xunit.analyzers/rules/xUnit1051) [E:\github\FunWasHad\tests\FWH.MarketingApi.Tests\FWH.MarketingApi.Tests.csproj]
E:\github\FunWasHad\tests\FWH.MarketingApi.Tests\FeedbackControllerTests.cs(117,30): warning xUnit1051: Calls to methods which accept CancellationToken should use TestContext.Current.CancellationToken to allow test cancellation to be more responsive. (https://xunit.net/xunit.analyzers/rules/xUnit1051) [E:\github\FunWasHad\tests\FWH.MarketingApi.Tests\FWH.MarketingApi.Tests.csproj]
E:\github\FunWasHad\tests\FWH.MarketingApi.Tests\FeedbackControllerTests.cs(140,30): warning xUnit1051: Calls to methods which accept CancellationToken should use TestContext.Current.CancellationToken to allow test cancellation to be more responsive. (https://xunit.net/xunit.analyzers/rules/xUnit1051) [E:\github\FunWasHad\tests\FWH.MarketingApi.Tests\FWH.MarketingApi.Tests.csproj]
E:\github\FunWasHad\tests\FWH.MarketingApi.Tests\Services\LocalFileBlobStorageServiceTests.cs(109,26): warning xUnit1051: Calls to methods which accept CancellationToken should use TestContext.Current.CancellationToken to allow test cancellation to be more responsive. (https://xunit.net/xunit.analyzers/rules/xUnit1051) [E:\github\FunWasHad\tests\FWH.MarketingApi.Tests\FWH.MarketingApi.Tests.csproj]
E:\github\FunWasHad\tests\FWH.MarketingApi.Tests\Services\LocalFileBlobStorageServiceTests.cs(110,26): warning xUnit1051: Calls to methods which accept CancellationToken should use TestContext.Current.CancellationToken to allow test cancellation to be more responsive. (https://xunit.net/xunit.analyzers/rules/xUnit1051) [E:\github\FunWasHad\tests\FWH.MarketingApi.Tests\FWH.MarketingApi.Tests.csproj]
E:\github\FunWasHad\tests\FWH.MarketingApi.Tests\FeedbackControllerTests.cs(163,30): warning xUnit1051: Calls to methods which accept CancellationToken should use TestContext.Current.CancellationToken to allow test cancellation to be more responsive. (https://xunit.net/xunit.analyzers/rules/xUnit1051) [E:\github\FunWasHad\tests\FWH.MarketingApi.Tests\FWH.MarketingApi.Tests.csproj]
E:\github\FunWasHad\tests\FWH.MarketingApi.Tests\MarketingControllerTests.cs(137,30): warning xUnit1051: Calls to methods which accept CancellationToken should use TestContext.Current.CancellationToken to allow test cancellation to be more responsive. (https://xunit.net/xunit.analyzers/rules/xUnit1051) [E:\github\FunWasHad\tests\FWH.MarketingApi.Tests\FWH.MarketingApi.Tests.csproj]
E:\github\FunWasHad\tests\FWH.MarketingApi.Tests\MarketingControllerTests.cs(140,28): warning xUnit1051: Calls to methods which accept CancellationToken should use TestContext.Current.CancellationToken to allow test cancellation to be more responsive. (https://xunit.net/xunit.analyzers/rules/xUnit1051) [E:\github\FunWasHad\tests\FWH.MarketingApi.Tests\FWH.MarketingApi.Tests.csproj]
E:\github\FunWasHad\tests\FWH.MarketingApi.Tests\MarketingControllerTests.cs(165,30): warning xUnit1051: Calls to methods which accept CancellationToken should use TestContext.Current.CancellationToken to allow test cancellation to be more responsive. (https://xunit.net/xunit.analyzers/rules/xUnit1051) [E:\github\FunWasHad\tests\FWH.MarketingApi.Tests\FWH.MarketingApi.Tests.csproj]
E:\github\FunWasHad\tests\FWH.MarketingApi.Tests\Services\LocalFileBlobStorageServiceTests.cs(142,32): warning xUnit1051: Calls to methods which accept CancellationToken should use TestContext.Current.CancellationToken to allow test cancellation to be more responsive. (https://xunit.net/xunit.analyzers/rules/xUnit1051) [E:\github\FunWasHad\tests\FWH.MarketingApi.Tests\FWH.MarketingApi.Tests.csproj]
E:\github\FunWasHad\tests\FWH.MarketingApi.Tests\FeedbackControllerTests.cs(208,30): warning xUnit1051: Calls to methods which accept CancellationToken should use TestContext.Current.CancellationToken to allow test cancellation to be more responsive. (https://xunit.net/xunit.analyzers/rules/xUnit1051) [E:\github\FunWasHad\tests\FWH.MarketingApi.Tests\FWH.MarketingApi.Tests.csproj]
E:\github\FunWasHad\tests\FWH.MarketingApi.Tests\MarketingControllerTests.cs(185,30): warning xUnit1051: Calls to methods which accept CancellationToken should use TestContext.Current.CancellationToken to allow test cancellation to be more responsive. (https://xunit.net/xunit.analyzers/rules/xUnit1051) [E:\github\FunWasHad\tests\FWH.MarketingApi.Tests\FWH.MarketingApi.Tests.csproj]
E:\github\FunWasHad\tests\FWH.MarketingApi.Tests\MarketingControllerTests.cs(188,28): warning xUnit1051: Calls to methods which accept CancellationToken should use TestContext.Current.CancellationToken to allow test cancellation to be more responsive. (https://xunit.net/xunit.analyzers/rules/xUnit1051) [E:\github\FunWasHad\tests\FWH.MarketingApi.Tests\FWH.MarketingApi.Tests.csproj]
E:\github\FunWasHad\tests\FWH.MarketingApi.Tests\Services\LocalFileBlobStorageServiceTests.cs(173,32): warning xUnit1051: Calls to methods which accept CancellationToken should use TestContext.Current.CancellationToken to allow test cancellation to be more responsive. (https://xunit.net/xunit.analyzers/rules/xUnit1051) [E:\github\FunWasHad\tests\FWH.MarketingApi.Tests\FWH.MarketingApi.Tests.csproj]
E:\github\FunWasHad\tests\FWH.MarketingApi.Tests\Services\LocalFileBlobStorageServiceTests.cs(180,29): warning xUnit1051: Calls to methods which accept CancellationToken should use TestContext.Current.CancellationToken to allow test cancellation to be more responsive. (https://xunit.net/xunit.analyzers/rules/xUnit1051) [E:\github\FunWasHad\tests\FWH.MarketingApi.Tests\FWH.MarketingApi.Tests.csproj]
E:\github\FunWasHad\tests\FWH.MarketingApi.Tests\FeedbackControllerTests.cs(187,36): warning xUnit1051: Calls to methods which accept CancellationToken should use TestContext.Current.CancellationToken to allow test cancellation to be more responsive. (https://xunit.net/xunit.analyzers/rules/xUnit1051) [E:\github\FunWasHad\tests\FWH.MarketingApi.Tests\FWH.MarketingApi.Tests.csproj]
E:\github\FunWasHad\tests\FWH.MarketingApi.Tests\FeedbackControllerTests.cs(188,29): warning xUnit1051: Calls to methods which accept CancellationToken should use TestContext.Current.CancellationToken to allow test cancellation to be more responsive. (https://xunit.net/xunit.analyzers/rules/xUnit1051) [E:\github\FunWasHad\tests\FWH.MarketingApi.Tests\FWH.MarketingApi.Tests.csproj]
E:\github\FunWasHad\tests\FWH.MarketingApi.Tests\FeedbackControllerTests.cs(192,33): warning xUnit1051: Calls to methods which accept CancellationToken should use TestContext.Current.CancellationToken to allow test cancellation to be more responsive. (https://xunit.net/xunit.analyzers/rules/xUnit1051) [E:\github\FunWasHad\tests\FWH.MarketingApi.Tests\FWH.MarketingApi.Tests.csproj]
E:\github\FunWasHad\tests\FWH.MarketingApi.Tests\Services\LocalFileBlobStorageServiceTests.cs(72,32): warning xUnit1051: Calls to methods which accept CancellationToken should use TestContext.Current.CancellationToken to allow test cancellation to be more responsive. (https://xunit.net/xunit.analyzers/rules/xUnit1051) [E:\github\FunWasHad\tests\FWH.MarketingApi.Tests\FWH.MarketingApi.Tests.csproj]
E:\github\FunWasHad\tests\FWH.MarketingApi.Tests\FeedbackControllerTests.cs(195,28): warning xUnit1051: Calls to methods which accept CancellationToken should use TestContext.Current.CancellationToken to allow test cancellation to be more responsive. (https://xunit.net/xunit.analyzers/rules/xUnit1051) [E:\github\FunWasHad\tests\FWH.MarketingApi.Tests\FWH.MarketingApi.Tests.csproj]
E:\github\FunWasHad\tests\FWH.MarketingApi.Tests\Services\LocalFileBlobStorageServiceTests.cs(84,33): warning xUnit1051: Calls to methods which accept CancellationToken should use TestContext.Current.CancellationToken to allow test cancellation to be more responsive. (https://xunit.net/xunit.analyzers/rules/xUnit1051) [E:\github\FunWasHad\tests\FWH.MarketingApi.Tests\FWH.MarketingApi.Tests.csproj]
E:\github\FunWasHad\tests\FWH.MarketingApi.Tests\Services\LocalFileBlobStorageServiceTests.cs(204,29): warning xUnit1051: Calls to methods which accept CancellationToken should use TestContext.Current.CancellationToken to allow test cancellation to be more responsive. (https://xunit.net/xunit.analyzers/rules/xUnit1051) [E:\github\FunWasHad\tests\FWH.MarketingApi.Tests\FWH.MarketingApi.Tests.csproj]
E:\github\FunWasHad\tests\FWH.MarketingApi.Tests\Services\LocalFileBlobStorageServiceTests.cs(229,32): warning xUnit1051: Calls to methods which accept CancellationToken should use TestContext.Current.CancellationToken to allow test cancellation to be more responsive. (https://xunit.net/xunit.analyzers/rules/xUnit1051) [E:\github\FunWasHad\tests\FWH.MarketingApi.Tests\FWH.MarketingApi.Tests.csproj]
E:\github\FunWasHad\tests\FWH.MarketingApi.Tests\Services\LocalFileBlobStorageServiceTests.cs(232,43): warning xUnit1051: Calls to methods which accept CancellationToken should use TestContext.Current.CancellationToken to allow test cancellation to be more responsive. (https://xunit.net/xunit.analyzers/rules/xUnit1051) [E:\github\FunWasHad\tests\FWH.MarketingApi.Tests\FWH.MarketingApi.Tests.csproj]
E:\github\FunWasHad\tests\FWH.MarketingApi.Tests\Services\LocalFileBlobStorageServiceTests.cs(237,38): warning xUnit1051: Calls to methods which accept CancellationToken should use TestContext.Current.CancellationToken to allow test cancellation to be more responsive. (https://xunit.net/xunit.analyzers/rules/xUnit1051) [E:\github\FunWasHad\tests\FWH.MarketingApi.Tests\FWH.MarketingApi.Tests.csproj]
E:\github\FunWasHad\tests\FWH.MarketingApi.Tests\Services\LocalFileBlobStorageServiceTests.cs(258,28): warning xUnit1051: Calls to methods which accept CancellationToken should use TestContext.Current.CancellationToken to allow test cancellation to be more responsive. (https://xunit.net/xunit.analyzers/rules/xUnit1051) [E:\github\FunWasHad\tests\FWH.MarketingApi.Tests\FWH.MarketingApi.Tests.csproj]
E:\github\FunWasHad\tests\FWH.MarketingApi.Tests\EntityRelationshipTests.cs(214,26): warning xUnit1051: Calls to methods which accept CancellationToken should use TestContext.Current.CancellationToken to allow test cancellation to be more responsive. (https://xunit.net/xunit.analyzers/rules/xUnit1051) [E:\github\FunWasHad\tests\FWH.MarketingApi.Tests\FWH.MarketingApi.Tests.csproj]
E:\github\FunWasHad\tests\FWH.MarketingApi.Tests\Services\LocalFileBlobStorageServiceTests.cs(282,32): warning xUnit1051: Calls to methods which accept CancellationToken should use TestContext.Current.CancellationToken to allow test cancellation to be more responsive. (https://xunit.net/xunit.analyzers/rules/xUnit1051) [E:\github\FunWasHad\tests\FWH.MarketingApi.Tests\FWH.MarketingApi.Tests.csproj]
E:\github\FunWasHad\tests\FWH.MarketingApi.Tests\Services\LocalFileBlobStorageServiceTests.cs(285,28): warning xUnit1051: Calls to methods which accept CancellationToken should use TestContext.Current.CancellationToken to allow test cancellation to be more responsive. (https://xunit.net/xunit.analyzers/rules/xUnit1051) [E:\github\FunWasHad\tests\FWH.MarketingApi.Tests\FWH.MarketingApi.Tests.csproj]
E:\github\FunWasHad\tests\FWH.MarketingApi.Tests\CityMarketingTests.cs(144,30): warning xUnit1051: Calls to methods which accept CancellationToken should use TestContext.Current.CancellationToken to allow test cancellation to be more responsive. (https://xunit.net/xunit.analyzers/rules/xUnit1051) [E:\github\FunWasHad\tests\FWH.MarketingApi.Tests\FWH.MarketingApi.Tests.csproj]
E:\github\FunWasHad\tests\FWH.MarketingApi.Tests\CityMarketingTests.cs(148,38): warning xUnit1051: Calls to methods which accept CancellationToken should use TestContext.Current.CancellationToken to allow test cancellation to be more responsive. (https://xunit.net/xunit.analyzers/rules/xUnit1051) [E:\github\FunWasHad\tests\FWH.MarketingApi.Tests\FWH.MarketingApi.Tests.csproj]
E:\github\FunWasHad\tests\FWH.MarketingApi.Tests\CityMarketingTests.cs(153,28): warning xUnit1051: Calls to methods which accept CancellationToken should use TestContext.Current.CancellationToken to allow test cancellation to be more responsive. (https://xunit.net/xunit.analyzers/rules/xUnit1051) [E:\github\FunWasHad\tests\FWH.MarketingApi.Tests\FWH.MarketingApi.Tests.csproj]
E:\github\FunWasHad\tests\FWH.MarketingApi.Tests\MarketingControllerTests.cs(208,30): warning xUnit1051: Calls to methods which accept CancellationToken should use TestContext.Current.CancellationToken to allow test cancellation to be more responsive. (https://xunit.net/xunit.analyzers/rules/xUnit1051) [E:\github\FunWasHad\tests\FWH.MarketingApi.Tests\FWH.MarketingApi.Tests.csproj]
E:\github\FunWasHad\tests\FWH.MarketingApi.Tests\MarketingControllerTests.cs(211,28): warning xUnit1051: Calls to methods which accept CancellationToken should use TestContext.Current.CancellationToken to allow test cancellation to be more responsive. (https://xunit.net/xunit.analyzers/rules/xUnit1051) [E:\github\FunWasHad\tests\FWH.MarketingApi.Tests\FWH.MarketingApi.Tests.csproj]
E:\github\FunWasHad\tests\FWH.MarketingApi.Tests\Services\LocalFileBlobStorageServiceTests.cs(308,28): warning xUnit1051: Calls to methods which accept CancellationToken should use TestContext.Current.CancellationToken to allow test cancellation to be more responsive. (https://xunit.net/xunit.analyzers/rules/xUnit1051) [E:\github\FunWasHad\tests\FWH.MarketingApi.Tests\FWH.MarketingApi.Tests.csproj]
E:\github\FunWasHad\tests\FWH.MarketingApi.Tests\CityMarketingTests.cs(174,30): warning xUnit1051: Calls to methods which accept CancellationToken should use TestContext.Current.CancellationToken to allow test cancellation to be more responsive. (https://xunit.net/xunit.analyzers/rules/xUnit1051) [E:\github\FunWasHad\tests\FWH.MarketingApi.Tests\FWH.MarketingApi.Tests.csproj]
E:\github\FunWasHad\tests\FWH.MarketingApi.Tests\CityMarketingTests.cs(177,28): warning xUnit1051: Calls to methods which accept CancellationToken should use TestContext.Current.CancellationToken to allow test cancellation to be more responsive. (https://xunit.net/xunit.analyzers/rules/xUnit1051) [E:\github\FunWasHad\tests\FWH.MarketingApi.Tests\FWH.MarketingApi.Tests.csproj]
E:\github\FunWasHad\tests\FWH.MarketingApi.Tests\Services\BlobStorageIntegrationTests.cs(79,38): warning xUnit1051: Calls to methods which accept CancellationToken should use TestContext.Current.CancellationToken to allow test cancellation to be more responsive. (https://xunit.net/xunit.analyzers/rules/xUnit1051) [E:\github\FunWasHad\tests\FWH.MarketingApi.Tests\FWH.MarketingApi.Tests.csproj]
E:\github\FunWasHad\tests\FWH.MarketingApi.Tests\Services\BlobStorageIntegrationTests.cs(80,30): warning xUnit1051: Calls to methods which accept CancellationToken should use TestContext.Current.CancellationToken to allow test cancellation to be more responsive. (https://xunit.net/xunit.analyzers/rules/xUnit1051) [E:\github\FunWasHad\tests\FWH.MarketingApi.Tests\FWH.MarketingApi.Tests.csproj]
E:\github\FunWasHad\tests\FWH.MarketingApi.Tests\Services\LocalFileBlobStorageServiceTests.cs(334,13): warning xUnit2020: Do not use Assert.True(false, message) to fail a test. Use Assert.Fail(message) instead. (https://xunit.net/xunit.analyzers/rules/xUnit2020) [E:\github\FunWasHad\tests\FWH.MarketingApi.Tests\FWH.MarketingApi.Tests.csproj]
E:\github\FunWasHad\tests\FWH.MarketingApi.Tests\Services\LocalFileBlobStorageServiceTests.cs(333,19): warning xUnit1051: Calls to methods which accept CancellationToken should use TestContext.Current.CancellationToken to allow test cancellation to be more responsive. (https://xunit.net/xunit.analyzers/rules/xUnit1051) [E:\github\FunWasHad\tests\FWH.MarketingApi.Tests\FWH.MarketingApi.Tests.csproj]
E:\github\FunWasHad\tests\FWH.MarketingApi.Tests\Services\BlobStorageIntegrationTests.cs(92,30): warning xUnit1051: Calls to methods which accept CancellationToken should use TestContext.Current.CancellationToken to allow test cancellation to be more responsive. (https://xunit.net/xunit.analyzers/rules/xUnit1051) [E:\github\FunWasHad\tests\FWH.MarketingApi.Tests\FWH.MarketingApi.Tests.csproj]
E:\github\FunWasHad\tests\FWH.MarketingApi.Tests\Services\BlobStorageIntegrationTests.cs(96,32): warning xUnit1051: Calls to methods which accept CancellationToken should use TestContext.Current.CancellationToken to allow test cancellation to be more responsive. (https://xunit.net/xunit.analyzers/rules/xUnit1051) [E:\github\FunWasHad\tests\FWH.MarketingApi.Tests\FWH.MarketingApi.Tests.csproj]
E:\github\FunWasHad\tests\FWH.MarketingApi.Tests\Services\BlobStorageIntegrationTests.cs(108,28): warning xUnit1051: Calls to methods which accept CancellationToken should use TestContext.Current.CancellationToken to allow test cancellation to be more responsive. (https://xunit.net/xunit.analyzers/rules/xUnit1051) [E:\github\FunWasHad\tests\FWH.MarketingApi.Tests\FWH.MarketingApi.Tests.csproj]
E:\github\FunWasHad\tests\FWH.MarketingApi.Tests\EntityRelationshipTests.cs(235,28): warning xUnit1051: Calls to methods which accept CancellationToken should use TestContext.Current.CancellationToken to allow test cancellation to be more responsive. (https://xunit.net/xunit.analyzers/rules/xUnit1051) [E:\github\FunWasHad\tests\FWH.MarketingApi.Tests\FWH.MarketingApi.Tests.csproj]
E:\github\FunWasHad\tests\FWH.MarketingApi.Tests\MarketingControllerTests.cs(234,30): warning xUnit1051: Calls to methods which accept CancellationToken should use TestContext.Current.CancellationToken to allow test cancellation to be more responsive. (https://xunit.net/xunit.analyzers/rules/xUnit1051) [E:\github\FunWasHad\tests\FWH.MarketingApi.Tests\FWH.MarketingApi.Tests.csproj]
E:\github\FunWasHad\tests\FWH.MarketingApi.Tests\MarketingControllerTests.cs(237,28): warning xUnit1051: Calls to methods which accept CancellationToken should use TestContext.Current.CancellationToken to allow test cancellation to be more responsive. (https://xunit.net/xunit.analyzers/rules/xUnit1051) [E:\github\FunWasHad\tests\FWH.MarketingApi.Tests\FWH.MarketingApi.Tests.csproj]
E:\github\FunWasHad\tests\FWH.MarketingApi.Tests\Services\LocalFileBlobStorageServiceTests.cs(365,13): warning xUnit2020: Do not use Assert.True(false, message) to fail a test. Use Assert.Fail(message) instead. (https://xunit.net/xunit.analyzers/rules/xUnit2020) [E:\github\FunWasHad\tests\FWH.MarketingApi.Tests\FWH.MarketingApi.Tests.csproj]
E:\github\FunWasHad\tests\FWH.MarketingApi.Tests\Services\LocalFileBlobStorageServiceTests.cs(364,19): warning xUnit1051: Calls to methods which accept CancellationToken should use TestContext.Current.CancellationToken to allow test cancellation to be more responsive. (https://xunit.net/xunit.analyzers/rules/xUnit1051) [E:\github\FunWasHad\tests\FWH.MarketingApi.Tests\FWH.MarketingApi.Tests.csproj]
E:\github\FunWasHad\tests\FWH.MarketingApi.Tests\Services\LocalFileBlobStorageServiceTests.cs(393,48): warning xUnit1051: Calls to methods which accept CancellationToken should use TestContext.Current.CancellationToken to allow test cancellation to be more responsive. (https://xunit.net/xunit.analyzers/rules/xUnit1051) [E:\github\FunWasHad\tests\FWH.MarketingApi.Tests\FWH.MarketingApi.Tests.csproj]
E:\github\FunWasHad\tests\FWH.MarketingApi.Tests\CityMarketingTests.cs(193,30): warning xUnit1051: Calls to methods which accept CancellationToken should use TestContext.Current.CancellationToken to allow test cancellation to be more responsive. (https://xunit.net/xunit.analyzers/rules/xUnit1051) [E:\github\FunWasHad\tests\FWH.MarketingApi.Tests\FWH.MarketingApi.Tests.csproj]
E:\github\FunWasHad\tests\FWH.MarketingApi.Tests\CityMarketingTests.cs(196,28): warning xUnit1051: Calls to methods which accept CancellationToken should use TestContext.Current.CancellationToken to allow test cancellation to be more responsive. (https://xunit.net/xunit.analyzers/rules/xUnit1051) [E:\github\FunWasHad\tests\FWH.MarketingApi.Tests\FWH.MarketingApi.Tests.csproj]
E:\github\FunWasHad\tests\FWH.MarketingApi.Tests\CityMarketingTests.cs(211,30): warning xUnit1051: Calls to methods which accept CancellationToken should use TestContext.Current.CancellationToken to allow test cancellation to be more responsive. (https://xunit.net/xunit.analyzers/rules/xUnit1051) [E:\github\FunWasHad\tests\FWH.MarketingApi.Tests\FWH.MarketingApi.Tests.csproj]
E:\github\FunWasHad\tests\FWH.MarketingApi.Tests\CityMarketingTests.cs(224,30): warning xUnit1051: Calls to methods which accept CancellationToken should use TestContext.Current.CancellationToken to allow test cancellation to be more responsive. (https://xunit.net/xunit.analyzers/rules/xUnit1051) [E:\github\FunWasHad\tests\FWH.MarketingApi.Tests\FWH.MarketingApi.Tests.csproj]
E:\github\FunWasHad\tests\FWH.MarketingApi.Tests\CityMarketingTests.cs(237,30): warning xUnit1051: Calls to methods which accept CancellationToken should use TestContext.Current.CancellationToken to allow test cancellation to be more responsive. (https://xunit.net/xunit.analyzers/rules/xUnit1051) [E:\github\FunWasHad\tests\FWH.MarketingApi.Tests\FWH.MarketingApi.Tests.csproj]
E:\github\FunWasHad\tests\FWH.MarketingApi.Tests\CityMarketingTests.cs(240,28): warning xUnit1051: Calls to methods which accept CancellationToken should use TestContext.Current.CancellationToken to allow test cancellation to be more responsive. (https://xunit.net/xunit.analyzers/rules/xUnit1051) [E:\github\FunWasHad\tests\FWH.MarketingApi.Tests\FWH.MarketingApi.Tests.csproj]
E:\github\FunWasHad\tests\FWH.MarketingApi.Tests\MarketingControllerTests.cs(258,30): warning xUnit1051: Calls to methods which accept CancellationToken should use TestContext.Current.CancellationToken to allow test cancellation to be more responsive. (https://xunit.net/xunit.analyzers/rules/xUnit1051) [E:\github\FunWasHad\tests\FWH.MarketingApi.Tests\FWH.MarketingApi.Tests.csproj]
E:\github\FunWasHad\tests\FWH.MarketingApi.Tests\MarketingControllerTests.cs(261,28): warning xUnit1051: Calls to methods which accept CancellationToken should use TestContext.Current.CancellationToken to allow test cancellation to be more responsive. (https://xunit.net/xunit.analyzers/rules/xUnit1051) [E:\github\FunWasHad\tests\FWH.MarketingApi.Tests\FWH.MarketingApi.Tests.csproj]
E:\github\FunWasHad\tests\FWH.MarketingApi.Tests\Services\BlobStorageIntegrationTests.cs(139,38): warning xUnit1051: Calls to methods which accept CancellationToken should use TestContext.Current.CancellationToken to allow test cancellation to be more responsive. (https://xunit.net/xunit.analyzers/rules/xUnit1051) [E:\github\FunWasHad\tests\FWH.MarketingApi.Tests\FWH.MarketingApi.Tests.csproj]
E:\github\FunWasHad\tests\FWH.MarketingApi.Tests\Services\BlobStorageIntegrationTests.cs(140,30): warning xUnit1051: Calls to methods which accept CancellationToken should use TestContext.Current.CancellationToken to allow test cancellation to be more responsive. (https://xunit.net/xunit.analyzers/rules/xUnit1051) [E:\github\FunWasHad\tests\FWH.MarketingApi.Tests\FWH.MarketingApi.Tests.csproj]
E:\github\FunWasHad\tests\FWH.MarketingApi.Tests\Services\BlobStorageIntegrationTests.cs(151,36): warning xUnit1051: Calls to methods which accept CancellationToken should use TestContext.Current.CancellationToken to allow test cancellation to be more responsive. (https://xunit.net/xunit.analyzers/rules/xUnit1051) [E:\github\FunWasHad\tests\FWH.MarketingApi.Tests\FWH.MarketingApi.Tests.csproj]
E:\github\FunWasHad\tests\FWH.MarketingApi.Tests\Services\BlobStorageIntegrationTests.cs(152,32): warning xUnit1051: Calls to methods which accept CancellationToken should use TestContext.Current.CancellationToken to allow test cancellation to be more responsive. (https://xunit.net/xunit.analyzers/rules/xUnit1051) [E:\github\FunWasHad\tests\FWH.MarketingApi.Tests\FWH.MarketingApi.Tests.csproj]
E:\github\FunWasHad\tests\FWH.MarketingApi.Tests\Services\BlobStorageIntegrationTests.cs(158,43): warning xUnit1051: Calls to methods which accept CancellationToken should use TestContext.Current.CancellationToken to allow test cancellation to be more responsive. (https://xunit.net/xunit.analyzers/rules/xUnit1051) [E:\github\FunWasHad\tests\FWH.MarketingApi.Tests\FWH.MarketingApi.Tests.csproj]
E:\github\FunWasHad\tests\FWH.MarketingApi.Tests\Services\BlobStorageIntegrationTests.cs(163,38): warning xUnit1051: Calls to methods which accept CancellationToken should use TestContext.Current.CancellationToken to allow test cancellation to be more responsive. (https://xunit.net/xunit.analyzers/rules/xUnit1051) [E:\github\FunWasHad\tests\FWH.MarketingApi.Tests\FWH.MarketingApi.Tests.csproj]
E:\github\FunWasHad\tests\FWH.MarketingApi.Tests\Services\BlobStorageIntegrationTests.cs(194,38): warning xUnit1051: Calls to methods which accept CancellationToken should use TestContext.Current.CancellationToken to allow test cancellation to be more responsive. (https://xunit.net/xunit.analyzers/rules/xUnit1051) [E:\github\FunWasHad\tests\FWH.MarketingApi.Tests\FWH.MarketingApi.Tests.csproj]
E:\github\FunWasHad\tests\FWH.MarketingApi.Tests\Services\BlobStorageIntegrationTests.cs(195,30): warning xUnit1051: Calls to methods which accept CancellationToken should use TestContext.Current.CancellationToken to allow test cancellation to be more responsive. (https://xunit.net/xunit.analyzers/rules/xUnit1051) [E:\github\FunWasHad\tests\FWH.MarketingApi.Tests\FWH.MarketingApi.Tests.csproj]
E:\github\FunWasHad\tests\FWH.MarketingApi.Tests\Services\BlobStorageIntegrationTests.cs(207,30): warning xUnit1051: Calls to methods which accept CancellationToken should use TestContext.Current.CancellationToken to allow test cancellation to be more responsive. (https://xunit.net/xunit.analyzers/rules/xUnit1051) [E:\github\FunWasHad\tests\FWH.MarketingApi.Tests\FWH.MarketingApi.Tests.csproj]
E:\github\FunWasHad\tests\FWH.MarketingApi.Tests\Services\BlobStorageIntegrationTests.cs(211,32): warning xUnit1051: Calls to methods which accept CancellationToken should use TestContext.Current.CancellationToken to allow test cancellation to be more responsive. (https://xunit.net/xunit.analyzers/rules/xUnit1051) [E:\github\FunWasHad\tests\FWH.MarketingApi.Tests\FWH.MarketingApi.Tests.csproj]
E:\github\FunWasHad\tests\FWH.MarketingApi.Tests\CityMarketingTests.cs(253,30): warning xUnit1051: Calls to methods which accept CancellationToken should use TestContext.Current.CancellationToken to allow test cancellation to be more responsive. (https://xunit.net/xunit.analyzers/rules/xUnit1051) [E:\github\FunWasHad\tests\FWH.MarketingApi.Tests\FWH.MarketingApi.Tests.csproj]
E:\github\FunWasHad\tests\FWH.MarketingApi.Tests\CityMarketingTests.cs(256,28): warning xUnit1051: Calls to methods which accept CancellationToken should use TestContext.Current.CancellationToken to allow test cancellation to be more responsive. (https://xunit.net/xunit.analyzers/rules/xUnit1051) [E:\github\FunWasHad\tests\FWH.MarketingApi.Tests\FWH.MarketingApi.Tests.csproj]
E:\github\FunWasHad\tests\FWH.MarketingApi.Tests\EntityRelationshipTests.cs(256,29): warning xUnit1051: Calls to methods which accept CancellationToken should use TestContext.Current.CancellationToken to allow test cancellation to be more responsive. (https://xunit.net/xunit.analyzers/rules/xUnit1051) [E:\github\FunWasHad\tests\FWH.MarketingApi.Tests\FWH.MarketingApi.Tests.csproj]
E:\github\FunWasHad\tests\FWH.MarketingApi.Tests\CityMarketingTests.cs(272,30): warning xUnit1051: Calls to methods which accept CancellationToken should use TestContext.Current.CancellationToken to allow test cancellation to be more responsive. (https://xunit.net/xunit.analyzers/rules/xUnit1051) [E:\github\FunWasHad\tests\FWH.MarketingApi.Tests\FWH.MarketingApi.Tests.csproj]
E:\github\FunWasHad\tests\FWH.MarketingApi.Tests\CityMarketingTests.cs(285,30): warning xUnit1051: Calls to methods which accept CancellationToken should use TestContext.Current.CancellationToken to allow test cancellation to be more responsive. (https://xunit.net/xunit.analyzers/rules/xUnit1051) [E:\github\FunWasHad\tests\FWH.MarketingApi.Tests\FWH.MarketingApi.Tests.csproj]
E:\github\FunWasHad\tests\FWH.MarketingApi.Tests\MarketingControllerTests.cs(275,30): warning xUnit1051: Calls to methods which accept CancellationToken should use TestContext.Current.CancellationToken to allow test cancellation to be more responsive. (https://xunit.net/xunit.analyzers/rules/xUnit1051) [E:\github\FunWasHad\tests\FWH.MarketingApi.Tests\FWH.MarketingApi.Tests.csproj]
E:\github\FunWasHad\tests\FWH.MarketingApi.Tests\MarketingControllerTests.cs(278,28): warning xUnit1051: Calls to methods which accept CancellationToken should use TestContext.Current.CancellationToken to allow test cancellation to be more responsive. (https://xunit.net/xunit.analyzers/rules/xUnit1051) [E:\github\FunWasHad\tests\FWH.MarketingApi.Tests\FWH.MarketingApi.Tests.csproj]
E:\github\FunWasHad\tests\FWH.MarketingApi.Tests\CityMarketingTests.cs(298,30): warning xUnit1051: Calls to methods which accept CancellationToken should use TestContext.Current.CancellationToken to allow test cancellation to be more responsive. (https://xunit.net/xunit.analyzers/rules/xUnit1051) [E:\github\FunWasHad\tests\FWH.MarketingApi.Tests\FWH.MarketingApi.Tests.csproj]
E:\github\FunWasHad\tests\FWH.MarketingApi.Tests\MarketingControllerTests.cs(302,30): warning xUnit1051: Calls to methods which accept CancellationToken should use TestContext.Current.CancellationToken to allow test cancellation to be more responsive. (https://xunit.net/xunit.analyzers/rules/xUnit1051) [E:\github\FunWasHad\tests\FWH.MarketingApi.Tests\FWH.MarketingApi.Tests.csproj]
E:\github\FunWasHad\tests\FWH.MarketingApi.Tests\MarketingControllerTests.cs(305,28): warning xUnit1051: Calls to methods which accept CancellationToken should use TestContext.Current.CancellationToken to allow test cancellation to be more responsive. (https://xunit.net/xunit.analyzers/rules/xUnit1051) [E:\github\FunWasHad\tests\FWH.MarketingApi.Tests\FWH.MarketingApi.Tests.csproj]
E:\github\FunWasHad\tests\FWH.MarketingApi.Tests\EntityRelationshipTests.cs(277,28): warning xUnit1051: Calls to methods which accept CancellationToken should use TestContext.Current.CancellationToken to allow test cancellation to be more responsive. (https://xunit.net/xunit.analyzers/rules/xUnit1051) [E:\github\FunWasHad\tests\FWH.MarketingApi.Tests\FWH.MarketingApi.Tests.csproj]
E:\github\FunWasHad\tests\FWH.MarketingApi.Tests\MarketingControllerTests.cs(327,30): warning xUnit1051: Calls to methods which accept CancellationToken should use TestContext.Current.CancellationToken to allow test cancellation to be more responsive. (https://xunit.net/xunit.analyzers/rules/xUnit1051) [E:\github\FunWasHad\tests\FWH.MarketingApi.Tests\FWH.MarketingApi.Tests.csproj]
E:\github\FunWasHad\tests\FWH.MarketingApi.Tests\MarketingControllerTests.cs(348,30): warning xUnit1051: Calls to methods which accept CancellationToken should use TestContext.Current.CancellationToken to allow test cancellation to be more responsive. (https://xunit.net/xunit.analyzers/rules/xUnit1051) [E:\github\FunWasHad\tests\FWH.MarketingApi.Tests\FWH.MarketingApi.Tests.csproj]
E:\github\FunWasHad\tests\FWH.MarketingApi.Tests\CityMarketingTests.cs(321,15): warning xUnit1051: Calls to methods which accept CancellationToken should use TestContext.Current.CancellationToken to allow test cancellation to be more responsive. (https://xunit.net/xunit.analyzers/rules/xUnit1051) [E:\github\FunWasHad\tests\FWH.MarketingApi.Tests\FWH.MarketingApi.Tests.csproj]
E:\github\FunWasHad\tests\FWH.MarketingApi.Tests\CityMarketingTests.cs(324,26): warning xUnit1051: Calls to methods which accept CancellationToken should use TestContext.Current.CancellationToken to allow test cancellation to be more responsive. (https://xunit.net/xunit.analyzers/rules/xUnit1051) [E:\github\FunWasHad\tests\FWH.MarketingApi.Tests\FWH.MarketingApi.Tests.csproj]
E:\github\FunWasHad\tests\FWH.MarketingApi.Tests\CityMarketingTests.cs(336,15): warning xUnit1051: Calls to methods which accept CancellationToken should use TestContext.Current.CancellationToken to allow test cancellation to be more responsive. (https://xunit.net/xunit.analyzers/rules/xUnit1051) [E:\github\FunWasHad\tests\FWH.MarketingApi.Tests\FWH.MarketingApi.Tests.csproj]
E:\github\FunWasHad\tests\FWH.MarketingApi.Tests\CityMarketingTests.cs(339,37): warning xUnit1051: Calls to methods which accept CancellationToken should use TestContext.Current.CancellationToken to allow test cancellation to be more responsive. (https://xunit.net/xunit.analyzers/rules/xUnit1051) [E:\github\FunWasHad\tests\FWH.MarketingApi.Tests\FWH.MarketingApi.Tests.csproj]
E:\github\FunWasHad\tests\FWH.MarketingApi.Tests\EntityRelationshipTests.cs(299,31): warning xUnit1051: Calls to methods which accept CancellationToken should use TestContext.Current.CancellationToken to allow test cancellation to be more responsive. (https://xunit.net/xunit.analyzers/rules/xUnit1051) [E:\github\FunWasHad\tests\FWH.MarketingApi.Tests\FWH.MarketingApi.Tests.csproj]
E:\github\FunWasHad\tests\FWH.MarketingApi.Tests\EntityRelationshipTests.cs(299,81): warning xUnit1051: Calls to methods which accept CancellationToken should use TestContext.Current.CancellationToken to allow test cancellation to be more responsive. (https://xunit.net/xunit.analyzers/rules/xUnit1051) [E:\github\FunWasHad\tests\FWH.MarketingApi.Tests\FWH.MarketingApi.Tests.csproj]
E:\github\FunWasHad\tests\FWH.MarketingApi.Tests\EntityRelationshipTests.cs(324,15): warning xUnit1051: Calls to methods which accept CancellationToken should use TestContext.Current.CancellationToken to allow test cancellation to be more responsive. (https://xunit.net/xunit.analyzers/rules/xUnit1051) [E:\github\FunWasHad\tests\FWH.MarketingApi.Tests\FWH.MarketingApi.Tests.csproj]
E:\github\FunWasHad\tests\FWH.MarketingApi.Tests\EntityRelationshipTests.cs(326,35): warning xUnit1051: Calls to methods which accept CancellationToken should use TestContext.Current.CancellationToken to allow test cancellation to be more responsive. (https://xunit.net/xunit.analyzers/rules/xUnit1051) [E:\github\FunWasHad\tests\FWH.MarketingApi.Tests\FWH.MarketingApi.Tests.csproj]
E:\github\FunWasHad\tests\FWH.MarketingApi.Tests\EntityRelationshipTests.cs(344,34): warning xUnit1051: Calls to methods which accept CancellationToken should use TestContext.Current.CancellationToken to allow test cancellation to be more responsive. (https://xunit.net/xunit.analyzers/rules/xUnit1051) [E:\github\FunWasHad\tests\FWH.MarketingApi.Tests\FWH.MarketingApi.Tests.csproj]
E:\github\FunWasHad\tests\FWH.MarketingApi.Tests\EntityRelationshipTests.cs(344,86): warning xUnit1051: Calls to methods which accept CancellationToken should use TestContext.Current.CancellationToken to allow test cancellation to be more responsive. (https://xunit.net/xunit.analyzers/rules/xUnit1051) [E:\github\FunWasHad\tests\FWH.MarketingApi.Tests\FWH.MarketingApi.Tests.csproj]
E:\github\FunWasHad\tests\FWH.MarketingApi.Tests\EntityRelationshipTests.cs(372,15): warning xUnit1051: Calls to methods which accept CancellationToken should use TestContext.Current.CancellationToken to allow test cancellation to be more responsive. (https://xunit.net/xunit.analyzers/rules/xUnit1051) [E:\github\FunWasHad\tests\FWH.MarketingApi.Tests\FWH.MarketingApi.Tests.csproj]
E:\github\FunWasHad\tests\FWH.MarketingApi.Tests\EntityRelationshipTests.cs(374,38): warning xUnit1051: Calls to methods which accept CancellationToken should use TestContext.Current.CancellationToken to allow test cancellation to be more responsive. (https://xunit.net/xunit.analyzers/rules/xUnit1051) [E:\github\FunWasHad\tests\FWH.MarketingApi.Tests\FWH.MarketingApi.Tests.csproj]
E:\github\FunWasHad\tests\FWH.MarketingApi.Tests\EntityRelationshipTests.cs(391,26): warning xUnit1051: Calls to methods which accept CancellationToken should use TestContext.Current.CancellationToken to allow test cancellation to be more responsive. (https://xunit.net/xunit.analyzers/rules/xUnit1051) [E:\github\FunWasHad\tests\FWH.MarketingApi.Tests\FWH.MarketingApi.Tests.csproj]
E:\github\FunWasHad\tests\FWH.MarketingApi.Tests\EntityRelationshipTests.cs(400,15): warning xUnit1051: Calls to methods which accept CancellationToken should use TestContext.Current.CancellationToken to allow test cancellation to be more responsive. (https://xunit.net/xunit.analyzers/rules/xUnit1051) [E:\github\FunWasHad\tests\FWH.MarketingApi.Tests\FWH.MarketingApi.Tests.csproj]
E:\github\FunWasHad\tests\FWH.MarketingApi.Tests\EntityRelationshipTests.cs(402,35): warning xUnit1051: Calls to methods which accept CancellationToken should use TestContext.Current.CancellationToken to allow test cancellation to be more responsive. (https://xunit.net/xunit.analyzers/rules/xUnit1051) [E:\github\FunWasHad\tests\FWH.MarketingApi.Tests\FWH.MarketingApi.Tests.csproj]
E:\github\FunWasHad\tests\FWH.MarketingApi.Tests\EntityRelationshipTests.cs(418,29): warning xUnit1051: Calls to methods which accept CancellationToken should use TestContext.Current.CancellationToken to allow test cancellation to be more responsive. (https://xunit.net/xunit.analyzers/rules/xUnit1051) [E:\github\FunWasHad\tests\FWH.MarketingApi.Tests\FWH.MarketingApi.Tests.csproj]
E:\github\FunWasHad\tests\FWH.MarketingApi.Tests\EntityRelationshipTests.cs(427,15): warning xUnit1051: Calls to methods which accept CancellationToken should use TestContext.Current.CancellationToken to allow test cancellation to be more responsive. (https://xunit.net/xunit.analyzers/rules/xUnit1051) [E:\github\FunWasHad\tests\FWH.MarketingApi.Tests\FWH.MarketingApi.Tests.csproj]
E:\github\FunWasHad\tests\FWH.MarketingApi.Tests\EntityRelationshipTests.cs(429,35): warning xUnit1051: Calls to methods which accept CancellationToken should use TestContext.Current.CancellationToken to allow test cancellation to be more responsive. (https://xunit.net/xunit.analyzers/rules/xUnit1051) [E:\github\FunWasHad\tests\FWH.MarketingApi.Tests\FWH.MarketingApi.Tests.csproj]
E:\github\FunWasHad\tests\FWH.MarketingApi.Tests\EntityRelationshipTests.cs(458,13): warning xUnit2020: Do not use Assert.True(false, message) to fail a test. Use Assert.Fail(message) instead. (https://xunit.net/xunit.analyzers/rules/xUnit2020) [E:\github\FunWasHad\tests\FWH.MarketingApi.Tests\FWH.MarketingApi.Tests.csproj]
E:\github\FunWasHad\tests\FWH.MarketingApi.Tests\EntityRelationshipTests.cs(457,19): warning xUnit1051: Calls to methods which accept CancellationToken should use TestContext.Current.CancellationToken to allow test cancellation to be more responsive. (https://xunit.net/xunit.analyzers/rules/xUnit1051) [E:\github\FunWasHad\tests\FWH.MarketingApi.Tests\FWH.MarketingApi.Tests.csproj]
E:\github\FunWasHad\tests\FWH.MarketingApi.Tests\EntityRelationshipTests.cs(488,13): warning xUnit2020: Do not use Assert.True(false, message) to fail a test. Use Assert.Fail(message) instead. (https://xunit.net/xunit.analyzers/rules/xUnit2020) [E:\github\FunWasHad\tests\FWH.MarketingApi.Tests\FWH.MarketingApi.Tests.csproj]
E:\github\FunWasHad\tests\FWH.MarketingApi.Tests\EntityRelationshipTests.cs(487,19): warning xUnit1051: Calls to methods which accept CancellationToken should use TestContext.Current.CancellationToken to allow test cancellation to be more responsive. (https://xunit.net/xunit.analyzers/rules/xUnit1051) [E:\github\FunWasHad\tests\FWH.MarketingApi.Tests\FWH.MarketingApi.Tests.csproj]
E:\github\FunWasHad\tests\FWH.Mobile.Data.Tests\NoteRepositoryTests.cs(25,29): warning xUnit1051: Calls to methods which accept CancellationToken should use TestContext.Current.CancellationToken to allow test cancellation to be more responsive. (https://xunit.net/xunit.analyzers/rules/xUnit1051) [E:\github\FunWasHad\tests\FWH.Mobile.Data.Tests\FWH.Mobile.Data.Tests.csproj]
E:\github\FunWasHad\tests\FWH.Mobile.Data.Tests\NoteRepositoryTests.cs(28,25): warning xUnit1051: Calls to methods which accept CancellationToken should use TestContext.Current.CancellationToken to allow test cancellation to be more responsive. (https://xunit.net/xunit.analyzers/rules/xUnit1051) [E:\github\FunWasHad\tests\FWH.Mobile.Data.Tests\FWH.Mobile.Data.Tests.csproj]
E:\github\FunWasHad\tests\FWH.Mobile.Data.Tests\WorkflowCrudTests.cs(34,15): warning xUnit1051: Calls to methods which accept CancellationToken should use TestContext.Current.CancellationToken to allow test cancellation to be more responsive. (https://xunit.net/xunit.analyzers/rules/xUnit1051) [E:\github\FunWasHad\tests\FWH.Mobile.Data.Tests\FWH.Mobile.Data.Tests.csproj]
E:\github\FunWasHad\tests\FWH.Mobile.Data.Tests\WorkflowCrudTests.cs(46,29): warning xUnit1051: Calls to methods which accept CancellationToken should use TestContext.Current.CancellationToken to allow test cancellation to be more responsive. (https://xunit.net/xunit.analyzers/rules/xUnit1051) [E:\github\FunWasHad\tests\FWH.Mobile.Data.Tests\FWH.Mobile.Data.Tests.csproj]
E:\github\FunWasHad\tests\FWH.Mobile.Data.Tests\WorkflowRepositoryTests.cs(38,29): warning xUnit1051: Calls to methods which accept CancellationToken should use TestContext.Current.CancellationToken to allow test cancellation to be more responsive. (https://xunit.net/xunit.analyzers/rules/xUnit1051) [E:\github\FunWasHad\tests\FWH.Mobile.Data.Tests\FWH.Mobile.Data.Tests.csproj]
E:\github\FunWasHad\tests\FWH.Mobile.Data.Tests\WorkflowRepositoryTests.cs(41,25): warning xUnit1051: Calls to methods which accept CancellationToken should use TestContext.Current.CancellationToken to allow test cancellation to be more responsive. (https://xunit.net/xunit.analyzers/rules/xUnit1051) [E:\github\FunWasHad\tests\FWH.Mobile.Data.Tests\FWH.Mobile.Data.Tests.csproj]
E:\github\FunWasHad\tests\FWH.Mobile.Data.Tests\WorkflowCrudTests.cs(71,15): warning xUnit1051: Calls to methods which accept CancellationToken should use TestContext.Current.CancellationToken to allow test cancellation to be more responsive. (https://xunit.net/xunit.analyzers/rules/xUnit1051) [E:\github\FunWasHad\tests\FWH.Mobile.Data.Tests\FWH.Mobile.Data.Tests.csproj]
E:\github\FunWasHad\tests\FWH.Mobile.Data.Tests\WorkflowCrudTests.cs(73,25): warning xUnit1051: Calls to methods which accept CancellationToken should use TestContext.Current.CancellationToken to allow test cancellation to be more responsive. (https://xunit.net/xunit.analyzers/rules/xUnit1051) [E:\github\FunWasHad\tests\FWH.Mobile.Data.Tests\FWH.Mobile.Data.Tests.csproj]
E:\github\FunWasHad\tests\FWH.Mobile.Data.Tests\WorkflowCrudTests.cs(76,29): warning xUnit1051: Calls to methods which accept CancellationToken should use TestContext.Current.CancellationToken to allow test cancellation to be more responsive. (https://xunit.net/xunit.analyzers/rules/xUnit1051) [E:\github\FunWasHad\tests\FWH.Mobile.Data.Tests\FWH.Mobile.Data.Tests.csproj]
E:\github\FunWasHad\tests\FWH.Mobile.Data.Tests\WorkflowRepositoryPersistenceTests.cs(42,15): warning xUnit1051: Calls to methods which accept CancellationToken should use TestContext.Current.CancellationToken to allow test cancellation to be more responsive. (https://xunit.net/xunit.analyzers/rules/xUnit1051) [E:\github\FunWasHad\tests\FWH.Mobile.Data.Tests\FWH.Mobile.Data.Tests.csproj]
E:\github\FunWasHad\tests\FWH.Mobile.Data.Tests\WorkflowCrudTests.cs(79,27): warning xUnit1051: Calls to methods which accept CancellationToken should use TestContext.Current.CancellationToken to allow test cancellation to be more responsive. (https://xunit.net/xunit.analyzers/rules/xUnit1051) [E:\github\FunWasHad\tests\FWH.Mobile.Data.Tests\FWH.Mobile.Data.Tests.csproj]
E:\github\FunWasHad\tests\FWH.Mobile.Data.Tests\WorkflowRepositoryPersistenceTests.cs(44,29): warning xUnit1051: Calls to methods which accept CancellationToken should use TestContext.Current.CancellationToken to allow test cancellation to be more responsive. (https://xunit.net/xunit.analyzers/rules/xUnit1051) [E:\github\FunWasHad\tests\FWH.Mobile.Data.Tests\FWH.Mobile.Data.Tests.csproj]
E:\github\FunWasHad\tests\FWH.Mobile.Data.Tests\WorkflowRepositoryPersistenceTests.cs(47,31): warning xUnit1051: Calls to methods which accept CancellationToken should use TestContext.Current.CancellationToken to allow test cancellation to be more responsive. (https://xunit.net/xunit.analyzers/rules/xUnit1051) [E:\github\FunWasHad\tests\FWH.Mobile.Data.Tests\FWH.Mobile.Data.Tests.csproj]
E:\github\FunWasHad\tests\FWH.Mobile.Data.Tests\WorkflowRepositoryTests.cs(71,15): warning xUnit1051: Calls to methods which accept CancellationToken should use TestContext.Current.CancellationToken to allow test cancellation to be more responsive. (https://xunit.net/xunit.analyzers/rules/xUnit1051) [E:\github\FunWasHad\tests\FWH.Mobile.Data.Tests\FWH.Mobile.Data.Tests.csproj]
E:\github\FunWasHad\tests\FWH.Mobile.Data.Tests\WorkflowRepositoryTests.cs(73,25): warning xUnit1051: Calls to methods which accept CancellationToken should use TestContext.Current.CancellationToken to allow test cancellation to be more responsive. (https://xunit.net/xunit.analyzers/rules/xUnit1051) [E:\github\FunWasHad\tests\FWH.Mobile.Data.Tests\FWH.Mobile.Data.Tests.csproj]
E:\github\FunWasHad\tests\FWH.Mobile.Data.Tests\WorkflowServiceImportTests.cs(40,31): warning xUnit1051: Calls to methods which accept CancellationToken should use TestContext.Current.CancellationToken to allow test cancellation to be more responsive. (https://xunit.net/xunit.analyzers/rules/xUnit1051) [E:\github\FunWasHad\tests\FWH.Mobile.Data.Tests\FWH.Mobile.Data.Tests.csproj]
E:\github\FunWasHad\tests\FWH.Mobile.Data.Tests\WorkflowServiceImportTests.cs(84,31): warning xUnit1051: Calls to methods which accept CancellationToken should use TestContext.Current.CancellationToken to allow test cancellation to be more responsive. (https://xunit.net/xunit.analyzers/rules/xUnit1051) [E:\github\FunWasHad\tests\FWH.Mobile.Data.Tests\FWH.Mobile.Data.Tests.csproj]
E:\github\FunWasHad\tests\FWH.Mobile.Data.Tests\WorkflowServiceImportTests.cs(150,13): warning xUnit2020: Do not use Assert.True(false, message) to fail a test. Use Assert.Fail(message) instead. (https://xunit.net/xunit.analyzers/rules/xUnit2020) [E:\github\FunWasHad\tests\FWH.Mobile.Data.Tests\FWH.Mobile.Data.Tests.csproj]
E:\github\FunWasHad\tests\FWH.Mobile.Data.Tests\WorkflowServiceImportTests.cs(129,31): warning xUnit1051: Calls to methods which accept CancellationToken should use TestContext.Current.CancellationToken to allow test cancellation to be more responsive. (https://xunit.net/xunit.analyzers/rules/xUnit1051) [E:\github\FunWasHad\tests\FWH.Mobile.Data.Tests\FWH.Mobile.Data.Tests.csproj]
E:\github\FunWasHad\tests\FWH.Common.Workflow.Tests\ActionExecutorErrorHandlingTests.cs(96,15): warning xUnit1051: Calls to methods which accept CancellationToken should use TestContext.Current.CancellationToken to allow test cancellation to be more responsive. (https://xunit.net/xunit.analyzers/rules/xUnit1051) [E:\github\FunWasHad\tests\FWH.Common.Workflow.Tests\FWH.Common.Workflow.Tests.csproj]
E:\github\FunWasHad\tests\FWH.Common.Workflow.Tests\ActionExecutorErrorHandlingTests.cs(135,15): warning xUnit1051: Calls to methods which accept CancellationToken should use TestContext.Current.CancellationToken to allow test cancellation to be more responsive. (https://xunit.net/xunit.analyzers/rules/xUnit1051) [E:\github\FunWasHad\tests\FWH.Common.Workflow.Tests\FWH.Common.Workflow.Tests.csproj]
E:\github\FunWasHad\tests\FWH.Common.Workflow.Tests\ActionExecutorErrorHandlingTests.cs(180,15): warning xUnit1051: Calls to methods which accept CancellationToken should use TestContext.Current.CancellationToken to allow test cancellation to be more responsive. (https://xunit.net/xunit.analyzers/rules/xUnit1051) [E:\github\FunWasHad\tests\FWH.Common.Workflow.Tests\FWH.Common.Workflow.Tests.csproj]
E:\github\FunWasHad\tests\FWH.Common.Workflow.Tests\ActionExecutionTests.cs(105,19): warning xUnit1051: Calls to methods which accept CancellationToken should use TestContext.Current.CancellationToken to allow test cancellation to be more responsive. (https://xunit.net/xunit.analyzers/rules/xUnit1051) [E:\github\FunWasHad\tests\FWH.Common.Workflow.Tests\FWH.Common.Workflow.Tests.csproj]
E:\github\FunWasHad\tests\FWH.Common.Workflow.Tests\ActionExecutorErrorHandlingTests.cs(223,19): warning xUnit1051: Calls to methods which accept CancellationToken should use TestContext.Current.CancellationToken to allow test cancellation to be more responsive. (https://xunit.net/xunit.analyzers/rules/xUnit1051) [E:\github\FunWasHad\tests\FWH.Common.Workflow.Tests\FWH.Common.Workflow.Tests.csproj]
E:\github\FunWasHad\tests\FWH.Common.Workflow.Tests\HandlerRegistryEdgeCaseTests.cs(158,23): warning xUnit1051: Calls to methods which accept CancellationToken should use TestContext.Current.CancellationToken to allow test cancellation to be more responsive. (https://xunit.net/xunit.analyzers/rules/xUnit1051) [E:\github\FunWasHad\tests\FWH.Common.Workflow.Tests\FWH.Common.Workflow.Tests.csproj]
E:\github\FunWasHad\tests\FWH.Common.Workflow.Tests\WorkflowPersistenceActionTests.cs(88,15): warning xUnit1051: Calls to methods which accept CancellationToken should use TestContext.Current.CancellationToken to allow test cancellation to be more responsive. (https://xunit.net/xunit.analyzers/rules/xUnit1051) [E:\github\FunWasHad\tests\FWH.Common.Workflow.Tests\FWH.Common.Workflow.Tests.csproj]
E:\github\FunWasHad\tests\FWH.Common.Workflow.Tests\WorkflowPersistenceActionTests.cs(91,31): warning xUnit1051: Calls to methods which accept CancellationToken should use TestContext.Current.CancellationToken to allow test cancellation to be more responsive. (https://xunit.net/xunit.analyzers/rules/xUnit1051) [E:\github\FunWasHad\tests\FWH.Common.Workflow.Tests\FWH.Common.Workflow.Tests.csproj]
E:\github\FunWasHad\tests\FWH.Common.Workflow.Tests\WorkflowPersistenceConcurrencyTests.cs(82,26): warning xUnit1051: Calls to methods which accept CancellationToken should use TestContext.Current.CancellationToken to allow test cancellation to be more responsive. (https://xunit.net/xunit.analyzers/rules/xUnit1051) [E:\github\FunWasHad\tests\FWH.Common.Workflow.Tests\FWH.Common.Workflow.Tests.csproj]
E:\github\FunWasHad\tests\FWH.Common.Workflow.Tests\HandlerRegistryEdgeCaseTests.cs(195,23): warning xUnit1051: Calls to methods which accept CancellationToken should use TestContext.Current.CancellationToken to allow test cancellation to be more responsive. (https://xunit.net/xunit.analyzers/rules/xUnit1051) [E:\github\FunWasHad\tests\FWH.Common.Workflow.Tests\FWH.Common.Workflow.Tests.csproj]
E:\github\FunWasHad\tests\FWH.Common.Workflow.Tests\WorkflowServiceTests.cs(153,31): warning xUnit1051: Calls to methods which accept CancellationToken should use TestContext.Current.CancellationToken to allow test cancellation to be more responsive. (https://xunit.net/xunit.analyzers/rules/xUnit1051) [E:\github\FunWasHad\tests\FWH.Common.Workflow.Tests\FWH.Common.Workflow.Tests.csproj]
E:\github\FunWasHad\tests\FWH.Common.Workflow.Tests\ActionExecutorErrorHandlingTests.cs(339,15): warning xUnit1051: Calls to methods which accept CancellationToken should use TestContext.Current.CancellationToken to allow test cancellation to be more responsive. (https://xunit.net/xunit.analyzers/rules/xUnit1051) [E:\github\FunWasHad\tests\FWH.Common.Workflow.Tests\FWH.Common.Workflow.Tests.csproj]
E:\github\FunWasHad\tests\FWH.Common.Workflow.Tests\WorkflowPersistenceConcurrencyTests.cs(123,26): warning xUnit1051: Calls to methods which accept CancellationToken should use TestContext.Current.CancellationToken to allow test cancellation to be more responsive. (https://xunit.net/xunit.analyzers/rules/xUnit1051) [E:\github\FunWasHad\tests\FWH.Common.Workflow.Tests\FWH.Common.Workflow.Tests.csproj]
E:\github\FunWasHad\tests\FWH.Common.Workflow.Tests\ActionExecutorErrorHandlingTests.cs(370,15): warning xUnit1051: Calls to methods which accept CancellationToken should use TestContext.Current.CancellationToken to allow test cancellation to be more responsive. (https://xunit.net/xunit.analyzers/rules/xUnit1051) [E:\github\FunWasHad\tests\FWH.Common.Workflow.Tests\FWH.Common.Workflow.Tests.csproj]
E:\github\FunWasHad\tests\FWH.Common.Workflow.Tests\ActionExecutorErrorHandlingTests.cs(284,24): warning xUnit1051: Calls to methods which accept CancellationToken should use TestContext.Current.CancellationToken to allow test cancellation to be more responsive. (https://xunit.net/xunit.analyzers/rules/xUnit1051) [E:\github\FunWasHad\tests\FWH.Common.Workflow.Tests\FWH.Common.Workflow.Tests.csproj]
E:\github\FunWasHad\tests\FWH.Common.Workflow.Tests\ActionExecutorErrorHandlingTests.cs(294,15): warning xUnit1051: Calls to methods which accept CancellationToken should use TestContext.Current.CancellationToken to allow test cancellation to be more responsive. (https://xunit.net/xunit.analyzers/rules/xUnit1051) [E:\github\FunWasHad\tests\FWH.Common.Workflow.Tests\FWH.Common.Workflow.Tests.csproj]
E:\github\FunWasHad\tests\FWH.Common.Workflow.Tests\ActionExecutorErrorHandlingTests.cs(417,15): warning xUnit1051: Calls to methods which accept CancellationToken should use TestContext.Current.CancellationToken to allow test cancellation to be more responsive. (https://xunit.net/xunit.analyzers/rules/xUnit1051) [E:\github\FunWasHad\tests\FWH.Common.Workflow.Tests\FWH.Common.Workflow.Tests.csproj]
E:\github\FunWasHad\tests\FWH.Common.Workflow.Tests\ActionExecutorErrorHandlingTests.cs(422,15): warning xUnit1051: Calls to methods which accept CancellationToken should use TestContext.Current.CancellationToken to allow test cancellation to be more responsive. (https://xunit.net/xunit.analyzers/rules/xUnit1051) [E:\github\FunWasHad\tests\FWH.Common.Workflow.Tests\FWH.Common.Workflow.Tests.csproj]
E:\github\FunWasHad\tests\FWH.Common.Workflow.Tests\WorkflowPersistenceConcurrencyTests.cs(253,15): warning xUnit1051: Calls to methods which accept CancellationToken should use TestContext.Current.CancellationToken to allow test cancellation to be more responsive. (https://xunit.net/xunit.analyzers/rules/xUnit1051) [E:\github\FunWasHad\tests\FWH.Common.Workflow.Tests\FWH.Common.Workflow.Tests.csproj]
E:\github\FunWasHad\tests\FWH.Common.Workflow.Tests\WorkflowPersistenceConcurrencyTests.cs(257,27): warning xUnit1051: Calls to methods which accept CancellationToken should use TestContext.Current.CancellationToken to allow test cancellation to be more responsive. (https://xunit.net/xunit.analyzers/rules/xUnit1051) [E:\github\FunWasHad\tests\FWH.Common.Workflow.Tests\FWH.Common.Workflow.Tests.csproj]
E:\github\FunWasHad\tests\FWH.Common.Workflow.Tests\WorkflowPersistenceConcurrencyTests.cs(308,15): warning xUnit1051: Calls to methods which accept CancellationToken should use TestContext.Current.CancellationToken to allow test cancellation to be more responsive. (https://xunit.net/xunit.analyzers/rules/xUnit1051) [E:\github\FunWasHad\tests\FWH.Common.Workflow.Tests\FWH.Common.Workflow.Tests.csproj]
E:\github\FunWasHad\tests\FWH.Common.Workflow.Tests\WorkflowPersistenceConcurrencyTests.cs(351,26): warning xUnit1051: Calls to methods which accept CancellationToken should use TestContext.Current.CancellationToken to allow test cancellation to be more responsive. (https://xunit.net/xunit.analyzers/rules/xUnit1051) [E:\github\FunWasHad\tests\FWH.Common.Workflow.Tests\FWH.Common.Workflow.Tests.csproj]
E:\github\FunWasHad\tests\FWH.Common.Workflow.Tests\WorkflowPersistenceConcurrencyTests.cs(388,24): warning xUnit1051: Calls to methods which accept CancellationToken should use TestContext.Current.CancellationToken to allow test cancellation to be more responsive. (https://xunit.net/xunit.analyzers/rules/xUnit1051) [E:\github\FunWasHad\tests\FWH.Common.Workflow.Tests\FWH.Common.Workflow.Tests.csproj]
E:\github\FunWasHad\tests\FWH.Common.Workflow.Tests\WorkflowPersistenceConcurrencyTests.cs(466,23): warning xUnit1051: Calls to methods which accept CancellationToken should use TestContext.Current.CancellationToken to allow test cancellation to be more responsive. (https://xunit.net/xunit.analyzers/rules/xUnit1051) [E:\github\FunWasHad\tests\FWH.Common.Workflow.Tests\FWH.Common.Workflow.Tests.csproj]
E:\github\FunWasHad\tests\FWH.Common.Workflow.Tests\WorkflowPersistenceConcurrencyTests.cs(476,23): warning xUnit1051: Calls to methods which accept CancellationToken should use TestContext.Current.CancellationToken to allow test cancellation to be more responsive. (https://xunit.net/xunit.analyzers/rules/xUnit1051) [E:\github\FunWasHad\tests\FWH.Common.Workflow.Tests\FWH.Common.Workflow.Tests.csproj]
E:\github\FunWasHad\tests\FWH.Common.Workflow.Tests\WorkflowPersistenceConcurrencyTests.cs(487,23): warning xUnit1051: Calls to methods which accept CancellationToken should use TestContext.Current.CancellationToken to allow test cancellation to be more responsive. (https://xunit.net/xunit.analyzers/rules/xUnit1051) [E:\github\FunWasHad\tests\FWH.Common.Workflow.Tests\FWH.Common.Workflow.Tests.csproj]
E:\github\FunWasHad\tests\FWH.Common.Workflow.Tests\WorkflowPersistenceConcurrencyTests.cs(542,19): warning xUnit1051: Calls to methods which accept CancellationToken should use TestContext.Current.CancellationToken to allow test cancellation to be more responsive. (https://xunit.net/xunit.analyzers/rules/xUnit1051) [E:\github\FunWasHad\tests\FWH.Common.Workflow.Tests\FWH.Common.Workflow.Tests.csproj]
E:\github\FunWasHad\tests\FWH.Common.Workflow.Tests\WorkflowPersistenceConcurrencyTests.cs(545,15): warning xUnit1051: Calls to methods which accept CancellationToken should use TestContext.Current.CancellationToken to allow test cancellation to be more responsive. (https://xunit.net/xunit.analyzers/rules/xUnit1051) [E:\github\FunWasHad\tests\FWH.Common.Workflow.Tests\FWH.Common.Workflow.Tests.csproj]
E:\github\FunWasHad\tests\FWH.Common.Workflow.Tests\WorkflowPersistenceConcurrencyTests.cs(548,31): warning xUnit1051: Calls to methods which accept CancellationToken should use TestContext.Current.CancellationToken to allow test cancellation to be more responsive. (https://xunit.net/xunit.analyzers/rules/xUnit1051) [E:\github\FunWasHad\tests\FWH.Common.Workflow.Tests\FWH.Common.Workflow.Tests.csproj]
E:\github\FunWasHad\src\FWH.Common.Chat\ViewModels\ChatListViewModel.cs(92,46): warning CA1003: Change the event 'ChoiceSelected' to replace the type 'System.EventHandler<FWH.Common.Chat.ViewModels.ChoicesItem?>?' with a generic EventHandler, for example EventHandler<T>, where T is a valid EventArgs (https://learn.microsoft.com/dotnet/fundamentals/code-analysis/quality-rules/ca1003) [E:\github\FunWasHad\src\FWH.Common.Chat\FWH.Common.Chat.csproj]
E:\github\FunWasHad\src\FWH.Common.Chat\ViewModels\ChoicePayload.cs(18,46): warning CA1051: Do not declare visible instance fields (https://learn.microsoft.com/dotnet/fundamentals/code-analysis/quality-rules/ca1051) [E:\github\FunWasHad\src\FWH.Common.Chat\FWH.Common.Chat.csproj]
E:\github\FunWasHad\src\FWH.Common.Chat\ViewModels\ChoicePayload.cs(32,25): warning CA1051: Do not declare visible instance fields (https://learn.microsoft.com/dotnet/fundamentals/code-analysis/quality-rules/ca1051) [E:\github\FunWasHad\src\FWH.Common.Chat\FWH.Common.Chat.csproj]
E:\github\FunWasHad\src\FWH.Common.Chat\ViewModels\ChoicePayload.cs(15,19): warning CA1051: Do not declare visible instance fields (https://learn.microsoft.com/dotnet/fundamentals/code-analysis/quality-rules/ca1051) [E:\github\FunWasHad\src\FWH.Common.Chat\FWH.Common.Chat.csproj]
E:\github\FunWasHad\src\FWH.Common.Chat\ViewModels\ChoicePayload.cs(6,22): warning CA1708: Names of 'Members' and 'FWH.Common.Chat.ViewModels.ChoicePayload.Prompt, FWH.Common.Chat.ViewModels.ChoicePayload.prompt' should differ by more than case (https://learn.microsoft.com/dotnet/fundamentals/code-analysis/quality-rules/ca1708) [E:\github\FunWasHad\src\FWH.Common.Chat\FWH.Common.Chat.csproj]
E:\github\FunWasHad\src\FWH.Common.Chat\ViewModels\ChoicePayload.cs(6,22): warning CA1708: Names of 'Members' and 'FWH.Common.Chat.ViewModels.ChoicePayload.Title, FWH.Common.Chat.ViewModels.ChoicePayload.title' should differ by more than case (https://learn.microsoft.com/dotnet/fundamentals/code-analysis/quality-rules/ca1708) [E:\github\FunWasHad\src\FWH.Common.Chat\FWH.Common.Chat.csproj]
E:\github\FunWasHad\src\FWH.Common.Chat\ViewModels\ChoicePayload.cs(6,22): warning CA1708: Names of 'Members' and 'FWH.Common.Chat.ViewModels.ChoicePayload.Choices, FWH.Common.Chat.ViewModels.ChoicePayload.choices' should differ by more than case (https://learn.microsoft.com/dotnet/fundamentals/code-analysis/quality-rules/ca1708) [E:\github\FunWasHad\src\FWH.Common.Chat\FWH.Common.Chat.csproj]
E:\github\FunWasHad\src\FWH.Common.Chat\ViewModels\ChoicePayload.cs(6,22): warning CA1708: Names of 'Members' and 'FWH.Common.Chat.ViewModels.ChoicePayload.SelectedChoice, FWH.Common.Chat.ViewModels.ChoicePayload.selectedChoice' should differ by more than case (https://learn.microsoft.com/dotnet/fundamentals/code-analysis/quality-rules/ca1708) [E:\github\FunWasHad\src\FWH.Common.Chat\FWH.Common.Chat.csproj]
E:\github\FunWasHad\src\FWH.Common.Chat\ViewModels\ImageChatEntry.cs(10,20): warning CA1819: Properties should not return arrays (https://learn.microsoft.com/dotnet/fundamentals/code-analysis/quality-rules/ca1819) [E:\github\FunWasHad\src\FWH.Common.Chat\FWH.Common.Chat.csproj]
E:\github\FunWasHad\src\FWH.Common.Chat\ViewModels\ChoicesItem.cs(18,46): warning CA1003: Change the event 'ChoiceSubmitted' to replace the type 'System.EventHandler<FWH.Common.Chat.ViewModels.ChoicesItem?>?' with a generic EventHandler, for example EventHandler<T>, where T is a valid EventArgs (https://learn.microsoft.com/dotnet/fundamentals/code-analysis/quality-rules/ca1003) [E:\github\FunWasHad\src\FWH.Common.Chat\FWH.Common.Chat.csproj]
E:\github\FunWasHad\src\FWH.Common.Chat\ViewModels\ChoicePayload.cs(12,19): warning CA1051: Do not declare visible instance fields (https://learn.microsoft.com/dotnet/fundamentals/code-analysis/quality-rules/ca1051) [E:\github\FunWasHad\src\FWH.Common.Chat\FWH.Common.Chat.csproj]
E:\github\FunWasHad\src\FWH.Common.Chat\ViewModels\ImagePayload.cs(5,22): warning CA1708: Names of 'Members' and 'FWH.Common.Chat.ViewModels.ImagePayload.Image, FWH.Common.Chat.ViewModels.ImagePayload.image' should differ by more than case (https://learn.microsoft.com/dotnet/fundamentals/code-analysis/quality-rules/ca1708) [E:\github\FunWasHad\src\FWH.Common.Chat\FWH.Common.Chat.csproj]
E:\github\FunWasHad\src\FWH.Common.Chat\ViewModels\ImagePayload.cs(5,22): warning CA1708: Names of 'Members' and 'FWH.Common.Chat.ViewModels.ImagePayload.ShowBorder, FWH.Common.Chat.ViewModels.ImagePayload.showBorder' should differ by more than case (https://learn.microsoft.com/dotnet/fundamentals/code-analysis/quality-rules/ca1708) [E:\github\FunWasHad\src\FWH.Common.Chat\FWH.Common.Chat.csproj]
E:\github\FunWasHad\src\FWH.Common.Chat\ViewModels\ImagePayload.cs(13,17): warning CA1051: Do not declare visible instance fields (https://learn.microsoft.com/dotnet/fundamentals/code-analysis/quality-rules/ca1051) [E:\github\FunWasHad\src\FWH.Common.Chat\FWH.Common.Chat.csproj]
E:\github\FunWasHad\src\FWH.Common.Chat\ViewModels\ImagePayload.cs(10,20): warning CA1051: Do not declare visible instance fields (https://learn.microsoft.com/dotnet/fundamentals/code-analysis/quality-rules/ca1051) [E:\github\FunWasHad\src\FWH.Common.Chat\FWH.Common.Chat.csproj]
E:\github\FunWasHad\src\FWH.Common.Chat\ViewModels\TextPayload.cs(5,22): warning CA1708: Names of 'Members' and 'FWH.Common.Chat.ViewModels.TextPayload.Text, FWH.Common.Chat.ViewModels.TextPayload.text' should differ by more than case (https://learn.microsoft.com/dotnet/fundamentals/code-analysis/quality-rules/ca1708) [E:\github\FunWasHad\src\FWH.Common.Chat\FWH.Common.Chat.csproj]
E:\github\FunWasHad\src\FWH.Common.Chat\ViewModels\TextPayload.cs(11,19): warning CA1051: Do not declare visible instance fields (https://learn.microsoft.com/dotnet/fundamentals/code-analysis/quality-rules/ca1051) [E:\github\FunWasHad\src\FWH.Common.Chat\FWH.Common.Chat.csproj]
E:\github\FunWasHad\src\FWH.Common.Chat\ViewModels\ChatInputViewModel.cs(130,40): warning CA1003: Change the event 'TextSubmitted' to replace the type 'System.EventHandler<string>?' with a generic EventHandler, for example EventHandler<T>, where T is a valid EventArgs (https://learn.microsoft.com/dotnet/fundamentals/code-analysis/quality-rules/ca1003) [E:\github\FunWasHad\src\FWH.Common.Chat\FWH.Common.Chat.csproj]
E:\github\FunWasHad\src\FWH.Common.Chat\ViewModels\ChatInputViewModel.cs(133,40): warning CA1003: Change the event 'ImageCaptured' to replace the type 'System.EventHandler<byte[]>?' with a generic EventHandler, for example EventHandler<T>, where T is a valid EventArgs (https://learn.microsoft.com/dotnet/fundamentals/code-analysis/quality-rules/ca1003) [E:\github\FunWasHad\src\FWH.Common.Chat\FWH.Common.Chat.csproj]
E:\github\FunWasHad\src\FWH.Common.Chat\ViewModels\ChatInputViewModel.cs(131,46): warning CA1003: Change the event 'ChoiceSubmitted' to replace the type 'System.EventHandler<FWH.Common.Chat.ViewModels.ChoicesItem?>?' with a generic EventHandler, for example EventHandler<T>, where T is a valid EventArgs (https://learn.microsoft.com/dotnet/fundamentals/code-analysis/quality-rules/ca1003) [E:\github\FunWasHad\src\FWH.Common.Chat\FWH.Common.Chat.csproj]
E:\github\FunWasHad\src\FWH.Common.Chat\Services\PlatformService.cs(48,13): warning CA1031: Modify 'GetDatabasePath' to catch a more specific allowed exception type, or rethrow the exception (https://learn.microsoft.com/dotnet/fundamentals/code-analysis/quality-rules/ca1031) [E:\github\FunWasHad\src\FWH.Common.Chat\FWH.Common.Chat.csproj]
E:\github\FunWasHad\src\FWH.Common.Chat\ChatService.cs(347,9): warning CA1848: For improved performance, use the LoggerMessage delegates instead of calling 'LoggerExtensions.LogDebug(ILogger, string?, params object?[])' (https://learn.microsoft.com/dotnet/fundamentals/code-analysis/quality-rules/ca1848) [E:\github\FunWasHad\src\FWH.Common.Chat\FWH.Common.Chat.csproj]
E:\github\FunWasHad\src\FWH.Common.Chat\ChatService.cs(231,31): warning CA1861: Prefer 'static readonly' fields over constant array arguments if the called method is called repeatedly and is not mutating the passed array (https://learn.microsoft.com/dotnet/fundamentals/code-analysis/quality-rules/ca1861) [E:\github\FunWasHad\src\FWH.Common.Chat\FWH.Common.Chat.csproj]
E:\github\FunWasHad\src\FWH.Common.Chat\ChatService.cs(304,13): warning CA1848: For improved performance, use the LoggerMessage delegates instead of calling 'LoggerExtensions.LogDebug(ILogger, string?, params object?[])' (https://learn.microsoft.com/dotnet/fundamentals/code-analysis/quality-rules/ca1848) [E:\github\FunWasHad\src\FWH.Common.Chat\FWH.Common.Chat.csproj]
E:\github\FunWasHad\src\FWH.Common.Chat\ChatService.cs(310,13): warning CA1848: For improved performance, use the LoggerMessage delegates instead of calling 'LoggerExtensions.LogWarning(ILogger, string?, params object?[])' (https://learn.microsoft.com/dotnet/fundamentals/code-analysis/quality-rules/ca1848) [E:\github\FunWasHad\src\FWH.Common.Chat\FWH.Common.Chat.csproj]
E:\github\FunWasHad\src\FWH.Common.Chat\ChatService.cs(314,9): warning CA1848: For improved performance, use the LoggerMessage delegates instead of calling 'LoggerExtensions.LogDebug(ILogger, string?, params object?[])' (https://learn.microsoft.com/dotnet/fundamentals/code-analysis/quality-rules/ca1848) [E:\github\FunWasHad\src\FWH.Common.Chat\FWH.Common.Chat.csproj]
E:\github\FunWasHad\src\FWH.Common.Chat\ChatService.cs(320,13): warning CA1848: For improved performance, use the LoggerMessage delegates instead of calling 'LoggerExtensions.LogDebug(ILogger, string?, params object?[])' (https://learn.microsoft.com/dotnet/fundamentals/code-analysis/quality-rules/ca1848) [E:\github\FunWasHad\src\FWH.Common.Chat\FWH.Common.Chat.csproj]
E:\github\FunWasHad\src\FWH.Common.Chat\ChatService.cs(325,17): warning CA1848: For improved performance, use the LoggerMessage delegates instead of calling 'LoggerExtensions.LogDebug(ILogger, string?, params object?[])' (https://learn.microsoft.com/dotnet/fundamentals/code-analysis/quality-rules/ca1848) [E:\github\FunWasHad\src\FWH.Common.Chat\FWH.Common.Chat.csproj]
E:\github\FunWasHad\src\FWH.Common.Chat\ChatService.cs(335,17): warning CA1848: For improved performance, use the LoggerMessage delegates instead of calling 'LoggerExtensions.LogWarning(ILogger, string?, params object?[])' (https://learn.microsoft.com/dotnet/fundamentals/code-analysis/quality-rules/ca1848) [E:\github\FunWasHad\src\FWH.Common.Chat\FWH.Common.Chat.csproj]
E:\github\FunWasHad\src\FWH.Common.Chat\ChatService.cs(340,13): warning CA1848: For improved performance, use the LoggerMessage delegates instead of calling 'LoggerExtensions.LogError(ILogger, Exception?, string?, params object?[])' (https://learn.microsoft.com/dotnet/fundamentals/code-analysis/quality-rules/ca1848) [E:\github\FunWasHad\src\FWH.Common.Chat\FWH.Common.Chat.csproj]
E:\github\FunWasHad\src\FWH.Common.Chat\ChatService.cs(246,13): warning CA1848: For improved performance, use the LoggerMessage delegates instead of calling 'LoggerExtensions.LogDebug(ILogger, string?, params object?[])' (https://learn.microsoft.com/dotnet/fundamentals/code-analysis/quality-rules/ca1848) [E:\github\FunWasHad\src\FWH.Common.Chat\FWH.Common.Chat.csproj]
E:\github\FunWasHad\src\FWH.Common.Chat\ChatService.cs(252,13): warning CA1848: For improved performance, use the LoggerMessage delegates instead of calling 'LoggerExtensions.LogWarning(ILogger, string?, params object?[])' (https://learn.microsoft.com/dotnet/fundamentals/code-analysis/quality-rules/ca1848) [E:\github\FunWasHad\src\FWH.Common.Chat\FWH.Common.Chat.csproj]
E:\github\FunWasHad\src\FWH.Common.Chat\ChatService.cs(256,9): warning CA1848: For improved performance, use the LoggerMessage delegates instead of calling 'LoggerExtensions.LogDebug(ILogger, string?, params object?[])' (https://learn.microsoft.com/dotnet/fundamentals/code-analysis/quality-rules/ca1848) [E:\github\FunWasHad\src\FWH.Common.Chat\FWH.Common.Chat.csproj]
E:\github\FunWasHad\src\FWH.Common.Chat\ChatService.cs(271,17): warning CA1848: For improved performance, use the LoggerMessage delegates instead of calling 'LoggerExtensions.LogDebug(ILogger, string?, params object?[])' (https://learn.microsoft.com/dotnet/fundamentals/code-analysis/quality-rules/ca1848) [E:\github\FunWasHad\src\FWH.Common.Chat\FWH.Common.Chat.csproj]
E:\github\FunWasHad\src\FWH.Common.Chat\ChatService.cs(276,21): warning CA1848: For improved performance, use the LoggerMessage delegates instead of calling 'LoggerExtensions.LogDebug(ILogger, string?, params object?[])' (https://learn.microsoft.com/dotnet/fundamentals/code-analysis/quality-rules/ca1848) [E:\github\FunWasHad\src\FWH.Common.Chat\FWH.Common.Chat.csproj]
E:\github\FunWasHad\src\FWH.Common.Chat\ChatService.cs(286,21): warning CA1848: For improved performance, use the LoggerMessage delegates instead of calling 'LoggerExtensions.LogWarning(ILogger, string?, params object?[])' (https://learn.microsoft.com/dotnet/fundamentals/code-analysis/quality-rules/ca1848) [E:\github\FunWasHad\src\FWH.Common.Chat\FWH.Common.Chat.csproj]
E:\github\FunWasHad\src\FWH.Common.Chat\ChatService.cs(291,17): warning CA1848: For improved performance, use the LoggerMessage delegates instead of calling 'LoggerExtensions.LogDebug(ILogger, string?, params object?[])' (https://learn.microsoft.com/dotnet/fundamentals/code-analysis/quality-rules/ca1848) [E:\github\FunWasHad\src\FWH.Common.Chat\FWH.Common.Chat.csproj]
E:\github\FunWasHad\src\FWH.Common.Chat\ChatService.cs(296,13): warning CA1848: For improved performance, use the LoggerMessage delegates instead of calling 'LoggerExtensions.LogError(ILogger, Exception?, string?, params object?[])' (https://learn.microsoft.com/dotnet/fundamentals/code-analysis/quality-rules/ca1848) [E:\github\FunWasHad\src\FWH.Common.Chat\FWH.Common.Chat.csproj]
E:\github\FunWasHad\src\FWH.Common.Chat\ChatService.cs(71,13): warning CA1848: For improved performance, use the LoggerMessage delegates instead of calling 'LoggerExtensions.LogWarning(ILogger, string?, params object?[])' (https://learn.microsoft.com/dotnet/fundamentals/code-analysis/quality-rules/ca1848) [E:\github\FunWasHad\src\FWH.Common.Chat\FWH.Common.Chat.csproj]
E:\github\FunWasHad\src\FWH.Common.Chat\ChatService.cs(83,9): warning CA1848: For improved performance, use the LoggerMessage delegates instead of calling 'LoggerExtensions.LogDebug(ILogger, string?, params object?[])' (https://learn.microsoft.com/dotnet/fundamentals/code-analysis/quality-rules/ca1848) [E:\github\FunWasHad\src\FWH.Common.Chat\FWH.Common.Chat.csproj]
E:\github\FunWasHad\src\FWH.Common.Chat\ChatService.cs(98,13): warning CA1848: For improved performance, use the LoggerMessage delegates instead of calling 'LoggerExtensions.LogWarning(ILogger, Exception?, string?, params object?[])' (https://learn.microsoft.com/dotnet/fundamentals/code-analysis/quality-rules/ca1848) [E:\github\FunWasHad\src\FWH.Common.Chat\FWH.Common.Chat.csproj]
E:\github\FunWasHad\src\FWH.Common.Chat\ChatService.cs(107,13): warning CA1848: For improved performance, use the LoggerMessage delegates instead of calling 'LoggerExtensions.LogError(ILogger, Exception?, string?, params object?[])' (https://learn.microsoft.com/dotnet/fundamentals/code-analysis/quality-rules/ca1848) [E:\github\FunWasHad\src\FWH.Common.Chat\FWH.Common.Chat.csproj]
E:\github\FunWasHad\src\FWH.Common.Chat\ChatService.cs(113,9): warning CA1848: For improved performance, use the LoggerMessage delegates instead of calling 'LoggerExtensions.LogDebug(ILogger, string?, params object?[])' (https://learn.microsoft.com/dotnet/fundamentals/code-analysis/quality-rules/ca1848) [E:\github\FunWasHad\src\FWH.Common.Chat\FWH.Common.Chat.csproj]
E:\github\FunWasHad\src\FWH.Common.Chat\ChatService.cs(122,17): warning CA1848: For improved performance, use the LoggerMessage delegates instead of calling 'LoggerExtensions.LogDebug(ILogger, string?, params object?[])' (https://learn.microsoft.com/dotnet/fundamentals/code-analysis/quality-rules/ca1848) [E:\github\FunWasHad\src\FWH.Common.Chat\FWH.Common.Chat.csproj]
E:\github\FunWasHad\src\FWH.Common.Chat\ChatService.cs(138,25): warning CA1848: For improved performance, use the LoggerMessage delegates instead of calling 'LoggerExtensions.LogWarning(ILogger, string?, params object?[])' (https://learn.microsoft.com/dotnet/fundamentals/code-analysis/quality-rules/ca1848) [E:\github\FunWasHad\src\FWH.Common.Chat\FWH.Common.Chat.csproj]
E:\github\FunWasHad\src\FWH.Common.Chat\ChatService.cs(142,21): warning CA1848: For improved performance, use the LoggerMessage delegates instead of calling 'LoggerExtensions.LogDebug(ILogger, string?, params object?[])' (https://learn.microsoft.com/dotnet/fundamentals/code-analysis/quality-rules/ca1848) [E:\github\FunWasHad\src\FWH.Common.Chat\FWH.Common.Chat.csproj]
E:\github\FunWasHad\src\FWH.Common.Chat\ChatService.cs(151,25): warning CA1848: For improved performance, use the LoggerMessage delegates instead of calling 'LoggerExtensions.LogDebug(ILogger, string?, params object?[])' (https://learn.microsoft.com/dotnet/fundamentals/code-analysis/quality-rules/ca1848) [E:\github\FunWasHad\src\FWH.Common.Chat\FWH.Common.Chat.csproj]
E:\github\FunWasHad\src\FWH.Common.Chat\ChatService.cs(155,29): warning CA1848: For improved performance, use the LoggerMessage delegates instead of calling 'LoggerExtensions.LogDebug(ILogger, string?, params object?[])' (https://learn.microsoft.com/dotnet/fundamentals/code-analysis/quality-rules/ca1848) [E:\github\FunWasHad\src\FWH.Common.Chat\FWH.Common.Chat.csproj]
E:\github\FunWasHad\src\FWH.Common.Chat\ChatService.cs(162,21): warning CA1848: For improved performance, use the LoggerMessage delegates instead of calling 'LoggerExtensions.LogError(ILogger, Exception?, string?, params object?[])' (https://learn.microsoft.com/dotnet/fundamentals/code-analysis/quality-rules/ca1848) [E:\github\FunWasHad\src\FWH.Common.Chat\FWH.Common.Chat.csproj]
E:\github\FunWasHad\src\FWH.Common.Chat\ChatService.cs(166,21): warning CA1848: For improved performance, use the LoggerMessage delegates instead of calling 'LoggerExtensions.LogDebug(ILogger, string?, params object?[])' (https://learn.microsoft.com/dotnet/fundamentals/code-analysis/quality-rules/ca1848) [E:\github\FunWasHad\src\FWH.Common.Chat\FWH.Common.Chat.csproj]
E:\github\FunWasHad\src\FWH.Common.Chat\ChatService.cs(176,13): warning CA1848: For improved performance, use the LoggerMessage delegates instead of calling 'LoggerExtensions.LogDebug(ILogger, string?, params object?[])' (https://learn.microsoft.com/dotnet/fundamentals/code-analysis/quality-rules/ca1848) [E:\github\FunWasHad\src\FWH.Common.Chat\FWH.Common.Chat.csproj]
E:\github\FunWasHad\src\FWH.Common.Chat\ChatService.cs(182,13): warning CA1848: For improved performance, use the LoggerMessage delegates instead of calling 'LoggerExtensions.LogDebug(ILogger, string?, params object?[])' (https://learn.microsoft.com/dotnet/fundamentals/code-analysis/quality-rules/ca1848) [E:\github\FunWasHad\src\FWH.Common.Chat\FWH.Common.Chat.csproj]
E:\github\FunWasHad\src\FWH.Common.Chat\ChatService.cs(194,17): warning CA1848: For improved performance, use the LoggerMessage delegates instead of calling 'LoggerExtensions.LogDebug(ILogger, string?, params object?[])' (https://learn.microsoft.com/dotnet/fundamentals/code-analysis/quality-rules/ca1848) [E:\github\FunWasHad\src\FWH.Common.Chat\FWH.Common.Chat.csproj]
E:\github\FunWasHad\src\FWH.Common.Chat\ChatService.cs(198,17): warning CA1848: For improved performance, use the LoggerMessage delegates instead of calling 'LoggerExtensions.LogDebug(ILogger, string?, params object?[])' (https://learn.microsoft.com/dotnet/fundamentals/code-analysis/quality-rules/ca1848) [E:\github\FunWasHad\src\FWH.Common.Chat\FWH.Common.Chat.csproj]
E:\github\FunWasHad\src\FWH.Common.Chat\ChatService.cs(203,13): warning CA1848: For improved performance, use the LoggerMessage delegates instead of calling 'LoggerExtensions.LogError(ILogger, Exception?, string?, params object?[])' (https://learn.microsoft.com/dotnet/fundamentals/code-analysis/quality-rules/ca1848) [E:\github\FunWasHad\src\FWH.Common.Chat\FWH.Common.Chat.csproj]
E:\github\FunWasHad\src\FWH.Common.Chat\ChatService.cs(205,9): warning CA1848: For improved performance, use the LoggerMessage delegates instead of calling 'LoggerExtensions.LogDebug(ILogger, string?, params object?[])' (https://learn.microsoft.com/dotnet/fundamentals/code-analysis/quality-rules/ca1848) [E:\github\FunWasHad\src\FWH.Common.Chat\FWH.Common.Chat.csproj]
E:\github\FunWasHad\src\FWH.Common.Chat\ChatService.cs(338,9): warning CA1031: Modify 'OnImageCaptured' to catch a more specific allowed exception type, or rethrow the exception (https://learn.microsoft.com/dotnet/fundamentals/code-analysis/quality-rules/ca1031) [E:\github\FunWasHad\src\FWH.Common.Chat\FWH.Common.Chat.csproj]
E:\github\FunWasHad\src\FWH.Common.Chat\ChatService.cs(294,9): warning CA1031: Modify 'OnTextSubmitted' to catch a more specific allowed exception type, or rethrow the exception (https://learn.microsoft.com/dotnet/fundamentals/code-analysis/quality-rules/ca1031) [E:\github\FunWasHad\src\FWH.Common.Chat\FWH.Common.Chat.csproj]
E:\github\FunWasHad\src\FWH.Common.Chat\ChatService.cs(105,9): warning CA1031: Modify 'RenderWorkflowStateAsync' to catch a more specific allowed exception type, or rethrow the exception (https://learn.microsoft.com/dotnet/fundamentals/code-analysis/quality-rules/ca1031) [E:\github\FunWasHad\src\FWH.Common.Chat\FWH.Common.Chat.csproj]
E:\github\FunWasHad\src\FWH.Common.Chat\ChatService.cs(158,21): warning CA1031: Modify 'RenderWorkflowStateAsync' to catch a more specific allowed exception type, or rethrow the exception (https://learn.microsoft.com/dotnet/fundamentals/code-analysis/quality-rules/ca1031) [E:\github\FunWasHad\src\FWH.Common.Chat\FWH.Common.Chat.csproj]
E:\github\FunWasHad\src\FWH.Common.Chat\ChatService.cs(160,17): warning CA1031: Modify 'RenderWorkflowStateAsync' to catch a more specific allowed exception type, or rethrow the exception (https://learn.microsoft.com/dotnet/fundamentals/code-analysis/quality-rules/ca1031) [E:\github\FunWasHad\src\FWH.Common.Chat\FWH.Common.Chat.csproj]
E:\github\FunWasHad\src\FWH.Common.Chat\ChatService.cs(201,9): warning CA1031: Modify 'RenderWorkflowStateAsync' to catch a more specific allowed exception type, or rethrow the exception (https://learn.microsoft.com/dotnet/fundamentals/code-analysis/quality-rules/ca1031) [E:\github\FunWasHad\src\FWH.Common.Chat\FWH.Common.Chat.csproj]
E:\github\FunWasHad\src\FWH.Common.Location\LocationServicesException.cs(79,12): warning CS8618: Non-nullable property 'Platform' must contain a non-null value when exiting constructor. Consider adding the 'required' modifier or declaring the property as nullable. [E:\github\FunWasHad\src\FWH.Common.Location\FWH.Common.Location.csproj]
E:\github\FunWasHad\src\FWH.Common.Location\LocationServicesException.cs(79,12): warning CS8618: Non-nullable property 'Operation' must contain a non-null value when exiting constructor. Consider adding the 'required' modifier or declaring the property as nullable. [E:\github\FunWasHad\src\FWH.Common.Location\FWH.Common.Location.csproj]
E:\github\FunWasHad\src\FWH.Common.Location\LocationServicesException.cs(79,12): warning CS8618: Non-nullable property 'Diagnostics' must contain a non-null value when exiting constructor. Consider adding the 'required' modifier or declaring the property as nullable. [E:\github\FunWasHad\src\FWH.Common.Location\FWH.Common.Location.csproj]
E:\github\FunWasHad\src\FWH.Common.Location\Configuration\LocationServiceOptions.cs(42,19): warning CA1056: Change the type of property 'LocationServiceOptions.OverpassApiUrl' from 'string' to 'System.Uri' (https://learn.microsoft.com/dotnet/fundamentals/code-analysis/quality-rules/ca1056) [E:\github\FunWasHad\src\FWH.Common.Location\FWH.Common.Location.csproj]
E:\github\FunWasHad\src\FWH.Common.Location\Services\RateLimitedLocationService.cs(45,9): warning CA1848: For improved performance, use the LoggerMessage delegates instead of calling 'LoggerExtensions.LogDebug(ILogger, string?, params object?[])' (https://learn.microsoft.com/dotnet/fundamentals/code-analysis/quality-rules/ca1848) [E:\github\FunWasHad\src\FWH.Common.Location\FWH.Common.Location.csproj]
E:\github\FunWasHad\src\FWH.Common.Location\Services\RateLimitedLocationService.cs(50,9): warning CA1848: For improved performance, use the LoggerMessage delegates instead of calling 'LoggerExtensions.LogDebug(ILogger, string?, params object?[])' (https://learn.microsoft.com/dotnet/fundamentals/code-analysis/quality-rules/ca1848) [E:\github\FunWasHad\src\FWH.Common.Location\FWH.Common.Location.csproj]
E:\github\FunWasHad\src\FWH.Common.Location\Services\RateLimitedLocationService.cs(69,9): warning CA1848: For improved performance, use the LoggerMessage delegates instead of calling 'LoggerExtensions.LogDebug(ILogger, string?, params object?[])' (https://learn.microsoft.com/dotnet/fundamentals/code-analysis/quality-rules/ca1848) [E:\github\FunWasHad\src\FWH.Common.Location\FWH.Common.Location.csproj]
E:\github\FunWasHad\src\FWH.Common.Location\Services\RateLimitedLocationService.cs(74,9): warning CA1848: For improved performance, use the LoggerMessage delegates instead of calling 'LoggerExtensions.LogDebug(ILogger, string?, params object?[])' (https://learn.microsoft.com/dotnet/fundamentals/code-analysis/quality-rules/ca1848) [E:\github\FunWasHad\src\FWH.Common.Location\FWH.Common.Location.csproj]
E:\github\FunWasHad\src\FWH.Common.Location\LocationServicesException.cs(71,29): warning CA1845: Use span-based 'string.Concat' and 'AsSpan' instead of 'Substring' (https://learn.microsoft.com/dotnet/fundamentals/code-analysis/quality-rules/ca1845) [E:\github\FunWasHad\src\FWH.Common.Location\FWH.Common.Location.csproj]
E:\github\FunWasHad\src\FWH.Common.Location\LocationServicesException.cs(62,9): warning CA1305: The behavior of 'StringBuilder.AppendLine(ref StringBuilder.AppendInterpolatedStringHandler)' could vary based on the current user's locale settings. Replace this call in 'LocationServicesException.BuildMessage(string, string, string, Dictionary<string, object>)' with a call to 'StringBuilder.AppendLine(IFormatProvider, ref StringBuilder.AppendInterpolatedStringHandler)'. (https://learn.microsoft.com/dotnet/fundamentals/code-analysis/quality-rules/ca1305) [E:\github\FunWasHad\src\FWH.Common.Location\FWH.Common.Location.csproj]
E:\github\FunWasHad\src\FWH.Common.Location\LocationServicesException.cs(72,17): warning CA1305: The behavior of 'StringBuilder.AppendLine(ref StringBuilder.AppendInterpolatedStringHandler)' could vary based on the current user's locale settings. Replace this call in 'LocationServicesException.BuildMessage(string, string, string, Dictionary<string, object>)' with a call to 'StringBuilder.AppendLine(IFormatProvider, ref StringBuilder.AppendInterpolatedStringHandler)'. (https://learn.microsoft.com/dotnet/fundamentals/code-analysis/quality-rules/ca1305) [E:\github\FunWasHad\src\FWH.Common.Location\FWH.Common.Location.csproj]
E:\github\FunWasHad\src\FWH.Common.Location\Services\RateLimitedLocationService.cs(92,9): warning CA1848: For improved performance, use the LoggerMessage delegates instead of calling 'LoggerExtensions.LogDebug(ILogger, string?, params object?[])' (https://learn.microsoft.com/dotnet/fundamentals/code-analysis/quality-rules/ca1848) [E:\github\FunWasHad\src\FWH.Common.Location\FWH.Common.Location.csproj]
E:\github\FunWasHad\src\FWH.Common.Location\Services\RateLimitedLocationService.cs(97,9): warning CA1848: For improved performance, use the LoggerMessage delegates instead of calling 'LoggerExtensions.LogDebug(ILogger, string?, params object?[])' (https://learn.microsoft.com/dotnet/fundamentals/code-analysis/quality-rules/ca1848) [E:\github\FunWasHad\src\FWH.Common.Location\FWH.Common.Location.csproj]
E:\github\FunWasHad\src\FWH.Common.Location\Services\OverpassLocationService.cs(277,13): warning CA1860: Prefer comparing 'Count' to 0 rather than using 'Any()', both for clarity and for performance (https://learn.microsoft.com/dotnet/fundamentals/code-analysis/quality-rules/ca1860) [E:\github\FunWasHad\src\FWH.Common.Location\FWH.Common.Location.csproj]
E:\github\FunWasHad\src\FWH.Common.Location\Services\OverpassLocationService.cs(49,17): warning CA1848: For improved performance, use the LoggerMessage delegates instead of calling 'LoggerExtensions.LogWarning(ILogger, string?, params object?[])' (https://learn.microsoft.com/dotnet/fundamentals/code-analysis/quality-rules/ca1848) [E:\github\FunWasHad\src\FWH.Common.Location\FWH.Common.Location.csproj]
E:\github\FunWasHad\src\FWH.Common.Location\Services\OverpassLocationService.cs(55,13): warning CA1848: For improved performance, use the LoggerMessage delegates instead of calling 'LoggerExtensions.LogDebug(ILogger, string?, params object?[])' (https://learn.microsoft.com/dotnet/fundamentals/code-analysis/quality-rules/ca1848) [E:\github\FunWasHad\src\FWH.Common.Location\FWH.Common.Location.csproj]
E:\github\FunWasHad\src\FWH.Common.Location\Services\OverpassLocationService.cs(67,17): warning CA1848: For improved performance, use the LoggerMessage delegates instead of calling 'LoggerExtensions.LogWarning(ILogger, string?, params object?[])' (https://learn.microsoft.com/dotnet/fundamentals/code-analysis/quality-rules/ca1848) [E:\github\FunWasHad\src\FWH.Common.Location\FWH.Common.Location.csproj]
E:\github\FunWasHad\src\FWH.Common.Location\Services\OverpassLocationService.cs(90,13): warning CA1848: For improved performance, use the LoggerMessage delegates instead of calling 'LoggerExtensions.LogInformation(ILogger, string?, params object?[])' (https://learn.microsoft.com/dotnet/fundamentals/code-analysis/quality-rules/ca1848) [E:\github\FunWasHad\src\FWH.Common.Location\FWH.Common.Location.csproj]
E:\github\FunWasHad\src\FWH.Common.Location\Services\OverpassLocationService.cs(97,13): warning CA1848: For improved performance, use the LoggerMessage delegates instead of calling 'LoggerExtensions.LogError(ILogger, Exception?, string?, params object?[])' (https://learn.microsoft.com/dotnet/fundamentals/code-analysis/quality-rules/ca1848) [E:\github\FunWasHad\src\FWH.Common.Location\FWH.Common.Location.csproj]
E:\github\FunWasHad\src\FWH.Common.Location\Services\OverpassLocationService.cs(102,13): warning CA1848: For improved performance, use the LoggerMessage delegates instead of calling 'LoggerExtensions.LogWarning(ILogger, Exception?, string?, params object?[])' (https://learn.microsoft.com/dotnet/fundamentals/code-analysis/quality-rules/ca1848) [E:\github\FunWasHad\src\FWH.Common.Location\FWH.Common.Location.csproj]
E:\github\FunWasHad\src\FWH.Common.Location\Services\OverpassLocationService.cs(107,13): warning CA1848: For improved performance, use the LoggerMessage delegates instead of calling 'LoggerExtensions.LogInformation(ILogger, string?, params object?[])' (https://learn.microsoft.com/dotnet/fundamentals/code-analysis/quality-rules/ca1848) [E:\github\FunWasHad\src\FWH.Common.Location\FWH.Common.Location.csproj]
E:\github\FunWasHad\src\FWH.Common.Location\Services\OverpassLocationService.cs(112,13): warning CA1848: For improved performance, use the LoggerMessage delegates instead of calling 'LoggerExtensions.LogError(ILogger, Exception?, string?, params object?[])' (https://learn.microsoft.com/dotnet/fundamentals/code-analysis/quality-rules/ca1848) [E:\github\FunWasHad\src\FWH.Common.Location\FWH.Common.Location.csproj]
E:\github\FunWasHad\src\FWH.Common.Location\Services\OverpassLocationService.cs(117,13): warning CA1848: For improved performance, use the LoggerMessage delegates instead of calling 'LoggerExtensions.LogError(ILogger, Exception?, string?, params object?[])' (https://learn.microsoft.com/dotnet/fundamentals/code-analysis/quality-rules/ca1848) [E:\github\FunWasHad\src\FWH.Common.Location\FWH.Common.Location.csproj]
E:\github\FunWasHad\src\FWH.Common.Location\Services\OverpassLocationService.cs(185,46): warning CA1860: Prefer comparing 'Count' to 0 rather than using 'Any()', both for clarity and for performance (https://learn.microsoft.com/dotnet/fundamentals/code-analysis/quality-rules/ca1860) [E:\github\FunWasHad\src\FWH.Common.Location\FWH.Common.Location.csproj]
E:\github\FunWasHad\src\FWH.Common.Location\Services\OverpassLocationService.cs(286,28): warning CA1848: For improved performance, use the LoggerMessage delegates instead of calling 'LoggerExtensions.LogWarning(ILogger, string?, params object?[])' (https://learn.microsoft.com/dotnet/fundamentals/code-analysis/quality-rules/ca1848) [E:\github\FunWasHad\src\FWH.Common.Location\FWH.Common.Location.csproj]
E:\github\FunWasHad\src\FWH.Common.Location\Services\OverpassLocationService.cs(167,13): warning CA1848: For improved performance, use the LoggerMessage delegates instead of calling 'LoggerExtensions.LogDebug(ILogger, string?, params object?[])' (https://learn.microsoft.com/dotnet/fundamentals/code-analysis/quality-rules/ca1848) [E:\github\FunWasHad\src\FWH.Common.Location\FWH.Common.Location.csproj]
E:\github\FunWasHad\src\FWH.Common.Location\Services\OverpassLocationService.cs(176,17): warning CA1848: For improved performance, use the LoggerMessage delegates instead of calling 'LoggerExtensions.LogDebug(ILogger, string?, params object?[])' (https://learn.microsoft.com/dotnet/fundamentals/code-analysis/quality-rules/ca1848) [E:\github\FunWasHad\src\FWH.Common.Location\FWH.Common.Location.csproj]
E:\github\FunWasHad\src\FWH.Common.Location\Services\OverpassLocationService.cs(212,21): warning CA1848: For improved performance, use the LoggerMessage delegates instead of calling 'LoggerExtensions.LogDebug(ILogger, string?, params object?[])' (https://learn.microsoft.com/dotnet/fundamentals/code-analysis/quality-rules/ca1848) [E:\github\FunWasHad\src\FWH.Common.Location\FWH.Common.Location.csproj]
E:\github\FunWasHad\src\FWH.Common.Location\Services\OverpassLocationService.cs(221,13): warning CA1848: For improved performance, use the LoggerMessage delegates instead of calling 'LoggerExtensions.LogError(ILogger, Exception?, string?, params object?[])' (https://learn.microsoft.com/dotnet/fundamentals/code-analysis/quality-rules/ca1848) [E:\github\FunWasHad\src\FWH.Common.Location\FWH.Common.Location.csproj]
E:\github\FunWasHad\src\FWH.Common.Location\Services\OverpassLocationService.cs(226,13): warning CA1848: For improved performance, use the LoggerMessage delegates instead of calling 'LoggerExtensions.LogWarning(ILogger, Exception?, string?, params object?[])' (https://learn.microsoft.com/dotnet/fundamentals/code-analysis/quality-rules/ca1848) [E:\github\FunWasHad\src\FWH.Common.Location\FWH.Common.Location.csproj]
E:\github\FunWasHad\src\FWH.Common.Location\Services\OverpassLocationService.cs(231,13): warning CA1848: For improved performance, use the LoggerMessage delegates instead of calling 'LoggerExtensions.LogInformation(ILogger, string?, params object?[])' (https://learn.microsoft.com/dotnet/fundamentals/code-analysis/quality-rules/ca1848) [E:\github\FunWasHad\src\FWH.Common.Location\FWH.Common.Location.csproj]
E:\github\FunWasHad\src\FWH.Common.Location\Services\RateLimitedLocationService.cs(11,14): warning CA1001: Type 'RateLimitedLocationService' owns disposable field(s) '_rateLimiter' but is not disposable (https://learn.microsoft.com/dotnet/fundamentals/code-analysis/quality-rules/ca1001) [E:\github\FunWasHad\src\FWH.Common.Location\FWH.Common.Location.csproj]
E:\github\FunWasHad\src\FWH.Common.Location\Services\OverpassLocationService.cs(236,13): warning CA1848: For improved performance, use the LoggerMessage delegates instead of calling 'LoggerExtensions.LogError(ILogger, Exception?, string?, params object?[])' (https://learn.microsoft.com/dotnet/fundamentals/code-analysis/quality-rules/ca1848) [E:\github\FunWasHad\src\FWH.Common.Location\FWH.Common.Location.csproj]
E:\github\FunWasHad\src\FWH.Common.Location\Services\OverpassLocationService.cs(241,13): warning CA1848: For improved performance, use the LoggerMessage delegates instead of calling 'LoggerExtensions.LogError(ILogger, Exception?, string?, params object?[])' (https://learn.microsoft.com/dotnet/fundamentals/code-analysis/quality-rules/ca1848) [E:\github\FunWasHad\src\FWH.Common.Location\FWH.Common.Location.csproj]
E:\github\FunWasHad\src\FWH.Common.Location\Services\OverpassLocationService.cs(389,16): warning CA1860: Prefer comparing 'Count' to 0 rather than using 'Any()', both for clarity and for performance (https://learn.microsoft.com/dotnet/fundamentals/code-analysis/quality-rules/ca1860) [E:\github\FunWasHad\src\FWH.Common.Location\FWH.Common.Location.csproj]
E:\github\FunWasHad\src\FWH.Common.Location\Services\OverpassLocationService.cs(411,23): warning CA1860: Prefer comparing 'Count' to 0 rather than using 'Any()', both for clarity and for performance (https://learn.microsoft.com/dotnet/fundamentals/code-analysis/quality-rules/ca1860) [E:\github\FunWasHad\src\FWH.Common.Location\FWH.Common.Location.csproj]
E:\github\FunWasHad\src\FWH.Common.Location\Services\OverpassLocationService.cs(115,9): warning CA1031: Modify 'GetNearbyBusinessesAsync' to catch a more specific allowed exception type, or rethrow the exception (https://learn.microsoft.com/dotnet/fundamentals/code-analysis/quality-rules/ca1031) [E:\github\FunWasHad\src\FWH.Common.Location\FWH.Common.Location.csproj]
E:\github\FunWasHad\src\FWH.Common.Location\Services\OverpassLocationService.cs(239,9): warning CA1031: Modify 'GetAddressAsync' to catch a more specific allowed exception type, or rethrow the exception (https://learn.microsoft.com/dotnet/fundamentals/code-analysis/quality-rules/ca1031) [E:\github\FunWasHad\src\FWH.Common.Location\FWH.Common.Location.csproj]
E:\github\FunWasHad\src\FWH.Common.Location\Services\OverpassLocationService.cs(170,27): warning CA2000: Call System.IDisposable.Dispose on object created by 'new StringContent(query)' before all references to it are out of scope (https://learn.microsoft.com/dotnet/fundamentals/code-analysis/quality-rules/ca2000) [E:\github\FunWasHad\src\FWH.Common.Location\FWH.Common.Location.csproj]
E:\github\FunWasHad\src\FWH.Common.Location\Services\OverpassLocationService.cs(58,27): warning CA2000: Call System.IDisposable.Dispose on object created by 'new StringContent(query)' before all references to it are out of scope (https://learn.microsoft.com/dotnet/fundamentals/code-analysis/quality-rules/ca2000) [E:\github\FunWasHad\src\FWH.Common.Location\FWH.Common.Location.csproj]
E:\github\FunWasHad\src\FWH.Common.Location\Services\OverpassLocationService.cs(462,19): warning CA1812: 'OverpassLocationService.OverpassResponse' is an internal class that is apparently never instantiated. If so, remove the code from the assembly. If this class is intended to contain only static members, make it 'static' (Module in Visual Basic). (https://learn.microsoft.com/dotnet/fundamentals/code-analysis/quality-rules/ca1812) [E:\github\FunWasHad\src\FWH.Common.Location\FWH.Common.Location.csproj]
E:\github\FunWasHad\src\FWH.Common.Location\Services\OverpassLocationService.cs(468,19): warning CA1812: 'OverpassLocationService.OverpassElement' is an internal class that is apparently never instantiated. If so, remove the code from the assembly. If this class is intended to contain only static members, make it 'static' (Module in Visual Basic). (https://learn.microsoft.com/dotnet/fundamentals/code-analysis/quality-rules/ca1812) [E:\github\FunWasHad\src\FWH.Common.Location\FWH.Common.Location.csproj]
E:\github\FunWasHad\src\FWH.Common.Location\Services\OverpassLocationService.cs(489,19): warning CA1812: 'OverpassLocationService.OverpassCenter' is an internal class that is apparently never instantiated. If so, remove the code from the assembly. If this class is intended to contain only static members, make it 'static' (Module in Visual Basic). (https://learn.microsoft.com/dotnet/fundamentals/code-analysis/quality-rules/ca1812) [E:\github\FunWasHad\src\FWH.Common.Location\FWH.Common.Location.csproj]
E:\github\FunWasHad\src\FWH.Common.Location\Services\OverpassLocationService.cs(462,19): warning CA1852: Type 'OverpassResponse' can be sealed because it has no subtypes in its containing assembly and is not externally visible (https://learn.microsoft.com/dotnet/fundamentals/code-analysis/quality-rules/ca1852) [E:\github\FunWasHad\src\FWH.Common.Location\FWH.Common.Location.csproj]
E:\github\FunWasHad\src\FWH.Common.Location\Services\OverpassLocationService.cs(468,19): warning CA1852: Type 'OverpassElement' can be sealed because it has no subtypes in its containing assembly and is not externally visible (https://learn.microsoft.com/dotnet/fundamentals/code-analysis/quality-rules/ca1852) [E:\github\FunWasHad\src\FWH.Common.Location\FWH.Common.Location.csproj]
E:\github\FunWasHad\src\FWH.Common.Location\Services\OverpassLocationService.cs(489,19): warning CA1852: Type 'OverpassCenter' can be sealed because it has no subtypes in its containing assembly and is not externally visible (https://learn.microsoft.com/dotnet/fundamentals/code-analysis/quality-rules/ca1852) [E:\github\FunWasHad\src\FWH.Common.Location\FWH.Common.Location.csproj]
E:\github\FunWasHad\tests\FWH.Common.Location.Tests\Services\OverpassLocationServiceResilienceTests.cs(104,32): warning xUnit1051: Calls to methods which accept CancellationToken should use TestContext.Current.CancellationToken to allow test cancellation to be more responsive. (https://xunit.net/xunit.analyzers/rules/xUnit1051) [E:\github\FunWasHad\tests\FWH.Common.Location.Tests\FWH.Common.Location.Tests.csproj]
E:\github\FunWasHad\tests\FWH.Common.Location.Tests\Services\OverpassLocationServiceResilienceTests.cs(179,32): warning xUnit1051: Calls to methods which accept CancellationToken should use TestContext.Current.CancellationToken to allow test cancellation to be more responsive. (https://xunit.net/xunit.analyzers/rules/xUnit1051) [E:\github\FunWasHad\tests\FWH.Common.Location.Tests\FWH.Common.Location.Tests.csproj]
E:\github\FunWasHad\tests\FWH.Common.Location.Tests\Services\OverpassLocationServiceResilienceTests.cs(235,13): warning xUnit2020: Do not use Assert.True(false, message) to fail a test. Use Assert.Fail(message) instead. (https://xunit.net/xunit.analyzers/rules/xUnit2020) [E:\github\FunWasHad\tests\FWH.Common.Location.Tests\FWH.Common.Location.Tests.csproj]
E:\github\FunWasHad\tests\FWH.Common.Location.Tests\Services\OverpassLocationServiceResilienceTests.cs(231,19): warning xUnit1051: Calls to methods which accept CancellationToken should use TestContext.Current.CancellationToken to allow test cancellation to be more responsive. (https://xunit.net/xunit.analyzers/rules/xUnit1051) [E:\github\FunWasHad\tests\FWH.Common.Location.Tests\FWH.Common.Location.Tests.csproj]
E:\github\FunWasHad\tests\FWH.Common.Location.Tests\Services\OverpassLocationServiceResilienceTests.cs(286,13): warning xUnit2020: Do not use Assert.True(false, message) to fail a test. Use Assert.Fail(message) instead. (https://xunit.net/xunit.analyzers/rules/xUnit2020) [E:\github\FunWasHad\tests\FWH.Common.Location.Tests\FWH.Common.Location.Tests.csproj]
E:\github\FunWasHad\tests\FWH.Common.Location.Tests\Services\OverpassLocationServiceResilienceTests.cs(282,19): warning xUnit1051: Calls to methods which accept CancellationToken should use TestContext.Current.CancellationToken to allow test cancellation to be more responsive. (https://xunit.net/xunit.analyzers/rules/xUnit1051) [E:\github\FunWasHad\tests\FWH.Common.Location.Tests\FWH.Common.Location.Tests.csproj]
E:\github\FunWasHad\tests\FWH.Common.Chat.Tests\ChatServiceErrorHandlingTests.cs(198,26): warning xUnit1051: Calls to methods which accept CancellationToken should use TestContext.Current.CancellationToken to allow test cancellation to be more responsive. (https://xunit.net/xunit.analyzers/rules/xUnit1051) [E:\github\FunWasHad\tests\FWH.Common.Chat.Tests\FWH.Common.Chat.Tests.csproj]
E:\github\FunWasHad\tests\FWH.Common.Chat.Tests\ChatService_IntegrationTests.cs(178,31): warning xUnit1051: Calls to methods which accept CancellationToken should use TestContext.Current.CancellationToken to allow test cancellation to be more responsive. (https://xunit.net/xunit.analyzers/rules/xUnit1051) [E:\github\FunWasHad\tests\FWH.Common.Chat.Tests\FWH.Common.Chat.Tests.csproj]
E:\github\FunWasHad\tests\FWH.Common.Chat.Tests\ChatService_IntegrationTests.cs(100,31): warning xUnit1051: Calls to methods which accept CancellationToken should use TestContext.Current.CancellationToken to allow test cancellation to be more responsive. (https://xunit.net/xunit.analyzers/rules/xUnit1051) [E:\github\FunWasHad\tests\FWH.Common.Chat.Tests\FWH.Common.Chat.Tests.csproj]
E:\github\FunWasHad\tests\FWH.Common.Chat.Tests\FunWasHadWorkflowIntegrationTests.cs(509,31): warning xUnit1051: Calls to methods which accept CancellationToken should use TestContext.Current.CancellationToken to allow test cancellation to be more responsive. (https://xunit.net/xunit.analyzers/rules/xUnit1051) [E:\github\FunWasHad\tests\FWH.Common.Chat.Tests\FWH.Common.Chat.Tests.csproj]
E:\github\FunWasHad\src\FWH.Location.Api\Data\DatabaseMigrationService.cs(42,54): warning CA1847: Use 'string.Contains(char)' instead of 'string.Contains(string)' when searching for a single character (https://learn.microsoft.com/dotnet/fundamentals/code-analysis/quality-rules/ca1847) [E:\github\FunWasHad\src\FWH.Location.Api\FWH.Location.Api.csproj]
E:\github\FunWasHad\src\FWH.Location.Api\Data\DatabaseMigrationService.cs(65,17): warning CA1848: For improved performance, use the LoggerMessage delegates instead of calling 'LoggerExtensions.LogDebug(ILogger, string?, params object?[])' (https://learn.microsoft.com/dotnet/fundamentals/code-analysis/quality-rules/ca1848) [E:\github\FunWasHad\src\FWH.Location.Api\FWH.Location.Api.csproj]
E:\github\FunWasHad\src\FWH.Location.Api\Data\DatabaseMigrationService.cs(69,17): warning CA1848: For improved performance, use the LoggerMessage delegates instead of calling 'LoggerExtensions.LogError(ILogger, Exception?, string?, params object?[])' (https://learn.microsoft.com/dotnet/fundamentals/code-analysis/quality-rules/ca1848) [E:\github\FunWasHad\src\FWH.Location.Api\FWH.Location.Api.csproj]
E:\github\FunWasHad\src\FWH.Location.Api\Controllers\LocationsController.cs(125,13): warning CA1848: For improved performance, use the LoggerMessage delegates instead of calling 'LoggerExtensions.LogDebug(ILogger, string?, params object?[])' (https://learn.microsoft.com/dotnet/fundamentals/code-analysis/quality-rules/ca1848) [E:\github\FunWasHad\src\FWH.Location.Api\FWH.Location.Api.csproj]
E:\github\FunWasHad\src\FWH.Location.Api\Middleware\ApiKeyAuthenticationMiddleware.cs(50,13): warning CA1848: For improved performance, use the LoggerMessage delegates instead of calling 'LoggerExtensions.LogWarning(ILogger, string?, params object?[])' (https://learn.microsoft.com/dotnet/fundamentals/code-analysis/quality-rules/ca1848) [E:\github\FunWasHad\src\FWH.Location.Api\FWH.Location.Api.csproj]
E:\github\FunWasHad\src\FWH.Location.Api\Middleware\ApiKeyAuthenticationMiddleware.cs(62,17): warning CA1848: For improved performance, use the LoggerMessage delegates instead of calling 'LoggerExtensions.LogWarning(ILogger, string?, params object?[])' (https://learn.microsoft.com/dotnet/fundamentals/code-analysis/quality-rules/ca1848) [E:\github\FunWasHad\src\FWH.Location.Api\FWH.Location.Api.csproj]
E:\github\FunWasHad\src\FWH.Location.Api\Data\DatabaseMigrationService.cs(109,18): warning CA1860: Prefer comparing 'Count' to 0 rather than using 'Any()', both for clarity and for performance (https://learn.microsoft.com/dotnet/fundamentals/code-analysis/quality-rules/ca1860) [E:\github\FunWasHad\src\FWH.Location.Api\FWH.Location.Api.csproj]
E:\github\FunWasHad\src\FWH.Location.Api\Data\DatabaseMigrationService.cs(87,13): warning CA1848: For improved performance, use the LoggerMessage delegates instead of calling 'LoggerExtensions.LogDebug(ILogger, string?, params object?[])' (https://learn.microsoft.com/dotnet/fundamentals/code-analysis/quality-rules/ca1848) [E:\github\FunWasHad\src\FWH.Location.Api\FWH.Location.Api.csproj]
E:\github\FunWasHad\src\FWH.Location.Api\Data\DatabaseMigrationService.cs(97,13): warning CA1848: For improved performance, use the LoggerMessage delegates instead of calling 'LoggerExtensions.LogDebug(ILogger, string?, params object?[])' (https://learn.microsoft.com/dotnet/fundamentals/code-analysis/quality-rules/ca1848) [E:\github\FunWasHad\src\FWH.Location.Api\FWH.Location.Api.csproj]
E:\github\FunWasHad\src\FWH.Location.Api\Data\DatabaseMigrationService.cs(101,13): warning CA1848: For improved performance, use the LoggerMessage delegates instead of calling 'LoggerExtensions.LogDebug(ILogger, string?, params object?[])' (https://learn.microsoft.com/dotnet/fundamentals/code-analysis/quality-rules/ca1848) [E:\github\FunWasHad\src\FWH.Location.Api\FWH.Location.Api.csproj]
E:\github\FunWasHad\src\FWH.Location.Api\Data\DatabaseMigrationService.cs(111,17): warning CA1848: For improved performance, use the LoggerMessage delegates instead of calling 'LoggerExtensions.LogDebug(ILogger, string?, params object?[])' (https://learn.microsoft.com/dotnet/fundamentals/code-analysis/quality-rules/ca1848) [E:\github\FunWasHad\src\FWH.Location.Api\FWH.Location.Api.csproj]
E:\github\FunWasHad\src\FWH.Location.Api\Data\DatabaseMigrationService.cs(115,13): warning CA1848: For improved performance, use the LoggerMessage delegates instead of calling 'LoggerExtensions.LogInformation(ILogger, string?, params object?[])' (https://learn.microsoft.com/dotnet/fundamentals/code-analysis/quality-rules/ca1848) [E:\github\FunWasHad\src\FWH.Location.Api\FWH.Location.Api.csproj]
E:\github\FunWasHad\src\FWH.Location.Api\Data\DatabaseMigrationService.cs(122,13): warning CA1848: For improved performance, use the LoggerMessage delegates instead of calling 'LoggerExtensions.LogInformation(ILogger, string?, params object?[])' (https://learn.microsoft.com/dotnet/fundamentals/code-analysis/quality-rules/ca1848) [E:\github\FunWasHad\src\FWH.Location.Api\FWH.Location.Api.csproj]
E:\github\FunWasHad\src\FWH.Location.Api\Data\DatabaseMigrationService.cs(126,13): warning CA1848: For improved performance, use the LoggerMessage delegates instead of calling 'LoggerExtensions.LogError(ILogger, Exception?, string?, params object?[])' (https://learn.microsoft.com/dotnet/fundamentals/code-analysis/quality-rules/ca1848) [E:\github\FunWasHad\src\FWH.Location.Api\FWH.Location.Api.csproj]
E:\github\FunWasHad\src\FWH.Location.Api\Data\DatabaseMigrationService.cs(158,13): warning CA1848: For improved performance, use the LoggerMessage delegates instead of calling 'LoggerExtensions.LogInformation(ILogger, string?, params object?[])' (https://learn.microsoft.com/dotnet/fundamentals/code-analysis/quality-rules/ca1848) [E:\github\FunWasHad\src\FWH.Location.Api\FWH.Location.Api.csproj]
E:\github\FunWasHad\src\FWH.Location.Api\Data\DatabaseMigrationService.cs(166,13): warning CA1848: For improved performance, use the LoggerMessage delegates instead of calling 'LoggerExtensions.LogInformation(ILogger, string?, params object?[])' (https://learn.microsoft.com/dotnet/fundamentals/code-analysis/quality-rules/ca1848) [E:\github\FunWasHad\src\FWH.Location.Api\FWH.Location.Api.csproj]
E:\github\FunWasHad\src\FWH.Location.Api\Data\DatabaseMigrationService.cs(170,13): warning CA1848: For improved performance, use the LoggerMessage delegates instead of calling 'LoggerExtensions.LogInformation(ILogger, string?, params object?[])' (https://learn.microsoft.com/dotnet/fundamentals/code-analysis/quality-rules/ca1848) [E:\github\FunWasHad\src\FWH.Location.Api\FWH.Location.Api.csproj]
E:\github\FunWasHad\src\FWH.Location.Api\Controllers\LocationsController.cs(186,9): warning CA1848: For improved performance, use the LoggerMessage delegates instead of calling 'LoggerExtensions.LogInformation(ILogger, string?, params object?[])' (https://learn.microsoft.com/dotnet/fundamentals/code-analysis/quality-rules/ca1848) [E:\github\FunWasHad\src\FWH.Location.Api\FWH.Location.Api.csproj]
E:\github\FunWasHad\src\FWH.Location.Api\Data\DatabaseMigrationService.cs(193,9): warning CA1848: For improved performance, use the LoggerMessage delegates instead of calling 'LoggerExtensions.LogDebug(ILogger, string?, params object?[])' (https://learn.microsoft.com/dotnet/fundamentals/code-analysis/quality-rules/ca1848) [E:\github\FunWasHad\src\FWH.Location.Api\FWH.Location.Api.csproj]
E:\github\FunWasHad\src\FWH.Location.Api\Data\DatabaseMigrationService.cs(180,38): warning CA2007: Consider calling ConfigureAwait on the awaited task (https://learn.microsoft.com/dotnet/fundamentals/code-analysis/quality-rules/ca2007) [E:\github\FunWasHad\src\FWH.Location.Api\FWH.Location.Api.csproj]
E:\github\FunWasHad\src\FWH.Location.Api\Data\DatabaseMigrationService.cs(190,35): warning CA2007: Consider calling ConfigureAwait on the awaited task (https://learn.microsoft.com/dotnet/fundamentals/code-analysis/quality-rules/ca2007) [E:\github\FunWasHad\src\FWH.Location.Api\FWH.Location.Api.csproj]
E:\github\FunWasHad\src\FWH.Location.Api\Middleware\ApiKeyAuthenticationMiddleware.cs(91,9): warning CA1031: Modify 'VerifyRequestSignature' to catch a more specific allowed exception type, or rethrow the exception (https://learn.microsoft.com/dotnet/fundamentals/code-analysis/quality-rules/ca1031) [E:\github\FunWasHad\src\FWH.Location.Api\FWH.Location.Api.csproj]
E:\github\FunWasHad\src\FWH.Location.Api\Data\DatabaseMigrationService.cs(228,13): warning CA1848: For improved performance, use the LoggerMessage delegates instead of calling 'LoggerExtensions.LogWarning(ILogger, string?, params object?[])' (https://learn.microsoft.com/dotnet/fundamentals/code-analysis/quality-rules/ca1848) [E:\github\FunWasHad\src\FWH.Location.Api\FWH.Location.Api.csproj]
E:\github\FunWasHad\src\FWH.Location.Api\Data\DatabaseMigrationService.cs(256,9): warning CA1848: For improved performance, use the LoggerMessage delegates instead of calling 'LoggerExtensions.LogInformation(ILogger, string?, params object?[])' (https://learn.microsoft.com/dotnet/fundamentals/code-analysis/quality-rules/ca1848) [E:\github\FunWasHad\src\FWH.Location.Api\FWH.Location.Api.csproj]
E:\github\FunWasHad\src\FWH.Location.Api\Data\DatabaseMigrationService.cs(282,13): warning CA1848: For improved performance, use the LoggerMessage delegates instead of calling 'LoggerExtensions.LogInformation(ILogger, string?, params object?[])' (https://learn.microsoft.com/dotnet/fundamentals/code-analysis/quality-rules/ca1848) [E:\github\FunWasHad\src\FWH.Location.Api\FWH.Location.Api.csproj]
E:\github\FunWasHad\src\FWH.Location.Api\Data\DatabaseMigrationService.cs(286,13): warning CA1848: For improved performance, use the LoggerMessage delegates instead of calling 'LoggerExtensions.LogError(ILogger, Exception?, string?, params object?[])' (https://learn.microsoft.com/dotnet/fundamentals/code-analysis/quality-rules/ca1848) [E:\github\FunWasHad\src\FWH.Location.Api\FWH.Location.Api.csproj]
E:\github\FunWasHad\src\FWH.Location.Api\Program.cs(139,44): warning CA1845: Use span-based 'string.Concat' and 'AsSpan' instead of 'Substring' (https://learn.microsoft.com/dotnet/fundamentals/code-analysis/quality-rules/ca1845) [E:\github\FunWasHad\src\FWH.Location.Api\FWH.Location.Api.csproj]
E:\github\FunWasHad\src\FWH.Location.Api\Program.cs(161,15): warning CA1845: Use span-based 'string.Concat' and 'AsSpan' instead of 'Substring' (https://learn.microsoft.com/dotnet/fundamentals/code-analysis/quality-rules/ca1845) [E:\github\FunWasHad\src\FWH.Location.Api\FWH.Location.Api.csproj]
E:\github\FunWasHad\src\FWH.Location.Api\Data\DatabaseMigrationService.cs(259,38): warning CA2007: Consider calling ConfigureAwait on the awaited task (https://learn.microsoft.com/dotnet/fundamentals/code-analysis/quality-rules/ca2007) [E:\github\FunWasHad\src\FWH.Location.Api\FWH.Location.Api.csproj]
E:\github\FunWasHad\src\FWH.Location.Api\Data\DatabaseMigrationService.cs(263,39): warning CA2007: Consider calling ConfigureAwait on the awaited task (https://learn.microsoft.com/dotnet/fundamentals/code-analysis/quality-rules/ca2007) [E:\github\FunWasHad\src\FWH.Location.Api\FWH.Location.Api.csproj]
E:\github\FunWasHad\src\FWH.Location.Api\Data\DatabaseMigrationService.cs(268,39): warning CA2007: Consider calling ConfigureAwait on the awaited task (https://learn.microsoft.com/dotnet/fundamentals/code-analysis/quality-rules/ca2007) [E:\github\FunWasHad\src\FWH.Location.Api\FWH.Location.Api.csproj]
E:\github\FunWasHad\src\FWH.Location.Api\Data\DatabaseMigrationService.cs(272,41): warning CA2007: Consider calling ConfigureAwait on the awaited task (https://learn.microsoft.com/dotnet/fundamentals/code-analysis/quality-rules/ca2007) [E:\github\FunWasHad\src\FWH.Location.Api\FWH.Location.Api.csproj]
E:\github\FunWasHad\src\FWH.Location.Api\Data\DatabaseMigrationService.cs(268,39): warning CA2100: Review if the query string passed to 'NpgsqlCommand.NpgsqlCommand(string? cmdText, NpgsqlConnection? connection, NpgsqlTransaction? transaction)' in 'ApplyMigrationAsync', accepts any user input (https://learn.microsoft.com/dotnet/fundamentals/code-analysis/quality-rules/ca2100) [E:\github\FunWasHad\src\FWH.Location.Api\FWH.Location.Api.csproj]
E:\github\FunWasHad\src\FWH.Location.Api\Program.cs(117,9): warning CA1848: For improved performance, use the LoggerMessage delegates instead of calling 'LoggerExtensions.LogDebug(ILogger, string?, params object?[])' (https://learn.microsoft.com/dotnet/fundamentals/code-analysis/quality-rules/ca1848) [E:\github\FunWasHad\src\FWH.Location.Api\FWH.Location.Api.csproj]
E:\github\FunWasHad\src\FWH.Location.Api\Program.cs(126,13): warning CA1848: For improved performance, use the LoggerMessage delegates instead of calling 'LoggerExtensions.LogError(ILogger, string?, params object?[])' (https://learn.microsoft.com/dotnet/fundamentals/code-analysis/quality-rules/ca1848) [E:\github\FunWasHad\src\FWH.Location.Api\FWH.Location.Api.csproj]
E:\github\FunWasHad\src\FWH.Location.Api\Program.cs(132,17): warning CA1848: For improved performance, use the LoggerMessage delegates instead of calling 'LoggerExtensions.LogError(ILogger, string?, params object?[])' (https://learn.microsoft.com/dotnet/fundamentals/code-analysis/quality-rules/ca1848) [E:\github\FunWasHad\src\FWH.Location.Api\FWH.Location.Api.csproj]
E:\github\FunWasHad\src\FWH.Location.Api\Program.cs(133,17): warning CA1848: For improved performance, use the LoggerMessage delegates instead of calling 'LoggerExtensions.LogWarning(ILogger, string?, params object?[])' (https://learn.microsoft.com/dotnet/fundamentals/code-analysis/quality-rules/ca1848) [E:\github\FunWasHad\src\FWH.Location.Api\FWH.Location.Api.csproj]
E:\github\FunWasHad\src\FWH.Location.Api\Program.cs(138,17): warning CA1848: For improved performance, use the LoggerMessage delegates instead of calling 'LoggerExtensions.LogWarning(ILogger, string?, params object?[])' (https://learn.microsoft.com/dotnet/fundamentals/code-analysis/quality-rules/ca1848) [E:\github\FunWasHad\src\FWH.Location.Api\FWH.Location.Api.csproj]
E:\github\FunWasHad\src\FWH.Location.Api\Program.cs(151,13): warning CA1848: For improved performance, use the LoggerMessage delegates instead of calling 'LoggerExtensions.LogError(ILogger, string?, params object?[])' (https://learn.microsoft.com/dotnet/fundamentals/code-analysis/quality-rules/ca1848) [E:\github\FunWasHad\src\FWH.Location.Api\FWH.Location.Api.csproj]
E:\github\FunWasHad\src\FWH.Location.Api\Program.cs(165,9): warning CA1848: For improved performance, use the LoggerMessage delegates instead of calling 'LoggerExtensions.LogDebug(ILogger, string?, params object?[])' (https://learn.microsoft.com/dotnet/fundamentals/code-analysis/quality-rules/ca1848) [E:\github\FunWasHad\src\FWH.Location.Api\FWH.Location.Api.csproj]
E:\github\FunWasHad\src\FWH.Location.Api\Program.cs(173,13): warning CA1848: For improved performance, use the LoggerMessage delegates instead of calling 'LoggerExtensions.LogDebug(ILogger, string?, params object?[])' (https://learn.microsoft.com/dotnet/fundamentals/code-analysis/quality-rules/ca1848) [E:\github\FunWasHad\src\FWH.Location.Api\FWH.Location.Api.csproj]
E:\github\FunWasHad\src\FWH.Location.Api\Program.cs(182,9): warning CA1848: For improved performance, use the LoggerMessage delegates instead of calling 'LoggerExtensions.LogInformation(ILogger, string?, params object?[])' (https://learn.microsoft.com/dotnet/fundamentals/code-analysis/quality-rules/ca1848) [E:\github\FunWasHad\src\FWH.Location.Api\FWH.Location.Api.csproj]
E:\github\FunWasHad\src\FWH.Location.Api\Program.cs(186,9): warning CA1848: For improved performance, use the LoggerMessage delegates instead of calling 'LoggerExtensions.LogError(ILogger, Exception?, string?, params object?[])' (https://learn.microsoft.com/dotnet/fundamentals/code-analysis/quality-rules/ca1848) [E:\github\FunWasHad\src\FWH.Location.Api\FWH.Location.Api.csproj]
E:\github\FunWasHad\src\FWH.Location.Api\Data\DatabaseMigrationService.cs(145,38): warning CA2007: Consider calling ConfigureAwait on the awaited task (https://learn.microsoft.com/dotnet/fundamentals/code-analysis/quality-rules/ca2007) [E:\github\FunWasHad\src\FWH.Location.Api\FWH.Location.Api.csproj]
E:\github\FunWasHad\src\FWH.Location.Api\Data\DatabaseMigrationService.cs(149,36): warning CA2007: Consider calling ConfigureAwait on the awaited task (https://learn.microsoft.com/dotnet/fundamentals/code-analysis/quality-rules/ca2007) [E:\github\FunWasHad\src\FWH.Location.Api\FWH.Location.Api.csproj]
E:\github\FunWasHad\src\FWH.Location.Api\Data\DatabaseMigrationService.cs(161,41): warning CA2007: Consider calling ConfigureAwait on the awaited task (https://learn.microsoft.com/dotnet/fundamentals/code-analysis/quality-rules/ca2007) [E:\github\FunWasHad\src\FWH.Location.Api\FWH.Location.Api.csproj]
E:\github\FunWasHad\src\FWH.Location.Api\Data\DatabaseMigrationService.cs(202,38): warning CA2007: Consider calling ConfigureAwait on the awaited task (https://learn.microsoft.com/dotnet/fundamentals/code-analysis/quality-rules/ca2007) [E:\github\FunWasHad\src\FWH.Location.Api\FWH.Location.Api.csproj]
E:\github\FunWasHad\src\FWH.Location.Api\Data\DatabaseMigrationService.cs(206,35): warning CA2007: Consider calling ConfigureAwait on the awaited task (https://learn.microsoft.com/dotnet/fundamentals/code-analysis/quality-rules/ca2007) [E:\github\FunWasHad\src\FWH.Location.Api\FWH.Location.Api.csproj]
E:\github\FunWasHad\src\FWH.Location.Api\Data\DatabaseMigrationService.cs(207,34): warning CA2007: Consider calling ConfigureAwait on the awaited task (https://learn.microsoft.com/dotnet/fundamentals/code-analysis/quality-rules/ca2007) [E:\github\FunWasHad\src\FWH.Location.Api\FWH.Location.Api.csproj]
E:\github\FunWasHad\src\FWH.Location.Api\Data\DatabaseMigrationService.cs(161,41): warning CA2100: Review if the query string passed to 'NpgsqlCommand.NpgsqlCommand(string? cmdText, NpgsqlConnection? connection)' in 'EnsureDatabaseExistsAsync', accepts any user input (https://learn.microsoft.com/dotnet/fundamentals/code-analysis/quality-rules/ca2100) [E:\github\FunWasHad\src\FWH.Location.Api\FWH.Location.Api.csproj]
E:\github\FunWasHad\src\FWH.Location.Api\Program.cs(191,1): warning CA1849: 'WebApplication.Run(string?)' synchronously blocks. Await 'WebApplication.RunAsync(string?)' instead. (https://learn.microsoft.com/dotnet/fundamentals/code-analysis/quality-rules/ca1849) [E:\github\FunWasHad\src\FWH.Location.Api\FWH.Location.Api.csproj]
E:\github\FunWasHad\src\FWH.Location.Api\Models\LocationConfirmationRequest.cs(14,24): warning CA1812: 'LocationConfirmationRequest' is an internal class that is apparently never instantiated. If so, remove the code from the assembly. If this class is intended to contain only static members, make it 'static' (Module in Visual Basic). (https://learn.microsoft.com/dotnet/fundamentals/code-analysis/quality-rules/ca1812) [E:\github\FunWasHad\src\FWH.Location.Api\FWH.Location.Api.csproj]
E:\github\FunWasHad\src\FWH.Location.Api\Controllers\LocationsController.cs(20,23): warning CA1812: 'LocationsController' is an internal class that is apparently never instantiated. If so, remove the code from the assembly. If this class is intended to contain only static members, make it 'static' (Module in Visual Basic). (https://learn.microsoft.com/dotnet/fundamentals/code-analysis/quality-rules/ca1812) [E:\github\FunWasHad\src\FWH.Location.Api\FWH.Location.Api.csproj]
E:\github\FunWasHad\src\FWH.Location.Api\Data\LocationDbContext.cs(5,16): warning CA1812: 'LocationDbContext' is an internal class that is apparently never instantiated. If so, remove the code from the assembly. If this class is intended to contain only static members, make it 'static' (Module in Visual Basic). (https://learn.microsoft.com/dotnet/fundamentals/code-analysis/quality-rules/ca1812) [E:\github\FunWasHad\src\FWH.Location.Api\FWH.Location.Api.csproj]
E:\github\FunWasHad\src\FWH.Location.Api\Middleware\ApiKeyAuthenticationMiddleware.cs(10,16): warning CA1812: 'ApiKeyAuthenticationMiddleware' is an internal class that is apparently never instantiated. If so, remove the code from the assembly. If this class is intended to contain only static members, make it 'static' (Module in Visual Basic). (https://learn.microsoft.com/dotnet/fundamentals/code-analysis/quality-rules/ca1812) [E:\github\FunWasHad\src\FWH.Location.Api\FWH.Location.Api.csproj]
E:\github\FunWasHad\src\FWH.Location.Api\Data\DatabaseMigrationService.cs(292,19): warning CA1852: Type 'MigrationScript' can be sealed because it has no subtypes in its containing assembly and is not externally visible (https://learn.microsoft.com/dotnet/fundamentals/code-analysis/quality-rules/ca1852) [E:\github\FunWasHad\src\FWH.Location.Api\FWH.Location.Api.csproj]
E:\github\FunWasHad\src\FWH.Location.Api\Data\DatabaseMigrationService.cs(9,16): warning CA1852: Type 'DatabaseMigrationService' can be sealed because it has no subtypes in its containing assembly and is not externally visible (https://learn.microsoft.com/dotnet/fundamentals/code-analysis/quality-rules/ca1852) [E:\github\FunWasHad\src\FWH.Location.Api\FWH.Location.Api.csproj]
E:\github\FunWasHad\src\FWH.Location.Api\Data\LocationConfirmation.cs(5,16): warning CA1852: Type 'LocationConfirmation' can be sealed because it has no subtypes in its containing assembly and is not externally visible (https://learn.microsoft.com/dotnet/fundamentals/code-analysis/quality-rules/ca1852) [E:\github\FunWasHad\src\FWH.Location.Api\FWH.Location.Api.csproj]
E:\github\FunWasHad\src\FWH.Location.Api\Data\LocationDbContext.cs(5,16): warning CA1852: Type 'LocationDbContext' can be sealed because it has no subtypes in its containing assembly and is not externally visible (https://learn.microsoft.com/dotnet/fundamentals/code-analysis/quality-rules/ca1852) [E:\github\FunWasHad\src\FWH.Location.Api\FWH.Location.Api.csproj]
E:\github\FunWasHad\src\FWH.Location.Api\Middleware\ApiKeyAuthenticationMiddleware.cs(10,16): warning CA1852: Type 'ApiKeyAuthenticationMiddleware' can be sealed because it has no subtypes in its containing assembly and is not externally visible (https://learn.microsoft.com/dotnet/fundamentals/code-analysis/quality-rules/ca1852) [E:\github\FunWasHad\src\FWH.Location.Api\FWH.Location.Api.csproj]
E:\github\FunWasHad\src\FWH.Mobile\FWH.Mobile\Configuration\ApiSettings.cs(39,20): warning CA1056: Change the type of property 'ApiSettings.MarketingApiBaseUrl' from 'string' to 'System.Uri' (https://learn.microsoft.com/dotnet/fundamentals/code-analysis/quality-rules/ca1056) [E:\github\FunWasHad\src\FWH.Mobile\FWH.Mobile\FWH.Mobile.csproj]
E:\github\FunWasHad\src\FWH.Mobile\FWH.Mobile\Configuration\ApiSettings.cs(33,20): warning CA1056: Change the type of property 'ApiSettings.LocationApiBaseUrl' from 'string' to 'System.Uri' (https://learn.microsoft.com/dotnet/fundamentals/code-analysis/quality-rules/ca1056) [E:\github\FunWasHad\src\FWH.Mobile\FWH.Mobile\FWH.Mobile.csproj]
E:\github\FunWasHad\src\FWH.Mobile\FWH.Mobile\Services\ILocationTrackingService.cs(98,41): warning CA1003: Change the event 'LocationUpdated' to replace the type 'System.EventHandler<FWH.Common.Location.Models.GpsCoordinates>?' with a generic EventHandler, for example EventHandler<T>, where T is a valid EventArgs (https://learn.microsoft.com/dotnet/fundamentals/code-analysis/quality-rules/ca1003) [E:\github\FunWasHad\src\FWH.Mobile\FWH.Mobile\FWH.Mobile.csproj]
E:\github\FunWasHad\src\FWH.Mobile\FWH.Mobile\Services\ILocationTrackingService.cs(103,36): warning CA1003: Change the event 'LocationUpdateFailed' to replace the type 'System.EventHandler<System.Exception>?' with a generic EventHandler, for example EventHandler<T>, where T is a valid EventArgs (https://learn.microsoft.com/dotnet/fundamentals/code-analysis/quality-rules/ca1003) [E:\github\FunWasHad\src\FWH.Mobile\FWH.Mobile\FWH.Mobile.csproj]
E:\github\FunWasHad\src\FWH.Mobile\FWH.Mobile\ViewModels\LogViewerViewModel.cs(75,23): warning CA1819: Properties should not return arrays (https://learn.microsoft.com/dotnet/fundamentals/code-analysis/quality-rules/ca1819) [E:\github\FunWasHad\src\FWH.Mobile\FWH.Mobile\FWH.Mobile.csproj]
E:\github\FunWasHad\src\FWH.Mobile\FWH.Mobile\ViewModels\LogViewerViewModel.cs(59,26): warning CA1003: Change the event 'ScrollToEndRequested' to replace the type 'System.Action?' with a generic EventHandler, for example EventHandler<T>, where T is a valid EventArgs (https://learn.microsoft.com/dotnet/fundamentals/code-analysis/quality-rules/ca1003) [E:\github\FunWasHad\src\FWH.Mobile\FWH.Mobile\FWH.Mobile.csproj]
E:\github\FunWasHad\src\FWH.Mobile\FWH.Mobile\ViewModels\PlacesViewModel.cs(499,20): warning CA1056: Change the type of property 'PlaceItem.LogoUrl' from 'string' to 'System.Uri' (https://learn.microsoft.com/dotnet/fundamentals/code-analysis/quality-rules/ca1056) [E:\github\FunWasHad\src\FWH.Mobile\FWH.Mobile\FWH.Mobile.csproj]
E:\github\FunWasHad\src\FWH.Mobile\FWH.Mobile\ViewModels\PlacesViewModel.cs(517,20): warning CA1056: Change the type of property 'PlaceItem.BackgroundImageUrl' from 'string' to 'System.Uri' (https://learn.microsoft.com/dotnet/fundamentals/code-analysis/quality-rules/ca1056) [E:\github\FunWasHad\src\FWH.Mobile\FWH.Mobile\FWH.Mobile.csproj]
E:\github\FunWasHad\src\FWH.Mobile\FWH.Mobile\ViewModels\PlacesViewModel.cs(75,21): warning CA1819: Properties should not return arrays (https://learn.microsoft.com/dotnet/fundamentals/code-analysis/quality-rules/ca1819) [E:\github\FunWasHad\src\FWH.Mobile\FWH.Mobile\FWH.Mobile.csproj]
E:\github\FunWasHad\src\FWH.Mobile\FWH.Mobile\Configuration\LocationSettings.cs(25,37): warning CA1308: In method 'get_UseMph', replace the call to 'ToLowerInvariant' with 'ToUpperInvariant' (https://learn.microsoft.com/dotnet/fundamentals/code-analysis/quality-rules/ca1308) [E:\github\FunWasHad\src\FWH.Mobile\FWH.Mobile\FWH.Mobile.csproj]
E:\github\FunWasHad\src\FWH.Mobile\FWH.Mobile\Configuration\LocationSettings.cs(30,37): warning CA1308: In method 'get_UseKmh', replace the call to 'ToLowerInvariant' with 'ToUpperInvariant' (https://learn.microsoft.com/dotnet/fundamentals/code-analysis/quality-rules/ca1308) [E:\github\FunWasHad\src\FWH.Mobile\FWH.Mobile\FWH.Mobile.csproj]
E:\github\FunWasHad\src\FWH.Mobile\FWH.Mobile\Configuration\LocationSettings.cs(30,79): warning CA1308: In method 'get_UseKmh', replace the call to 'ToLowerInvariant' with 'ToUpperInvariant' (https://learn.microsoft.com/dotnet/fundamentals/code-analysis/quality-rules/ca1308) [E:\github\FunWasHad\src\FWH.Mobile\FWH.Mobile\FWH.Mobile.csproj]
E:\github\FunWasHad\src\FWH.Mobile\FWH.Mobile\Configuration\LocationSettings.cs(37,36): warning CA1308: In method 'GetPollingInterval', replace the call to 'ToLowerInvariant' with 'ToUpperInvariant' (https://learn.microsoft.com/dotnet/fundamentals/code-analysis/quality-rules/ca1308) [E:\github\FunWasHad\src\FWH.Mobile\FWH.Mobile\FWH.Mobile.csproj]
E:\github\FunWasHad\src\FWH.Mobile\FWH.Mobile\Services\ThemeService.cs(53,17): warning CA1848: For improved performance, use the LoggerMessage delegates instead of calling 'LoggerExtensions.LogDebug(ILogger, string?, params object?[])' (https://learn.microsoft.com/dotnet/fundamentals/code-analysis/quality-rules/ca1848) [E:\github\FunWasHad\src\FWH.Mobile\FWH.Mobile\FWH.Mobile.csproj]
E:\github\FunWasHad\src\FWH.Mobile\FWH.Mobile\Services\ThemeService.cs(60,13): warning CA1848: For improved performance, use the LoggerMessage delegates instead of calling 'LoggerExtensions.LogInformation(ILogger, string?, params object?[])' (https://learn.microsoft.com/dotnet/fundamentals/code-analysis/quality-rules/ca1848) [E:\github\FunWasHad\src\FWH.Mobile\FWH.Mobile\FWH.Mobile.csproj]
E:\github\FunWasHad\src\FWH.Mobile\FWH.Mobile\Services\ThemeService.cs(67,13): warning CA1848: For improved performance, use the LoggerMessage delegates instead of calling 'LoggerExtensions.LogWarning(ILogger, Exception?, string?, params object?[])' (https://learn.microsoft.com/dotnet/fundamentals/code-analysis/quality-rules/ca1848) [E:\github\FunWasHad\src\FWH.Mobile\FWH.Mobile\FWH.Mobile.csproj]
E:\github\FunWasHad\src\FWH.Mobile\FWH.Mobile\Services\ThemeService.cs(72,13): warning CA1848: For improved performance, use the LoggerMessage delegates instead of calling 'LoggerExtensions.LogWarning(ILogger, Exception?, string?, params object?[])' (https://learn.microsoft.com/dotnet/fundamentals/code-analysis/quality-rules/ca1848) [E:\github\FunWasHad\src\FWH.Mobile\FWH.Mobile\FWH.Mobile.csproj]
E:\github\FunWasHad\src\FWH.Mobile\FWH.Mobile\Services\ThemeService.cs(77,13): warning CA1848: For improved performance, use the LoggerMessage delegates instead of calling 'LoggerExtensions.LogInformation(ILogger, string?, params object?[])' (https://learn.microsoft.com/dotnet/fundamentals/code-analysis/quality-rules/ca1848) [E:\github\FunWasHad\src\FWH.Mobile\FWH.Mobile\FWH.Mobile.csproj]
E:\github\FunWasHad\src\FWH.Mobile\FWH.Mobile\Services\ThemeService.cs(82,13): warning CA1848: For improved performance, use the LoggerMessage delegates instead of calling 'LoggerExtensions.LogError(ILogger, Exception?, string?, params object?[])' (https://learn.microsoft.com/dotnet/fundamentals/code-analysis/quality-rules/ca1848) [E:\github\FunWasHad\src\FWH.Mobile\FWH.Mobile\FWH.Mobile.csproj]
E:\github\FunWasHad\src\FWH.Mobile\FWH.Mobile\Services\ChatNotificationService.cs(34,17): warning CA1848: For improved performance, use the LoggerMessage delegates instead of calling 'LoggerExtensions.LogInformation(ILogger, string?, params object?[])' (https://learn.microsoft.com/dotnet/fundamentals/code-analysis/quality-rules/ca1848) [E:\github\FunWasHad\src\FWH.Mobile\FWH.Mobile\FWH.Mobile.csproj]
E:\github\FunWasHad\src\FWH.Mobile\FWH.Mobile\Services\ChatNotificationService.cs(24,17): warning CA1848: For improved performance, use the LoggerMessage delegates instead of calling 'LoggerExtensions.LogError(ILogger, string?, params object?[])' (https://learn.microsoft.com/dotnet/fundamentals/code-analysis/quality-rules/ca1848) [E:\github\FunWasHad\src\FWH.Mobile\FWH.Mobile\FWH.Mobile.csproj]
E:\github\FunWasHad\src\FWH.Mobile\FWH.Mobile\Services\ApiAuthenticationService.cs(84,21): warning CA1848: For improved performance, use the LoggerMessage delegates instead of calling 'LoggerExtensions.LogWarning(ILogger, Exception?, string?, params object?[])' (https://learn.microsoft.com/dotnet/fundamentals/code-analysis/quality-rules/ca1848) [E:\github\FunWasHad\src\FWH.Mobile\FWH.Mobile\FWH.Mobile.csproj]
E:\github\FunWasHad\src\FWH.Mobile\FWH.Mobile\Views\ChatInputControl.axaml.cs(41,20): warning CA1848: For improved performance, use the LoggerMessage delegates instead of calling 'LoggerExtensions.LogInformation(ILogger, string?, params object?[])' (https://learn.microsoft.com/dotnet/fundamentals/code-analysis/quality-rules/ca1848) [E:\github\FunWasHad\src\FWH.Mobile\FWH.Mobile\FWH.Mobile.csproj]
E:\github\FunWasHad\src\FWH.Mobile\FWH.Mobile\Views\ChatInputControl.axaml.cs(49,24): warning CA1848: For improved performance, use the LoggerMessage delegates instead of calling 'LoggerExtensions.LogError(ILogger, string?, params object?[])' (https://learn.microsoft.com/dotnet/fundamentals/code-analysis/quality-rules/ca1848) [E:\github\FunWasHad\src\FWH.Mobile\FWH.Mobile\FWH.Mobile.csproj]
E:\github\FunWasHad\src\FWH.Mobile\FWH.Mobile\Views\ChatInputControl.axaml.cs(55,20): warning CA1848: For improved performance, use the LoggerMessage delegates instead of calling 'LoggerExtensions.LogDebug(ILogger, string?, params object?[])' (https://learn.microsoft.com/dotnet/fundamentals/code-analysis/quality-rules/ca1848) [E:\github\FunWasHad\src\FWH.Mobile\FWH.Mobile\FWH.Mobile.csproj]
E:\github\FunWasHad\src\FWH.Mobile\FWH.Mobile\Views\ChatInputControl.axaml.cs(56,20): warning CA1848: For improved performance, use the LoggerMessage delegates instead of calling 'LoggerExtensions.LogInformation(ILogger, string?, params object?[])' (https://learn.microsoft.com/dotnet/fundamentals/code-analysis/quality-rules/ca1848) [E:\github\FunWasHad\src\FWH.Mobile\FWH.Mobile\FWH.Mobile.csproj]
E:\github\FunWasHad\src\FWH.Mobile\FWH.Mobile\Views\ChatInputControl.axaml.cs(62,20): warning CA1848: For improved performance, use the LoggerMessage delegates instead of calling 'LoggerExtensions.LogInformation(ILogger, string?, params object?[])' (https://learn.microsoft.com/dotnet/fundamentals/code-analysis/quality-rules/ca1848) [E:\github\FunWasHad\src\FWH.Mobile\FWH.Mobile\FWH.Mobile.csproj]
E:\github\FunWasHad\src\FWH.Mobile\FWH.Mobile\Views\ChatInputControl.axaml.cs(80,32): warning CA1848: For improved performance, use the LoggerMessage delegates instead of calling 'LoggerExtensions.LogDebug(ILogger, string?, params object?[])' (https://learn.microsoft.com/dotnet/fundamentals/code-analysis/quality-rules/ca1848) [E:\github\FunWasHad\src\FWH.Mobile\FWH.Mobile\FWH.Mobile.csproj]
E:\github\FunWasHad\src\FWH.Mobile\FWH.Mobile\Views\ChatInputControl.axaml.cs(84,32): warning CA1848: For improved performance, use the LoggerMessage delegates instead of calling 'LoggerExtensions.LogWarning(ILogger, Exception?, string?, params object?[])' (https://learn.microsoft.com/dotnet/fundamentals/code-analysis/quality-rules/ca1848) [E:\github\FunWasHad\src\FWH.Mobile\FWH.Mobile\FWH.Mobile.csproj]
E:\github\FunWasHad\src\FWH.Mobile\FWH.Mobile\Views\ChatInputControl.axaml.cs(101,24): warning CA1848: For improved performance, use the LoggerMessage delegates instead of calling 'LoggerExtensions.LogWarning(ILogger, string?, params object?[])' (https://learn.microsoft.com/dotnet/fundamentals/code-analysis/quality-rules/ca1848) [E:\github\FunWasHad\src\FWH.Mobile\FWH.Mobile\FWH.Mobile.csproj]
E:\github\FunWasHad\src\FWH.Mobile\FWH.Mobile\Views\ChatInputControl.axaml.cs(108,20): warning CA1848: For improved performance, use the LoggerMessage delegates instead of calling 'LoggerExtensions.LogError(ILogger, Exception?, string?, params object?[])' (https://learn.microsoft.com/dotnet/fundamentals/code-analysis/quality-rules/ca1848) [E:\github\FunWasHad\src\FWH.Mobile\FWH.Mobile\FWH.Mobile.csproj]
E:\github\FunWasHad\src\FWH.Mobile\FWH.Mobile\Views\ChatInputControl.axaml.cs(139,20): warning CA1848: For improved performance, use the LoggerMessage delegates instead of calling 'LoggerExtensions.LogError(ILogger, Exception?, string?, params object?[])' (https://learn.microsoft.com/dotnet/fundamentals/code-analysis/quality-rules/ca1848) [E:\github\FunWasHad\src\FWH.Mobile\FWH.Mobile\FWH.Mobile.csproj]
E:\github\FunWasHad\src\FWH.Mobile\FWH.Mobile\Views\ChatInputControl.axaml.cs(136,9): warning CA1031: Modify 'OnImageCaptured' to catch a more specific allowed exception type, or rethrow the exception (https://learn.microsoft.com/dotnet/fundamentals/code-analysis/quality-rules/ca1031) [E:\github\FunWasHad\src\FWH.Mobile\FWH.Mobile\FWH.Mobile.csproj]
E:\github\FunWasHad\src\FWH.Mobile\FWH.Mobile\Services\ChatNotificationService.cs(44,17): warning CA1848: For improved performance, use the LoggerMessage delegates instead of calling 'LoggerExtensions.LogInformation(ILogger, string?, params object?[])' (https://learn.microsoft.com/dotnet/fundamentals/code-analysis/quality-rules/ca1848) [E:\github\FunWasHad\src\FWH.Mobile\FWH.Mobile\FWH.Mobile.csproj]
E:\github\FunWasHad\src\FWH.Mobile\FWH.Mobile\Services\ChatNotificationService.cs(54,17): warning CA1848: For improved performance, use the LoggerMessage delegates instead of calling 'LoggerExtensions.LogWarning(ILogger, string?, params object?[])' (https://learn.microsoft.com/dotnet/fundamentals/code-analysis/quality-rules/ca1848) [E:\github\FunWasHad\src\FWH.Mobile\FWH.Mobile\FWH.Mobile.csproj]
E:\github\FunWasHad\src\FWH.Mobile\FWH.Mobile\Services\ApiAuthenticationService.cs(82,9): warning CA1031: Modify 'GenerateRequestSignature' to catch a more specific allowed exception type, or rethrow the exception (https://learn.microsoft.com/dotnet/fundamentals/code-analysis/quality-rules/ca1031) [E:\github\FunWasHad\src\FWH.Mobile\FWH.Mobile\FWH.Mobile.csproj]
E:\github\FunWasHad\src\FWH.Mobile\FWH.Mobile\Services\ThemeService.cs(80,9): warning CA1031: Modify 'ApplyBusinessThemeAsync' to catch a more specific allowed exception type, or rethrow the exception (https://learn.microsoft.com/dotnet/fundamentals/code-analysis/quality-rules/ca1031) [E:\github\FunWasHad\src\FWH.Mobile\FWH.Mobile\FWH.Mobile.csproj]
E:\github\FunWasHad\src\FWH.Mobile\FWH.Mobile\App.axaml.cs(288,24): warning CA1848: For improved performance, use the LoggerMessage delegates instead of calling 'LoggerExtensions.LogDebug(ILogger, string?, params object?[])' (https://learn.microsoft.com/dotnet/fundamentals/code-analysis/quality-rules/ca1848) [E:\github\FunWasHad\src\FWH.Mobile\FWH.Mobile\FWH.Mobile.csproj]
E:\github\FunWasHad\src\FWH.Mobile\FWH.Mobile\App.axaml.cs(295,20): warning CA1848: For improved performance, use the LoggerMessage delegates instead of calling 'LoggerExtensions.LogWarning(ILogger, Exception?, string?, params object?[])' (https://learn.microsoft.com/dotnet/fundamentals/code-analysis/quality-rules/ca1848) [E:\github\FunWasHad\src\FWH.Mobile\FWH.Mobile\FWH.Mobile.csproj]
E:\github\FunWasHad\src\FWH.Mobile\FWH.Mobile\Services\ActivityTrackingService.cs(89,9): warning CA1848: For improved performance, use the LoggerMessage delegates instead of calling 'LoggerExtensions.LogInformation(ILogger, string?, params object?[])' (https://learn.microsoft.com/dotnet/fundamentals/code-analysis/quality-rules/ca1848) [E:\github\FunWasHad\src\FWH.Mobile\FWH.Mobile\FWH.Mobile.csproj]
E:\github\FunWasHad\src\FWH.Mobile\FWH.Mobile\Views\ChatInputControl.axaml.cs(82,21): warning CA1031: Modify 'OnCameraRequested' to catch a more specific allowed exception type, or rethrow the exception (https://learn.microsoft.com/dotnet/fundamentals/code-analysis/quality-rules/ca1031) [E:\github\FunWasHad\src\FWH.Mobile\FWH.Mobile\FWH.Mobile.csproj]
E:\github\FunWasHad\src\FWH.Mobile\FWH.Mobile\Views\ChatInputControl.axaml.cs(105,9): warning CA1031: Modify 'OnCameraRequested' to catch a more specific allowed exception type, or rethrow the exception (https://learn.microsoft.com/dotnet/fundamentals/code-analysis/quality-rules/ca1031) [E:\github\FunWasHad\src\FWH.Mobile\FWH.Mobile\FWH.Mobile.csproj]
E:\github\FunWasHad\src\FWH.Mobile\FWH.Mobile\Services\ActivityTrackingService.cs(105,9): warning CA1848: For improved performance, use the LoggerMessage delegates instead of calling 'LoggerExtensions.LogInformation(ILogger, string?, params object?[])' (https://learn.microsoft.com/dotnet/fundamentals/code-analysis/quality-rules/ca1848) [E:\github\FunWasHad\src\FWH.Mobile\FWH.Mobile\FWH.Mobile.csproj]
E:\github\FunWasHad\src\FWH.Mobile\FWH.Mobile\App.axaml.cs(416,13): warning CA1848: For improved performance, use the LoggerMessage delegates instead of calling 'LoggerExtensions.LogDebug(ILogger, string?, params object?[])' (https://learn.microsoft.com/dotnet/fundamentals/code-analysis/quality-rules/ca1848) [E:\github\FunWasHad\src\FWH.Mobile\FWH.Mobile\FWH.Mobile.csproj]
E:\github\FunWasHad\src\FWH.Mobile\FWH.Mobile\App.axaml.cs(421,13): warning CA1848: For improved performance, use the LoggerMessage delegates instead of calling 'LoggerExtensions.LogInformation(ILogger, string?, params object?[])' (https://learn.microsoft.com/dotnet/fundamentals/code-analysis/quality-rules/ca1848) [E:\github\FunWasHad\src\FWH.Mobile\FWH.Mobile\FWH.Mobile.csproj]
E:\github\FunWasHad\src\FWH.Mobile\FWH.Mobile\App.axaml.cs(429,13): warning CA1848: For improved performance, use the LoggerMessage delegates instead of calling 'LoggerExtensions.LogError(ILogger, Exception?, string?, params object?[])' (https://learn.microsoft.com/dotnet/fundamentals/code-analysis/quality-rules/ca1848) [E:\github\FunWasHad\src\FWH.Mobile\FWH.Mobile\FWH.Mobile.csproj]
E:\github\FunWasHad\src\FWH.Mobile\FWH.Mobile\Services\ActivityTrackingService.cs(112,13): warning CA1848: For improved performance, use the LoggerMessage delegates instead of calling 'LoggerExtensions.LogInformation(ILogger, string?, params object?[])' (https://learn.microsoft.com/dotnet/fundamentals/code-analysis/quality-rules/ca1848) [E:\github\FunWasHad\src\FWH.Mobile\FWH.Mobile\FWH.Mobile.csproj]
E:\github\FunWasHad\src\FWH.Mobile\FWH.Mobile\Services\ActivityTrackingService.cs(158,13): warning CA1848: For improved performance, use the LoggerMessage delegates instead of calling 'LoggerExtensions.LogError(ILogger, Exception?, string?, params object?[])' (https://learn.microsoft.com/dotnet/fundamentals/code-analysis/quality-rules/ca1848) [E:\github\FunWasHad\src\FWH.Mobile\FWH.Mobile\FWH.Mobile.csproj]
E:\github\FunWasHad\src\FWH.Mobile\FWH.Mobile\App.axaml.cs(427,31): warning CA2000: Call System.IDisposable.Dispose on object created by 'ServiceProvider.CreateScope()' before all references to it are out of scope (https://learn.microsoft.com/dotnet/fundamentals/code-analysis/quality-rules/ca2000) [E:\github\FunWasHad\src\FWH.Mobile\FWH.Mobile\FWH.Mobile.csproj]
E:\github\FunWasHad\src\FWH.Mobile\FWH.Mobile\Logging\AvaloniaLoggerProvider.cs(142,39): warning CA1845: Use span-based 'string.Concat' and 'AsSpan' instead of 'Substring' (https://learn.microsoft.com/dotnet/fundamentals/code-analysis/quality-rules/ca1845) [E:\github\FunWasHad\src\FWH.Mobile\FWH.Mobile\FWH.Mobile.csproj]
E:\github\FunWasHad\src\FWH.Mobile\FWH.Mobile\Services\ActivityTrackingService.cs(176,9): warning CA1848: For improved performance, use the LoggerMessage delegates instead of calling 'LoggerExtensions.LogInformation(ILogger, string?, params object?[])' (https://learn.microsoft.com/dotnet/fundamentals/code-analysis/quality-rules/ca1848) [E:\github\FunWasHad\src\FWH.Mobile\FWH.Mobile\FWH.Mobile.csproj]
E:\github\FunWasHad\src\FWH.Mobile\FWH.Mobile\Views\PlacesView.axaml.cs(37,13): warning CA1031: Modify '.ctor' to catch a more specific allowed exception type, or rethrow the exception (https://learn.microsoft.com/dotnet/fundamentals/code-analysis/quality-rules/ca1031) [E:\github\FunWasHad\src\FWH.Mobile\FWH.Mobile\FWH.Mobile.csproj]
E:\github\FunWasHad\src\FWH.Mobile\FWH.Mobile\Services\ActivityTrackingService.cs(191,9): warning CA1848: For improved performance, use the LoggerMessage delegates instead of calling 'LoggerExtensions.LogInformation(ILogger, string?, params object?[])' (https://learn.microsoft.com/dotnet/fundamentals/code-analysis/quality-rules/ca1848) [E:\github\FunWasHad\src\FWH.Mobile\FWH.Mobile\FWH.Mobile.csproj]
E:\github\FunWasHad\src\FWH.Mobile\FWH.Mobile\Services\ThemeService.cs(114,17): warning CA1848: For improved performance, use the LoggerMessage delegates instead of calling 'LoggerExtensions.LogDebug(ILogger, string?, params object?[])' (https://learn.microsoft.com/dotnet/fundamentals/code-analysis/quality-rules/ca1848) [E:\github\FunWasHad\src\FWH.Mobile\FWH.Mobile\FWH.Mobile.csproj]
E:\github\FunWasHad\src\FWH.Mobile\FWH.Mobile\Services\ThemeService.cs(122,13): warning CA1848: For improved performance, use the LoggerMessage delegates instead of calling 'LoggerExtensions.LogInformation(ILogger, string?, params object?[])' (https://learn.microsoft.com/dotnet/fundamentals/code-analysis/quality-rules/ca1848) [E:\github\FunWasHad\src\FWH.Mobile\FWH.Mobile\FWH.Mobile.csproj]
E:\github\FunWasHad\src\FWH.Mobile\FWH.Mobile\Services\ThemeService.cs(129,13): warning CA1848: For improved performance, use the LoggerMessage delegates instead of calling 'LoggerExtensions.LogWarning(ILogger, Exception?, string?, params object?[])' (https://learn.microsoft.com/dotnet/fundamentals/code-analysis/quality-rules/ca1848) [E:\github\FunWasHad\src\FWH.Mobile\FWH.Mobile\FWH.Mobile.csproj]
E:\github\FunWasHad\src\FWH.Mobile\FWH.Mobile\Services\ThemeService.cs(134,13): warning CA1848: For improved performance, use the LoggerMessage delegates instead of calling 'LoggerExtensions.LogWarning(ILogger, Exception?, string?, params object?[])' (https://learn.microsoft.com/dotnet/fundamentals/code-analysis/quality-rules/ca1848) [E:\github\FunWasHad\src\FWH.Mobile\FWH.Mobile\FWH.Mobile.csproj]
E:\github\FunWasHad\src\FWH.Mobile\FWH.Mobile\Services\ThemeService.cs(139,13): warning CA1848: For improved performance, use the LoggerMessage delegates instead of calling 'LoggerExtensions.LogInformation(ILogger, string?, params object?[])' (https://learn.microsoft.com/dotnet/fundamentals/code-analysis/quality-rules/ca1848) [E:\github\FunWasHad\src\FWH.Mobile\FWH.Mobile\FWH.Mobile.csproj]
E:\github\FunWasHad\src\FWH.Mobile\FWH.Mobile\Services\ThemeService.cs(144,13): warning CA1848: For improved performance, use the LoggerMessage delegates instead of calling 'LoggerExtensions.LogError(ILogger, Exception?, string?, params object?[])' (https://learn.microsoft.com/dotnet/fundamentals/code-analysis/quality-rules/ca1848) [E:\github\FunWasHad\src\FWH.Mobile\FWH.Mobile\FWH.Mobile.csproj]
E:\github\FunWasHad\src\FWH.Mobile\FWH.Mobile\Services\ThemeService.cs(168,9): warning CA1848: For improved performance, use the LoggerMessage delegates instead of calling 'LoggerExtensions.LogInformation(ILogger, string?, params object?[])' (https://learn.microsoft.com/dotnet/fundamentals/code-analysis/quality-rules/ca1848) [E:\github\FunWasHad\src\FWH.Mobile\FWH.Mobile\FWH.Mobile.csproj]
E:\github\FunWasHad\src\FWH.Mobile\FWH.Mobile\Services\IImageService.cs(19,17): warning CA1054: Change the type of parameter 'sourceUrl' of method 'IImageService.StoreImageAsync(byte[], string, [string], [string], [long?], [string], [string])' from 'string' to 'System.Uri', or provide an overload to 'IImageService.StoreImageAsync(byte[], string, [string], [string], [long?], [string], [string])' that allows 'sourceUrl' to be passed as a 'System.Uri' object (https://learn.microsoft.com/dotnet/fundamentals/code-analysis/quality-rules/ca1054) [E:\github\FunWasHad\src\FWH.Mobile\FWH.Mobile\FWH.Mobile.csproj]
E:\github\FunWasHad\src\FWH.Mobile\FWH.Mobile\Services\IImageService.cs(38,43): warning CA1054: Change the type of parameter 'sourceUrl' of method 'IImageService.GetImageUriAsync(string, string, [string], [long?])' from 'string' to 'System.Uri', or provide an overload to 'IImageService.GetImageUriAsync(string, string, [string], [long?])' that allows 'sourceUrl' to be passed as a 'System.Uri' object (https://learn.microsoft.com/dotnet/fundamentals/code-analysis/quality-rules/ca1054) [E:\github\FunWasHad\src\FWH.Mobile\FWH.Mobile\FWH.Mobile.csproj]
E:\github\FunWasHad\src\FWH.Mobile\FWH.Mobile\Services\IImageService.cs(11,40): warning CA1054: Change the type of parameter 'sourceUrl' of method 'IImageService.GetImageAsync(string, string, [string], [long?])' from 'string' to 'System.Uri', or provide an overload to 'IImageService.GetImageAsync(string, string, [string], [long?])' that allows 'sourceUrl' to be passed as a 'System.Uri' object (https://learn.microsoft.com/dotnet/fundamentals/code-analysis/quality-rules/ca1054) [E:\github\FunWasHad\src\FWH.Mobile\FWH.Mobile\FWH.Mobile.csproj]
E:\github\FunWasHad\src\FWH.Mobile\FWH.Mobile\Services\ActivityTrackingService.cs(206,9): warning CA1848: For improved performance, use the LoggerMessage delegates instead of calling 'LoggerExtensions.LogInformation(ILogger, string?, params object?[])' (https://learn.microsoft.com/dotnet/fundamentals/code-analysis/quality-rules/ca1848) [E:\github\FunWasHad\src\FWH.Mobile\FWH.Mobile\FWH.Mobile.csproj]
E:\github\FunWasHad\src\FWH.Mobile\FWH.Mobile\Services\ActivityTrackingService.cs(217,9): warning CA1848: For improved performance, use the LoggerMessage delegates instead of calling 'LoggerExtensions.LogInformation(ILogger, string?, params object?[])' (https://learn.microsoft.com/dotnet/fundamentals/code-analysis/quality-rules/ca1848) [E:\github\FunWasHad\src\FWH.Mobile\FWH.Mobile\FWH.Mobile.csproj]
E:\github\FunWasHad\src\FWH.Mobile\FWH.Mobile\App.axaml.cs(344,9): warning CA1031: Modify 'TryRegisterPlatformCameraServices' to catch a more specific allowed exception type, or rethrow the exception (https://learn.microsoft.com/dotnet/fundamentals/code-analysis/quality-rules/ca1031) [E:\github\FunWasHad\src\FWH.Mobile\FWH.Mobile\FWH.Mobile.csproj]
E:\github\FunWasHad\src\FWH.Mobile\FWH.Mobile\App.axaml.cs(368,9): warning CA1031: Modify 'TryRegisterPlatformCameraServices' to catch a more specific allowed exception type, or rethrow the exception (https://learn.microsoft.com/dotnet/fundamentals/code-analysis/quality-rules/ca1031) [E:\github\FunWasHad\src\FWH.Mobile\FWH.Mobile\FWH.Mobile.csproj]
E:\github\FunWasHad\src\FWH.Mobile\FWH.Mobile\App.axaml.cs(388,9): warning CA1031: Modify 'TryRegisterPlatformCameraServices' to catch a more specific allowed exception type, or rethrow the exception (https://learn.microsoft.com/dotnet/fundamentals/code-analysis/quality-rules/ca1031) [E:\github\FunWasHad\src\FWH.Mobile\FWH.Mobile\FWH.Mobile.csproj]
E:\github\FunWasHad\src\FWH.Mobile\FWH.Mobile\Services\ThemeService.cs(142,9): warning CA1031: Modify 'ApplyCityThemeAsync' to catch a more specific allowed exception type, or rethrow the exception (https://learn.microsoft.com/dotnet/fundamentals/code-analysis/quality-rules/ca1031) [E:\github\FunWasHad\src\FWH.Mobile\FWH.Mobile\FWH.Mobile.csproj]
E:\github\FunWasHad\src\FWH.Mobile\FWH.Mobile\App.axaml.cs(292,9): warning CA1031: Modify 'LoadAndroidAsset' to catch a more specific allowed exception type, or rethrow the exception (https://learn.microsoft.com/dotnet/fundamentals/code-analysis/quality-rules/ca1031) [E:\github\FunWasHad\src\FWH.Mobile\FWH.Mobile\FWH.Mobile.csproj]
E:\github\FunWasHad\src\FWH.Mobile\FWH.Mobile\Services\ActivityTrackingService.cs(156,9): warning CA1031: Modify 'OnMovementStateChanged' to catch a more specific allowed exception type, or rethrow the exception (https://learn.microsoft.com/dotnet/fundamentals/code-analysis/quality-rules/ca1031) [E:\github\FunWasHad\src\FWH.Mobile\FWH.Mobile\FWH.Mobile.csproj]
E:\github\FunWasHad\src\FWH.Mobile\FWH.Mobile\Services\ThemeService.cs(180,13): warning CA1848: For improved performance, use the LoggerMessage delegates instead of calling 'LoggerExtensions.LogWarning(ILogger, string?, params object?[])' (https://learn.microsoft.com/dotnet/fundamentals/code-analysis/quality-rules/ca1848) [E:\github\FunWasHad\src\FWH.Mobile\FWH.Mobile\FWH.Mobile.csproj]
E:\github\FunWasHad\src\FWH.Mobile\FWH.Mobile\Views\MovementStateControl.axaml.cs(58,36): warning CA2000: Call System.IDisposable.Dispose on object created by 'OpenStreetMap.CreateTileLayer()' before all references to it are out of scope (https://learn.microsoft.com/dotnet/fundamentals/code-analysis/quality-rules/ca2000) [E:\github\FunWasHad\src\FWH.Mobile\FWH.Mobile\FWH.Mobile.csproj]
E:\github\FunWasHad\src\FWH.Mobile\FWH.Mobile\ViewModels\ChatConverters.cs(70,9): warning CA1031: Modify 'Convert' to catch a more specific allowed exception type, or rethrow the exception (https://learn.microsoft.com/dotnet/fundamentals/code-analysis/quality-rules/ca1031) [E:\github\FunWasHad\src\FWH.Mobile\FWH.Mobile\FWH.Mobile.csproj]
E:\github\FunWasHad\src\FWH.Mobile\FWH.Mobile\ViewModels\CameraCaptureViewModel.cs(59,25): warning CA1848: For improved performance, use the LoggerMessage delegates instead of calling 'LoggerExtensions.LogWarning(ILogger, Exception?, string?, params object?[])' (https://learn.microsoft.com/dotnet/fundamentals/code-analysis/quality-rules/ca1848) [E:\github\FunWasHad\src\FWH.Mobile\FWH.Mobile\FWH.Mobile.csproj]
E:\github\FunWasHad\src\FWH.Mobile\FWH.Mobile\ViewModels\CameraCaptureViewModel.cs(88,21): warning CA1848: For improved performance, use the LoggerMessage delegates instead of calling 'LoggerExtensions.LogError(ILogger, Exception?, string?, params object?[])' (https://learn.microsoft.com/dotnet/fundamentals/code-analysis/quality-rules/ca1848) [E:\github\FunWasHad\src\FWH.Mobile\FWH.Mobile\FWH.Mobile.csproj]
E:\github\FunWasHad\src\FWH.Mobile\FWH.Mobile\Services\LocationApiClient.cs(81,13): warning CA1848: For improved performance, use the LoggerMessage delegates instead of calling 'LoggerExtensions.LogError(ILogger, Exception?, string?, params object?[])' (https://learn.microsoft.com/dotnet/fundamentals/code-analysis/quality-rules/ca1848) [E:\github\FunWasHad\src\FWH.Mobile\FWH.Mobile\FWH.Mobile.csproj]
E:\github\FunWasHad\src\FWH.Mobile\FWH.Mobile\Views\MapView.axaml.cs(69,36): warning CA2000: Call System.IDisposable.Dispose on object created by 'OpenStreetMap.CreateTileLayer()' before all references to it are out of scope (https://learn.microsoft.com/dotnet/fundamentals/code-analysis/quality-rules/ca2000) [E:\github\FunWasHad\src\FWH.Mobile\FWH.Mobile\FWH.Mobile.csproj]
E:\github\FunWasHad\src\FWH.Mobile\FWH.Mobile\Services\ImageService.cs(44,17): warning CA1848: For improved performance, use the LoggerMessage delegates instead of calling 'LoggerExtensions.LogDebug(ILogger, string?, params object?[])' (https://learn.microsoft.com/dotnet/fundamentals/code-analysis/quality-rules/ca1848) [E:\github\FunWasHad\src\FWH.Mobile\FWH.Mobile\FWH.Mobile.csproj]
E:\github\FunWasHad\src\FWH.Mobile\FWH.Mobile\Services\ImageService.cs(51,17): warning CA1848: For improved performance, use the LoggerMessage delegates instead of calling 'LoggerExtensions.LogWarning(ILogger, string?, params object?[])' (https://learn.microsoft.com/dotnet/fundamentals/code-analysis/quality-rules/ca1848) [E:\github\FunWasHad\src\FWH.Mobile\FWH.Mobile\FWH.Mobile.csproj]
E:\github\FunWasHad\src\FWH.Mobile\FWH.Mobile\Services\ImageService.cs(61,17): warning CA1848: For improved performance, use the LoggerMessage delegates instead of calling 'LoggerExtensions.LogWarning(ILogger, string?, params object?[])' (https://learn.microsoft.com/dotnet/fundamentals/code-analysis/quality-rules/ca1848) [E:\github\FunWasHad\src\FWH.Mobile\FWH.Mobile\FWH.Mobile.csproj]
E:\github\FunWasHad\src\FWH.Mobile\FWH.Mobile\Services\ImageService.cs(77,13): warning CA1848: For improved performance, use the LoggerMessage delegates instead of calling 'LoggerExtensions.LogInformation(ILogger, string?, params object?[])' (https://learn.microsoft.com/dotnet/fundamentals/code-analysis/quality-rules/ca1848) [E:\github\FunWasHad\src\FWH.Mobile\FWH.Mobile\FWH.Mobile.csproj]
E:\github\FunWasHad\src\FWH.Mobile\FWH.Mobile\Services\ImageService.cs(84,13): warning CA1848: For improved performance, use the LoggerMessage delegates instead of calling 'LoggerExtensions.LogError(ILogger, Exception?, string?, params object?[])' (https://learn.microsoft.com/dotnet/fundamentals/code-analysis/quality-rules/ca1848) [E:\github\FunWasHad\src\FWH.Mobile\FWH.Mobile\FWH.Mobile.csproj]
E:\github\FunWasHad\src\FWH.Mobile\FWH.Mobile\App.axaml.cs(485,28): warning CA1848: For improved performance, use the LoggerMessage delegates instead of calling 'LoggerExtensions.LogWarning(ILogger, string?, params object?[])' (https://learn.microsoft.com/dotnet/fundamentals/code-analysis/quality-rules/ca1848) [E:\github\FunWasHad\src\FWH.Mobile\FWH.Mobile\FWH.Mobile.csproj]
E:\github\FunWasHad\src\FWH.Mobile\FWH.Mobile\App.axaml.cs(490,28): warning CA1848: For improved performance, use the LoggerMessage delegates instead of calling 'LoggerExtensions.LogError(ILogger, Exception?, string?, params object?[])' (https://learn.microsoft.com/dotnet/fundamentals/code-analysis/quality-rules/ca1848) [E:\github\FunWasHad\src\FWH.Mobile\FWH.Mobile\FWH.Mobile.csproj]
E:\github\FunWasHad\src\FWH.Mobile\FWH.Mobile\App.axaml.cs(524,28): warning CA1848: For improved performance, use the LoggerMessage delegates instead of calling 'LoggerExtensions.LogWarning(ILogger, string?, params object?[])' (https://learn.microsoft.com/dotnet/fundamentals/code-analysis/quality-rules/ca1848) [E:\github\FunWasHad\src\FWH.Mobile\FWH.Mobile\FWH.Mobile.csproj]
E:\github\FunWasHad\src\FWH.Mobile\FWH.Mobile\App.axaml.cs(529,28): warning CA1848: For improved performance, use the LoggerMessage delegates instead of calling 'LoggerExtensions.LogError(ILogger, Exception?, string?, params object?[])' (https://learn.microsoft.com/dotnet/fundamentals/code-analysis/quality-rules/ca1848) [E:\github\FunWasHad\src\FWH.Mobile\FWH.Mobile\FWH.Mobile.csproj]
E:\github\FunWasHad\src\FWH.Mobile\FWH.Mobile\Services\ActivityTrackingService.cs(234,9): warning CA1848: For improved performance, use the LoggerMessage delegates instead of calling 'LoggerExtensions.LogInformation(ILogger, string?, params object?[])' (https://learn.microsoft.com/dotnet/fundamentals/code-analysis/quality-rules/ca1848) [E:\github\FunWasHad\src\FWH.Mobile\FWH.Mobile\FWH.Mobile.csproj]
E:\github\FunWasHad\src\FWH.Mobile\FWH.Mobile\Services\ImageService.cs(82,9): warning CA1031: Modify 'GetImageAsync' to catch a more specific allowed exception type, or rethrow the exception (https://learn.microsoft.com/dotnet/fundamentals/code-analysis/quality-rules/ca1031) [E:\github\FunWasHad\src\FWH.Mobile\FWH.Mobile\FWH.Mobile.csproj]
E:\github\FunWasHad\src\FWH.Mobile\FWH.Mobile\Services\ThemeService.cs(244,9): warning CA1031: Modify 'TryParseColor' to catch a more specific allowed exception type, or rethrow the exception (https://learn.microsoft.com/dotnet/fundamentals/code-analysis/quality-rules/ca1031) [E:\github\FunWasHad\src\FWH.Mobile\FWH.Mobile\FWH.Mobile.csproj]
E:\github\FunWasHad\src\FWH.Mobile\FWH.Mobile\Services\LocationTrackingService.cs(81,13): warning CA1848: For improved performance, use the LoggerMessage delegates instead of calling 'LoggerExtensions.LogWarning(ILogger, string?, params object?[])' (https://learn.microsoft.com/dotnet/fundamentals/code-analysis/quality-rules/ca1848) [E:\github\FunWasHad\src\FWH.Mobile\FWH.Mobile\FWH.Mobile.csproj]
E:\github\FunWasHad\src\FWH.Mobile\FWH.Mobile\App.axaml.cs(598,9): warning CA1031: Modify 'InitializeWorkflowAsync' to catch a more specific allowed exception type, or rethrow the exception (https://learn.microsoft.com/dotnet/fundamentals/code-analysis/quality-rules/ca1031) [E:\github\FunWasHad\src\FWH.Mobile\FWH.Mobile\FWH.Mobile.csproj]
E:\github\FunWasHad\src\FWH.Mobile\FWH.Mobile\ViewModels\MainViewModel.cs(22,17): warning CA1822: Member 'ShowLogViewAlways' does not access instance data and can be marked as static (https://learn.microsoft.com/dotnet/fundamentals/code-analysis/quality-rules/ca1822) [E:\github\FunWasHad\src\FWH.Mobile\FWH.Mobile\FWH.Mobile.csproj]
E:\github\FunWasHad\src\FWH.Mobile\FWH.Mobile\ViewModels\PlacesViewModel.cs(145,13): warning CA1848: For improved performance, use the LoggerMessage delegates instead of calling 'LoggerExtensions.LogInformation(ILogger, string?, params object?[])' (https://learn.microsoft.com/dotnet/fundamentals/code-analysis/quality-rules/ca1848) [E:\github\FunWasHad\src\FWH.Mobile\FWH.Mobile\FWH.Mobile.csproj]
E:\github\FunWasHad\src\FWH.Mobile\FWH.Mobile\ViewModels\PlacesViewModel.cs(150,17): warning CA1848: For improved performance, use the LoggerMessage delegates instead of calling 'LoggerExtensions.LogDebug(ILogger, string?, params object?[])' (https://learn.microsoft.com/dotnet/fundamentals/code-analysis/quality-rules/ca1848) [E:\github\FunWasHad\src\FWH.Mobile\FWH.Mobile\FWH.Mobile.csproj]
E:\github\FunWasHad\src\FWH.Mobile\FWH.Mobile\ViewModels\PlacesViewModel.cs(163,13): warning CA1848: For improved performance, use the LoggerMessage delegates instead of calling 'LoggerExtensions.LogError(ILogger, Exception?, string?, params object?[])' (https://learn.microsoft.com/dotnet/fundamentals/code-analysis/quality-rules/ca1848) [E:\github\FunWasHad\src\FWH.Mobile\FWH.Mobile\FWH.Mobile.csproj]
E:\github\FunWasHad\src\FWH.Mobile\FWH.Mobile\ViewModels\PlacesViewModel.cs(167,13): warning CA1848: For improved performance, use the LoggerMessage delegates instead of calling 'LoggerExtensions.LogInformation(ILogger, string?, params object?[])' (https://learn.microsoft.com/dotnet/fundamentals/code-analysis/quality-rules/ca1848) [E:\github\FunWasHad\src\FWH.Mobile\FWH.Mobile\FWH.Mobile.csproj]
E:\github\FunWasHad\src\FWH.Mobile\FWH.Mobile\ViewModels\PlacesViewModel.cs(171,13): warning CA1848: For improved performance, use the LoggerMessage delegates instead of calling 'LoggerExtensions.LogError(ILogger, Exception?, string?, params object?[])' (https://learn.microsoft.com/dotnet/fundamentals/code-analysis/quality-rules/ca1848) [E:\github\FunWasHad\src\FWH.Mobile\FWH.Mobile\FWH.Mobile.csproj]
E:\github\FunWasHad\src\FWH.Mobile\FWH.Mobile\App.axaml.cs(487,17): warning CA1031: Modify 'OnFrameworkInitializationCompleted' to catch a more specific allowed exception type, or rethrow the exception (https://learn.microsoft.com/dotnet/fundamentals/code-analysis/quality-rules/ca1031) [E:\github\FunWasHad\src\FWH.Mobile\FWH.Mobile\FWH.Mobile.csproj]
E:\github\FunWasHad\src\FWH.Mobile\FWH.Mobile\App.axaml.cs(526,17): warning CA1031: Modify 'OnFrameworkInitializationCompleted' to catch a more specific allowed exception type, or rethrow the exception (https://learn.microsoft.com/dotnet/fundamentals/code-analysis/quality-rules/ca1031) [E:\github\FunWasHad\src\FWH.Mobile\FWH.Mobile\FWH.Mobile.csproj]
E:\github\FunWasHad\src\FWH.Mobile\FWH.Mobile\Services\MovementStateLogger.cs(30,9): warning CA1848: For improved performance, use the LoggerMessage delegates instead of calling 'LoggerExtensions.LogDebug(ILogger, string?, params object?[])' (https://learn.microsoft.com/dotnet/fundamentals/code-analysis/quality-rules/ca1848) [E:\github\FunWasHad\src\FWH.Mobile\FWH.Mobile\FWH.Mobile.csproj]
E:\github\FunWasHad\src\FWH.Mobile\FWH.Mobile\ViewModels\CameraCaptureViewModel.cs(57,13): warning CA1031: Modify 'CapturePhotoAsync' to catch a more specific allowed exception type, or rethrow the exception (https://learn.microsoft.com/dotnet/fundamentals/code-analysis/quality-rules/ca1031) [E:\github\FunWasHad\src\FWH.Mobile\FWH.Mobile\FWH.Mobile.csproj]
E:\github\FunWasHad\src\FWH.Mobile\FWH.Mobile\ViewModels\CameraCaptureViewModel.cs(85,9): warning CA1031: Modify 'CapturePhotoAsync' to catch a more specific allowed exception type, or rethrow the exception (https://learn.microsoft.com/dotnet/fundamentals/code-analysis/quality-rules/ca1031) [E:\github\FunWasHad\src\FWH.Mobile\FWH.Mobile\FWH.Mobile.csproj]
E:\github\FunWasHad\src\FWH.Mobile\FWH.Mobile\Services\MovementStateLogger.cs(42,9): warning CA1848: For improved performance, use the LoggerMessage delegates instead of calling 'LoggerExtensions.LogDebug(ILogger, string?, params object?[])' (https://learn.microsoft.com/dotnet/fundamentals/code-analysis/quality-rules/ca1848) [E:\github\FunWasHad\src\FWH.Mobile\FWH.Mobile\FWH.Mobile.csproj]
E:\github\FunWasHad\src\FWH.Mobile\FWH.Mobile\ViewModels\MovementStateViewModel.cs(84,9): warning CA1848: For improved performance, use the LoggerMessage delegates instead of calling 'LoggerExtensions.LogDebug(ILogger, string?, params object?[])' (https://learn.microsoft.com/dotnet/fundamentals/code-analysis/quality-rules/ca1848) [E:\github\FunWasHad\src\FWH.Mobile\FWH.Mobile\FWH.Mobile.csproj]
E:\github\FunWasHad\src\FWH.Mobile\FWH.Mobile\ViewModels\MovementStateViewModel.cs(91,9): warning CA1848: For improved performance, use the LoggerMessage delegates instead of calling 'LoggerExtensions.LogDebug(ILogger, string?, params object?[])' (https://learn.microsoft.com/dotnet/fundamentals/code-analysis/quality-rules/ca1848) [E:\github\FunWasHad\src\FWH.Mobile\FWH.Mobile\FWH.Mobile.csproj]
E:\github\FunWasHad\src\FWH.Mobile\FWH.Mobile\App.axaml.cs(637,24): warning CA1848: For improved performance, use the LoggerMessage delegates instead of calling 'LoggerExtensions.LogWarning(ILogger, Exception?, string?, params object?[])' (https://learn.microsoft.com/dotnet/fundamentals/code-analysis/quality-rules/ca1848) [E:\github\FunWasHad\src\FWH.Mobile\FWH.Mobile\FWH.Mobile.csproj]
E:\github\FunWasHad\src\FWH.Mobile\FWH.Mobile\App.axaml.cs(662,20): warning CA1848: For improved performance, use the LoggerMessage delegates instead of calling 'LoggerExtensions.LogWarning(ILogger, Exception?, string?, params object?[])' (https://learn.microsoft.com/dotnet/fundamentals/code-analysis/quality-rules/ca1848) [E:\github\FunWasHad\src\FWH.Mobile\FWH.Mobile\FWH.Mobile.csproj]
E:\github\FunWasHad\src\FWH.Mobile\FWH.Mobile\Services\LocationWorkflowService.cs(44,13): warning CA1848: For improved performance, use the LoggerMessage delegates instead of calling 'LoggerExtensions.LogInformation(ILogger, string?, params object?[])' (https://learn.microsoft.com/dotnet/fundamentals/code-analysis/quality-rules/ca1848) [E:\github\FunWasHad\src\FWH.Mobile\FWH.Mobile\FWH.Mobile.csproj]
E:\github\FunWasHad\src\FWH.Mobile\FWH.Mobile\Services\LocationWorkflowService.cs(60,17): warning CA1848: For improved performance, use the LoggerMessage delegates instead of calling 'LoggerExtensions.LogInformation(ILogger, string?, params object?[])' (https://learn.microsoft.com/dotnet/fundamentals/code-analysis/quality-rules/ca1848) [E:\github\FunWasHad\src\FWH.Mobile\FWH.Mobile\FWH.Mobile.csproj]
E:\github\FunWasHad\src\FWH.Mobile\FWH.Mobile\Services\LocationWorkflowService.cs(71,17): warning CA1848: For improved performance, use the LoggerMessage delegates instead of calling 'LoggerExtensions.LogInformation(ILogger, string?, params object?[])' (https://learn.microsoft.com/dotnet/fundamentals/code-analysis/quality-rules/ca1848) [E:\github\FunWasHad\src\FWH.Mobile\FWH.Mobile\FWH.Mobile.csproj]
E:\github\FunWasHad\src\FWH.Mobile\FWH.Mobile\Services\LocationWorkflowService.cs(80,21): warning CA1848: For improved performance, use the LoggerMessage delegates instead of calling 'LoggerExtensions.LogWarning(ILogger, string?, params object?[])' (https://learn.microsoft.com/dotnet/fundamentals/code-analysis/quality-rules/ca1848) [E:\github\FunWasHad\src\FWH.Mobile\FWH.Mobile\FWH.Mobile.csproj]
E:\github\FunWasHad\src\FWH.Mobile\FWH.Mobile\Services\LocationWorkflowService.cs(93,17): warning CA1848: For improved performance, use the LoggerMessage delegates instead of calling 'LoggerExtensions.LogInformation(ILogger, string?, params object?[])' (https://learn.microsoft.com/dotnet/fundamentals/code-analysis/quality-rules/ca1848) [E:\github\FunWasHad\src\FWH.Mobile\FWH.Mobile\FWH.Mobile.csproj]
E:\github\FunWasHad\src\FWH.Mobile\FWH.Mobile\Services\LocationWorkflowService.cs(101,13): warning CA1848: For improved performance, use the LoggerMessage delegates instead of calling 'LoggerExtensions.LogError(ILogger, Exception?, string?, params object?[])' (https://learn.microsoft.com/dotnet/fundamentals/code-analysis/quality-rules/ca1848) [E:\github\FunWasHad\src\FWH.Mobile\FWH.Mobile\FWH.Mobile.csproj]
E:\github\FunWasHad\src\FWH.Mobile\FWH.Mobile\App.axaml.cs(547,13): warning CA1848: For improved performance, use the LoggerMessage delegates instead of calling 'LoggerExtensions.LogInformation(ILogger, string?, params object?[])' (https://learn.microsoft.com/dotnet/fundamentals/code-analysis/quality-rules/ca1848) [E:\github\FunWasHad\src\FWH.Mobile\FWH.Mobile\FWH.Mobile.csproj]
E:\github\FunWasHad\src\FWH.Mobile\FWH.Mobile\App.axaml.cs(553,13): warning CA1848: For improved performance, use the LoggerMessage delegates instead of calling 'LoggerExtensions.LogInformation(ILogger, string?, params object?[])' (https://learn.microsoft.com/dotnet/fundamentals/code-analysis/quality-rules/ca1848) [E:\github\FunWasHad\src\FWH.Mobile\FWH.Mobile\FWH.Mobile.csproj]
E:\github\FunWasHad\src\FWH.Mobile\FWH.Mobile\App.axaml.cs(559,13): warning CA1848: For improved performance, use the LoggerMessage delegates instead of calling 'LoggerExtensions.LogInformation(ILogger, string?, params object?[])' (https://learn.microsoft.com/dotnet/fundamentals/code-analysis/quality-rules/ca1848) [E:\github\FunWasHad\src\FWH.Mobile\FWH.Mobile\FWH.Mobile.csproj]
E:\github\FunWasHad\src\FWH.Mobile\FWH.Mobile\App.axaml.cs(565,20): warning CA1848: For improved performance, use the LoggerMessage delegates instead of calling 'LoggerExtensions.LogError(ILogger, Exception?, string?, params object?[])' (https://learn.microsoft.com/dotnet/fundamentals/code-analysis/quality-rules/ca1848) [E:\github\FunWasHad\src\FWH.Mobile\FWH.Mobile\FWH.Mobile.csproj]
E:\github\FunWasHad\src\FWH.Mobile\FWH.Mobile\Services\LocationWorkflowService.cs(111,16): warning CA1308: In method 'GenerateAddressHash', replace the call to 'ToLowerInvariant' with 'ToUpperInvariant' (https://learn.microsoft.com/dotnet/fundamentals/code-analysis/quality-rules/ca1308) [E:\github\FunWasHad\src\FWH.Mobile\FWH.Mobile\FWH.Mobile.csproj]
E:\github\FunWasHad\src\FWH.Mobile\FWH.Mobile\ViewModels\MovementStateViewModel.cs(101,9): warning CA1848: For improved performance, use the LoggerMessage delegates instead of calling 'LoggerExtensions.LogInformation(ILogger, string?, params object?[])' (https://learn.microsoft.com/dotnet/fundamentals/code-analysis/quality-rules/ca1848) [E:\github\FunWasHad\src\FWH.Mobile\FWH.Mobile\FWH.Mobile.csproj]
E:\github\FunWasHad\src\FWH.Mobile\FWH.Mobile\Services\MovementStateLogger.cs(73,9): warning CA1848: For improved performance, use the LoggerMessage delegates instead of calling 'LoggerExtensions.LogInformation(ILogger, string?, params object?[])' (https://learn.microsoft.com/dotnet/fundamentals/code-analysis/quality-rules/ca1848) [E:\github\FunWasHad\src\FWH.Mobile\FWH.Mobile\FWH.Mobile.csproj]
E:\github\FunWasHad\src\FWH.Mobile\FWH.Mobile\Services\MovementStateLogger.cs(73,32): warning CA2254: The logging message template should not vary between calls to 'LoggerExtensions.LogInformation(ILogger, string?, params object?[])' (https://learn.microsoft.com/dotnet/fundamentals/code-analysis/quality-rules/ca2254) [E:\github\FunWasHad\src\FWH.Mobile\FWH.Mobile\FWH.Mobile.csproj]
E:\github\FunWasHad\src\FWH.Mobile\FWH.Mobile\ViewModels\PlacesViewModel.cs(169,9): warning CA1031: Modify 'LoadPlacesAsync' to catch a more specific allowed exception type, or rethrow the exception (https://learn.microsoft.com/dotnet/fundamentals/code-analysis/quality-rules/ca1031) [E:\github\FunWasHad\src\FWH.Mobile\FWH.Mobile\FWH.Mobile.csproj]
E:\github\FunWasHad\src\FWH.Mobile\FWH.Mobile\Services\LocationWorkflowService.cs(121,9): warning CA1848: For improved performance, use the LoggerMessage delegates instead of calling 'LoggerExtensions.LogDebug(ILogger, string?, params object?[])' (https://learn.microsoft.com/dotnet/fundamentals/code-analysis/quality-rules/ca1848) [E:\github\FunWasHad\src\FWH.Mobile\FWH.Mobile\FWH.Mobile.csproj]
E:\github\FunWasHad\src\FWH.Mobile\FWH.Mobile\App.axaml.cs(561,9): warning CA1031: Modify 'StartLocationTrackingAsync' to catch a more specific allowed exception type, or rethrow the exception (https://learn.microsoft.com/dotnet/fundamentals/code-analysis/quality-rules/ca1031) [E:\github\FunWasHad\src\FWH.Mobile\FWH.Mobile\FWH.Mobile.csproj]
E:\github\FunWasHad\src\FWH.Mobile\FWH.Mobile\ViewModels\PlacesViewModel.cs(206,17): warning CA1848: For improved performance, use the LoggerMessage delegates instead of calling 'LoggerExtensions.LogInformation(ILogger, string?, params object?[])' (https://learn.microsoft.com/dotnet/fundamentals/code-analysis/quality-rules/ca1848) [E:\github\FunWasHad\src\FWH.Mobile\FWH.Mobile\FWH.Mobile.csproj]
E:\github\FunWasHad\src\FWH.Mobile\FWH.Mobile\ViewModels\PlacesViewModel.cs(217,13): warning CA1848: For improved performance, use the LoggerMessage delegates instead of calling 'LoggerExtensions.LogError(ILogger, Exception?, string?, params object?[])' (https://learn.microsoft.com/dotnet/fundamentals/code-analysis/quality-rules/ca1848) [E:\github\FunWasHad\src\FWH.Mobile\FWH.Mobile\FWH.Mobile.csproj]
E:\github\FunWasHad\src\FWH.Mobile\FWH.Mobile\ViewModels\PlacesViewModel.cs(221,13): warning CA1848: For improved performance, use the LoggerMessage delegates instead of calling 'LoggerExtensions.LogDebug(ILogger, string?, params object?[])' (https://learn.microsoft.com/dotnet/fundamentals/code-analysis/quality-rules/ca1848) [E:\github\FunWasHad\src\FWH.Mobile\FWH.Mobile\FWH.Mobile.csproj]
E:\github\FunWasHad\src\FWH.Mobile\FWH.Mobile\ViewModels\PlacesViewModel.cs(225,13): warning CA1848: For improved performance, use the LoggerMessage delegates instead of calling 'LoggerExtensions.LogError(ILogger, Exception?, string?, params object?[])' (https://learn.microsoft.com/dotnet/fundamentals/code-analysis/quality-rules/ca1848) [E:\github\FunWasHad\src\FWH.Mobile\FWH.Mobile\FWH.Mobile.csproj]
E:\github\FunWasHad\src\FWH.Mobile\FWH.Mobile\Services\LocationWorkflowService.cs(99,9): warning CA1031: Modify 'HandleNewLocationAddressAsync' to catch a more specific allowed exception type, or rethrow the exception (https://learn.microsoft.com/dotnet/fundamentals/code-analysis/quality-rules/ca1031) [E:\github\FunWasHad\src\FWH.Mobile\FWH.Mobile\FWH.Mobile.csproj]
E:\github\FunWasHad\src\FWH.Mobile\FWH.Mobile\ViewModels\PlacesViewModel.cs(223,9): warning CA1031: Modify 'ToggleFavorite' to catch a more specific allowed exception type, or rethrow the exception (https://learn.microsoft.com/dotnet/fundamentals/code-analysis/quality-rules/ca1031) [E:\github\FunWasHad\src\FWH.Mobile\FWH.Mobile\FWH.Mobile.csproj]
E:\github\FunWasHad\src\FWH.Mobile\FWH.Mobile\ViewModels\PlacesViewModel.cs(244,17): warning CA1848: For improved performance, use the LoggerMessage delegates instead of calling 'LoggerExtensions.LogInformation(ILogger, string?, params object?[])' (https://learn.microsoft.com/dotnet/fundamentals/code-analysis/quality-rules/ca1848) [E:\github\FunWasHad\src\FWH.Mobile\FWH.Mobile\FWH.Mobile.csproj]
E:\github\FunWasHad\src\FWH.Mobile\FWH.Mobile\ViewModels\PlacesViewModel.cs(249,13): warning CA1848: For improved performance, use the LoggerMessage delegates instead of calling 'LoggerExtensions.LogError(ILogger, Exception?, string?, params object?[])' (https://learn.microsoft.com/dotnet/fundamentals/code-analysis/quality-rules/ca1848) [E:\github\FunWasHad\src\FWH.Mobile\FWH.Mobile\FWH.Mobile.csproj]
E:\github\FunWasHad\src\FWH.Mobile\FWH.Mobile\ViewModels\PlacesViewModel.cs(253,13): warning CA1848: For improved performance, use the LoggerMessage delegates instead of calling 'LoggerExtensions.LogDebug(ILogger, string?, params object?[])' (https://learn.microsoft.com/dotnet/fundamentals/code-analysis/quality-rules/ca1848) [E:\github\FunWasHad\src\FWH.Mobile\FWH.Mobile\FWH.Mobile.csproj]
E:\github\FunWasHad\src\FWH.Mobile\FWH.Mobile\ViewModels\PlacesViewModel.cs(257,13): warning CA1848: For improved performance, use the LoggerMessage delegates instead of calling 'LoggerExtensions.LogError(ILogger, Exception?, string?, params object?[])' (https://learn.microsoft.com/dotnet/fundamentals/code-analysis/quality-rules/ca1848) [E:\github\FunWasHad\src\FWH.Mobile\FWH.Mobile\FWH.Mobile.csproj]
E:\github\FunWasHad\src\FWH.Mobile\FWH.Mobile\Services\LocationWorkflowService.cs(152,17): warning CA1848: For improved performance, use the LoggerMessage delegates instead of calling 'LoggerExtensions.LogDebug(ILogger, string?, params object?[])' (https://learn.microsoft.com/dotnet/fundamentals/code-analysis/quality-rules/ca1848) [E:\github\FunWasHad\src\FWH.Mobile\FWH.Mobile\FWH.Mobile.csproj]
E:\github\FunWasHad\src\FWH.Mobile\FWH.Mobile\ViewModels\PlacesViewModel.cs(255,9): warning CA1031: Modify 'DeletePlace' to catch a more specific allowed exception type, or rethrow the exception (https://learn.microsoft.com/dotnet/fundamentals/code-analysis/quality-rules/ca1031) [E:\github\FunWasHad\src\FWH.Mobile\FWH.Mobile\FWH.Mobile.csproj]
E:\github\FunWasHad\src\FWH.Mobile\FWH.Mobile\Services\LocationWorkflowService.cs(185,17): warning CA1848: For improved performance, use the LoggerMessage delegates instead of calling 'LoggerExtensions.LogWarning(ILogger, Exception?, string?, params object?[])' (https://learn.microsoft.com/dotnet/fundamentals/code-analysis/quality-rules/ca1848) [E:\github\FunWasHad\src\FWH.Mobile\FWH.Mobile\FWH.Mobile.csproj]
E:\github\FunWasHad\src\FWH.Mobile\FWH.Mobile\Services\LocationWorkflowService.cs(210,17): warning CA1848: For improved performance, use the LoggerMessage delegates instead of calling 'LoggerExtensions.LogWarning(ILogger, Exception?, string?, params object?[])' (https://learn.microsoft.com/dotnet/fundamentals/code-analysis/quality-rules/ca1848) [E:\github\FunWasHad\src\FWH.Mobile\FWH.Mobile\FWH.Mobile.csproj]
E:\github\FunWasHad\src\FWH.Mobile\FWH.Mobile\Services\LocationWorkflowService.cs(220,17): warning CA1848: For improved performance, use the LoggerMessage delegates instead of calling 'LoggerExtensions.LogDebug(ILogger, string?, params object?[])' (https://learn.microsoft.com/dotnet/fundamentals/code-analysis/quality-rules/ca1848) [E:\github\FunWasHad\src\FWH.Mobile\FWH.Mobile\FWH.Mobile.csproj]
E:\github\FunWasHad\src\FWH.Mobile\FWH.Mobile\Services\LocationApiClient.cs(167,13): warning CA1848: For improved performance, use the LoggerMessage delegates instead of calling 'LoggerExtensions.LogError(ILogger, Exception?, string?, params object?[])' (https://learn.microsoft.com/dotnet/fundamentals/code-analysis/quality-rules/ca1848) [E:\github\FunWasHad\src\FWH.Mobile\FWH.Mobile\FWH.Mobile.csproj]
E:\github\FunWasHad\src\FWH.Mobile\FWH.Mobile\Services\ImageService.cs(127,17): warning CA1848: For improved performance, use the LoggerMessage delegates instead of calling 'LoggerExtensions.LogDebug(ILogger, string?, params object?[])' (https://learn.microsoft.com/dotnet/fundamentals/code-analysis/quality-rules/ca1848) [E:\github\FunWasHad\src\FWH.Mobile\FWH.Mobile\FWH.Mobile.csproj]
E:\github\FunWasHad\src\FWH.Mobile\FWH.Mobile\Services\ImageService.cs(149,13): warning CA1848: For improved performance, use the LoggerMessage delegates instead of calling 'LoggerExtensions.LogInformation(ILogger, string?, params object?[])' (https://learn.microsoft.com/dotnet/fundamentals/code-analysis/quality-rules/ca1848) [E:\github\FunWasHad\src\FWH.Mobile\FWH.Mobile\FWH.Mobile.csproj]
E:\github\FunWasHad\src\FWH.Mobile\FWH.Mobile\Services\ImageService.cs(156,13): warning CA1848: For improved performance, use the LoggerMessage delegates instead of calling 'LoggerExtensions.LogError(ILogger, Exception?, string?, params object?[])' (https://learn.microsoft.com/dotnet/fundamentals/code-analysis/quality-rules/ca1848) [E:\github\FunWasHad\src\FWH.Mobile\FWH.Mobile\FWH.Mobile.csproj]
E:\github\FunWasHad\src\FWH.Mobile\FWH.Mobile\Views\FavoriteIconConverter.cs(127,17): warning CA1031: Modify 'LoadImageDirectly' to catch a more specific allowed exception type, or rethrow the exception (https://learn.microsoft.com/dotnet/fundamentals/code-analysis/quality-rules/ca1031) [E:\github\FunWasHad\src\FWH.Mobile\FWH.Mobile\FWH.Mobile.csproj]
E:\github\FunWasHad\src\FWH.Mobile\FWH.Mobile\Views\FavoriteIconConverter.cs(136,9): warning CA1031: Modify 'LoadImageDirectly' to catch a more specific allowed exception type, or rethrow the exception (https://learn.microsoft.com/dotnet/fundamentals/code-analysis/quality-rules/ca1031) [E:\github\FunWasHad\src\FWH.Mobile\FWH.Mobile\FWH.Mobile.csproj]
E:\github\FunWasHad\src\FWH.Mobile\FWH.Mobile\ViewModels\PlacesViewModel.cs(317,40): warning CA1860: Prefer comparing 'Count' to 0 rather than using 'Any()', both for clarity and for performance (https://learn.microsoft.com/dotnet/fundamentals/code-analysis/quality-rules/ca1860) [E:\github\FunWasHad\src\FWH.Mobile\FWH.Mobile\FWH.Mobile.csproj]
E:\github\FunWasHad\src\FWH.Mobile\FWH.Mobile\App.axaml.cs(634,13): warning CA1031: Modify 'LoadWorkflowFileAsync' to catch a more specific allowed exception type, or rethrow the exception (https://learn.microsoft.com/dotnet/fundamentals/code-analysis/quality-rules/ca1031) [E:\github\FunWasHad\src\FWH.Mobile\FWH.Mobile\FWH.Mobile.csproj]
E:\github\FunWasHad\src\FWH.Mobile\FWH.Mobile\App.axaml.cs(659,9): warning CA1031: Modify 'LoadWorkflowFileAsync' to catch a more specific allowed exception type, or rethrow the exception (https://learn.microsoft.com/dotnet/fundamentals/code-analysis/quality-rules/ca1031) [E:\github\FunWasHad\src\FWH.Mobile\FWH.Mobile\FWH.Mobile.csproj]
E:\github\FunWasHad\src\FWH.Mobile\FWH.Mobile\ViewModels\PlacesViewModel.cs(295,13): warning CA1848: For improved performance, use the LoggerMessage delegates instead of calling 'LoggerExtensions.LogDebug(ILogger, string?, params object?[])' (https://learn.microsoft.com/dotnet/fundamentals/code-analysis/quality-rules/ca1848) [E:\github\FunWasHad\src\FWH.Mobile\FWH.Mobile\FWH.Mobile.csproj]
E:\github\FunWasHad\src\FWH.Mobile\FWH.Mobile\ViewModels\PlacesViewModel.cs(301,13): warning CA1848: For improved performance, use the LoggerMessage delegates instead of calling 'LoggerExtensions.LogDebug(ILogger, string?, params object?[])' (https://learn.microsoft.com/dotnet/fundamentals/code-analysis/quality-rules/ca1848) [E:\github\FunWasHad\src\FWH.Mobile\FWH.Mobile\FWH.Mobile.csproj]
E:\github\FunWasHad\src\FWH.Mobile\FWH.Mobile\ViewModels\PlacesViewModel.cs(319,17): warning CA1848: For improved performance, use the LoggerMessage delegates instead of calling 'LoggerExtensions.LogDebug(ILogger, string?, params object?[])' (https://learn.microsoft.com/dotnet/fundamentals/code-analysis/quality-rules/ca1848) [E:\github\FunWasHad\src\FWH.Mobile\FWH.Mobile\FWH.Mobile.csproj]
E:\github\FunWasHad\src\FWH.Mobile\FWH.Mobile\ViewModels\PlacesViewModel.cs(339,17): warning CA1848: For improved performance, use the LoggerMessage delegates instead of calling 'LoggerExtensions.LogDebug(ILogger, string?, params object?[])' (https://learn.microsoft.com/dotnet/fundamentals/code-analysis/quality-rules/ca1848) [E:\github\FunWasHad\src\FWH.Mobile\FWH.Mobile\FWH.Mobile.csproj]
E:\github\FunWasHad\src\FWH.Mobile\FWH.Mobile\ViewModels\PlacesViewModel.cs(349,17): warning CA1848: For improved performance, use the LoggerMessage delegates instead of calling 'LoggerExtensions.LogDebug(ILogger, string?, params object?[])' (https://learn.microsoft.com/dotnet/fundamentals/code-analysis/quality-rules/ca1848) [E:\github\FunWasHad\src\FWH.Mobile\FWH.Mobile\FWH.Mobile.csproj]
E:\github\FunWasHad\src\FWH.Mobile\FWH.Mobile\ViewModels\PlacesViewModel.cs(400,13): warning CA1848: For improved performance, use the LoggerMessage delegates instead of calling 'LoggerExtensions.LogDebug(ILogger, string?, params object?[])' (https://learn.microsoft.com/dotnet/fundamentals/code-analysis/quality-rules/ca1848) [E:\github\FunWasHad\src\FWH.Mobile\FWH.Mobile\FWH.Mobile.csproj]
E:\github\FunWasHad\src\FWH.Mobile\FWH.Mobile\ViewModels\PlacesViewModel.cs(405,13): warning CA1848: For improved performance, use the LoggerMessage delegates instead of calling 'LoggerExtensions.LogWarning(ILogger, Exception?, string?, params object?[])' (https://learn.microsoft.com/dotnet/fundamentals/code-analysis/quality-rules/ca1848) [E:\github\FunWasHad\src\FWH.Mobile\FWH.Mobile\FWH.Mobile.csproj]
E:\github\FunWasHad\src\FWH.Mobile\FWH.Mobile\ViewModels\PlacesViewModel.cs(409,13): warning CA1848: For improved performance, use the LoggerMessage delegates instead of calling 'LoggerExtensions.LogWarning(ILogger, Exception?, string?, params object?[])' (https://learn.microsoft.com/dotnet/fundamentals/code-analysis/quality-rules/ca1848) [E:\github\FunWasHad\src\FWH.Mobile\FWH.Mobile\FWH.Mobile.csproj]
E:\github\FunWasHad\src\FWH.Mobile\FWH.Mobile\ViewModels\PlacesViewModel.cs(413,13): warning CA1848: For improved performance, use the LoggerMessage delegates instead of calling 'LoggerExtensions.LogWarning(ILogger, Exception?, string?, params object?[])' (https://learn.microsoft.com/dotnet/fundamentals/code-analysis/quality-rules/ca1848) [E:\github\FunWasHad\src\FWH.Mobile\FWH.Mobile\FWH.Mobile.csproj]
E:\github\FunWasHad\src\FWH.Mobile\FWH.Mobile\ViewModels\PlacesViewModel.cs(417,13): warning CA1848: For improved performance, use the LoggerMessage delegates instead of calling 'LoggerExtensions.LogDebug(ILogger, string?, params object?[])' (https://learn.microsoft.com/dotnet/fundamentals/code-analysis/quality-rules/ca1848) [E:\github\FunWasHad\src\FWH.Mobile\FWH.Mobile\FWH.Mobile.csproj]
E:\github\FunWasHad\src\FWH.Mobile\FWH.Mobile\ViewModels\PlacesViewModel.cs(421,13): warning CA1848: For improved performance, use the LoggerMessage delegates instead of calling 'LoggerExtensions.LogWarning(ILogger, Exception?, string?, params object?[])' (https://learn.microsoft.com/dotnet/fundamentals/code-analysis/quality-rules/ca1848) [E:\github\FunWasHad\src\FWH.Mobile\FWH.Mobile\FWH.Mobile.csproj]
E:\github\FunWasHad\src\FWH.Mobile\FWH.Mobile\Services\LocationApiClient.cs(150,13): warning CA1848: For improved performance, use the LoggerMessage delegates instead of calling 'LoggerExtensions.LogError(ILogger, Exception?, string?, params object?[])' (https://learn.microsoft.com/dotnet/fundamentals/code-analysis/quality-rules/ca1848) [E:\github\FunWasHad\src\FWH.Mobile\FWH.Mobile\FWH.Mobile.csproj]
E:\github\FunWasHad\src\FWH.Mobile\FWH.Mobile\ViewModels\LogViewerViewModel.cs(106,17): warning CA1860: Prefer comparing 'Count' to 0 rather than using 'Any()', both for clarity and for performance (https://learn.microsoft.com/dotnet/fundamentals/code-analysis/quality-rules/ca1860) [E:\github\FunWasHad\src\FWH.Mobile\FWH.Mobile\FWH.Mobile.csproj]
E:\github\FunWasHad\src\FWH.Mobile\FWH.Mobile\Services\MovementStateLogger.cs(104,9): warning CA1848: For improved performance, use the LoggerMessage delegates instead of calling 'LoggerExtensions.LogInformation(ILogger, string?, params object?[])' (https://learn.microsoft.com/dotnet/fundamentals/code-analysis/quality-rules/ca1848) [E:\github\FunWasHad\src\FWH.Mobile\FWH.Mobile\FWH.Mobile.csproj]
E:\github\FunWasHad\src\FWH.Mobile\FWH.Mobile\Views\FavoriteIconConverter.cs(90,17): warning CA1031: Modify 'Convert' to catch a more specific allowed exception type, or rethrow the exception (https://learn.microsoft.com/dotnet/fundamentals/code-analysis/quality-rules/ca1031) [E:\github\FunWasHad\src\FWH.Mobile\FWH.Mobile\FWH.Mobile.csproj]
E:\github\FunWasHad\src\FWH.Mobile\FWH.Mobile\Views\FavoriteIconConverter.cs(105,9): warning CA1031: Modify 'Convert' to catch a more specific allowed exception type, or rethrow the exception (https://learn.microsoft.com/dotnet/fundamentals/code-analysis/quality-rules/ca1031) [E:\github\FunWasHad\src\FWH.Mobile\FWH.Mobile\FWH.Mobile.csproj]
E:\github\FunWasHad\src\FWH.Mobile\FWH.Mobile\Services\MovementStateLogger.cs(112,9): warning CA1848: For improved performance, use the LoggerMessage delegates instead of calling 'LoggerExtensions.LogDebug(ILogger, string?, params object?[])' (https://learn.microsoft.com/dotnet/fundamentals/code-analysis/quality-rules/ca1848) [E:\github\FunWasHad\src\FWH.Mobile\FWH.Mobile\FWH.Mobile.csproj]
E:\github\FunWasHad\src\FWH.Mobile\FWH.Mobile\Services\MovementStateLogger.cs(125,9): warning CA1848: For improved performance, use the LoggerMessage delegates instead of calling 'LoggerExtensions.LogInformation(ILogger, string?, params object?[])' (https://learn.microsoft.com/dotnet/fundamentals/code-analysis/quality-rules/ca1848) [E:\github\FunWasHad\src\FWH.Mobile\FWH.Mobile\FWH.Mobile.csproj]
E:\github\FunWasHad\src\FWH.Mobile\FWH.Mobile\Services\GetNearbyBusinessesActionHandler.cs(163,17): warning CA1860: Prefer comparing 'Count' to 0 rather than using 'Any()', both for clarity and for performance (https://learn.microsoft.com/dotnet/fundamentals/code-analysis/quality-rules/ca1860) [E:\github\FunWasHad\src\FWH.Mobile\FWH.Mobile\FWH.Mobile.csproj]
E:\github\FunWasHad\src\FWH.Mobile\FWH.Mobile\ViewModels\PlacesViewModel.cs(419,9): warning CA1031: Modify 'FetchBusinessLogoAsync' to catch a more specific allowed exception type, or rethrow the exception (https://learn.microsoft.com/dotnet/fundamentals/code-analysis/quality-rules/ca1031) [E:\github\FunWasHad\src\FWH.Mobile\FWH.Mobile\FWH.Mobile.csproj]
E:\github\FunWasHad\src\FWH.Mobile\FWH.Mobile\ViewModels\MovementStateViewModel.cs(146,17): warning CA1848: For improved performance, use the LoggerMessage delegates instead of calling 'LoggerExtensions.LogDebug(ILogger, string?, params object?[])' (https://learn.microsoft.com/dotnet/fundamentals/code-analysis/quality-rules/ca1848) [E:\github\FunWasHad\src\FWH.Mobile\FWH.Mobile\FWH.Mobile.csproj]
E:\github\FunWasHad\src\FWH.Mobile\FWH.Mobile\ViewModels\MovementStateViewModel.cs(157,13): warning CA1848: For improved performance, use the LoggerMessage delegates instead of calling 'LoggerExtensions.LogWarning(ILogger, Exception?, string?, params object?[])' (https://learn.microsoft.com/dotnet/fundamentals/code-analysis/quality-rules/ca1848) [E:\github\FunWasHad\src\FWH.Mobile\FWH.Mobile\FWH.Mobile.csproj]
E:\github\FunWasHad\src\FWH.Mobile\FWH.Mobile\Services\LocationTrackingService.cs(191,9): warning CA1848: For improved performance, use the LoggerMessage delegates instead of calling 'LoggerExtensions.LogDebug(ILogger, string?, params object?[])' (https://learn.microsoft.com/dotnet/fundamentals/code-analysis/quality-rules/ca1848) [E:\github\FunWasHad\src\FWH.Mobile\FWH.Mobile\FWH.Mobile.csproj]
E:\github\FunWasHad\src\FWH.Mobile\FWH.Mobile\Services\LocationTrackingService.cs(213,9): warning CA1848: For improved performance, use the LoggerMessage delegates instead of calling 'LoggerExtensions.LogDebug(ILogger, string?, params object?[])' (https://learn.microsoft.com/dotnet/fundamentals/code-analysis/quality-rules/ca1848) [E:\github\FunWasHad\src\FWH.Mobile\FWH.Mobile\FWH.Mobile.csproj]
E:\github\FunWasHad\src\FWH.Mobile\FWH.Mobile\Services\GetNearbyBusinessesActionHandler.cs(39,9): warning CA1848: For improved performance, use the LoggerMessage delegates instead of calling 'LoggerExtensions.LogInformation(ILogger, string?, params object?[])' (https://learn.microsoft.com/dotnet/fundamentals/code-analysis/quality-rules/ca1848) [E:\github\FunWasHad\src\FWH.Mobile\FWH.Mobile\FWH.Mobile.csproj]
E:\github\FunWasHad\src\FWH.Mobile\FWH.Mobile\Services\GetNearbyBusinessesActionHandler.cs(60,17): warning CA1848: For improved performance, use the LoggerMessage delegates instead of calling 'LoggerExtensions.LogWarning(ILogger, string?, params object?[])' (https://learn.microsoft.com/dotnet/fundamentals/code-analysis/quality-rules/ca1848) [E:\github\FunWasHad\src\FWH.Mobile\FWH.Mobile\FWH.Mobile.csproj]
E:\github\FunWasHad\src\FWH.Mobile\FWH.Mobile\Services\GetNearbyBusinessesActionHandler.cs(69,21): warning CA1848: For improved performance, use the LoggerMessage delegates instead of calling 'LoggerExtensions.LogWarning(ILogger, string?, params object?[])' (https://learn.microsoft.com/dotnet/fundamentals/code-analysis/quality-rules/ca1848) [E:\github\FunWasHad\src\FWH.Mobile\FWH.Mobile\FWH.Mobile.csproj]
E:\github\FunWasHad\src\FWH.Mobile\FWH.Mobile\Services\LocationTrackingService.cs(195,22): warning CA1849: 'CancellationTokenSource.Cancel()' synchronously blocks. Await 'CancellationTokenSource.CancelAsync()' instead. (https://learn.microsoft.com/dotnet/fundamentals/code-analysis/quality-rules/ca1849) [E:\github\FunWasHad\src\FWH.Mobile\FWH.Mobile\FWH.Mobile.csproj]
E:\github\FunWasHad\src\FWH.Mobile\FWH.Mobile\Services\GetNearbyBusinessesActionHandler.cs(84,13): warning CA1848: For improved performance, use the LoggerMessage delegates instead of calling 'LoggerExtensions.LogInformation(ILogger, string?, params object?[])' (https://learn.microsoft.com/dotnet/fundamentals/code-analysis/quality-rules/ca1848) [E:\github\FunWasHad\src\FWH.Mobile\FWH.Mobile\FWH.Mobile.csproj]
E:\github\FunWasHad\src\FWH.Mobile\FWH.Mobile\Services\GetNearbyBusinessesActionHandler.cs(93,17): warning CA1848: For improved performance, use the LoggerMessage delegates instead of calling 'LoggerExtensions.LogError(ILogger, Exception?, string?, params object?[])' (https://learn.microsoft.com/dotnet/fundamentals/code-analysis/quality-rules/ca1848) [E:\github\FunWasHad\src\FWH.Mobile\FWH.Mobile\FWH.Mobile.csproj]
E:\github\FunWasHad\src\FWH.Mobile\FWH.Mobile\Services\GetNearbyBusinessesActionHandler.cs(122,17): warning CA1848: For improved performance, use the LoggerMessage delegates instead of calling 'LoggerExtensions.LogWarning(ILogger, string?, params object?[])' (https://learn.microsoft.com/dotnet/fundamentals/code-analysis/quality-rules/ca1848) [E:\github\FunWasHad\src\FWH.Mobile\FWH.Mobile\FWH.Mobile.csproj]
E:\github\FunWasHad\src\FWH.Mobile\FWH.Mobile\Services\GetNearbyBusinessesActionHandler.cs(134,13): warning CA1848: For improved performance, use the LoggerMessage delegates instead of calling 'LoggerExtensions.LogInformation(ILogger, string?, params object?[])' (https://learn.microsoft.com/dotnet/fundamentals/code-analysis/quality-rules/ca1848) [E:\github\FunWasHad\src\FWH.Mobile\FWH.Mobile\FWH.Mobile.csproj]
E:\github\FunWasHad\src\FWH.Mobile\FWH.Mobile\Services\GetNearbyBusinessesActionHandler.cs(139,13): warning CA1848: For improved performance, use the LoggerMessage delegates instead of calling 'LoggerExtensions.LogInformation(ILogger, string?, params object?[])' (https://learn.microsoft.com/dotnet/fundamentals/code-analysis/quality-rules/ca1848) [E:\github\FunWasHad\src\FWH.Mobile\FWH.Mobile\FWH.Mobile.csproj]
E:\github\FunWasHad\src\FWH.Mobile\FWH.Mobile\Services\GetNearbyBusinessesActionHandler.cs(150,13): warning CA1848: For improved performance, use the LoggerMessage delegates instead of calling 'LoggerExtensions.LogInformation(ILogger, string?, params object?[])' (https://learn.microsoft.com/dotnet/fundamentals/code-analysis/quality-rules/ca1848) [E:\github\FunWasHad\src\FWH.Mobile\FWH.Mobile\FWH.Mobile.csproj]
E:\github\FunWasHad\src\FWH.Mobile\FWH.Mobile\Services\GetNearbyBusinessesActionHandler.cs(194,13): warning CA1848: For improved performance, use the LoggerMessage delegates instead of calling 'LoggerExtensions.LogInformation(ILogger, string?, params object?[])' (https://learn.microsoft.com/dotnet/fundamentals/code-analysis/quality-rules/ca1848) [E:\github\FunWasHad\src\FWH.Mobile\FWH.Mobile\FWH.Mobile.csproj]
E:\github\FunWasHad\src\FWH.Mobile\FWH.Mobile\Services\GetNearbyBusinessesActionHandler.cs(199,13): warning CA1848: For improved performance, use the LoggerMessage delegates instead of calling 'LoggerExtensions.LogInformation(ILogger, string?, params object?[])' (https://learn.microsoft.com/dotnet/fundamentals/code-analysis/quality-rules/ca1848) [E:\github\FunWasHad\src\FWH.Mobile\FWH.Mobile\FWH.Mobile.csproj]
E:\github\FunWasHad\src\FWH.Mobile\FWH.Mobile\Services\GetNearbyBusinessesActionHandler.cs(211,13): warning CA1848: For improved performance, use the LoggerMessage delegates instead of calling 'LoggerExtensions.LogError(ILogger, Exception?, string?, params object?[])' (https://learn.microsoft.com/dotnet/fundamentals/code-analysis/quality-rules/ca1848) [E:\github\FunWasHad\src\FWH.Mobile\FWH.Mobile\FWH.Mobile.csproj]
E:\github\FunWasHad\src\FWH.Mobile\FWH.Mobile\Services\GetNearbyBusinessesActionHandler.cs(230,13): warning CA1848: For improved performance, use the LoggerMessage delegates instead of calling 'LoggerExtensions.LogError(ILogger, Exception?, string?, params object?[])' (https://learn.microsoft.com/dotnet/fundamentals/code-analysis/quality-rules/ca1848) [E:\github\FunWasHad\src\FWH.Mobile\FWH.Mobile\FWH.Mobile.csproj]
E:\github\FunWasHad\src\FWH.Mobile\FWH.Mobile\ViewModels\MovementStateViewModel.cs(155,9): warning CA1031: Modify 'CheckForBusinessAsync' to catch a more specific allowed exception type, or rethrow the exception (https://learn.microsoft.com/dotnet/fundamentals/code-analysis/quality-rules/ca1031) [E:\github\FunWasHad\src\FWH.Mobile\FWH.Mobile\FWH.Mobile.csproj]
E:\github\FunWasHad\src\FWH.Mobile\FWH.Mobile\Services\GetNearbyBusinessesActionHandler.cs(156,32): warning CA1305: The behavior of 'double.ToString(string)' could vary based on the current user's locale settings. Replace this call in 'GetNearbyBusinessesActionHandler.HandleAsync(ActionHandlerContext, IDictionary<string, string>, [CancellationToken])' with a call to 'double.ToString(string, IFormatProvider)'. (https://learn.microsoft.com/dotnet/fundamentals/code-analysis/quality-rules/ca1305) [E:\github\FunWasHad\src\FWH.Mobile\FWH.Mobile\FWH.Mobile.csproj]
E:\github\FunWasHad\src\FWH.Mobile\FWH.Mobile\Services\GetNearbyBusinessesActionHandler.cs(157,33): warning CA1305: The behavior of 'double.ToString(string)' could vary based on the current user's locale settings. Replace this call in 'GetNearbyBusinessesActionHandler.HandleAsync(ActionHandlerContext, IDictionary<string, string>, [CancellationToken])' with a call to 'double.ToString(string, IFormatProvider)'. (https://learn.microsoft.com/dotnet/fundamentals/code-analysis/quality-rules/ca1305) [E:\github\FunWasHad\src\FWH.Mobile\FWH.Mobile\FWH.Mobile.csproj]
E:\github\FunWasHad\src\FWH.Mobile\FWH.Mobile\Services\GetNearbyBusinessesActionHandler.cs(158,59): warning CA1305: The behavior of 'double.ToString(string)' could vary based on the current user's locale settings. Replace this call in 'GetNearbyBusinessesActionHandler.HandleAsync(ActionHandlerContext, IDictionary<string, string>, [CancellationToken])' with a call to 'double.ToString(string, IFormatProvider)'. (https://learn.microsoft.com/dotnet/fundamentals/code-analysis/quality-rules/ca1305) [E:\github\FunWasHad\src\FWH.Mobile\FWH.Mobile\FWH.Mobile.csproj]
E:\github\FunWasHad\src\FWH.Mobile\FWH.Mobile\Services\GetNearbyBusinessesActionHandler.cs(159,30): warning CA1305: The behavior of 'int.ToString()' could vary based on the current user's locale settings. Replace this call in 'GetNearbyBusinessesActionHandler.HandleAsync(ActionHandlerContext, IDictionary<string, string>, [CancellationToken])' with a call to 'int.ToString(IFormatProvider)'. (https://learn.microsoft.com/dotnet/fundamentals/code-analysis/quality-rules/ca1305) [E:\github\FunWasHad\src\FWH.Mobile\FWH.Mobile\FWH.Mobile.csproj]
E:\github\FunWasHad\src\FWH.Mobile\FWH.Mobile\Services\GetNearbyBusinessesActionHandler.cs(160,29): warning CA1305: The behavior of 'int.ToString()' could vary based on the current user's locale settings. Replace this call in 'GetNearbyBusinessesActionHandler.HandleAsync(ActionHandlerContext, IDictionary<string, string>, [CancellationToken])' with a call to 'int.ToString(IFormatProvider)'. (https://learn.microsoft.com/dotnet/fundamentals/code-analysis/quality-rules/ca1305) [E:\github\FunWasHad\src\FWH.Mobile\FWH.Mobile\FWH.Mobile.csproj]
E:\github\FunWasHad\src\FWH.Mobile\FWH.Mobile\Services\LocationTrackingService.cs(112,13): warning CA1848: For improved performance, use the LoggerMessage delegates instead of calling 'LoggerExtensions.LogWarning(ILogger, string?, params object?[])' (https://learn.microsoft.com/dotnet/fundamentals/code-analysis/quality-rules/ca1848) [E:\github\FunWasHad\src\FWH.Mobile\FWH.Mobile\FWH.Mobile.csproj]
E:\github\FunWasHad\src\FWH.Mobile\FWH.Mobile\Services\LocationTrackingService.cs(118,13): warning CA1848: For improved performance, use the LoggerMessage delegates instead of calling 'LoggerExtensions.LogWarning(ILogger, string?, params object?[])' (https://learn.microsoft.com/dotnet/fundamentals/code-analysis/quality-rules/ca1848) [E:\github\FunWasHad\src\FWH.Mobile\FWH.Mobile\FWH.Mobile.csproj]
E:\github\FunWasHad\src\FWH.Mobile\FWH.Mobile\Services\GetNearbyBusinessesActionHandler.cs(169,46): warning CA1305: The behavior of 'double.ToString(string)' could vary based on the current user's locale settings. Replace this call in 'GetNearbyBusinessesActionHandler.HandleAsync(ActionHandlerContext, IDictionary<string, string>, [CancellationToken])' with a call to 'double.ToString(string, IFormatProvider)'. (https://learn.microsoft.com/dotnet/fundamentals/code-analysis/quality-rules/ca1305) [E:\github\FunWasHad\src\FWH.Mobile\FWH.Mobile\FWH.Mobile.csproj]
E:\github\FunWasHad\src\FWH.Mobile\FWH.Mobile\Services\LocationTrackingService.cs(124,13): warning CA1848: For improved performance, use the LoggerMessage delegates instead of calling 'LoggerExtensions.LogWarning(ILogger, string?, params object?[])' (https://learn.microsoft.com/dotnet/fundamentals/code-analysis/quality-rules/ca1848) [E:\github\FunWasHad\src\FWH.Mobile\FWH.Mobile\FWH.Mobile.csproj]
E:\github\FunWasHad\src\FWH.Mobile\FWH.Mobile\Services\LocationTrackingService.cs(128,17): warning CA1848: For improved performance, use the LoggerMessage delegates instead of calling 'LoggerExtensions.LogWarning(ILogger, string?, params object?[])' (https://learn.microsoft.com/dotnet/fundamentals/code-analysis/quality-rules/ca1848) [E:\github\FunWasHad\src\FWH.Mobile\FWH.Mobile\FWH.Mobile.csproj]
E:\github\FunWasHad\src\FWH.Mobile\FWH.Mobile\Services\LocationTrackingService.cs(134,9): warning CA1848: For improved performance, use the LoggerMessage delegates instead of calling 'LoggerExtensions.LogDebug(ILogger, string?, params object?[])' (https://learn.microsoft.com/dotnet/fundamentals/code-analysis/quality-rules/ca1848) [E:\github\FunWasHad\src\FWH.Mobile\FWH.Mobile\FWH.Mobile.csproj]
E:\github\FunWasHad\src\FWH.Mobile\FWH.Mobile\Services\LocationTrackingService.cs(155,21): warning CA1848: For improved performance, use the LoggerMessage delegates instead of calling 'LoggerExtensions.LogInformation(ILogger, string?, params object?[])' (https://learn.microsoft.com/dotnet/fundamentals/code-analysis/quality-rules/ca1848) [E:\github\FunWasHad\src\FWH.Mobile\FWH.Mobile\FWH.Mobile.csproj]
E:\github\FunWasHad\src\FWH.Mobile\FWH.Mobile\Services\LocationTrackingService.cs(163,21): warning CA1848: For improved performance, use the LoggerMessage delegates instead of calling 'LoggerExtensions.LogDebug(ILogger, string?, params object?[])' (https://learn.microsoft.com/dotnet/fundamentals/code-analysis/quality-rules/ca1848) [E:\github\FunWasHad\src\FWH.Mobile\FWH.Mobile\FWH.Mobile.csproj]
E:\github\FunWasHad\src\FWH.Mobile\FWH.Mobile\Services\LocationTrackingService.cs(168,17): warning CA1848: For improved performance, use the LoggerMessage delegates instead of calling 'LoggerExtensions.LogWarning(ILogger, Exception?, string?, params object?[])' (https://learn.microsoft.com/dotnet/fundamentals/code-analysis/quality-rules/ca1848) [E:\github\FunWasHad\src\FWH.Mobile\FWH.Mobile\FWH.Mobile.csproj]
E:\github\FunWasHad\src\FWH.Mobile\FWH.Mobile\Services\LocationTrackingService.cs(175,17): warning CA1848: For improved performance, use the LoggerMessage delegates instead of calling 'LoggerExtensions.LogDebug(ILogger, string?, params object?[])' (https://learn.microsoft.com/dotnet/fundamentals/code-analysis/quality-rules/ca1848) [E:\github\FunWasHad\src\FWH.Mobile\FWH.Mobile\FWH.Mobile.csproj]
E:\github\FunWasHad\src\FWH.Mobile\FWH.Mobile\Services\LocationTrackingService.cs(179,17): warning CA1848: For improved performance, use the LoggerMessage delegates instead of calling 'LoggerExtensions.LogDebug(ILogger, Exception?, string?, params object?[])' (https://learn.microsoft.com/dotnet/fundamentals/code-analysis/quality-rules/ca1848) [E:\github\FunWasHad\src\FWH.Mobile\FWH.Mobile\FWH.Mobile.csproj]
E:\github\FunWasHad\src\FWH.Mobile\FWH.Mobile\Services\ImageService.cs(180,13): warning CA1848: For improved performance, use the LoggerMessage delegates instead of calling 'LoggerExtensions.LogError(ILogger, Exception?, string?, params object?[])' (https://learn.microsoft.com/dotnet/fundamentals/code-analysis/quality-rules/ca1848) [E:\github\FunWasHad\src\FWH.Mobile\FWH.Mobile\FWH.Mobile.csproj]
E:\github\FunWasHad\src\FWH.Mobile\FWH.Mobile\Services\ImageService.cs(195,17): warning CA1848: For improved performance, use the LoggerMessage delegates instead of calling 'LoggerExtensions.LogInformation(ILogger, string?, params object?[])' (https://learn.microsoft.com/dotnet/fundamentals/code-analysis/quality-rules/ca1848) [E:\github\FunWasHad\src\FWH.Mobile\FWH.Mobile\FWH.Mobile.csproj]
E:\github\FunWasHad\src\FWH.Mobile\FWH.Mobile\Services\ImageService.cs(200,13): warning CA1848: For improved performance, use the LoggerMessage delegates instead of calling 'LoggerExtensions.LogError(ILogger, Exception?, string?, params object?[])' (https://learn.microsoft.com/dotnet/fundamentals/code-analysis/quality-rules/ca1848) [E:\github\FunWasHad\src\FWH.Mobile\FWH.Mobile\FWH.Mobile.csproj]
E:\github\FunWasHad\src\FWH.Mobile\FWH.Mobile\Services\LocationTrackingService.cs(227,21): warning CA1848: For improved performance, use the LoggerMessage delegates instead of calling 'LoggerExtensions.LogWarning(ILogger, string?, params object?[])' (https://learn.microsoft.com/dotnet/fundamentals/code-analysis/quality-rules/ca1848) [E:\github\FunWasHad\src\FWH.Mobile\FWH.Mobile\FWH.Mobile.csproj]
E:\github\FunWasHad\src\FWH.Mobile\FWH.Mobile\Services\LocationTrackingService.cs(266,25): warning CA1848: For improved performance, use the LoggerMessage delegates instead of calling 'LoggerExtensions.LogDebug(ILogger, string?, params object?[])' (https://learn.microsoft.com/dotnet/fundamentals/code-analysis/quality-rules/ca1848) [E:\github\FunWasHad\src\FWH.Mobile\FWH.Mobile\FWH.Mobile.csproj]
E:\github\FunWasHad\src\FWH.Mobile\FWH.Mobile\Services\LocationTrackingService.cs(304,17): warning CA1848: For improved performance, use the LoggerMessage delegates instead of calling 'LoggerExtensions.LogError(ILogger, Exception?, string?, params object?[])' (https://learn.microsoft.com/dotnet/fundamentals/code-analysis/quality-rules/ca1848) [E:\github\FunWasHad\src\FWH.Mobile\FWH.Mobile\FWH.Mobile.csproj]
E:\github\FunWasHad\src\FWH.Mobile\FWH.Mobile\Services\LocationTrackingService.cs(323,17): warning CA1848: For improved performance, use the LoggerMessage delegates instead of calling 'LoggerExtensions.LogError(ILogger, Exception?, string?, params object?[])' (https://learn.microsoft.com/dotnet/fundamentals/code-analysis/quality-rules/ca1848) [E:\github\FunWasHad\src\FWH.Mobile\FWH.Mobile\FWH.Mobile.csproj]
E:\github\FunWasHad\src\FWH.Mobile\FWH.Mobile\Services\LocationTrackingService.cs(362,13): warning CA1848: For improved performance, use the LoggerMessage delegates instead of calling 'LoggerExtensions.LogInformation(ILogger, string?, params object?[])' (https://learn.microsoft.com/dotnet/fundamentals/code-analysis/quality-rules/ca1848) [E:\github\FunWasHad\src\FWH.Mobile\FWH.Mobile\FWH.Mobile.csproj]
E:\github\FunWasHad\src\FWH.Mobile\FWH.Mobile\Services\LocationTrackingService.cs(398,13): warning CA1848: For improved performance, use the LoggerMessage delegates instead of calling 'LoggerExtensions.LogTrace(ILogger, string?, params object?[])' (https://learn.microsoft.com/dotnet/fundamentals/code-analysis/quality-rules/ca1848) [E:\github\FunWasHad\src\FWH.Mobile\FWH.Mobile\FWH.Mobile.csproj]
E:\github\FunWasHad\src\FWH.Mobile\FWH.Mobile\Services\LocationTrackingService.cs(446,13): warning CA1848: For improved performance, use the LoggerMessage delegates instead of calling 'LoggerExtensions.LogDebug(ILogger, string?, params object?[])' (https://learn.microsoft.com/dotnet/fundamentals/code-analysis/quality-rules/ca1848) [E:\github\FunWasHad\src\FWH.Mobile\FWH.Mobile\FWH.Mobile.csproj]
E:\github\FunWasHad\src\FWH.Mobile\FWH.Mobile\Services\ImageService.cs(178,9): warning CA1031: Modify 'GetImageByEntityAsync' to catch a more specific allowed exception type, or rethrow the exception (https://learn.microsoft.com/dotnet/fundamentals/code-analysis/quality-rules/ca1031) [E:\github\FunWasHad\src\FWH.Mobile\FWH.Mobile\FWH.Mobile.csproj]
E:\github\FunWasHad\src\FWH.Mobile\FWH.Mobile\Services\LocationTrackingService.cs(412,9): warning CA1848: For improved performance, use the LoggerMessage delegates instead of calling 'LoggerExtensions.LogDebug(ILogger, string?, params object?[])' (https://learn.microsoft.com/dotnet/fundamentals/code-analysis/quality-rules/ca1848) [E:\github\FunWasHad\src\FWH.Mobile\FWH.Mobile\FWH.Mobile.csproj]
E:\github\FunWasHad\src\FWH.Mobile\FWH.Mobile\Services\LocationTrackingService.cs(433,17): warning CA1848: For improved performance, use the LoggerMessage delegates instead of calling 'LoggerExtensions.LogDebug(ILogger, string?, params object?[])' (https://learn.microsoft.com/dotnet/fundamentals/code-analysis/quality-rules/ca1848) [E:\github\FunWasHad\src\FWH.Mobile\FWH.Mobile\FWH.Mobile.csproj]
E:\github\FunWasHad\src\FWH.Mobile\FWH.Mobile\Services\LocationTrackingService.cs(437,17): warning CA1848: For improved performance, use the LoggerMessage delegates instead of calling 'LoggerExtensions.LogError(ILogger, Exception?, string?, params object?[])' (https://learn.microsoft.com/dotnet/fundamentals/code-analysis/quality-rules/ca1848) [E:\github\FunWasHad\src\FWH.Mobile\FWH.Mobile\FWH.Mobile.csproj]
E:\github\FunWasHad\src\FWH.Mobile\FWH.Mobile\Services\LocationWorkflowService.cs(183,13): warning CA1031: Modify 'LoadLocationWorkflowFileAsync' to catch a more specific allowed exception type, or rethrow the exception (https://learn.microsoft.com/dotnet/fundamentals/code-analysis/quality-rules/ca1031) [E:\github\FunWasHad\src\FWH.Mobile\FWH.Mobile\FWH.Mobile.csproj]
E:\github\FunWasHad\src\FWH.Mobile\FWH.Mobile\Services\LocationWorkflowService.cs(208,13): warning CA1031: Modify 'LoadLocationWorkflowFileAsync' to catch a more specific allowed exception type, or rethrow the exception (https://learn.microsoft.com/dotnet/fundamentals/code-analysis/quality-rules/ca1031) [E:\github\FunWasHad\src\FWH.Mobile\FWH.Mobile\FWH.Mobile.csproj]
E:\github\FunWasHad\src\FWH.Mobile\FWH.Mobile\Services\LocationTrackingService.cs(458,13): warning CA1848: For improved performance, use the LoggerMessage delegates instead of calling 'LoggerExtensions.LogDebug(ILogger, string?, params object?[])' (https://learn.microsoft.com/dotnet/fundamentals/code-analysis/quality-rules/ca1848) [E:\github\FunWasHad\src\FWH.Mobile\FWH.Mobile\FWH.Mobile.csproj]
E:\github\FunWasHad\src\FWH.Mobile\FWH.Mobile\Services\LocationTrackingService.cs(480,17): warning CA1848: For improved performance, use the LoggerMessage delegates instead of calling 'LoggerExtensions.LogDebug(ILogger, Exception?, string?, params object?[])' (https://learn.microsoft.com/dotnet/fundamentals/code-analysis/quality-rules/ca1848) [E:\github\FunWasHad\src\FWH.Mobile\FWH.Mobile\FWH.Mobile.csproj]
E:\github\FunWasHad\src\FWH.Mobile\FWH.Mobile\Services\LocationTrackingService.cs(487,17): warning CA1848: For improved performance, use the LoggerMessage delegates instead of calling 'LoggerExtensions.LogDebug(ILogger, string?, params object?[])' (https://learn.microsoft.com/dotnet/fundamentals/code-analysis/quality-rules/ca1848) [E:\github\FunWasHad\src\FWH.Mobile\FWH.Mobile\FWH.Mobile.csproj]
E:\github\FunWasHad\src\FWH.Mobile\FWH.Mobile\Services\LocationTrackingService.cs(177,13): warning CA1031: Modify 'StartTrackingAsync' to catch a more specific allowed exception type, or rethrow the exception (https://learn.microsoft.com/dotnet/fundamentals/code-analysis/quality-rules/ca1031) [E:\github\FunWasHad\src\FWH.Mobile\FWH.Mobile\FWH.Mobile.csproj]
E:\github\FunWasHad\src\FWH.Mobile\FWH.Mobile\Services\LocationTrackingService.cs(490,13): warning CA1848: For improved performance, use the LoggerMessage delegates instead of calling 'LoggerExtensions.LogTrace(ILogger, string?, params object?[])' (https://learn.microsoft.com/dotnet/fundamentals/code-analysis/quality-rules/ca1848) [E:\github\FunWasHad\src\FWH.Mobile\FWH.Mobile\FWH.Mobile.csproj]
E:\github\FunWasHad\src\FWH.Mobile\FWH.Mobile\Services\LocationTrackingService.cs(496,17): warning CA1848: For improved performance, use the LoggerMessage delegates instead of calling 'LoggerExtensions.LogInformation(ILogger, string?, params object?[])' (https://learn.microsoft.com/dotnet/fundamentals/code-analysis/quality-rules/ca1848) [E:\github\FunWasHad\src\FWH.Mobile\FWH.Mobile\FWH.Mobile.csproj]
E:\github\FunWasHad\src\FWH.Mobile\FWH.Mobile\Services\LocationTrackingService.cs(512,17): warning CA1848: For improved performance, use the LoggerMessage delegates instead of calling 'LoggerExtensions.LogDebug(ILogger, string?, params object?[])' (https://learn.microsoft.com/dotnet/fundamentals/code-analysis/quality-rules/ca1848) [E:\github\FunWasHad\src\FWH.Mobile\FWH.Mobile\FWH.Mobile.csproj]
E:\github\FunWasHad\src\FWH.Mobile\FWH.Mobile\Services\LocationTrackingService.cs(523,13): warning CA1848: For improved performance, use the LoggerMessage delegates instead of calling 'LoggerExtensions.LogError(ILogger, Exception?, string?, params object?[])' (https://learn.microsoft.com/dotnet/fundamentals/code-analysis/quality-rules/ca1848) [E:\github\FunWasHad\src\FWH.Mobile\FWH.Mobile\FWH.Mobile.csproj]
E:\github\FunWasHad\src\FWH.Mobile\FWH.Mobile\Services\LocationTrackingService.cs(559,13): warning CA1848: For improved performance, use the LoggerMessage delegates instead of calling 'LoggerExtensions.LogInformation(ILogger, string?, params object?[])' (https://learn.microsoft.com/dotnet/fundamentals/code-analysis/quality-rules/ca1848) [E:\github\FunWasHad\src\FWH.Mobile\FWH.Mobile\FWH.Mobile.csproj]
E:\github\FunWasHad\src\FWH.Mobile\FWH.Mobile\Services\LocationTrackingService.cs(573,29): warning CA1848: For improved performance, use the LoggerMessage delegates instead of calling 'LoggerExtensions.LogInformation(ILogger, string?, params object?[])' (https://learn.microsoft.com/dotnet/fundamentals/code-analysis/quality-rules/ca1848) [E:\github\FunWasHad\src\FWH.Mobile\FWH.Mobile\FWH.Mobile.csproj]
E:\github\FunWasHad\src\FWH.Mobile\FWH.Mobile\Services\LocationTrackingService.cs(578,25): warning CA1848: For improved performance, use the LoggerMessage delegates instead of calling 'LoggerExtensions.LogWarning(ILogger, Exception?, string?, params object?[])' (https://learn.microsoft.com/dotnet/fundamentals/code-analysis/quality-rules/ca1848) [E:\github\FunWasHad\src\FWH.Mobile\FWH.Mobile\FWH.Mobile.csproj]
E:\github\FunWasHad\src\FWH.Mobile\FWH.Mobile\Services\LocationTrackingService.cs(595,33): warning CA1848: For improved performance, use the LoggerMessage delegates instead of calling 'LoggerExtensions.LogInformation(ILogger, string?, params object?[])' (https://learn.microsoft.com/dotnet/fundamentals/code-analysis/quality-rules/ca1848) [E:\github\FunWasHad\src\FWH.Mobile\FWH.Mobile\FWH.Mobile.csproj]
E:\github\FunWasHad\src\FWH.Mobile\FWH.Mobile\Services\LocationTrackingService.cs(600,29): warning CA1848: For improved performance, use the LoggerMessage delegates instead of calling 'LoggerExtensions.LogWarning(ILogger, Exception?, string?, params object?[])' (https://learn.microsoft.com/dotnet/fundamentals/code-analysis/quality-rules/ca1848) [E:\github\FunWasHad\src\FWH.Mobile\FWH.Mobile\FWH.Mobile.csproj]
E:\github\FunWasHad\src\FWH.Mobile\FWH.Mobile\Services\LocationTrackingService.cs(608,13): warning CA1848: For improved performance, use the LoggerMessage delegates instead of calling 'LoggerExtensions.LogError(ILogger, Exception?, string?, params object?[])' (https://learn.microsoft.com/dotnet/fundamentals/code-analysis/quality-rules/ca1848) [E:\github\FunWasHad\src\FWH.Mobile\FWH.Mobile\FWH.Mobile.csproj]
E:\github\FunWasHad\src\FWH.Mobile\FWH.Mobile\Services\LocationTrackingService.cs(435,13): warning CA1031: Modify 'StartStationaryCountdown' to catch a more specific allowed exception type, or rethrow the exception (https://learn.microsoft.com/dotnet/fundamentals/code-analysis/quality-rules/ca1031) [E:\github\FunWasHad\src\FWH.Mobile\FWH.Mobile\FWH.Mobile.csproj]
E:\github\FunWasHad\src\FWH.Mobile\FWH.Mobile\Services\LocationTrackingService.cs(770,9): warning CA1848: For improved performance, use the LoggerMessage delegates instead of calling 'LoggerExtensions.LogDebug(ILogger, string?, params object?[])' (https://learn.microsoft.com/dotnet/fundamentals/code-analysis/quality-rules/ca1848) [E:\github\FunWasHad\src\FWH.Mobile\FWH.Mobile\FWH.Mobile.csproj]
E:\github\FunWasHad\src\FWH.Mobile\FWH.Mobile\Services\LocationTrackingService.cs(707,28): warning CA1860: Prefer comparing 'Count' to 0 rather than using 'Any()', both for clarity and for performance (https://learn.microsoft.com/dotnet/fundamentals/code-analysis/quality-rules/ca1860) [E:\github\FunWasHad\src\FWH.Mobile\FWH.Mobile\FWH.Mobile.csproj]
E:\github\FunWasHad\src\FWH.Mobile\FWH.Mobile\Services\LocationTrackingService.cs(711,9): warning CA1848: For improved performance, use the LoggerMessage delegates instead of calling 'LoggerExtensions.LogDebug(ILogger, string?, params object?[])' (https://learn.microsoft.com/dotnet/fundamentals/code-analysis/quality-rules/ca1848) [E:\github\FunWasHad\src\FWH.Mobile\FWH.Mobile\FWH.Mobile.csproj]
E:\github\FunWasHad\src\FWH.Mobile\FWH.Mobile\Services\LocationTrackingService.cs(779,13): warning CA1848: For improved performance, use the LoggerMessage delegates instead of calling 'LoggerExtensions.LogDebug(ILogger, string?, params object?[])' (https://learn.microsoft.com/dotnet/fundamentals/code-analysis/quality-rules/ca1848) [E:\github\FunWasHad\src\FWH.Mobile\FWH.Mobile\FWH.Mobile.csproj]
E:\github\FunWasHad\src\FWH.Mobile\FWH.Mobile\Services\LocationTrackingService.cs(804,13): warning CA1848: For improved performance, use the LoggerMessage delegates instead of calling 'LoggerExtensions.LogDebug(ILogger, string?, params object?[])' (https://learn.microsoft.com/dotnet/fundamentals/code-analysis/quality-rules/ca1848) [E:\github\FunWasHad\src\FWH.Mobile\FWH.Mobile\FWH.Mobile.csproj]
E:\github\FunWasHad\src\FWH.Mobile\FWH.Mobile\Services\LocationTrackingService.cs(810,13): warning CA1848: For improved performance, use the LoggerMessage delegates instead of calling 'LoggerExtensions.LogError(ILogger, Exception?, string?, params object?[])' (https://learn.microsoft.com/dotnet/fundamentals/code-analysis/quality-rules/ca1848) [E:\github\FunWasHad\src\FWH.Mobile\FWH.Mobile\FWH.Mobile.csproj]
E:\github\FunWasHad\src\FWH.Mobile\FWH.Mobile\Services\LocationTrackingService.cs(819,13): warning CA1848: For improved performance, use the LoggerMessage delegates instead of calling 'LoggerExtensions.LogDebug(ILogger, string?, params object?[])' (https://learn.microsoft.com/dotnet/fundamentals/code-analysis/quality-rules/ca1848) [E:\github\FunWasHad\src\FWH.Mobile\FWH.Mobile\FWH.Mobile.csproj]
E:\github\FunWasHad\src\FWH.Mobile\FWH.Mobile\Services\LocationTrackingService.cs(827,17): warning CA1848: For improved performance, use the LoggerMessage delegates instead of calling 'LoggerExtensions.LogWarning(ILogger, string?, params object?[])' (https://learn.microsoft.com/dotnet/fundamentals/code-analysis/quality-rules/ca1848) [E:\github\FunWasHad\src\FWH.Mobile\FWH.Mobile\FWH.Mobile.csproj]
E:\github\FunWasHad\src\FWH.Mobile\FWH.Mobile\Services\LocationTrackingService.cs(832,13): warning CA1848: For improved performance, use the LoggerMessage delegates instead of calling 'LoggerExtensions.LogError(ILogger, Exception?, string?, params object?[])' (https://learn.microsoft.com/dotnet/fundamentals/code-analysis/quality-rules/ca1848) [E:\github\FunWasHad\src\FWH.Mobile\FWH.Mobile\FWH.Mobile.csproj]
E:\github\FunWasHad\src\FWH.Mobile\FWH.Mobile\Services\LocationTrackingService.cs(830,9): warning CA1031: Modify 'OnNewLocationAddress' to catch a more specific allowed exception type, or rethrow the exception (https://learn.microsoft.com/dotnet/fundamentals/code-analysis/quality-rules/ca1031) [E:\github\FunWasHad\src\FWH.Mobile\FWH.Mobile\FWH.Mobile.csproj]
E:\github\FunWasHad\src\FWH.Mobile\FWH.Mobile\Services\LocationTrackingService.cs(808,9): warning CA1031: Modify 'SendLocationUpdateAsync' to catch a more specific allowed exception type, or rethrow the exception (https://learn.microsoft.com/dotnet/fundamentals/code-analysis/quality-rules/ca1031) [E:\github\FunWasHad\src\FWH.Mobile\FWH.Mobile\FWH.Mobile.csproj]
E:\github\FunWasHad\src\FWH.Mobile\FWH.Mobile\Services\LocationTrackingService.cs(864,21): warning CA1848: For improved performance, use the LoggerMessage delegates instead of calling 'LoggerExtensions.LogWarning(ILogger, Exception?, string?, params object?[])' (https://learn.microsoft.com/dotnet/fundamentals/code-analysis/quality-rules/ca1848) [E:\github\FunWasHad\src\FWH.Mobile\FWH.Mobile\FWH.Mobile.csproj]
E:\github\FunWasHad\src\FWH.Mobile\FWH.Mobile\Services\LocationTrackingService.cs(881,21): warning CA1848: For improved performance, use the LoggerMessage delegates instead of calling 'LoggerExtensions.LogWarning(ILogger, Exception?, string?, params object?[])' (https://learn.microsoft.com/dotnet/fundamentals/code-analysis/quality-rules/ca1848) [E:\github\FunWasHad\src\FWH.Mobile\FWH.Mobile\FWH.Mobile.csproj]
E:\github\FunWasHad\src\FWH.Mobile\FWH.Mobile\Services\LocationTrackingService.cs(576,21): warning CA1031: Modify 'SaveStationaryPlaceAsync' to catch a more specific allowed exception type, or rethrow the exception (https://learn.microsoft.com/dotnet/fundamentals/code-analysis/quality-rules/ca1031) [E:\github\FunWasHad\src\FWH.Mobile\FWH.Mobile\FWH.Mobile.csproj]
E:\github\FunWasHad\src\FWH.Mobile\FWH.Mobile\Services\LocationTrackingService.cs(598,25): warning CA1031: Modify 'SaveStationaryPlaceAsync' to catch a more specific allowed exception type, or rethrow the exception (https://learn.microsoft.com/dotnet/fundamentals/code-analysis/quality-rules/ca1031) [E:\github\FunWasHad\src\FWH.Mobile\FWH.Mobile\FWH.Mobile.csproj]
E:\github\FunWasHad\src\FWH.Mobile\FWH.Mobile\Services\LocationTrackingService.cs(606,9): warning CA1031: Modify 'SaveStationaryPlaceAsync' to catch a more specific allowed exception type, or rethrow the exception (https://learn.microsoft.com/dotnet/fundamentals/code-analysis/quality-rules/ca1031) [E:\github\FunWasHad\src\FWH.Mobile\FWH.Mobile\FWH.Mobile.csproj]
E:\github\FunWasHad\src\FWH.Mobile\FWH.Mobile\Services\LocationTrackingService.cs(321,13): warning CA1031: Modify 'TrackLocationLoopAsync' to catch a more specific allowed exception type, or rethrow the exception (https://learn.microsoft.com/dotnet/fundamentals/code-analysis/quality-rules/ca1031) [E:\github\FunWasHad\src\FWH.Mobile\FWH.Mobile\FWH.Mobile.csproj]
E:\github\FunWasHad\src\FWH.Mobile\FWH.Mobile\Services\LocationTrackingService.cs(862,17): warning CA1031: Modify 'Dispose' to catch a more specific allowed exception type, or rethrow the exception (https://learn.microsoft.com/dotnet/fundamentals/code-analysis/quality-rules/ca1031) [E:\github\FunWasHad\src\FWH.Mobile\FWH.Mobile\FWH.Mobile.csproj]
E:\github\FunWasHad\src\FWH.Mobile\FWH.Mobile\Services\LocationTrackingService.cs(879,17): warning CA1031: Modify 'Dispose' to catch a more specific allowed exception type, or rethrow the exception (https://learn.microsoft.com/dotnet/fundamentals/code-analysis/quality-rules/ca1031) [E:\github\FunWasHad\src\FWH.Mobile\FWH.Mobile\FWH.Mobile.csproj]
E:\github\FunWasHad\src\FWH.Mobile\FWH.Mobile\Services\LocationTrackingService.cs(478,13): warning CA1031: Modify 'CheckForAddressChangeAsync' to catch a more specific allowed exception type, or rethrow the exception (https://learn.microsoft.com/dotnet/fundamentals/code-analysis/quality-rules/ca1031) [E:\github\FunWasHad\src\FWH.Mobile\FWH.Mobile\FWH.Mobile.csproj]
E:\github\FunWasHad\src\FWH.Mobile\FWH.Mobile\Services\LocationTrackingService.cs(521,9): warning CA1031: Modify 'CheckForAddressChangeAsync' to catch a more specific allowed exception type, or rethrow the exception (https://learn.microsoft.com/dotnet/fundamentals/code-analysis/quality-rules/ca1031) [E:\github\FunWasHad\src\FWH.Mobile\FWH.Mobile\FWH.Mobile.csproj]
E:\github\FunWasHad\src\FWH.Mobile\FWH.Mobile\Services\GetNearbyBusinessesActionHandler.cs(228,9): warning CA1031: Modify 'HandleAsync' to catch a more specific allowed exception type, or rethrow the exception (https://learn.microsoft.com/dotnet/fundamentals/code-analysis/quality-rules/ca1031) [E:\github\FunWasHad\src\FWH.Mobile\FWH.Mobile\FWH.Mobile.csproj]
E:\github\FunWasHad\src\FWH.Mobile\FWH.Mobile\App.axaml.cs(668,18): warning CA1822: Member 'DisableAvaloniaDataAnnotationValidation' does not access instance data and can be marked as static (https://learn.microsoft.com/dotnet/fundamentals/code-analysis/quality-rules/ca1822) [E:\github\FunWasHad\src\FWH.Mobile\FWH.Mobile\FWH.Mobile.csproj]
E:\github\FunWasHad\src\FWH.Mobile\FWH.Mobile\App.axaml.cs(537,24): warning CA1822: Member 'StartLocationTrackingAsync' does not access instance data and can be marked as static (https://learn.microsoft.com/dotnet/fundamentals/code-analysis/quality-rules/ca1822) [E:\github\FunWasHad\src\FWH.Mobile\FWH.Mobile\FWH.Mobile.csproj]
E:\github\FunWasHad\src\FWH.Mobile\FWH.Mobile\App.axaml.cs(607,33): warning CA1822: Member 'LoadWorkflowFileAsync' does not access instance data and can be marked as static (https://learn.microsoft.com/dotnet/fundamentals/code-analysis/quality-rules/ca1822) [E:\github\FunWasHad\src\FWH.Mobile\FWH.Mobile\FWH.Mobile.csproj]
E:\github\FunWasHad\src\FWH.Mobile\FWH.Mobile\Services\ThemeService.cs(267,19): warning CA1812: 'ThemeService.CityThemeDto' is an internal class that is apparently never instantiated. If so, remove the code from the assembly. If this class is intended to contain only static members, make it 'static' (Module in Visual Basic). (https://learn.microsoft.com/dotnet/fundamentals/code-analysis/quality-rules/ca1812) [E:\github\FunWasHad\src\FWH.Mobile\FWH.Mobile\FWH.Mobile.csproj]
E:\github\FunWasHad\src\FWH.Mobile\FWH.Mobile\Services\ThemeService.cs(262,19): warning CA1812: 'ThemeService.CityMarketingResponseDto' is an internal class that is apparently never instantiated. If so, remove the code from the assembly. If this class is intended to contain only static members, make it 'static' (Module in Visual Basic). (https://learn.microsoft.com/dotnet/fundamentals/code-analysis/quality-rules/ca1812) [E:\github\FunWasHad\src\FWH.Mobile\FWH.Mobile\FWH.Mobile.csproj]
E:\github\FunWasHad\src\FWH.Mobile\FWH.Mobile\Services\ThemeService.cs(251,19): warning CA1812: 'ThemeService.BusinessThemeDto' is an internal class that is apparently never instantiated. If so, remove the code from the assembly. If this class is intended to contain only static members, make it 'static' (Module in Visual Basic). (https://learn.microsoft.com/dotnet/fundamentals/code-analysis/quality-rules/ca1812) [E:\github\FunWasHad\src\FWH.Mobile\FWH.Mobile\FWH.Mobile.csproj]
E:\github\FunWasHad\src\FWH.Mobile\FWH.Mobile\ViewModels\PlacesViewModel.cs(446,19): warning CA1812: 'PlacesViewModel.BusinessThemeDto' is an internal class that is apparently never instantiated. If so, remove the code from the assembly. If this class is intended to contain only static members, make it 'static' (Module in Visual Basic). (https://learn.microsoft.com/dotnet/fundamentals/code-analysis/quality-rules/ca1812) [E:\github\FunWasHad\src\FWH.Mobile\FWH.Mobile\FWH.Mobile.csproj]
E:\github\FunWasHad\src\FWH.Mobile\FWH.Mobile\ViewModels\PlacesViewModel.cs(437,19): warning CA1812: 'PlacesViewModel.MarketingBusinessDto' is an internal class that is apparently never instantiated. If so, remove the code from the assembly. If this class is intended to contain only static members, make it 'static' (Module in Visual Basic). (https://learn.microsoft.com/dotnet/fundamentals/code-analysis/quality-rules/ca1812) [E:\github\FunWasHad\src\FWH.Mobile\FWH.Mobile\FWH.Mobile.csproj]
E:\github\FunWasHad\src\FWH.Mobile\FWH.Mobile\Services\ThemeService.cs(267,19): warning CA1852: Type 'CityThemeDto' can be sealed because it has no subtypes in its containing assembly and is not externally visible (https://learn.microsoft.com/dotnet/fundamentals/code-analysis/quality-rules/ca1852) [E:\github\FunWasHad\src\FWH.Mobile\FWH.Mobile\FWH.Mobile.csproj]
E:\github\FunWasHad\src\FWH.Mobile\FWH.Mobile\Services\ThemeService.cs(262,19): warning CA1852: Type 'CityMarketingResponseDto' can be sealed because it has no subtypes in its containing assembly and is not externally visible (https://learn.microsoft.com/dotnet/fundamentals/code-analysis/quality-rules/ca1852) [E:\github\FunWasHad\src\FWH.Mobile\FWH.Mobile\FWH.Mobile.csproj]
E:\github\FunWasHad\src\FWH.Mobile\FWH.Mobile\Services\ThemeService.cs(251,19): warning CA1852: Type 'BusinessThemeDto' can be sealed because it has no subtypes in its containing assembly and is not externally visible (https://learn.microsoft.com/dotnet/fundamentals/code-analysis/quality-rules/ca1852) [E:\github\FunWasHad\src\FWH.Mobile\FWH.Mobile\FWH.Mobile.csproj]
E:\github\FunWasHad\src\FWH.Mobile\FWH.Mobile\ViewModels\PlacesViewModel.cs(446,19): warning CA1852: Type 'BusinessThemeDto' can be sealed because it has no subtypes in its containing assembly and is not externally visible (https://learn.microsoft.com/dotnet/fundamentals/code-analysis/quality-rules/ca1852) [E:\github\FunWasHad\src\FWH.Mobile\FWH.Mobile\FWH.Mobile.csproj]
E:\github\FunWasHad\src\FWH.Mobile\FWH.Mobile\ViewModels\PlacesViewModel.cs(437,19): warning CA1852: Type 'MarketingBusinessDto' can be sealed because it has no subtypes in its containing assembly and is not externally visible (https://learn.microsoft.com/dotnet/fundamentals/code-analysis/quality-rules/ca1852) [E:\github\FunWasHad\src\FWH.Mobile\FWH.Mobile\FWH.Mobile.csproj]
E:\github\FunWasHad\src\FWH.Mobile\FWH.Mobile.Desktop\Services\WindowsGpsService.cs(46,25): warning CA1848: For improved performance, use the LoggerMessage delegates instead of calling 'LoggerExtensions.LogError(ILogger, Exception?, string?, params object?[])' (https://learn.microsoft.com/dotnet/fundamentals/code-analysis/quality-rules/ca1848) [E:\github\FunWasHad\src\FWH.Mobile\FWH.Mobile.Desktop\FWH.Mobile.Desktop.csproj]
E:\github\FunWasHad\src\FWH.Mobile\FWH.Mobile.Desktop\Services\WindowsGpsService.cs(61,21): warning CA1848: For improved performance, use the LoggerMessage delegates instead of calling 'LoggerExtensions.LogWarning(ILogger, Exception?, string?, params object?[])' (https://learn.microsoft.com/dotnet/fundamentals/code-analysis/quality-rules/ca1848) [E:\github\FunWasHad\src\FWH.Mobile\FWH.Mobile.Desktop\FWH.Mobile.Desktop.csproj]
E:\github\FunWasHad\src\FWH.Mobile\FWH.Mobile.Desktop\Services\WindowsGpsService.cs(66,21): warning CA1848: For improved performance, use the LoggerMessage delegates instead of calling 'LoggerExtensions.LogError(ILogger, Exception?, string?, params object?[])' (https://learn.microsoft.com/dotnet/fundamentals/code-analysis/quality-rules/ca1848) [E:\github\FunWasHad\src\FWH.Mobile\FWH.Mobile.Desktop\FWH.Mobile.Desktop.csproj]
E:\github\FunWasHad\src\FWH.Mobile\FWH.Mobile.Desktop\Services\WindowsGpsService.cs(240,21): warning CA1848: For improved performance, use the LoggerMessage delegates instead of calling 'LoggerExtensions.LogError(ILogger, Exception?, string?, params object?[])' (https://learn.microsoft.com/dotnet/fundamentals/code-analysis/quality-rules/ca1848) [E:\github\FunWasHad\src\FWH.Mobile\FWH.Mobile.Desktop\FWH.Mobile.Desktop.csproj]
E:\github\FunWasHad\src\FWH.Mobile\FWH.Mobile.Desktop\Services\WindowsGpsService.cs(44,13): warning CA1031: Modify 'get_IsLocationAvailable' to catch a more specific allowed exception type, or rethrow the exception (https://learn.microsoft.com/dotnet/fundamentals/code-analysis/quality-rules/ca1031) [E:\github\FunWasHad\src\FWH.Mobile\FWH.Mobile.Desktop\FWH.Mobile.Desktop.csproj]
E:\github\FunWasHad\src\FWH.Mobile\FWH.Mobile.Desktop\Services\WindowsGpsService.cs(64,9): warning CA1031: Modify 'RequestLocationPermissionAsync' to catch a more specific allowed exception type, or rethrow the exception (https://learn.microsoft.com/dotnet/fundamentals/code-analysis/quality-rules/ca1031) [E:\github\FunWasHad\src\FWH.Mobile\FWH.Mobile.Desktop\FWH.Mobile.Desktop.csproj]
E:\github\FunWasHad\src\FWH.Mobile\FWH.Mobile.Desktop\Services\WindowsGpsService.cs(238,9): warning CA1031: Modify 'GetLastKnownLocationAsync' to catch a more specific allowed exception type, or rethrow the exception (https://learn.microsoft.com/dotnet/fundamentals/code-analysis/quality-rules/ca1031) [E:\github\FunWasHad\src\FWH.Mobile\FWH.Mobile.Desktop\FWH.Mobile.Desktop.csproj]
E:\github\FunWasHad\src\FWH.Mobile\FWH.Mobile.Desktop\Services\WindowsGpsService.cs(90,17): warning CA1031: Modify 'GetCurrentLocationAsync' to catch a more specific allowed exception type, or rethrow the exception (https://learn.microsoft.com/dotnet/fundamentals/code-analysis/quality-rules/ca1031) [E:\github\FunWasHad\src\FWH.Mobile\FWH.Mobile.Desktop\FWH.Mobile.Desktop.csproj]
E:\github\FunWasHad\src\FWH.Mobile\FWH.Mobile.Desktop\Services\WindowsGpsService.cs(128,13): warning CA1031: Modify 'GetCurrentLocationAsync' to catch a more specific allowed exception type, or rethrow the exception (https://learn.microsoft.com/dotnet/fundamentals/code-analysis/quality-rules/ca1031) [E:\github\FunWasHad\src\FWH.Mobile\FWH.Mobile.Desktop\FWH.Mobile.Desktop.csproj]
E:\github\FunWasHad\src\FWH.Mobile\FWH.Mobile.Desktop\Services\WindowsGpsService.cs(12,16): warning CA1812: 'WindowsGpsService' is an internal class that is apparently never instantiated. If so, remove the code from the assembly. If this class is intended to contain only static members, make it 'static' (Module in Visual Basic). (https://learn.microsoft.com/dotnet/fundamentals/code-analysis/quality-rules/ca1812) [E:\github\FunWasHad\src\FWH.Mobile\FWH.Mobile.Desktop\FWH.Mobile.Desktop.csproj]
E:\github\FunWasHad\src\FWH.Mobile\FWH.Mobile.Desktop\Services\WindowsGpsService.cs(12,16): warning CA1852: Type 'WindowsGpsService' can be sealed because it has no subtypes in its containing assembly and is not externally visible (https://learn.microsoft.com/dotnet/fundamentals/code-analysis/quality-rules/ca1852) [E:\github\FunWasHad\src\FWH.Mobile\FWH.Mobile.Desktop\FWH.Mobile.Desktop.csproj]
E:\github\FunWasHad\tests\FWH.Mobile.Services.Tests\LocationTrackingServiceTests.cs(143,15): warning xUnit1051: Calls to methods which accept CancellationToken should use TestContext.Current.CancellationToken to allow test cancellation to be more responsive. (https://xunit.net/xunit.analyzers/rules/xUnit1051) [E:\github\FunWasHad\tests\FWH.Mobile.Services.Tests\FWH.Mobile.Services.Tests.csproj]
E:\github\FunWasHad\tests\FWH.Mobile.Services.Tests\LocationTrackingServiceTests.cs(77,15): warning xUnit1051: Calls to methods which accept CancellationToken should use TestContext.Current.CancellationToken to allow test cancellation to be more responsive. (https://xunit.net/xunit.analyzers/rules/xUnit1051) [E:\github\FunWasHad\tests\FWH.Mobile.Services.Tests\FWH.Mobile.Services.Tests.csproj]
E:\github\FunWasHad\tests\FWH.Mobile.Services.Tests\LocationTrackingServiceTests.cs(80,15): warning xUnit1051: Calls to methods which accept CancellationToken should use TestContext.Current.CancellationToken to allow test cancellation to be more responsive. (https://xunit.net/xunit.analyzers/rules/xUnit1051) [E:\github\FunWasHad\tests\FWH.Mobile.Services.Tests\FWH.Mobile.Services.Tests.csproj]
E:\github\FunWasHad\tests\FWH.Mobile.Services.Tests\LocationTrackingServiceTests.cs(223,15): warning xUnit1051: Calls to methods which accept CancellationToken should use TestContext.Current.CancellationToken to allow test cancellation to be more responsive. (https://xunit.net/xunit.analyzers/rules/xUnit1051) [E:\github\FunWasHad\tests\FWH.Mobile.Services.Tests\FWH.Mobile.Services.Tests.csproj]
E:\github\FunWasHad\tests\FWH.Mobile.Services.Tests\LocationTrackingServiceTests.cs(224,15): warning xUnit1051: Calls to methods which accept CancellationToken should use TestContext.Current.CancellationToken to allow test cancellation to be more responsive. (https://xunit.net/xunit.analyzers/rules/xUnit1051) [E:\github\FunWasHad\tests\FWH.Mobile.Services.Tests\FWH.Mobile.Services.Tests.csproj]
E:\github\FunWasHad\tests\FWH.Mobile.Services.Tests\LocationTrackingServiceTests.cs(115,15): warning xUnit1051: Calls to methods which accept CancellationToken should use TestContext.Current.CancellationToken to allow test cancellation to be more responsive. (https://xunit.net/xunit.analyzers/rules/xUnit1051) [E:\github\FunWasHad\tests\FWH.Mobile.Services.Tests\FWH.Mobile.Services.Tests.csproj]
E:\github\FunWasHad\tests\FWH.Mobile.Services.Tests\LocationTrackingServiceTests.cs(275,15): warning xUnit1051: Calls to methods which accept CancellationToken should use TestContext.Current.CancellationToken to allow test cancellation to be more responsive. (https://xunit.net/xunit.analyzers/rules/xUnit1051) [E:\github\FunWasHad\tests\FWH.Mobile.Services.Tests\FWH.Mobile.Services.Tests.csproj]
E:\github\FunWasHad\tests\FWH.Mobile.Services.Tests\LocationTrackingServiceTests.cs(276,15): warning xUnit1051: Calls to methods which accept CancellationToken should use TestContext.Current.CancellationToken to allow test cancellation to be more responsive. (https://xunit.net/xunit.analyzers/rules/xUnit1051) [E:\github\FunWasHad\tests\FWH.Mobile.Services.Tests\FWH.Mobile.Services.Tests.csproj]
E:\github\FunWasHad\tests\FWH.Mobile.Services.Tests\LocationTrackingServiceTests.cs(178,15): warning xUnit1051: Calls to methods which accept CancellationToken should use TestContext.Current.CancellationToken to allow test cancellation to be more responsive. (https://xunit.net/xunit.analyzers/rules/xUnit1051) [E:\github\FunWasHad\tests\FWH.Mobile.Services.Tests\FWH.Mobile.Services.Tests.csproj]
E:\github\FunWasHad\tests\FWH.Mobile.Services.Tests\LocationTrackingServiceTests.cs(179,15): warning xUnit1051: Calls to methods which accept CancellationToken should use TestContext.Current.CancellationToken to allow test cancellation to be more responsive. (https://xunit.net/xunit.analyzers/rules/xUnit1051) [E:\github\FunWasHad\tests\FWH.Mobile.Services.Tests\FWH.Mobile.Services.Tests.csproj]
E:\github\FunWasHad\tests\FWH.Mobile.Services.Tests\LocationTrackingServiceTests.cs(182,37): warning xUnit1051: Calls to methods which accept CancellationToken should use TestContext.Current.CancellationToken to allow test cancellation to be more responsive. (https://xunit.net/xunit.analyzers/rules/xUnit1051) [E:\github\FunWasHad\tests\FWH.Mobile.Services.Tests\FWH.Mobile.Services.Tests.csproj]
E:\github\FunWasHad\tests\FWH.Mobile.Services.Tests\LocationTrackingServiceTests.cs(389,15): warning xUnit1051: Calls to methods which accept CancellationToken should use TestContext.Current.CancellationToken to allow test cancellation to be more responsive. (https://xunit.net/xunit.analyzers/rules/xUnit1051) [E:\github\FunWasHad\tests\FWH.Mobile.Services.Tests\FWH.Mobile.Services.Tests.csproj]
E:\github\FunWasHad\tests\FWH.Mobile.Services.Tests\LocationTrackingServiceTests.cs(346,15): warning xUnit1051: Calls to methods which accept CancellationToken should use TestContext.Current.CancellationToken to allow test cancellation to be more responsive. (https://xunit.net/xunit.analyzers/rules/xUnit1051) [E:\github\FunWasHad\tests\FWH.Mobile.Services.Tests\FWH.Mobile.Services.Tests.csproj]
E:\github\FunWasHad\tests\FWH.Mobile.Services.Tests\LocationTrackingServiceTests.cs(393,15): warning xUnit1051: Calls to methods which accept CancellationToken should use TestContext.Current.CancellationToken to allow test cancellation to be more responsive. (https://xunit.net/xunit.analyzers/rules/xUnit1051) [E:\github\FunWasHad\tests\FWH.Mobile.Services.Tests\FWH.Mobile.Services.Tests.csproj]
E:\github\FunWasHad\tests\FWH.Mobile.Services.Tests\LocationTrackingServiceTests.cs(347,15): warning xUnit1051: Calls to methods which accept CancellationToken should use TestContext.Current.CancellationToken to allow test cancellation to be more responsive. (https://xunit.net/xunit.analyzers/rules/xUnit1051) [E:\github\FunWasHad\tests\FWH.Mobile.Services.Tests\FWH.Mobile.Services.Tests.csproj]
E:\github\FunWasHad\tests\FWH.Mobile.Services.Tests\LocationTrackingServiceTests.cs(309,15): warning xUnit1051: Calls to methods which accept CancellationToken should use TestContext.Current.CancellationToken to allow test cancellation to be more responsive. (https://xunit.net/xunit.analyzers/rules/xUnit1051) [E:\github\FunWasHad\tests\FWH.Mobile.Services.Tests\FWH.Mobile.Services.Tests.csproj]
E:\github\FunWasHad\tests\FWH.Mobile.Services.Tests\LocationTrackingServiceTests.cs(399,37): warning xUnit1051: Calls to methods which accept CancellationToken should use TestContext.Current.CancellationToken to allow test cancellation to be more responsive. (https://xunit.net/xunit.analyzers/rules/xUnit1051) [E:\github\FunWasHad\tests\FWH.Mobile.Services.Tests\FWH.Mobile.Services.Tests.csproj]
E:\github\FunWasHad\tests\FWH.Mobile.Services.Tests\LocationTrackingServiceTests.cs(310,15): warning xUnit1051: Calls to methods which accept CancellationToken should use TestContext.Current.CancellationToken to allow test cancellation to be more responsive. (https://xunit.net/xunit.analyzers/rules/xUnit1051) [E:\github\FunWasHad\tests\FWH.Mobile.Services.Tests\FWH.Mobile.Services.Tests.csproj]
E:\github\FunWasHad\tests\FWH.Mobile.Services.Tests\LocationTrackingServiceTests.cs(446,15): warning xUnit1051: Calls to methods which accept CancellationToken should use TestContext.Current.CancellationToken to allow test cancellation to be more responsive. (https://xunit.net/xunit.analyzers/rules/xUnit1051) [E:\github\FunWasHad\tests\FWH.Mobile.Services.Tests\FWH.Mobile.Services.Tests.csproj]
E:\github\FunWasHad\tests\FWH.Mobile.Services.Tests\LocationTrackingServiceTests.cs(447,15): warning xUnit1051: Calls to methods which accept CancellationToken should use TestContext.Current.CancellationToken to allow test cancellation to be more responsive. (https://xunit.net/xunit.analyzers/rules/xUnit1051) [E:\github\FunWasHad\tests\FWH.Mobile.Services.Tests\FWH.Mobile.Services.Tests.csproj]
E:\github\FunWasHad\tests\FWH.Mobile.Services.Tests\LocationTrackingServiceTests.cs(450,37): warning xUnit1051: Calls to methods which accept CancellationToken should use TestContext.Current.CancellationToken to allow test cancellation to be more responsive. (https://xunit.net/xunit.analyzers/rules/xUnit1051) [E:\github\FunWasHad\tests\FWH.Mobile.Services.Tests\FWH.Mobile.Services.Tests.csproj]
E:\github\FunWasHad\tests\FWH.Mobile.Services.Tests\LocationTrackingServiceTests.cs(516,15): warning xUnit1051: Calls to methods which accept CancellationToken should use TestContext.Current.CancellationToken to allow test cancellation to be more responsive. (https://xunit.net/xunit.analyzers/rules/xUnit1051) [E:\github\FunWasHad\tests\FWH.Mobile.Services.Tests\FWH.Mobile.Services.Tests.csproj]
E:\github\FunWasHad\tests\FWH.Mobile.Services.Tests\LocationTrackingServiceTests.cs(517,15): warning xUnit1051: Calls to methods which accept CancellationToken should use TestContext.Current.CancellationToken to allow test cancellation to be more responsive. (https://xunit.net/xunit.analyzers/rules/xUnit1051) [E:\github\FunWasHad\tests\FWH.Mobile.Services.Tests\FWH.Mobile.Services.Tests.csproj]
E:\github\FunWasHad\tests\FWH.Mobile.Services.Tests\LocationTrackingServiceTests.cs(521,31): warning xUnit1051: Calls to methods which accept CancellationToken should use TestContext.Current.CancellationToken to allow test cancellation to be more responsive. (https://xunit.net/xunit.analyzers/rules/xUnit1051) [E:\github\FunWasHad\tests\FWH.Mobile.Services.Tests\FWH.Mobile.Services.Tests.csproj]
E:\github\FunWasHad\tests\FWH.Mobile.Services.Tests\LocationTrackingServiceTests.cs(522,39): warning xUnit1051: Calls to methods which accept CancellationToken should use TestContext.Current.CancellationToken to allow test cancellation to be more responsive. (https://xunit.net/xunit.analyzers/rules/xUnit1051) [E:\github\FunWasHad\tests\FWH.Mobile.Services.Tests\FWH.Mobile.Services.Tests.csproj]
E:\github\FunWasHad\tests\FWH.Mobile.Services.Tests\LocationTrackingServiceTests.cs(547,15): warning xUnit1051: Calls to methods which accept CancellationToken should use TestContext.Current.CancellationToken to allow test cancellation to be more responsive. (https://xunit.net/xunit.analyzers/rules/xUnit1051) [E:\github\FunWasHad\tests\FWH.Mobile.Services.Tests\FWH.Mobile.Services.Tests.csproj]
E:\github\FunWasHad\tests\FWH.Mobile.Services.Tests\LocationTrackingServiceTests.cs(548,15): warning xUnit1051: Calls to methods which accept CancellationToken should use TestContext.Current.CancellationToken to allow test cancellation to be more responsive. (https://xunit.net/xunit.analyzers/rules/xUnit1051) [E:\github\FunWasHad\tests\FWH.Mobile.Services.Tests\FWH.Mobile.Services.Tests.csproj]
E:\github\FunWasHad\tests\FWH.Mobile.Services.Tests\LocationTrackingServiceTests.cs(553,37): warning xUnit1051: Calls to methods which accept CancellationToken should use TestContext.Current.CancellationToken to allow test cancellation to be more responsive. (https://xunit.net/xunit.analyzers/rules/xUnit1051) [E:\github\FunWasHad\tests\FWH.Mobile.Services.Tests\FWH.Mobile.Services.Tests.csproj]
E:\github\FunWasHad\src\FWH.Mobile\FWH.Mobile.Android\Services\AndroidCameraService.cs(26,9): warning CA1031: Modify 'GetActivity' to catch a more specific allowed exception type, or rethrow the exception (https://learn.microsoft.com/dotnet/fundamentals/code-analysis/quality-rules/ca1031) [E:\github\FunWasHad\src\FWH.Mobile\FWH.Mobile.Android\FWH.Mobile.Android.csproj]
E:\github\FunWasHad\src\FWH.Mobile\FWH.Mobile.Android\Services\AndroidGpsService.cs(51,13): warning CA1031: Modify 'get_IsLocationAvailable' to catch a more specific allowed exception type, or rethrow the exception (https://learn.microsoft.com/dotnet/fundamentals/code-analysis/quality-rules/ca1031) [E:\github\FunWasHad\src\FWH.Mobile\FWH.Mobile.Android\FWH.Mobile.Android.csproj]
E:\github\FunWasHad\src\FWH.Mobile\FWH.Mobile.Android\MainActivity.cs(50,21): warning CA1848: For improved performance, use the LoggerMessage delegates instead of calling 'LoggerExtensions.LogInformation(ILogger, string?, params object?[])' (https://learn.microsoft.com/dotnet/fundamentals/code-analysis/quality-rules/ca1848) [E:\github\FunWasHad\src\FWH.Mobile\FWH.Mobile.Android\FWH.Mobile.Android.csproj]
E:\github\FunWasHad\src\FWH.Mobile\FWH.Mobile.Android\MainActivity.cs(74,17): warning CA1848: For improved performance, use the LoggerMessage delegates instead of calling 'LoggerExtensions.LogDebug(ILogger, string?, params object?[])' (https://learn.microsoft.com/dotnet/fundamentals/code-analysis/quality-rules/ca1848) [E:\github\FunWasHad\src\FWH.Mobile\FWH.Mobile.Android\FWH.Mobile.Android.csproj]
E:\github\FunWasHad\src\FWH.Mobile\FWH.Mobile.Android\MainActivity.cs(86,21): warning CA1848: For improved performance, use the LoggerMessage delegates instead of calling 'LoggerExtensions.LogWarning(ILogger, string?, params object?[])' (https://learn.microsoft.com/dotnet/fundamentals/code-analysis/quality-rules/ca1848) [E:\github\FunWasHad\src\FWH.Mobile\FWH.Mobile.Android\FWH.Mobile.Android.csproj]
E:\github\FunWasHad\src\FWH.Mobile\FWH.Mobile.Android\MainActivity.cs(54,21): warning CA1848: For improved performance, use the LoggerMessage delegates instead of calling 'LoggerExtensions.LogWarning(ILogger, string?, params object?[])' (https://learn.microsoft.com/dotnet/fundamentals/code-analysis/quality-rules/ca1848) [E:\github\FunWasHad\src\FWH.Mobile\FWH.Mobile.Android\FWH.Mobile.Android.csproj]
E:\github\FunWasHad\src\FWH.Mobile\FWH.Mobile.Android\MainActivity.cs(28,32): warning CA2000: Call System.IDisposable.Dispose on object created by 'new(0)' before all references to it are out of scope (https://learn.microsoft.com/dotnet/fundamentals/code-analysis/quality-rules/ca2000) [E:\github\FunWasHad\src\FWH.Mobile\FWH.Mobile.Android\FWH.Mobile.Android.csproj]
E:\github\FunWasHad\src\FWH.Mobile\FWH.Mobile.Android\MainActivity.cs(150,29): warning CA1848: For improved performance, use the LoggerMessage delegates instead of calling 'LoggerExtensions.LogInformation(ILogger, string?, params object?[])' (https://learn.microsoft.com/dotnet/fundamentals/code-analysis/quality-rules/ca1848) [E:\github\FunWasHad\src\FWH.Mobile\FWH.Mobile.Android\FWH.Mobile.Android.csproj]
E:\github\FunWasHad\src\FWH.Mobile\FWH.Mobile.Android\MainActivity.cs(154,29): warning CA1848: For improved performance, use the LoggerMessage delegates instead of calling 'LoggerExtensions.LogWarning(ILogger, string?, params object?[])' (https://learn.microsoft.com/dotnet/fundamentals/code-analysis/quality-rules/ca1848) [E:\github\FunWasHad\src\FWH.Mobile\FWH.Mobile.Android\FWH.Mobile.Android.csproj]
E:\github\FunWasHad\src\FWH.Mobile\FWH.Mobile.Android\Services\AndroidCameraService.cs(53,29): warning CA1848: For improved performance, use the LoggerMessage delegates instead of calling 'LoggerExtensions.LogWarning(ILogger, string?, params object?[])' (https://learn.microsoft.com/dotnet/fundamentals/code-analysis/quality-rules/ca1848) [E:\github\FunWasHad\src\FWH.Mobile\FWH.Mobile.Android\FWH.Mobile.Android.csproj]
E:\github\FunWasHad\src\FWH.Mobile\FWH.Mobile.Android\Services\AndroidCameraService.cs(61,29): warning CA1848: For improved performance, use the LoggerMessage delegates instead of calling 'LoggerExtensions.LogWarning(ILogger, string?, params object?[])' (https://learn.microsoft.com/dotnet/fundamentals/code-analysis/quality-rules/ca1848) [E:\github\FunWasHad\src\FWH.Mobile\FWH.Mobile.Android\FWH.Mobile.Android.csproj]
E:\github\FunWasHad\src\FWH.Mobile\FWH.Mobile.Android\Services\AndroidCameraService.cs(75,25): warning CA1848: For improved performance, use the LoggerMessage delegates instead of calling 'LoggerExtensions.LogDebug(ILogger, string?, params object?[])' (https://learn.microsoft.com/dotnet/fundamentals/code-analysis/quality-rules/ca1848) [E:\github\FunWasHad\src\FWH.Mobile\FWH.Mobile.Android\FWH.Mobile.Android.csproj]
E:\github\FunWasHad\src\FWH.Mobile\FWH.Mobile.Android\Services\AndroidCameraService.cs(80,29): warning CA1848: For improved performance, use the LoggerMessage delegates instead of calling 'LoggerExtensions.LogWarning(ILogger, string?, params object?[])' (https://learn.microsoft.com/dotnet/fundamentals/code-analysis/quality-rules/ca1848) [E:\github\FunWasHad\src\FWH.Mobile\FWH.Mobile.Android\FWH.Mobile.Android.csproj]
E:\github\FunWasHad\src\FWH.Mobile\FWH.Mobile.Android\Services\AndroidCameraService.cs(88,25): warning CA1848: For improved performance, use the LoggerMessage delegates instead of calling 'LoggerExtensions.LogWarning(ILogger, Exception?, string?, params object?[])' (https://learn.microsoft.com/dotnet/fundamentals/code-analysis/quality-rules/ca1848) [E:\github\FunWasHad\src\FWH.Mobile\FWH.Mobile.Android\FWH.Mobile.Android.csproj]
E:\github\FunWasHad\src\FWH.Mobile\FWH.Mobile.Android\Services\AndroidCameraService.cs(93,25): warning CA1848: For improved performance, use the LoggerMessage delegates instead of calling 'LoggerExtensions.LogError(ILogger, Exception?, string?, params object?[])' (https://learn.microsoft.com/dotnet/fundamentals/code-analysis/quality-rules/ca1848) [E:\github\FunWasHad\src\FWH.Mobile\FWH.Mobile.Android\FWH.Mobile.Android.csproj]
E:\github\FunWasHad\src\FWH.Mobile\FWH.Mobile.Android\Services\AndroidCameraService.cs(91,13): warning CA1031: Modify 'get_IsCameraAvailable' to catch a more specific allowed exception type, or rethrow the exception (https://learn.microsoft.com/dotnet/fundamentals/code-analysis/quality-rules/ca1031) [E:\github\FunWasHad\src\FWH.Mobile\FWH.Mobile.Android\FWH.Mobile.Android.csproj]
E:\github\FunWasHad\src\FWH.Mobile\FWH.Mobile.Android\Services\AndroidGpsService.cs(314,17): warning CA1848: For improved performance, use the LoggerMessage delegates instead of calling 'LoggerExtensions.LogInformation(ILogger, string?, params object?[])' (https://learn.microsoft.com/dotnet/fundamentals/code-analysis/quality-rules/ca1848) [E:\github\FunWasHad\src\FWH.Mobile\FWH.Mobile.Android\FWH.Mobile.Android.csproj]
E:\github\FunWasHad\src\FWH.Mobile\FWH.Mobile.Android\Services\AndroidGpsService.cs(319,17): warning CA1848: For improved performance, use the LoggerMessage delegates instead of calling 'LoggerExtensions.LogInformation(ILogger, string?, params object?[])' (https://learn.microsoft.com/dotnet/fundamentals/code-analysis/quality-rules/ca1848) [E:\github\FunWasHad\src\FWH.Mobile\FWH.Mobile.Android\FWH.Mobile.Android.csproj]
E:\github\FunWasHad\src\FWH.Mobile\FWH.Mobile.Android\Services\AndroidGpsService.cs(324,17): warning CA1848: For improved performance, use the LoggerMessage delegates instead of calling 'LoggerExtensions.LogDebug(ILogger, string?, params object?[])' (https://learn.microsoft.com/dotnet/fundamentals/code-analysis/quality-rules/ca1848) [E:\github\FunWasHad\src\FWH.Mobile\FWH.Mobile.Android\FWH.Mobile.Android.csproj]
E:\github\FunWasHad\src\FWH.Mobile\FWH.Mobile.Android\Services\AndroidGpsService.cs(281,21): warning CA1848: For improved performance, use the LoggerMessage delegates instead of calling 'LoggerExtensions.LogError(ILogger, Exception?, string?, params object?[])' (https://learn.microsoft.com/dotnet/fundamentals/code-analysis/quality-rules/ca1848) [E:\github\FunWasHad\src\FWH.Mobile\FWH.Mobile.Android\FWH.Mobile.Android.csproj]
E:\github\FunWasHad\src\FWH.Mobile\FWH.Mobile.Android\Services\AndroidCameraService.cs(240,9): warning CA1031: Modify 'TryDelete' to catch a more specific allowed exception type, or rethrow the exception (https://learn.microsoft.com/dotnet/fundamentals/code-analysis/quality-rules/ca1031) [E:\github\FunWasHad\src\FWH.Mobile\FWH.Mobile.Android\FWH.Mobile.Android.csproj]
E:\github\FunWasHad\src\FWH.Mobile\FWH.Mobile.Android\Services\AndroidCameraService.cs(253,17): warning CA1848: For improved performance, use the LoggerMessage delegates instead of calling 'LoggerExtensions.LogDebug(ILogger, string?, params object?[])' (https://learn.microsoft.com/dotnet/fundamentals/code-analysis/quality-rules/ca1848) [E:\github\FunWasHad\src\FWH.Mobile\FWH.Mobile.Android\FWH.Mobile.Android.csproj]
E:\github\FunWasHad\src\FWH.Mobile\FWH.Mobile.Android\Services\AndroidCameraService.cs(261,21): warning CA1848: For improved performance, use the LoggerMessage delegates instead of calling 'LoggerExtensions.LogWarning(ILogger, string?, params object?[])' (https://learn.microsoft.com/dotnet/fundamentals/code-analysis/quality-rules/ca1848) [E:\github\FunWasHad\src\FWH.Mobile\FWH.Mobile.Android\FWH.Mobile.Android.csproj]
E:\github\FunWasHad\src\FWH.Mobile\FWH.Mobile.Android\Services\AndroidCameraService.cs(291,21): warning CA1848: For improved performance, use the LoggerMessage delegates instead of calling 'LoggerExtensions.LogError(ILogger, Exception?, string?, params object?[])' (https://learn.microsoft.com/dotnet/fundamentals/code-analysis/quality-rules/ca1848) [E:\github\FunWasHad\src\FWH.Mobile\FWH.Mobile.Android\FWH.Mobile.Android.csproj]
E:\github\FunWasHad\src\FWH.Mobile\FWH.Mobile.Android\Services\AndroidCameraService.cs(107,21): warning CA1848: For improved performance, use the LoggerMessage delegates instead of calling 'LoggerExtensions.LogWarning(ILogger, string?, params object?[])' (https://learn.microsoft.com/dotnet/fundamentals/code-analysis/quality-rules/ca1848) [E:\github\FunWasHad\src\FWH.Mobile\FWH.Mobile.Android\FWH.Mobile.Android.csproj]
E:\github\FunWasHad\src\FWH.Mobile\FWH.Mobile.Android\Services\AndroidCameraService.cs(118,25): warning CA1848: For improved performance, use the LoggerMessage delegates instead of calling 'LoggerExtensions.LogError(ILogger, string?, params object?[])' (https://learn.microsoft.com/dotnet/fundamentals/code-analysis/quality-rules/ca1848) [E:\github\FunWasHad\src\FWH.Mobile\FWH.Mobile.Android\FWH.Mobile.Android.csproj]
E:\github\FunWasHad\src\FWH.Mobile\FWH.Mobile.Android\Services\AndroidCameraService.cs(137,25): warning CA1848: For improved performance, use the LoggerMessage delegates instead of calling 'LoggerExtensions.LogError(ILogger, Exception?, string?, params object?[])' (https://learn.microsoft.com/dotnet/fundamentals/code-analysis/quality-rules/ca1848) [E:\github\FunWasHad\src\FWH.Mobile\FWH.Mobile.Android\FWH.Mobile.Android.csproj]
E:\github\FunWasHad\src\FWH.Mobile\FWH.Mobile.Android\Services\AndroidCameraService.cs(151,25): warning CA1848: For improved performance, use the LoggerMessage delegates instead of calling 'LoggerExtensions.LogError(ILogger, Exception?, string?, params object?[])' (https://learn.microsoft.com/dotnet/fundamentals/code-analysis/quality-rules/ca1848) [E:\github\FunWasHad\src\FWH.Mobile\FWH.Mobile.Android\FWH.Mobile.Android.csproj]
E:\github\FunWasHad\src\FWH.Mobile\FWH.Mobile.Android\Services\AndroidCameraService.cs(172,25): warning CA1848: For improved performance, use the LoggerMessage delegates instead of calling 'LoggerExtensions.LogError(ILogger, string?, params object?[])' (https://learn.microsoft.com/dotnet/fundamentals/code-analysis/quality-rules/ca1848) [E:\github\FunWasHad\src\FWH.Mobile\FWH.Mobile.Android\FWH.Mobile.Android.csproj]
E:\github\FunWasHad\src\FWH.Mobile\FWH.Mobile.Android\Services\AndroidCameraService.cs(181,25): warning CA1848: For improved performance, use the LoggerMessage delegates instead of calling 'LoggerExtensions.LogError(ILogger, string?, params object?[])' (https://learn.microsoft.com/dotnet/fundamentals/code-analysis/quality-rules/ca1848) [E:\github\FunWasHad\src\FWH.Mobile\FWH.Mobile.Android\FWH.Mobile.Android.csproj]
E:\github\FunWasHad\src\FWH.Mobile\FWH.Mobile.Android\Services\AndroidCameraService.cs(196,21): warning CA1848: For improved performance, use the LoggerMessage delegates instead of calling 'LoggerExtensions.LogInformation(ILogger, string?, params object?[])' (https://learn.microsoft.com/dotnet/fundamentals/code-analysis/quality-rules/ca1848) [E:\github\FunWasHad\src\FWH.Mobile\FWH.Mobile.Android\FWH.Mobile.Android.csproj]
E:\github\FunWasHad\src\FWH.Mobile\FWH.Mobile.Android\Services\AndroidCameraService.cs(203,25): warning CA1848: For improved performance, use the LoggerMessage delegates instead of calling 'LoggerExtensions.LogDebug(ILogger, string?, params object?[])' (https://learn.microsoft.com/dotnet/fundamentals/code-analysis/quality-rules/ca1848) [E:\github\FunWasHad\src\FWH.Mobile\FWH.Mobile.Android\FWH.Mobile.Android.csproj]
E:\github\FunWasHad\src\FWH.Mobile\FWH.Mobile.Android\Services\AndroidCameraService.cs(208,25): warning CA1848: For improved performance, use the LoggerMessage delegates instead of calling 'LoggerExtensions.LogError(ILogger, Exception?, string?, params object?[])' (https://learn.microsoft.com/dotnet/fundamentals/code-analysis/quality-rules/ca1848) [E:\github\FunWasHad\src\FWH.Mobile\FWH.Mobile.Android\FWH.Mobile.Android.csproj]
E:\github\FunWasHad\src\FWH.Mobile\FWH.Mobile.Android\Services\AndroidCameraService.cs(216,21): warning CA1848: For improved performance, use the LoggerMessage delegates instead of calling 'LoggerExtensions.LogError(ILogger, Exception?, string?, params object?[])' (https://learn.microsoft.com/dotnet/fundamentals/code-analysis/quality-rules/ca1848) [E:\github\FunWasHad\src\FWH.Mobile\FWH.Mobile.Android\FWH.Mobile.Android.csproj]
E:\github\FunWasHad\src\FWH.Mobile\FWH.Mobile.Android\Services\AndroidGpsService.cs(279,9): warning CA1031: Modify 'GetLastKnownLocation' to catch a more specific allowed exception type, or rethrow the exception (https://learn.microsoft.com/dotnet/fundamentals/code-analysis/quality-rules/ca1031) [E:\github\FunWasHad\src\FWH.Mobile\FWH.Mobile.Android\FWH.Mobile.Android.csproj]
E:\github\FunWasHad\src\FWH.Mobile\FWH.Mobile.Android\Services\AndroidCameraService.cs(289,9): warning CA1031: Modify 'OnActivityResult' to catch a more specific allowed exception type, or rethrow the exception (https://learn.microsoft.com/dotnet/fundamentals/code-analysis/quality-rules/ca1031) [E:\github\FunWasHad\src\FWH.Mobile\FWH.Mobile.Android\FWH.Mobile.Android.csproj]
E:\github\FunWasHad\src\FWH.Mobile\FWH.Mobile.Android\Services\AndroidCameraService.cs(148,13): warning CA1031: Modify 'TakePhotoAsync' to catch a more specific allowed exception type, or rethrow the exception (https://learn.microsoft.com/dotnet/fundamentals/code-analysis/quality-rules/ca1031) [E:\github\FunWasHad\src\FWH.Mobile\FWH.Mobile.Android\FWH.Mobile.Android.csproj]
E:\github\FunWasHad\src\FWH.Mobile\FWH.Mobile.Android\Services\AndroidCameraService.cs(205,13): warning CA1031: Modify 'TakePhotoAsync' to catch a more specific allowed exception type, or rethrow the exception (https://learn.microsoft.com/dotnet/fundamentals/code-analysis/quality-rules/ca1031) [E:\github\FunWasHad\src\FWH.Mobile\FWH.Mobile.Android\FWH.Mobile.Android.csproj]
E:\github\FunWasHad\src\FWH.Mobile\FWH.Mobile.Android\Services\AndroidCameraService.cs(213,9): warning CA1031: Modify 'TakePhotoAsync' to catch a more specific allowed exception type, or rethrow the exception (https://learn.microsoft.com/dotnet/fundamentals/code-analysis/quality-rules/ca1031) [E:\github\FunWasHad\src\FWH.Mobile\FWH.Mobile.Android\FWH.Mobile.Android.csproj]
E:\github\FunWasHad\src\FWH.Mobile\FWH.Mobile.Android\Services\AndroidCameraService.cs(164,26): warning CA2000: Call System.IDisposable.Dispose on object created by 'new Intent(MediaStore.ActionImageCapture)' before all references to it are out of scope (https://learn.microsoft.com/dotnet/fundamentals/code-analysis/quality-rules/ca2000) [E:\github\FunWasHad\src\FWH.Mobile\FWH.Mobile.Android\FWH.Mobile.Android.csproj]
E:\github\FunWasHad\src\FWH.Mobile\FWH.Mobile.Android\Services\AndroidCameraService.cs(129,29): warning CA2000: Use recommended dispose pattern to ensure that object created by 'new JFile(cacheDir, "photo_" + DateTime.UtcNow.Ticks + ".jpg")' is disposed on all paths. If possible, wrap the creation within a 'using' statement or a 'using' declaration. Otherwise, use a try-finally pattern, with a dedicated local variable declared before the try region and an unconditional Dispose invocation on non-null value in the 'finally' region, say 'x?.Dispose()'. If the object is explicitly disposed within the try region or the dispose ownership is transfered to another object or method, assign 'null' to the local variable just after such an operation to prevent double dispose in 'finally'. (https://learn.microsoft.com/dotnet/fundamentals/code-analysis/quality-rules/ca2000) [E:\github\FunWasHad\src\FWH.Mobile\FWH.Mobile.Android\FWH.Mobile.Android.csproj]
E:\github\FunWasHad\src\FWH.Mobile\FWH.Mobile.Android\Services\AndroidCameraService.cs(20,23): warning CA1822: Member 'GetActivity' does not access instance data and can be marked as static (https://learn.microsoft.com/dotnet/fundamentals/code-analysis/quality-rules/ca1822) [E:\github\FunWasHad\src\FWH.Mobile\FWH.Mobile.Android\FWH.Mobile.Android.csproj]
E:\github\FunWasHad\src\FWH.Mobile\FWH.Mobile.Android\Services\AndroidGpsService.cs(164,17): warning CA1031: Modify 'GetCurrentLocationAsync' to catch a more specific allowed exception type, or rethrow the exception (https://learn.microsoft.com/dotnet/fundamentals/code-analysis/quality-rules/ca1031) [E:\github\FunWasHad\src\FWH.Mobile\FWH.Mobile.Android\FWH.Mobile.Android.csproj]
E:\github\FunWasHad\src\FWH.Mobile\FWH.Mobile.Android\Services\AndroidGpsService.cs(198,17): warning CA1031: Modify 'GetCurrentLocationAsync' to catch a more specific allowed exception type, or rethrow the exception (https://learn.microsoft.com/dotnet/fundamentals/code-analysis/quality-rules/ca1031) [E:\github\FunWasHad\src\FWH.Mobile\FWH.Mobile.Android\FWH.Mobile.Android.csproj]
E:\github\FunWasHad\src\FWH.Mobile\FWH.Mobile.Android\Services\AndroidGpsService.cs(286,18): warning CA1822: Member 'IsLocationRecent' does not access instance data and can be marked as static (https://learn.microsoft.com/dotnet/fundamentals/code-analysis/quality-rules/ca1822) [E:\github\FunWasHad\src\FWH.Mobile\FWH.Mobile.Android\FWH.Mobile.Android.csproj]
E:\github\FunWasHad\src\FWH.Mobile\FWH.Mobile.Android\Services\AndroidGpsService.cs(18,30): warning CA2213: 'AndroidGpsService' contains field '_mainHandler' that is of IDisposable type 'Handler', but it is never disposed. Change the Dispose method on 'AndroidGpsService' to call Close or Dispose on this field. (https://learn.microsoft.com/dotnet/fundamentals/code-analysis/quality-rules/ca2213) [E:\github\FunWasHad\src\FWH.Mobile\FWH.Mobile.Android\FWH.Mobile.Android.csproj]
E:\github\FunWasHad\src\FWH.Mobile\FWH.Mobile.Android\Services\AndroidGpsService.cs(17,39): warning CA2213: 'AndroidGpsService' contains field '_locationManager' that is of IDisposable type 'LocationManager?', but it is never disposed. Change the Dispose method on 'AndroidGpsService' to call Close or Dispose on this field. (https://learn.microsoft.com/dotnet/fundamentals/code-analysis/quality-rules/ca2213) [E:\github\FunWasHad\src\FWH.Mobile\FWH.Mobile.Android\FWH.Mobile.Android.csproj]
    1063 Warning(s)
    0 Error(s)

Time Elapsed 00:01:29.04
