01-21 19:05:36.505 15667 15793 I monodroid-lref: +l+ lrefc 1 handle 0x7c803fe205/L from thread '(null)'(10)
01-21 19:05:36.510 15667 15793 I monodroid-lref: -l- lrefc 0 handle 0x7c803fe205/L from thread '(null)'(10)
01-21 19:05:36.522 15667 15793 I monodroid-lref: +l+ lrefc 1 handle 0x7c803fe209/L from thread '(null)'(10)
01-21 19:05:36.528 15667 15793 I monodroid-lref: -l- lrefc 0 handle 0x7c803fe209/L from thread '(null)'(10)
01-21 19:05:36.538 15667 15793 I monodroid-lref: +l+ lrefc 1 handle 0x7c803fe20d/L from thread '(null)'(10)
01-21 19:05:36.543 15667 15793 I monodroid-lref: -l- lrefc 0 handle 0x7c803fe20d/L from thread '(null)'(10)
01-21 19:05:36.554 15667 15793 I monodroid-lref: +l+ lrefc 1 handle 0x7c803fe205/L from thread '(null)'(10)
01-21 19:05:36.560 15667 15793 I monodroid-lref: -l- lrefc 0 handle 0x7c803fe205/L from thread '(null)'(10)
01-21 19:05:36.571 15667 15793 I monodroid-lref: +l+ lrefc 1 handle 0x7c803fe209/L from thread '(null)'(10)
01-21 19:05:36.576 15667 15793 I monodroid-lref: -l- lrefc 0 handle 0x7c803fe209/L from thread '(null)'(10)
01-21 19:05:36.588 15667 15793 I monodroid-lref: +l+ lrefc 1 handle 0x7c803fe20d/L from thread '(null)'(10)
01-21 19:05:36.593 15667 15793 I monodroid-lref: -l- lrefc 0 handle 0x7c803fe20d/L from thread '(null)'(10)
01-21 19:05:36.606 15667 15793 I monodroid-lref: +l+ lrefc 1 handle 0x7c803fe205/L from thread '(null)'(10)
01-21 19:05:36.612 15667 15793 I monodroid-lref: -l- lrefc 0 handle 0x7c803fe205/L from thread '(null)'(10)
01-21 19:05:36.622 15667 15793 I monodroid-lref: +l+ lrefc 1 handle 0x7c803fe209/L from thread '(null)'(10)
01-21 19:05:36.629 15667 15793 I monodroid-lref: -l- lrefc 0 handle 0x7c803fe209/L from thread '(null)'(10)
01-21 19:05:36.640 15667 15793 I monodroid-lref: +l+ lrefc 1 handle 0x7c803fe20d/L from thread '(null)'(10)
01-21 19:05:36.645 15667 15793 I monodroid-lref: -l- lrefc 0 handle 0x7c803fe20d/L from thread '(null)'(10)
01-21 19:05:36.655 15667 15793 I monodroid-lref: +l+ lrefc 1 handle 0x7c803fe205/L from thread '(null)'(10)
01-21 19:05:36.660 15667 15793 I monodroid-lref: -l- lrefc 0 handle 0x7c803fe205/L from thread '(null)'(10)
01-21 19:05:36.671 15667 15793 I monodroid-lref: +l+ lrefc 1 handle 0x7c803fe209/L from thread '(null)'(10)
01-21 19:05:36.675 15667 15793 I monodroid-lref: -l- lrefc 0 handle 0x7c803fe209/L from thread '(null)'(10)
01-21 19:05:36.688 15667 15793 I monodroid-lref: +l+ lrefc 1 handle 0x7c803fe20d/L from thread '(null)'(10)
01-21 19:05:36.692 15667 15793 I monodroid-lref: -l- lrefc 0 handle 0x7c803fe20d/L from thread '(null)'(10)
01-21 19:05:36.706 15667 15793 I monodroid-lref: +l+ lrefc 1 handle 0x7c803fe205/L from thread '(null)'(10)
01-21 19:05:36.712 15667 15793 I monodroid-lref: -l- lrefc 0 handle 0x7c803fe205/L from thread '(null)'(10)
01-21 19:05:36.722 15667 15793 I monodroid-lref: +l+ lrefc 1 handle 0x7c803fe209/L from thread '(null)'(10)
01-21 19:05:36.728 15667 15793 I monodroid-lref: -l- lrefc 0 handle 0x7c803fe209/L from thread '(null)'(10)
01-21 19:05:36.734  1356  3709 I vendor.qti.bluetooth@1.0-ibs_handler: ProcessIbsCmd: Received IBS_WAKE_IND: 0xFD
01-21 19:05:36.734  1356  3709 D vendor.qti.bluetooth@1.0-ibs_handler: SerialClockVote: vote for UART CLK ON
01-21 19:05:36.734  1356  3709 D vendor.qti.bluetooth@1.0-wake_lock: Acquire wakelock is acquired 
01-21 19:05:36.734  1356  3709 I vendor.qti.bluetooth@1.0-ibs_handler: ProcessIbsCmd: Writing IBS_WAKE_ACK
01-21 19:05:36.741 15667 15793 I monodroid-lref: +l+ lrefc 1 handle 0x7c803fe20d/L from thread '(null)'(10)
01-21 19:05:36.745 15667 15793 I monodroid-lref: -l- lrefc 0 handle 0x7c803fe20d/L from thread '(null)'(10)
01-21 19:05:36.754 15667 15793 I monodroid-lref: +l+ lrefc 1 handle 0x7c803fe205/L from thread '(null)'(10)
01-21 19:05:36.758 15667 15793 I monodroid-lref: -l- lrefc 0 handle 0x7c803fe205/L from thread '(null)'(10)
01-21 19:05:36.769 15667 15793 I monodroid-lref: +l+ lrefc 1 handle 0x7c803fe209/L from thread '(null)'(10)
01-21 19:05:36.772 15667 15793 I monodroid-lref: -l- lrefc 0 handle 0x7c803fe209/L from thread '(null)'(10)
01-21 19:05:36.775  1356  3709 I vendor.qti.bluetooth@1.0-ibs_handler: ProcessIbsCmd: Received IBS_SLEEP_IND: 0xFE
01-21 19:05:36.776  1356  3709 D vendor.qti.bluetooth@1.0-ibs_handler: SerialClockVote: vote for UART CLK OFF
01-21 19:05:36.790 15667 15793 I monodroid-lref: +l+ lrefc 1 handle 0x7c803fe20d/L from thread '(null)'(10)
01-21 19:05:36.797 15667 15793 I monodroid-lref: -l- lrefc 0 handle 0x7c803fe20d/L from thread '(null)'(10)
01-21 19:05:36.806 15667 15793 I monodroid-lref: +l+ lrefc 1 handle 0x7c803fe205/L from thread '(null)'(10)
01-21 19:05:36.813 15667 15793 I monodroid-lref: -l- lrefc 0 handle 0x7c803fe205/L from thread '(null)'(10)
01-21 19:05:36.824 15667 15793 I monodroid-lref: +l+ lrefc 1 handle 0x7c803fe209/L from thread '(null)'(10)
01-21 19:05:36.832 15667 15793 I monodroid-lref: -l- lrefc 0 handle 0x7c803fe209/L from thread '(null)'(10)
01-21 19:05:36.840 15667 15793 I monodroid-lref: +l+ lrefc 1 handle 0x7c803fe20d/L from thread '(null)'(10)
01-21 19:05:36.844 15667 15793 I monodroid-lref: -l- lrefc 0 handle 0x7c803fe20d/L from thread '(null)'(10)
01-21 19:05:36.854 15667 15793 I monodroid-lref: +l+ lrefc 1 handle 0x7c803fe205/L from thread '(null)'(10)
01-21 19:05:36.858 15667 15793 I monodroid-lref: -l- lrefc 0 handle 0x7c803fe205/L from thread '(null)'(10)
01-21 19:05:36.859  2428  2967 D WifiStaIfaceHidlImpl: getCachedScanData is not implemented by HIDL
01-21 19:05:36.861  2428 12092 I MotoWifiScorer: onWifiUsabilityStats, seqNum: 55153, isSameBssidAndFreq: true, RSSI: -46, isThroughputSufficient: true, LinkSpeed: 468 Mbps, RxLinkSpeed: 866 Mbps
01-21 19:05:36.861  2428 12092 I MotoWifiScorer: updateWifiUsabilityStats, seqNum: 55153, RSSI: -46, isThroughputSufficient: true, LinkSpeed: 468 Mbps, RxLinkSpeed: 866 Mbps
01-21 19:05:36.861  2428 12092 I MotoWifiScorer: updateWifiUsabilityStats, Duration: 3518, Rx Good: 0, Tx Good: 0, Tx Bad: 0 ( 0 % ), Tx Retry: 0 ( 0 % )
01-21 19:05:36.861  2428 12092 I MotoWifiScorer: onWifiUsabilityStats, FinalScore: 60, RssiBasedScore: 60, LinkBonus: 0, TcpBonus: 0
01-21 19:05:36.864  2428 12092 I MotoWifiScorer: onWifiUsabilityStats, WiFi Usable: true
01-21 19:05:36.865  1375  3162 I WifiHAL : event received NL80211_CMD_VENDOR, vendor_id = 0x1374, subcmd = 0xd
01-21 19:05:36.865  1883  1883 I cnss-daemon: nl80211 response handler invoked
01-21 19:05:36.865  1883  1883 I cnss-daemon: nl80211_response_handler: cmd 103, vendorID 4980, subcmd 13  received
01-21 19:05:36.865  2801 24057 D LOWI-9.0.1.69: [LOWI-Scan] wait_event:Wait done with Cmd 103
01-21 19:05:36.865  2801 24057 D LOWI-9.0.1.69: [LOWI-Scan] do_listen_events: Rcvd valid Netlink Cmd 0 Err 0
01-21 19:05:36.869  2428  2974 D ConnectivityService: NetReassign [no changes] [c 0] [a 1] [i 2]
01-21 19:05:36.871 15667 15793 I monodroid-lref: +l+ lrefc 1 handle 0x7c803fe209/L from thread '(null)'(10)
01-21 19:05:36.875 15667 15793 I monodroid-lref: -l- lrefc 0 handle 0x7c803fe209/L from thread '(null)'(10)
01-21 19:05:36.889 15667 15793 I monodroid-lref: +l+ lrefc 1 handle 0x7c803fe20d/L from thread '(null)'(10)
01-21 19:05:36.894 15667 15793 I monodroid-lref: -l- lrefc 0 handle 0x7c803fe20d/L from thread '(null)'(10)
01-21 19:05:36.905 15667 15793 I monodroid-lref: +l+ lrefc 1 handle 0x7c803fe205/L from thread '(null)'(10)
01-21 19:05:36.911 15667 15793 I monodroid-lref: -l- lrefc 0 handle 0x7c803fe205/L from thread '(null)'(10)
01-21 19:05:36.923 15667 15793 I monodroid-lref: +l+ lrefc 1 handle 0x7c803fe209/L from thread '(null)'(10)
01-21 19:05:36.926  1356  3311 D vendor.qti.bluetooth@1.0-wake_lock: Release wakelock is released 
01-21 19:05:36.929 15667 15793 I monodroid-lref: -l- lrefc 0 handle 0x7c803fe209/L from thread '(null)'(10)
01-21 19:05:36.939 15667 15793 I monodroid-lref: +l+ lrefc 1 handle 0x7c803fe20d/L from thread '(null)'(10)
01-21 19:05:36.944 15667 15793 I monodroid-lref: -l- lrefc 0 handle 0x7c803fe20d/L from thread '(null)'(10)
01-21 19:05:36.955 15667 15793 I monodroid-lref: +l+ lrefc 1 handle 0x7c803fe205/L from thread '(null)'(10)
01-21 19:05:36.959 15667 15793 I monodroid-lref: -l- lrefc 0 handle 0x7c803fe205/L from thread '(null)'(10)
01-21 19:05:36.970  2428  3326 I DataStallMonitor: TcpDataFromSnmp:6,6,0,0
01-21 19:05:36.972 15667 15793 I monodroid-lref: +l+ lrefc 1 handle 0x7c803fe209/L from thread '(null)'(10)
01-21 19:05:36.977 15667 15793 I monodroid-lref: -l- lrefc 0 handle 0x7c803fe209/L from thread '(null)'(10)
01-21 19:05:36.988 15667 15793 I monodroid-lref: +l+ lrefc 1 handle 0x7c803fe20d/L from thread '(null)'(10)
01-21 19:05:36.993 15667 15793 I monodroid-lref: -l- lrefc 0 handle 0x7c803fe20d/L from thread '(null)'(10)
01-21 19:05:37.006 15667 15793 I monodroid-lref: +l+ lrefc 1 handle 0x7c803fe205/L from thread '(null)'(10)
01-21 19:05:37.011 15667 15793 I monodroid-lref: -l- lrefc 0 handle 0x7c803fe205/L from thread '(null)'(10)
01-21 19:05:37.023 15667 15793 I monodroid-lref: +l+ lrefc 1 handle 0x7c803fe209/L from thread '(null)'(10)
01-21 19:05:37.029 15667 15793 I monodroid-lref: -l- lrefc 0 handle 0x7c803fe209/L from thread '(null)'(10)
01-21 19:05:37.039 15667 15793 I monodroid-lref: +l+ lrefc 1 handle 0x7c803fe20d/L from thread '(null)'(10)
01-21 19:05:37.044 15667 15793 I monodroid-lref: -l- lrefc 0 handle 0x7c803fe20d/L from thread '(null)'(10)
01-21 19:05:37.055 15667 15793 I monodroid-lref: +l+ lrefc 1 handle 0x7c803fe205/L from thread '(null)'(10)
01-21 19:05:37.065 15667 15793 I monodroid-lref: -l- lrefc 0 handle 0x7c803fe205/L from thread '(null)'(10)
01-21 19:05:37.071 15667 15793 I monodroid-lref: +l+ lrefc 1 handle 0x7c803fe209/L from thread '(null)'(10)
01-21 19:05:37.074 15667 15793 I monodroid-lref: -l- lrefc 0 handle 0x7c803fe209/L from thread '(null)'(10)
01-21 19:05:37.088 15667 15793 I monodroid-lref: +l+ lrefc 1 handle 0x7c803fe20d/L from thread '(null)'(10)
01-21 19:05:37.091 15667 15793 I monodroid-lref: -l- lrefc 0 handle 0x7c803fe20d/L from thread '(null)'(10)
01-21 19:05:37.104 15667 15793 I monodroid-lref: +l+ lrefc 1 handle 0x7c803fe205/L from thread '(null)'(10)
01-21 19:05:37.108 15667 15793 I monodroid-lref: -l- lrefc 0 handle 0x7c803fe205/L from thread '(null)'(10)
01-21 19:05:37.121 15667 15793 I monodroid-lref: +l+ lrefc 1 handle 0x7c803fe209/L from thread '(null)'(10)
01-21 19:05:37.124 15667 15793 I monodroid-lref: -l- lrefc 0 handle 0x7c803fe209/L from thread '(null)'(10)
01-21 19:05:37.137 15667 15793 I monodroid-lref: +l+ lrefc 1 handle 0x7c803fe20d/L from thread '(null)'(10)
01-21 19:05:37.141 15667 15793 I monodroid-lref: -l- lrefc 0 handle 0x7c803fe20d/L from thread '(null)'(10)
01-21 19:05:37.154 15667 15793 I monodroid-lref: +l+ lrefc 1 handle 0x7c803fe205/L from thread '(null)'(10)
01-21 19:05:37.158 15667 15793 I monodroid-lref: -l- lrefc 0 handle 0x7c803fe205/L from thread '(null)'(10)
01-21 19:05:37.175 15667 15793 I monodroid-lref: +l+ lrefc 1 handle 0x7c803fe209/L from thread '(null)'(10)
01-21 19:05:37.183 15667 15793 I monodroid-lref: -l- lrefc 0 handle 0x7c803fe209/L from thread '(null)'(10)
01-21 19:05:37.212 15667 15793 I monodroid-lref: +l+ lrefc 1 handle 0x7c803fe20d/L from thread '(null)'(10)
01-21 19:05:37.220 15667 15793 I monodroid-lref: -l- lrefc 0 handle 0x7c803fe20d/L from thread '(null)'(10)
01-21 19:05:37.242 15667 15793 I monodroid-lref: +l+ lrefc 1 handle 0x7c803fe205/L from thread '(null)'(10)
01-21 19:05:37.252 15667 15785 I monodroid-lref: +l+ lrefc 1 handle 0x7c8050260d/L from thread '.NET TP Worker'(4)
01-21 19:05:37.253 15667 15793 I monodroid-lref: -l- lrefc 0 handle 0x7c803fe205/L from thread '(null)'(10)
01-21 19:05:37.262 15667 15785 I monodroid-lref: +l+ lrefc 2 handle 0x7c80502619/L from thread '.NET TP Worker'(4)
01-21 19:05:37.273 15667 15785 I monodroid-lref: -l- lrefc 1 handle 0x7c8050260d/L from thread '.NET TP Worker'(4)
01-21 19:05:37.279 15667 15793 I monodroid-lref: +l+ lrefc 1 handle 0x7c803fe209/L from thread '(null)'(10)
01-21 19:05:37.281 15667 15785 I monodroid-gref: +g+ grefc 136 gwrefc 0 obj-handle 0x7c80502619/I -> new-handle 0x5172/G from thread '.NET TP Worker'(4)
01-21 19:05:37.284 15667 15793 I monodroid-lref: -l- lrefc 0 handle 0x7c803fe209/L from thread '(null)'(10)
01-21 19:05:37.284 15667 15785 I monodroid-lref: -l- lrefc 0 handle 0x7c80502619/L from thread '.NET TP Worker'(4)
01-21 19:05:37.288 15667 15785 I monodroid-lref: +l+ lrefc 1 handle 0x7c80502605/L from thread '.NET TP Worker'(4)
01-21 19:05:37.292 15667 15785 I monodroid-gref: -g- grefc 135 gwrefc 0 handle 0x5172/G from thread '.NET TP Worker'(4)
01-21 19:05:37.295 15667 15785 I monodroid-gref: +g+ grefc 136 gwrefc 0 obj-handle 0x7c80502605/I -> new-handle 0x5176/G from thread '.NET TP Worker'(4)
01-21 19:05:37.298 15667 15785 I monodroid-lref: -l- lrefc 0 handle 0x7c80502605/L from thread '.NET TP Worker'(4)
01-21 19:05:37.302 15667 15785 I monodroid-lref: +l+ lrefc 1 handle 0x7c80502609/L from thread '.NET TP Worker'(4)
01-21 19:05:37.304 15667 15785 I monodroid-lref: -l- lrefc 0 handle 0x7c80502609/L from thread '.NET TP Worker'(4)
01-21 19:05:37.305 15667 15793 I monodroid-lref: +l+ lrefc 1 handle 0x7c803fe20d/L from thread '(null)'(10)
01-21 19:05:37.307 15667 15785 I monodroid-lref: +l+ lrefc 1 handle 0x7c8050260d/L from thread '.NET TP Worker'(4)
01-21 19:05:37.308 15667 15785 I monodroid-lref: -l- lrefc 0 handle 0x7c8050260d/L from thread '.NET TP Worker'(4)
01-21 19:05:37.311 15667 15793 I monodroid-lref: -l- lrefc 0 handle 0x7c803fe20d/L from thread '(null)'(10)
01-21 19:05:37.317 15667 15667 I monodroid-lref: +l+ lrefc 2 handle 0x7c884af029/L from thread '(null)'(1)
01-21 19:05:37.321 15667 15793 I monodroid-lref: +l+ lrefc 1 handle 0x7c803fe205/L from thread '(null)'(10)
01-21 19:05:37.322 15667 15667 I monodroid-lref: +l+ lrefc 3 handle 0x7c884af035/L from thread '(null)'(1)
01-21 19:05:37.324 15667 15793 I monodroid-lref: -l- lrefc 0 handle 0x7c803fe205/L from thread '(null)'(10)
01-21 19:05:37.324 15667 15667 I monodroid-lref: -l- lrefc 2 handle 0x7c884af029/L from thread '(null)'(1)
01-21 19:05:37.326 15667 15667 I monodroid-gref: +g+ grefc 137 gwrefc 0 obj-handle 0x7c884af035/I -> new-handle 0x43e2/G from thread '(null)'(1)
01-21 19:05:37.329 15667 15667 I monodroid-lref: -l- lrefc 1 handle 0x7c884af035/L from thread '(null)'(1)
01-21 19:05:37.331 15667 15667 I monodroid-lref: +l+ lrefc 2 handle 0x7c884af02d/L from thread '(null)'(1)
01-21 19:05:37.333 15667 15667 I monodroid-gref: -g- grefc 136 gwrefc 0 handle 0x43e2/G from thread '(null)'(1)
01-21 19:05:37.335 15667 15667 I monodroid-gref: +g+ grefc 137 gwrefc 0 obj-handle 0x7c884af02d/I -> new-handle 0x43e6/G from thread '(null)'(1)
01-21 19:05:37.336 15667 15793 I monodroid-lref: +l+ lrefc 1 handle 0x7c803fe209/L from thread '(null)'(10)
01-21 19:05:37.337 15667 15667 I monodroid-lref: -l- lrefc 1 handle 0x7c884af02d/L from thread '(null)'(1)
01-21 19:05:37.338 15667 15793 I monodroid-lref: -l- lrefc 0 handle 0x7c803fe209/L from thread '(null)'(10)
01-21 19:05:37.340 15667 15667 I monodroid-lref: +l+ lrefc 2 handle 0x7c884af025/L from thread '(null)'(1)
01-21 19:05:37.342 15667 15667 I monodroid-lref: -l- lrefc 1 handle 0x7c884af025/L from thread '(null)'(1)
01-21 19:05:37.344 15667 15667 I monodroid-lref: +l+ lrefc 2 handle 0x7c884af029/L from thread '(null)'(1)
01-21 19:05:37.346 15667 15667 I monodroid-lref: -l- lrefc 1 handle 0x7c884af029/L from thread '(null)'(1)
01-21 19:05:37.347 15667 15667 I monodroid-gref: -g- grefc 136 gwrefc 0 handle 0x5176/G from thread '(null)'(1)
01-21 19:05:37.349 15667 15667 I monodroid-lref: +l+ lrefc 2 handle 0x7c884af029/L from thread '(null)'(1)
01-21 19:05:37.351 15667 15667 I monodroid-lref: +l+ lrefc 3 handle 0x7c884af035/L from thread '(null)'(1)
01-21 19:05:37.352 15667 15793 I monodroid-lref: +l+ lrefc 1 handle 0x7c803fe20d/L from thread '(null)'(10)
01-21 19:05:37.353 15667 15667 I monodroid-lref: -l- lrefc 2 handle 0x7c884af029/L from thread '(null)'(1)
01-21 19:05:37.354 15667 15793 I monodroid-lref: -l- lrefc 0 handle 0x7c803fe20d/L from thread '(null)'(10)
01-21 19:05:37.355 15667 15667 I monodroid-gref: +g+ grefc 137 gwrefc 0 obj-handle 0x7c884af035/I -> new-handle 0x517a/G from thread '(null)'(1)
01-21 19:05:37.357 15667 15667 I monodroid-lref: -l- lrefc 1 handle 0x7c884af035/L from thread '(null)'(1)
01-21 19:05:37.359 15667 15667 I monodroid-lref: +l+ lrefc 2 handle 0x7c884af02d/L from thread '(null)'(1)
01-21 19:05:37.361 15667 15667 I monodroid-gref: -g- grefc 136 gwrefc 0 handle 0x517a/G from thread '(null)'(1)
01-21 19:05:37.362 15667 15667 I monodroid-gref: +g+ grefc 137 gwrefc 0 obj-handle 0x7c884af02d/I -> new-handle 0x5162/G from thread '(null)'(1)
01-21 19:05:37.364 15667 15667 I monodroid-lref: -l- lrefc 1 handle 0x7c884af02d/L from thread '(null)'(1)
01-21 19:05:37.365 15667 15667 I monodroid-lref: +l+ lrefc 2 handle 0x7c884af025/L from thread '(null)'(1)
01-21 19:05:37.367 15667 15667 I monodroid-lref: -l- lrefc 1 handle 0x7c884af025/L from thread '(null)'(1)
01-21 19:05:37.369 15667 15793 I monodroid-lref: +l+ lrefc 1 handle 0x7c803fe205/L from thread '(null)'(10)
01-21 19:05:37.369 15667 15667 I monodroid-lref: +l+ lrefc 2 handle 0x7c884af029/L from thread '(null)'(1)
01-21 19:05:37.370 15667 15793 I monodroid-lref: -l- lrefc 0 handle 0x7c803fe205/L from thread '(null)'(10)
01-21 19:05:37.370 15667 15667 I monodroid-lref: -l- lrefc 1 handle 0x7c884af029/L from thread '(null)'(1)
01-21 19:05:37.371 15667 15667 I monodroid-gref: -g- grefc 136 gwrefc 0 handle 0x43e6/G from thread '(null)'(1)
01-21 19:05:37.372 15667 15667 I monodroid-gref: -g- grefc 135 gwrefc 0 handle 0x5162/G from thread '(null)'(1)
01-21 19:05:37.383 15667 15785 I monodroid-lref: +l+ lrefc 1 handle 0x7c8050260d/L from thread '.NET TP Worker'(4)
01-21 19:05:37.385 15667 15785 I monodroid-lref: +l+ lrefc 2 handle 0x7c80502619/L from thread '.NET TP Worker'(4)
01-21 19:05:37.386 15667 15793 I monodroid-lref: +l+ lrefc 1 handle 0x7c803fe209/L from thread '(null)'(10)
01-21 19:05:37.386 15667 15785 I monodroid-lref: -l- lrefc 1 handle 0x7c8050260d/L from thread '.NET TP Worker'(4)
01-21 19:05:37.388 15667 15793 I monodroid-lref: -l- lrefc 0 handle 0x7c803fe209/L from thread '(null)'(10)
01-21 19:05:37.388 15667 15785 I monodroid-gref: +g+ grefc 136 gwrefc 0 obj-handle 0x7c80502619/I -> new-handle 0x5166/G from thread '.NET TP Worker'(4)
01-21 19:05:37.389 15667 15785 I monodroid-lref: -l- lrefc 0 handle 0x7c80502619/L from thread '.NET TP Worker'(4)
01-21 19:05:37.391 15667 15785 I monodroid-lref: +l+ lrefc 1 handle 0x7c80502605/L from thread '.NET TP Worker'(4)
01-21 19:05:37.392 15667 15785 I monodroid-gref: -g- grefc 135 gwrefc 0 handle 0x5166/G from thread '.NET TP Worker'(4)
01-21 19:05:37.393 15667 15785 I monodroid-gref: +g+ grefc 136 gwrefc 0 obj-handle 0x7c80502605/I -> new-handle 0x516a/G from thread '.NET TP Worker'(4)
01-21 19:05:37.394 15667 15785 I monodroid-lref: -l- lrefc 0 handle 0x7c80502605/L from thread '.NET TP Worker'(4)
01-21 19:05:37.396 15667 15785 I monodroid-lref: +l+ lrefc 1 handle 0x7c80502609/L from thread '.NET TP Worker'(4)
01-21 19:05:37.398 15667 15785 I monodroid-lref: -l- lrefc 0 handle 0x7c80502609/L from thread '.NET TP Worker'(4)
01-21 19:05:37.399 15667 15785 I monodroid-lref: +l+ lrefc 1 handle 0x7c8050260d/L from thread '.NET TP Worker'(4)
01-21 19:05:37.400 15667 15785 I monodroid-lref: -l- lrefc 0 handle 0x7c8050260d/L from thread '.NET TP Worker'(4)
01-21 19:05:37.401 15667 15667 I monodroid-gref: -g- grefc 135 gwrefc 0 handle 0x516a/G from thread '(null)'(1)
01-21 19:05:37.406 15667 15793 I monodroid-lref: +l+ lrefc 1 handle 0x7c803fe20d/L from thread '(null)'(10)
01-21 19:05:37.411 15667 15793 I monodroid-lref: -l- lrefc 0 handle 0x7c803fe20d/L from thread '(null)'(10)
01-21 19:05:37.419 15667 15793 I monodroid-lref: +l+ lrefc 1 handle 0x7c803fe205/L from thread '(null)'(10)
01-21 19:05:37.421 15667 15793 I monodroid-lref: -l- lrefc 0 handle 0x7c803fe205/L from thread '(null)'(10)
01-21 19:05:37.437 15667 15793 I monodroid-lref: +l+ lrefc 1 handle 0x7c803fe209/L from thread '(null)'(10)
01-21 19:05:37.440 15667 15793 I monodroid-lref: -l- lrefc 0 handle 0x7c803fe209/L from thread '(null)'(10)
01-21 19:05:37.455 15667 15793 I monodroid-lref: +l+ lrefc 1 handle 0x7c803fe20d/L from thread '(null)'(10)
01-21 19:05:37.458 15667 15793 I monodroid-lref: -l- lrefc 0 handle 0x7c803fe20d/L from thread '(null)'(10)
01-21 19:05:37.471 15667 15793 I monodroid-lref: +l+ lrefc 1 handle 0x7c803fe205/L from thread '(null)'(10)
01-21 19:05:37.475 15667 15793 I monodroid-lref: -l- lrefc 0 handle 0x7c803fe205/L from thread '(null)'(10)
01-21 19:05:37.488 15667 15793 I monodroid-lref: +l+ lrefc 1 handle 0x7c803fe209/L from thread '(null)'(10)
01-21 19:05:37.492 15667 15793 I monodroid-lref: -l- lrefc 0 handle 0x7c803fe209/L from thread '(null)'(10)
01-21 19:05:37.505 15667 15793 I monodroid-lref: +l+ lrefc 1 handle 0x7c803fe20d/L from thread '(null)'(10)
01-21 19:05:37.508 15667 15793 I monodroid-lref: -l- lrefc 0 handle 0x7c803fe20d/L from thread '(null)'(10)
--------- beginning of system
01-21 19:05:37.517  2428  2759 W PackageManager: Not removing package com.google.android.trichromelibrary hosting lib com.google.android.trichromelibrary version 749919233 used by [VersionedPackage[com.google.android.webview/749919233]] for user 0
01-21 19:05:37.521 15667 15793 I monodroid-lref: +l+ lrefc 1 handle 0x7c803fe205/L from thread '(null)'(10)
01-21 19:05:37.525 15667 15793 I monodroid-lref: -l- lrefc 0 handle 0x7c803fe205/L from thread '(null)'(10)
01-21 19:05:37.542 15667 15793 I monodroid-lref: +l+ lrefc 1 handle 0x7c803fe209/L from thread '(null)'(10)
01-21 19:05:37.548 15667 15793 I monodroid-lref: -l- lrefc 0 handle 0x7c803fe209/L from thread '(null)'(10)
01-21 19:05:37.557 15667 15793 I monodroid-lref: +l+ lrefc 1 handle 0x7c803fe20d/L from thread '(null)'(10)
01-21 19:05:37.562 15667 15793 I monodroid-lref: -l- lrefc 0 handle 0x7c803fe20d/L from thread '(null)'(10)
01-21 19:05:37.572 15667 15793 I monodroid-lref: +l+ lrefc 1 handle 0x7c803fe205/L from thread '(null)'(10)
01-21 19:05:37.577 15667 15793 I monodroid-lref: -l- lrefc 0 handle 0x7c803fe205/L from thread '(null)'(10)
01-21 19:05:37.589 15667 15793 I monodroid-lref: +l+ lrefc 1 handle 0x7c803fe209/L from thread '(null)'(10)
01-21 19:05:37.593 15667 15793 I monodroid-lref: -l- lrefc 0 handle 0x7c803fe209/L from thread '(null)'(10)
01-21 19:05:37.607 15667 15793 I monodroid-lref: +l+ lrefc 1 handle 0x7c803fe20d/L from thread '(null)'(10)
01-21 19:05:37.613 15667 15793 I monodroid-lref: -l- lrefc 0 handle 0x7c803fe20d/L from thread '(null)'(10)
01-21 19:05:37.623 15667 15793 I monodroid-lref: +l+ lrefc 1 handle 0x7c803fe205/L from thread '(null)'(10)
01-21 19:05:37.630 15667 15793 I monodroid-lref: -l- lrefc 0 handle 0x7c803fe205/L from thread '(null)'(10)
01-21 19:05:37.640 15667 15793 I monodroid-lref: +l+ lrefc 1 handle 0x7c803fe209/L from thread '(null)'(10)
01-21 19:05:37.646 15667 15793 I monodroid-lref: -l- lrefc 0 handle 0x7c803fe209/L from thread '(null)'(10)
01-21 19:05:37.656 15667 15793 I monodroid-lref: +l+ lrefc 1 handle 0x7c803fe20d/L from thread '(null)'(10)
01-21 19:05:37.661 15667 15793 I monodroid-lref: -l- lrefc 0 handle 0x7c803fe20d/L from thread '(null)'(10)
01-21 19:05:37.672 15667 15793 I monodroid-lref: +l+ lrefc 1 handle 0x7c803fe205/L from thread '(null)'(10)
01-21 19:05:37.678 15667 15793 I monodroid-lref: -l- lrefc 0 handle 0x7c803fe205/L from thread '(null)'(10)
01-21 19:05:37.689 15667 15793 I monodroid-lref: +l+ lrefc 1 handle 0x7c803fe209/L from thread '(null)'(10)
01-21 19:05:37.694 15667 15793 I monodroid-lref: -l- lrefc 0 handle 0x7c803fe209/L from thread '(null)'(10)
01-21 19:05:37.707 15667 15793 I monodroid-lref: +l+ lrefc 1 handle 0x7c803fe20d/L from thread '(null)'(10)
01-21 19:05:37.714 15667 15793 I monodroid-lref: -l- lrefc 0 handle 0x7c803fe20d/L from thread '(null)'(10)
01-21 19:05:37.724 15667 15793 I monodroid-lref: +l+ lrefc 1 handle 0x7c803fe205/L from thread '(null)'(10)
01-21 19:05:37.729 15667 15793 I monodroid-lref: -l- lrefc 0 handle 0x7c803fe205/L from thread '(null)'(10)
01-21 19:05:37.739 15667 15793 I monodroid-lref: +l+ lrefc 1 handle 0x7c803fe209/L from thread '(null)'(10)
01-21 19:05:37.747 15667 15793 I monodroid-lref: -l- lrefc 0 handle 0x7c803fe209/L from thread '(null)'(10)
01-21 19:05:37.755 15667 15793 I monodroid-lref: +l+ lrefc 1 handle 0x7c803fe20d/L from thread '(null)'(10)
01-21 19:05:37.759 15667 15793 I monodroid-lref: -l- lrefc 0 handle 0x7c803fe20d/L from thread '(null)'(10)
01-21 19:05:37.770 15667 15793 I monodroid-lref: +l+ lrefc 1 handle 0x7c803fe205/L from thread '(null)'(10)
01-21 19:05:37.772 15667 15793 I monodroid-lref: -l- lrefc 0 handle 0x7c803fe205/L from thread '(null)'(10)
01-21 19:05:37.788 15667 15793 I monodroid-lref: +l+ lrefc 1 handle 0x7c803fe209/L from thread '(null)'(10)
01-21 19:05:37.792 15667 15793 I monodroid-lref: -l- lrefc 0 handle 0x7c803fe209/L from thread '(null)'(10)
01-21 19:05:37.805 15667 15793 I monodroid-lref: +l+ lrefc 1 handle 0x7c803fe20d/L from thread '(null)'(10)
01-21 19:05:37.809 15667 15793 I monodroid-lref: -l- lrefc 0 handle 0x7c803fe20d/L from thread '(null)'(10)
01-21 19:05:37.821 15667 15793 I monodroid-lref: +l+ lrefc 1 handle 0x7c803fe205/L from thread '(null)'(10)
01-21 19:05:37.825 15667 15793 I monodroid-lref: -l- lrefc 0 handle 0x7c803fe205/L from thread '(null)'(10)
01-21 19:05:37.838 15667 15793 I monodroid-lref: +l+ lrefc 1 handle 0x7c803fe209/L from thread '(null)'(10)
01-21 19:05:37.842 15667 15793 I monodroid-lref: -l- lrefc 0 handle 0x7c803fe209/L from thread '(null)'(10)
01-21 19:05:37.855 15667 15793 I monodroid-lref: +l+ lrefc 1 handle 0x7c803fe20d/L from thread '(null)'(10)
01-21 19:05:37.859 15667 15793 I monodroid-lref: -l- lrefc 0 handle 0x7c803fe20d/L from thread '(null)'(10)
01-21 19:05:37.873 15667 15793 I monodroid-lref: +l+ lrefc 1 handle 0x7c803fe205/L from thread '(null)'(10)
01-21 19:05:37.879 15667 15793 I monodroid-lref: -l- lrefc 0 handle 0x7c803fe205/L from thread '(null)'(10)
01-21 19:05:37.891 15667 15793 I monodroid-lref: +l+ lrefc 1 handle 0x7c803fe209/L from thread '(null)'(10)
01-21 19:05:37.897 15667 15793 I monodroid-lref: -l- lrefc 0 handle 0x7c803fe209/L from thread '(null)'(10)
01-21 19:05:37.906 15667 15793 I monodroid-lref: +l+ lrefc 1 handle 0x7c803fe20d/L from thread '(null)'(10)
01-21 19:05:37.912 15667 15793 I monodroid-lref: -l- lrefc 0 handle 0x7c803fe20d/L from thread '(null)'(10)
01-21 19:05:37.923 15667 15793 I monodroid-lref: +l+ lrefc 1 handle 0x7c803fe205/L from thread '(null)'(10)
01-21 19:05:37.928 15667 15793 I monodroid-lref: -l- lrefc 0 handle 0x7c803fe205/L from thread '(null)'(10)
01-21 19:05:37.940 15667 15793 I monodroid-lref: +l+ lrefc 1 handle 0x7c803fe209/L from thread '(null)'(10)
01-21 19:05:37.945 15667 15793 I monodroid-lref: -l- lrefc 0 handle 0x7c803fe209/L from thread '(null)'(10)
01-21 19:05:37.956 15667 15793 I monodroid-lref: +l+ lrefc 1 handle 0x7c803fe20d/L from thread '(null)'(10)
01-21 19:05:37.961 15667 15793 I monodroid-lref: -l- lrefc 0 handle 0x7c803fe20d/L from thread '(null)'(10)
01-21 19:05:37.972 15667 15793 I monodroid-lref: +l+ lrefc 1 handle 0x7c803fe205/L from thread '(null)'(10)
01-21 19:05:37.976 15667 15793 I monodroid-lref: -l- lrefc 0 handle 0x7c803fe205/L from thread '(null)'(10)
01-21 19:05:37.989 15667 15793 I monodroid-lref: +l+ lrefc 1 handle 0x7c803fe209/L from thread '(null)'(10)
01-21 19:05:37.994 15667 15793 I monodroid-lref: -l- lrefc 0 handle 0x7c803fe209/L from thread '(null)'(10)
01-21 19:05:38.008 15667 15793 I monodroid-lref: +l+ lrefc 1 handle 0x7c803fe20d/L from thread '(null)'(10)
01-21 19:05:38.014 15667 15793 I monodroid-lref: -l- lrefc 0 handle 0x7c803fe20d/L from thread '(null)'(10)
01-21 19:05:38.024 15667 15793 I monodroid-lref: +l+ lrefc 1 handle 0x7c803fe205/L from thread '(null)'(10)
01-21 19:05:38.030 15667 15793 I monodroid-lref: -l- lrefc 0 handle 0x7c803fe205/L from thread '(null)'(10)
01-21 19:05:38.041 15667 15793 I monodroid-lref: +l+ lrefc 1 handle 0x7c803fe209/L from thread '(null)'(10)
01-21 19:05:38.046 15667 15793 I monodroid-lref: -l- lrefc 0 handle 0x7c803fe209/L from thread '(null)'(10)
01-21 19:05:38.056 15667 15793 I monodroid-lref: +l+ lrefc 1 handle 0x7c803fe20d/L from thread '(null)'(10)
01-21 19:05:38.061 15667 15793 I monodroid-lref: -l- lrefc 0 handle 0x7c803fe20d/L from thread '(null)'(10)
01-21 19:05:38.072 15667 15793 I monodroid-lref: +l+ lrefc 1 handle 0x7c803fe205/L from thread '(null)'(10)
01-21 19:05:38.077 15667 15793 I monodroid-lref: -l- lrefc 0 handle 0x7c803fe205/L from thread '(null)'(10)
01-21 19:05:38.089 15667 15793 I monodroid-lref: +l+ lrefc 1 handle 0x7c803fe209/L from thread '(null)'(10)
01-21 19:05:38.094 15667 15793 I monodroid-lref: -l- lrefc 0 handle 0x7c803fe209/L from thread '(null)'(10)
01-21 19:05:38.108 15667 15793 I monodroid-lref: +l+ lrefc 1 handle 0x7c803fe20d/L from thread '(null)'(10)
01-21 19:05:38.114 15667 15793 I monodroid-lref: -l- lrefc 0 handle 0x7c803fe20d/L from thread '(null)'(10)
01-21 19:05:38.124 15667 15793 I monodroid-lref: +l+ lrefc 1 handle 0x7c803fe205/L from thread '(null)'(10)
01-21 19:05:38.130 15667 15793 I monodroid-lref: -l- lrefc 0 handle 0x7c803fe205/L from thread '(null)'(10)
01-21 19:05:38.141 15667 15793 I monodroid-lref: +l+ lrefc 1 handle 0x7c803fe209/L from thread '(null)'(10)
01-21 19:05:38.146 15667 15793 I monodroid-lref: -l- lrefc 0 handle 0x7c803fe209/L from thread '(null)'(10)
01-21 19:05:38.156 15667 15793 I monodroid-lref: +l+ lrefc 1 handle 0x7c803fe20d/L from thread '(null)'(10)
01-21 19:05:38.161 15667 15793 I monodroid-lref: -l- lrefc 0 handle 0x7c803fe20d/L from thread '(null)'(10)
01-21 19:05:38.172 15667 15793 I monodroid-lref: +l+ lrefc 1 handle 0x7c803fe205/L from thread '(null)'(10)
01-21 19:05:38.178 15667 15793 I monodroid-lref: -l- lrefc 0 handle 0x7c803fe205/L from thread '(null)'(10)
01-21 19:05:38.189 15667 15793 I monodroid-lref: +l+ lrefc 1 handle 0x7c803fe209/L from thread '(null)'(10)
01-21 19:05:38.195 15667 15793 I monodroid-lref: -l- lrefc 0 handle 0x7c803fe209/L from thread '(null)'(10)
01-21 19:05:38.207 15667 15793 I monodroid-lref: +l+ lrefc 1 handle 0x7c803fe20d/L from thread '(null)'(10)
01-21 19:05:38.214 15667 15793 I monodroid-lref: -l- lrefc 0 handle 0x7c803fe20d/L from thread '(null)'(10)
01-21 19:05:38.224 15667 15793 I monodroid-lref: +l+ lrefc 1 handle 0x7c803fe205/L from thread '(null)'(10)
01-21 19:05:38.230 15667 15793 I monodroid-lref: -l- lrefc 0 handle 0x7c803fe205/L from thread '(null)'(10)
01-21 19:05:38.240 15667 15793 I monodroid-lref: +l+ lrefc 1 handle 0x7c803fe209/L from thread '(null)'(10)
01-21 19:05:38.245 15667 15793 I monodroid-lref: -l- lrefc 0 handle 0x7c803fe209/L from thread '(null)'(10)
01-21 19:05:38.256 15667 15793 I monodroid-lref: +l+ lrefc 1 handle 0x7c803fe20d/L from thread '(null)'(10)
01-21 19:05:38.261 15667 15793 I monodroid-lref: -l- lrefc 0 handle 0x7c803fe20d/L from thread '(null)'(10)
01-21 19:05:38.272 15667 15793 I monodroid-lref: +l+ lrefc 1 handle 0x7c803fe205/L from thread '(null)'(10)
01-21 19:05:38.277 15667 15793 I monodroid-lref: -l- lrefc 0 handle 0x7c803fe205/L from thread '(null)'(10)
01-21 19:05:38.290 15667 15793 I monodroid-lref: +l+ lrefc 1 handle 0x7c803fe209/L from thread '(null)'(10)
01-21 19:05:38.295 15667 15793 I monodroid-lref: -l- lrefc 0 handle 0x7c803fe209/L from thread '(null)'(10)
01-21 19:05:38.308 15667 15793 I monodroid-lref: +l+ lrefc 1 handle 0x7c803fe20d/L from thread '(null)'(10)
01-21 19:05:38.314 15667 15793 I monodroid-lref: -l- lrefc 0 handle 0x7c803fe20d/L from thread '(null)'(10)
01-21 19:05:38.324 15667 15793 I monodroid-lref: +l+ lrefc 1 handle 0x7c803fe205/L from thread '(null)'(10)
01-21 19:05:38.330 15667 15793 I monodroid-lref: -l- lrefc 0 handle 0x7c803fe205/L from thread '(null)'(10)
01-21 19:05:38.340 15667 15793 I monodroid-lref: +l+ lrefc 1 handle 0x7c803fe209/L from thread '(null)'(10)
01-21 19:05:38.345 15667 15793 I monodroid-lref: -l- lrefc 0 handle 0x7c803fe209/L from thread '(null)'(10)
01-21 19:05:38.356 15667 15793 I monodroid-lref: +l+ lrefc 1 handle 0x7c803fe20d/L from thread '(null)'(10)
01-21 19:05:38.361 15667 15793 I monodroid-lref: -l- lrefc 0 handle 0x7c803fe20d/L from thread '(null)'(10)
01-21 19:05:38.366  9470  9470 I Finsky  : [2] Memory trim requested to level 40
01-21 19:05:38.366  9470  9470 I Finsky  : [2] Flushing in-memory image cache
01-21 19:05:38.373 15667 15793 I monodroid-lref: +l+ lrefc 1 handle 0x7c803fe205/L from thread '(null)'(10)
01-21 19:05:38.377 15667 15785 I monodroid-lref: +l+ lrefc 1 handle 0x7c8050260d/L from thread '.NET TP Worker'(4)
01-21 19:05:38.378 15667 15793 I monodroid-lref: -l- lrefc 0 handle 0x7c803fe205/L from thread '(null)'(10)
01-21 19:05:38.381 15667 15785 I monodroid-lref: +l+ lrefc 2 handle 0x7c80502619/L from thread '.NET TP Worker'(4)
01-21 19:05:38.384 15667 15785 I monodroid-lref: -l- lrefc 1 handle 0x7c8050260d/L from thread '.NET TP Worker'(4)
01-21 19:05:38.385 24269 24269 D BoundBrokerSvc: onUnbind: Intent { act=com.google.android.gms.auth.aang.events.services.START dat=chimera-action:/... cmp=com.google.android.gms/.chimera.PersistentApiService }
01-21 19:05:38.388 15667 15785 I monodroid-gref: +g+ grefc 136 gwrefc 0 obj-handle 0x7c80502619/I -> new-handle 0x516e/G from thread '.NET TP Worker'(4)
01-21 19:05:38.389 15667 15793 I monodroid-lref: +l+ lrefc 1 handle 0x7c803fe209/L from thread '(null)'(10)
01-21 19:05:38.390 15667 15785 I monodroid-lref: -l- lrefc 0 handle 0x7c80502619/L from thread '.NET TP Worker'(4)
01-21 19:05:38.392 15667 15793 I monodroid-lref: -l- lrefc 0 handle 0x7c803fe209/L from thread '(null)'(10)
01-21 19:05:38.394 15667 15785 I monodroid-lref: +l+ lrefc 1 handle 0x7c80502605/L from thread '.NET TP Worker'(4)
01-21 19:05:38.397 15667 15785 I monodroid-gref: -g- grefc 135 gwrefc 0 handle 0x516e/G from thread '.NET TP Worker'(4)
01-21 19:05:38.399 15667 15785 I monodroid-gref: +g+ grefc 136 gwrefc 0 obj-handle 0x7c80502605/I -> new-handle 0x5172/G from thread '.NET TP Worker'(4)
01-21 19:05:38.401 15667 15785 I monodroid-lref: -l- lrefc 0 handle 0x7c80502605/L from thread '.NET TP Worker'(4)
01-21 19:05:38.403 15667 15785 I monodroid-lref: +l+ lrefc 1 handle 0x7c80502609/L from thread '.NET TP Worker'(4)
01-21 19:05:38.404 15667 15793 I monodroid-lref: +l+ lrefc 1 handle 0x7c803fe20d/L from thread '(null)'(10)
01-21 19:05:38.405 15667 15785 I monodroid-lref: -l- lrefc 0 handle 0x7c80502609/L from thread '.NET TP Worker'(4)
01-21 19:05:38.405 15667 15793 I monodroid-lref: -l- lrefc 0 handle 0x7c803fe20d/L from thread '(null)'(10)
01-21 19:05:38.406 15667 15785 I monodroid-lref: +l+ lrefc 1 handle 0x7c8050260d/L from thread '.NET TP Worker'(4)
01-21 19:05:38.408 15667 15785 I monodroid-lref: -l- lrefc 0 handle 0x7c8050260d/L from thread '.NET TP Worker'(4)
01-21 19:05:38.411 15667 15667 I monodroid-lref: +l+ lrefc 2 handle 0x7c884af029/L from thread '(null)'(1)
01-21 19:05:38.413 15667 15667 I monodroid-lref: +l+ lrefc 3 handle 0x7c884af035/L from thread '(null)'(1)
01-21 19:05:38.415 15667 15667 I monodroid-lref: -l- lrefc 2 handle 0x7c884af029/L from thread '(null)'(1)
01-21 19:05:38.417 15667 15667 I monodroid-gref: +g+ grefc 137 gwrefc 0 obj-handle 0x7c884af035/I -> new-handle 0x43ea/G from thread '(null)'(1)
01-21 19:05:38.418 15667 15667 I monodroid-lref: -l- lrefc 1 handle 0x7c884af035/L from thread '(null)'(1)
01-21 19:05:38.421 15667 15793 I monodroid-lref: +l+ lrefc 1 handle 0x7c803fe205/L from thread '(null)'(10)
01-21 19:05:38.421 15667 15667 I monodroid-lref: +l+ lrefc 2 handle 0x7c884af02d/L from thread '(null)'(1)
01-21 19:05:38.423 15667 15793 I monodroid-lref: -l- lrefc 0 handle 0x7c803fe205/L from thread '(null)'(10)
01-21 19:05:38.423 15667 15667 I monodroid-gref: -g- grefc 136 gwrefc 0 handle 0x43ea/G from thread '(null)'(1)
01-21 19:05:38.425 15667 15667 I monodroid-gref: +g+ grefc 137 gwrefc 0 obj-handle 0x7c884af02d/I -> new-handle 0x43ee/G from thread '(null)'(1)
01-21 19:05:38.427 15667 15667 I monodroid-lref: -l- lrefc 1 handle 0x7c884af02d/L from thread '(null)'(1)
01-21 19:05:38.430 15667 15667 I monodroid-lref: +l+ lrefc 2 handle 0x7c884af025/L from thread '(null)'(1)
01-21 19:05:38.432 15667 15667 I monodroid-lref: -l- lrefc 1 handle 0x7c884af025/L from thread '(null)'(1)
01-21 19:05:38.434 15667 15667 I monodroid-lref: +l+ lrefc 2 handle 0x7c884af029/L from thread '(null)'(1)
01-21 19:05:38.437 15667 15667 I monodroid-lref: -l- lrefc 1 handle 0x7c884af029/L from thread '(null)'(1)
01-21 19:05:38.437 15667 15793 I monodroid-lref: +l+ lrefc 1 handle 0x7c803fe209/L from thread '(null)'(10)
01-21 19:05:38.438 15667 15667 I monodroid-gref: -g- grefc 136 gwrefc 0 handle 0x5172/G from thread '(null)'(1)
01-21 19:05:38.439 15667 15793 I monodroid-lref: -l- lrefc 0 handle 0x7c803fe209/L from thread '(null)'(10)
01-21 19:05:38.441 15667 15667 I monodroid-lref: +l+ lrefc 2 handle 0x7c884af029/L from thread '(null)'(1)
01-21 19:05:38.443 15667 15667 I monodroid-lref: +l+ lrefc 3 handle 0x7c884af035/L from thread '(null)'(1)
01-21 19:05:38.445 15667 15667 I monodroid-lref: -l- lrefc 2 handle 0x7c884af029/L from thread '(null)'(1)
01-21 19:05:38.447 15667 15667 I monodroid-gref: +g+ grefc 137 gwrefc 0 obj-handle 0x7c884af035/I -> new-handle 0x5176/G from thread '(null)'(1)
01-21 19:05:38.448 15667 15667 I monodroid-lref: -l- lrefc 1 handle 0x7c884af035/L from thread '(null)'(1)
01-21 19:05:38.450 15667 15667 I monodroid-lref: +l+ lrefc 2 handle 0x7c884af02d/L from thread '(null)'(1)
01-21 19:05:38.452 15667 15667 I monodroid-gref: -g- grefc 136 gwrefc 0 handle 0x5176/G from thread '(null)'(1)
01-21 19:05:38.453 15667 15793 I monodroid-lref: +l+ lrefc 1 handle 0x7c803fe20d/L from thread '(null)'(10)
01-21 19:05:38.454 15667 15667 I monodroid-gref: +g+ grefc 137 gwrefc 0 obj-handle 0x7c884af02d/I -> new-handle 0x517a/G from thread '(null)'(1)
01-21 19:05:38.455 15667 15793 I monodroid-lref: -l- lrefc 0 handle 0x7c803fe20d/L from thread '(null)'(10)
01-21 19:05:38.456 15667 15667 I monodroid-lref: -l- lrefc 1 handle 0x7c884af02d/L from thread '(null)'(1)
01-21 19:05:38.458 15667 15667 I monodroid-lref: +l+ lrefc 2 handle 0x7c884af025/L from thread '(null)'(1)
01-21 19:05:38.460 15667 15667 I monodroid-lref: -l- lrefc 1 handle 0x7c884af025/L from thread '(null)'(1)
01-21 19:05:38.462 15667 15667 I monodroid-lref: +l+ lrefc 2 handle 0x7c884af029/L from thread '(null)'(1)
01-21 19:05:38.465 15667 15667 I monodroid-lref: -l- lrefc 1 handle 0x7c884af029/L from thread '(null)'(1)
01-21 19:05:38.466 15667 15667 I monodroid-gref: -g- grefc 136 gwrefc 0 handle 0x43ee/G from thread '(null)'(1)
01-21 19:05:38.467 15667 15667 I monodroid-gref: -g- grefc 135 gwrefc 0 handle 0x517a/G from thread '(null)'(1)
01-21 19:05:38.470 15667 15793 I monodroid-lref: +l+ lrefc 1 handle 0x7c803fe205/L from thread '(null)'(10)
01-21 19:05:38.471 15667 15793 I monodroid-lref: -l- lrefc 0 handle 0x7c803fe205/L from thread '(null)'(10)
01-21 19:05:38.477 15667 15785 I monodroid-lref: +l+ lrefc 1 handle 0x7c8050260d/L from thread '.NET TP Worker'(4)
01-21 19:05:38.479 15667 15785 I monodroid-lref: +l+ lrefc 2 handle 0x7c80502619/L from thread '.NET TP Worker'(4)
01-21 19:05:38.481 15667 15785 I monodroid-lref: -l- lrefc 1 handle 0x7c8050260d/L from thread '.NET TP Worker'(4)
01-21 19:05:38.483 15667 15785 I monodroid-gref: +g+ grefc 136 gwrefc 0 obj-handle 0x7c80502619/I -> new-handle 0x5162/G from thread '.NET TP Worker'(4)
01-21 19:05:38.484 15667 15785 I monodroid-lref: -l- lrefc 0 handle 0x7c80502619/L from thread '.NET TP Worker'(4)
01-21 19:05:38.487 15667 15785 I monodroid-lref: +l+ lrefc 1 handle 0x7c80502605/L from thread '.NET TP Worker'(4)
01-21 19:05:38.488 15667 15793 I monodroid-lref: +l+ lrefc 1 handle 0x7c803fe209/L from thread '(null)'(10)
01-21 19:05:38.488 15667 15785 I monodroid-gref: -g- grefc 135 gwrefc 0 handle 0x5162/G from thread '.NET TP Worker'(4)
01-21 19:05:38.490 15667 15793 I monodroid-lref: -l- lrefc 0 handle 0x7c803fe209/L from thread '(null)'(10)
01-21 19:05:38.490 15667 15785 I monodroid-gref: +g+ grefc 136 gwrefc 0 obj-handle 0x7c80502605/I -> new-handle 0x5166/G from thread '.NET TP Worker'(4)
01-21 19:05:38.492 15667 15785 I monodroid-lref: -l- lrefc 0 handle 0x7c80502605/L from thread '.NET TP Worker'(4)
01-21 19:05:38.494 15667 15785 I monodroid-lref: +l+ lrefc 1 handle 0x7c80502609/L from thread '.NET TP Worker'(4)
01-21 19:05:38.496 15667 15785 I monodroid-lref: -l- lrefc 0 handle 0x7c80502609/L from thread '.NET TP Worker'(4)
01-21 19:05:38.498 15667 15785 I monodroid-lref: +l+ lrefc 1 handle 0x7c8050260d/L from thread '.NET TP Worker'(4)
01-21 19:05:38.500 15667 15785 I monodroid-lref: -l- lrefc 0 handle 0x7c8050260d/L from thread '.NET TP Worker'(4)
01-21 19:05:38.501 15667 15667 I monodroid-gref: -g- grefc 135 gwrefc 0 handle 0x5166/G from thread '(null)'(1)
01-21 19:05:38.504 15667 15793 I monodroid-lref: +l+ lrefc 1 handle 0x7c803fe20d/L from thread '(null)'(10)
01-21 19:05:38.505 15667 15793 I monodroid-lref: -l- lrefc 0 handle 0x7c803fe20d/L from thread '(null)'(10)
01-21 19:05:38.522 15667 15793 I monodroid-lref: +l+ lrefc 1 handle 0x7c803fe205/L from thread '(null)'(10)
01-21 19:05:38.525 15667 15793 I monodroid-lref: -l- lrefc 0 handle 0x7c803fe205/L from thread '(null)'(10)
01-21 19:05:38.539 15667 15793 I monodroid-lref: +l+ lrefc 1 handle 0x7c803fe209/L from thread '(null)'(10)
01-21 19:05:38.543 15667 15793 I monodroid-lref: -l- lrefc 0 handle 0x7c803fe209/L from thread '(null)'(10)
01-21 19:05:38.555 15667 15793 I monodroid-lref: +l+ lrefc 1 handle 0x7c803fe20d/L from thread '(null)'(10)
01-21 19:05:38.559 15667 15793 I monodroid-lref: -l- lrefc 0 handle 0x7c803fe20d/L from thread '(null)'(10)
01-21 19:05:38.572 15667 15793 I monodroid-lref: +l+ lrefc 1 handle 0x7c803fe205/L from thread '(null)'(10)
01-21 19:05:38.576 15667 15793 I monodroid-lref: -l- lrefc 0 handle 0x7c803fe205/L from thread '(null)'(10)
01-21 19:05:38.589 15667 15793 I monodroid-lref: +l+ lrefc 1 handle 0x7c803fe209/L from thread '(null)'(10)
01-21 19:05:38.593 15667 15793 I monodroid-lref: -l- lrefc 0 handle 0x7c803fe209/L from thread '(null)'(10)
01-21 19:05:38.605 15667 15793 I monodroid-lref: +l+ lrefc 1 handle 0x7c803fe20d/L from thread '(null)'(10)
01-21 19:05:38.609 15667 15793 I monodroid-lref: -l- lrefc 0 handle 0x7c803fe20d/L from thread '(null)'(10)
01-21 19:05:38.627 15667 15793 I monodroid-lref: +l+ lrefc 1 handle 0x7c803fe205/L from thread '(null)'(10)
01-21 19:05:38.633 15667 15793 I monodroid-lref: -l- lrefc 0 handle 0x7c803fe205/L from thread '(null)'(10)
01-21 19:05:38.641 15667 15793 I monodroid-lref: +l+ lrefc 1 handle 0x7c803fe209/L from thread '(null)'(10)
01-21 19:05:38.645 15667 15793 I monodroid-lref: -l- lrefc 0 handle 0x7c803fe209/L from thread '(null)'(10)
01-21 19:05:38.656 15667 15793 I monodroid-lref: +l+ lrefc 1 handle 0x7c803fe20d/L from thread '(null)'(10)
01-21 19:05:38.661 15667 15793 I monodroid-lref: -l- lrefc 0 handle 0x7c803fe20d/L from thread '(null)'(10)
01-21 19:05:38.673 15667 15793 I monodroid-lref: +l+ lrefc 1 handle 0x7c803fe205/L from thread '(null)'(10)
01-21 19:05:38.678 15667 15793 I monodroid-lref: -l- lrefc 0 handle 0x7c803fe205/L from thread '(null)'(10)
01-21 19:05:38.690 15667 15793 I monodroid-lref: +l+ lrefc 1 handle 0x7c803fe209/L from thread '(null)'(10)
01-21 19:05:38.696 15667 15793 I monodroid-lref: -l- lrefc 0 handle 0x7c803fe209/L from thread '(null)'(10)
01-21 19:05:38.708 15667 15793 I monodroid-lref: +l+ lrefc 1 handle 0x7c803fe20d/L from thread '(null)'(10)
01-21 19:05:38.711  9470  9646 I Finsky  : [2455] AIM: AppInfoManager-Perf > Destroying AppInfoManager ...
01-21 19:05:38.714 15667 15793 I monodroid-lref: -l- lrefc 0 handle 0x7c803fe20d/L from thread '(null)'(10)
01-21 19:05:38.724 15667 15793 I monodroid-lref: +l+ lrefc 1 handle 0x7c803fe205/L from thread '(null)'(10)
01-21 19:05:38.729 15667 15793 I monodroid-lref: -l- lrefc 0 handle 0x7c803fe205/L from thread '(null)'(10)
01-21 19:05:38.740 15667 15793 I monodroid-lref: +l+ lrefc 1 handle 0x7c803fe209/L from thread '(null)'(10)
01-21 19:05:38.745 15667 15793 I monodroid-lref: -l- lrefc 0 handle 0x7c803fe209/L from thread '(null)'(10)
01-21 19:05:38.756 15667 15793 I monodroid-lref: +l+ lrefc 1 handle 0x7c803fe20d/L from thread '(null)'(10)
01-21 19:05:38.760 15667 15793 I monodroid-lref: -l- lrefc 0 handle 0x7c803fe20d/L from thread '(null)'(10)
01-21 19:05:38.773 15667 15793 I monodroid-lref: +l+ lrefc 1 handle 0x7c803fe205/L from thread '(null)'(10)
01-21 19:05:38.778 15667 15793 I monodroid-lref: -l- lrefc 0 handle 0x7c803fe205/L from thread '(null)'(10)
01-21 19:05:38.790 15667 15793 I monodroid-lref: +l+ lrefc 1 handle 0x7c803fe209/L from thread '(null)'(10)
01-21 19:05:38.796 15667 15793 I monodroid-lref: -l- lrefc 0 handle 0x7c803fe209/L from thread '(null)'(10)
01-21 19:05:38.808 15667 15793 I monodroid-lref: +l+ lrefc 1 handle 0x7c803fe20d/L from thread '(null)'(10)
01-21 19:05:38.814 15667 15793 I monodroid-lref: -l- lrefc 0 handle 0x7c803fe20d/L from thread '(null)'(10)
01-21 19:05:38.825 15667 15793 I monodroid-lref: +l+ lrefc 1 handle 0x7c803fe205/L from thread '(null)'(10)
01-21 19:05:38.831 15667 15793 I monodroid-lref: -l- lrefc 0 handle 0x7c803fe205/L from thread '(null)'(10)
01-21 19:05:38.842 15667 15793 I monodroid-lref: +l+ lrefc 1 handle 0x7c803fe209/L from thread '(null)'(10)
01-21 19:05:38.848 15667 15793 I monodroid-lref: -l- lrefc 0 handle 0x7c803fe209/L from thread '(null)'(10)
01-21 19:05:38.857 15667 15793 I monodroid-lref: +l+ lrefc 1 handle 0x7c803fe20d/L from thread '(null)'(10)
01-21 19:05:38.862 15667 15793 I monodroid-lref: -l- lrefc 0 handle 0x7c803fe20d/L from thread '(null)'(10)
01-21 19:05:38.873 15667 15793 I monodroid-lref: +l+ lrefc 1 handle 0x7c803fe205/L from thread '(null)'(10)
01-21 19:05:38.877 15667 15793 I monodroid-lref: -l- lrefc 0 handle 0x7c803fe205/L from thread '(null)'(10)
01-21 19:05:38.891 15667 15793 I monodroid-lref: +l+ lrefc 1 handle 0x7c803fe209/L from thread '(null)'(10)
01-21 19:05:38.896 15667 15793 I monodroid-lref: -l- lrefc 0 handle 0x7c803fe209/L from thread '(null)'(10)
01-21 19:05:38.907 15667 15793 I monodroid-lref: +l+ lrefc 1 handle 0x7c803fe20d/L from thread '(null)'(10)
01-21 19:05:38.913 15667 15793 I monodroid-lref: -l- lrefc 0 handle 0x7c803fe20d/L from thread '(null)'(10)
01-21 19:05:38.925 15667 15793 I monodroid-lref: +l+ lrefc 1 handle 0x7c803fe205/L from thread '(null)'(10)
01-21 19:05:38.931 15667 15793 I monodroid-lref: -l- lrefc 0 handle 0x7c803fe205/L from thread '(null)'(10)
01-21 19:05:38.941 15667 15793 I monodroid-lref: +l+ lrefc 1 handle 0x7c803fe209/L from thread '(null)'(10)
01-21 19:05:38.946 15667 15793 I monodroid-lref: -l- lrefc 0 handle 0x7c803fe209/L from thread '(null)'(10)
01-21 19:05:38.957 15667 15793 I monodroid-lref: +l+ lrefc 1 handle 0x7c803fe20d/L from thread '(null)'(10)
01-21 19:05:38.963 15667 15793 I monodroid-lref: -l- lrefc 0 handle 0x7c803fe20d/L from thread '(null)'(10)
01-21 19:05:38.974 15667 15793 I monodroid-lref: +l+ lrefc 1 handle 0x7c803fe205/L from thread '(null)'(10)
01-21 19:05:38.979  2824  2825 I android.hardware.thermal@2.0-service.qti-v2: Sensor Name:skin1 temp: 29.957. prev severity:3. cur severity:0 New severity:0
01-21 19:05:38.979 15667 15793 I monodroid-lref: -l- lrefc 0 handle 0x7c803fe205/L from thread '(null)'(10)
01-21 19:05:38.991 15667 15793 I monodroid-lref: +l+ lrefc 1 handle 0x7c803fe209/L from thread '(null)'(10)
01-21 19:05:38.996 15667 15793 I monodroid-lref: -l- lrefc 0 handle 0x7c803fe209/L from thread '(null)'(10)
01-21 19:05:39.007 15667 15793 I monodroid-lref: +l+ lrefc 1 handle 0x7c803fe20d/L from thread '(null)'(10)
01-21 19:05:39.013 15667 15793 I monodroid-lref: -l- lrefc 0 handle 0x7c803fe20d/L from thread '(null)'(10)
01-21 19:05:39.024 15667 15793 I monodroid-lref: +l+ lrefc 1 handle 0x7c803fe205/L from thread '(null)'(10)
01-21 19:05:39.029 15667 15793 I monodroid-lref: -l- lrefc 0 handle 0x7c803fe205/L from thread '(null)'(10)
01-21 19:05:39.041 15667 15793 I monodroid-lref: +l+ lrefc 1 handle 0x7c803fe209/L from thread '(null)'(10)
01-21 19:05:39.046 15667 15793 I monodroid-lref: -l- lrefc 0 handle 0x7c803fe209/L from thread '(null)'(10)
01-21 19:05:39.057 15667 15793 I monodroid-lref: +l+ lrefc 1 handle 0x7c803fe20d/L from thread '(null)'(10)
01-21 19:05:39.061 15667 15793 I monodroid-lref: -l- lrefc 0 handle 0x7c803fe20d/L from thread '(null)'(10)
01-21 19:05:39.073 15667 15793 I monodroid-lref: +l+ lrefc 1 handle 0x7c803fe205/L from thread '(null)'(10)
01-21 19:05:39.078 15667 15793 I monodroid-lref: -l- lrefc 0 handle 0x7c803fe205/L from thread '(null)'(10)
01-21 19:05:39.090 15667 15793 I monodroid-lref: +l+ lrefc 1 handle 0x7c803fe209/L from thread '(null)'(10)
01-21 19:05:39.095 15667 15793 I monodroid-lref: -l- lrefc 0 handle 0x7c803fe209/L from thread '(null)'(10)
01-21 19:05:39.108 15667 15793 I monodroid-lref: +l+ lrefc 1 handle 0x7c803fe20d/L from thread '(null)'(10)
01-21 19:05:39.115 15667 15793 I monodroid-lref: -l- lrefc 0 handle 0x7c803fe20d/L from thread '(null)'(10)
01-21 19:05:39.125 15667 15793 I monodroid-lref: +l+ lrefc 1 handle 0x7c803fe205/L from thread '(null)'(10)
01-21 19:05:39.131 15667 15793 I monodroid-lref: -l- lrefc 0 handle 0x7c803fe205/L from thread '(null)'(10)
01-21 19:05:39.141 15667 15793 I monodroid-lref: +l+ lrefc 1 handle 0x7c803fe209/L from thread '(null)'(10)
01-21 19:05:39.146 15667 15793 I monodroid-lref: -l- lrefc 0 handle 0x7c803fe209/L from thread '(null)'(10)
01-21 19:05:39.157 15667 15793 I monodroid-lref: +l+ lrefc 1 handle 0x7c803fe20d/L from thread '(null)'(10)
01-21 19:05:39.163 15667 15793 I monodroid-lref: -l- lrefc 0 handle 0x7c803fe20d/L from thread '(null)'(10)
