01-21 19:05:39.174 15667 15793 I monodroid-lref: +l+ lrefc 1 handle 0x7c803fe205/L from thread '(null)'(10)
01-21 19:05:39.179 15667 15793 I monodroid-lref: -l- lrefc 0 handle 0x7c803fe205/L from thread '(null)'(10)
01-21 19:05:39.190 15667 15793 I monodroid-lref: +l+ lrefc 1 handle 0x7c803fe209/L from thread '(null)'(10)
01-21 19:05:39.195 15667 15793 I monodroid-lref: -l- lrefc 0 handle 0x7c803fe209/L from thread '(null)'(10)
01-21 19:05:39.207 15667 15793 I monodroid-lref: +l+ lrefc 1 handle 0x7c803fe20d/L from thread '(null)'(10)
01-21 19:05:39.213 15667 15793 I monodroid-lref: -l- lrefc 0 handle 0x7c803fe20d/L from thread '(null)'(10)
01-21 19:05:39.225 15667 15793 I monodroid-lref: +l+ lrefc 1 handle 0x7c803fe205/L from thread '(null)'(10)
01-21 19:05:39.232 15667 15793 I monodroid-lref: -l- lrefc 0 handle 0x7c803fe205/L from thread '(null)'(10)
01-21 19:05:39.242 15667 15793 I monodroid-lref: +l+ lrefc 1 handle 0x7c803fe209/L from thread '(null)'(10)
01-21 19:05:39.249 15667 15793 I monodroid-lref: -l- lrefc 0 handle 0x7c803fe209/L from thread '(null)'(10)
01-21 19:05:39.259 15667 15793 I monodroid-lref: +l+ lrefc 1 handle 0x7c803fe20d/L from thread '(null)'(10)
01-21 19:05:39.264 15667 15793 I monodroid-lref: -l- lrefc 0 handle 0x7c803fe20d/L from thread '(null)'(10)
01-21 19:05:39.273 15667 15793 I monodroid-lref: +l+ lrefc 1 handle 0x7c803fe205/L from thread '(null)'(10)
01-21 19:05:39.277 15667 15793 I monodroid-lref: -l- lrefc 0 handle 0x7c803fe205/L from thread '(null)'(10)
01-21 19:05:39.290 15667 15793 I monodroid-lref: +l+ lrefc 1 handle 0x7c803fe209/L from thread '(null)'(10)
01-21 19:05:39.295 15667 15793 I monodroid-lref: -l- lrefc 0 handle 0x7c803fe209/L from thread '(null)'(10)
01-21 19:05:39.301  2428  3841 D CompatChangeReporter: Compat change id reported: 151861875; UID 10222; state: ENABLED
01-21 19:05:39.301  2428  3841 V GrammaticalInflectionUtils: AttributionSource: android.content.AttributionSource@8df99265 does not have READ_SYSTEM_GRAMMATICAL_GENDER permission.
01-21 19:05:39.306 15667 15793 I monodroid-lref: +l+ lrefc 1 handle 0x7c803fe20d/L from thread '(null)'(10)
01-21 19:05:39.310 15667 15793 I monodroid-lref: -l- lrefc 0 handle 0x7c803fe20d/L from thread '(null)'(10)
01-21 19:05:39.319  1263  1263 D Zygote  : Forked child process 16173
01-21 19:05:39.321  2428  2697 I ActivityManager: Start proc 16173:com.motorola.screenshoteditor/u0a222 for service {com.motorola.screenshoteditor/com.motorola.gifmaker.ui.GIFMakerTileService}
01-21 19:05:39.326  1356  3709 I vendor.qti.bluetooth@1.0-ibs_handler: ProcessIbsCmd: Received IBS_WAKE_IND: 0xFD
01-21 19:05:39.326  1356  3709 D vendor.qti.bluetooth@1.0-ibs_handler: SerialClockVote: vote for UART CLK ON
01-21 19:05:39.326  1356  3709 D vendor.qti.bluetooth@1.0-wake_lock: Acquire wakelock is acquired 
01-21 19:05:39.326  1356  3709 I vendor.qti.bluetooth@1.0-ibs_handler: ProcessIbsCmd: Writing IBS_WAKE_ACK
01-21 19:05:39.328 15667 15793 I monodroid-lref: +l+ lrefc 1 handle 0x7c803fe205/L from thread '(null)'(10)
01-21 19:05:39.335 15667 15793 I monodroid-lref: -l- lrefc 0 handle 0x7c803fe205/L from thread '(null)'(10)
01-21 19:05:39.345 16173 16173 I creenshoteditor: Using CollectorTypeCMC GC.
01-21 19:05:39.350 24269 24269 D BoundBrokerSvc: onUnbind: Intent { act=com.google.android.gms.libs.gmscorelogger.service.START dat=chimera-action:/... cmp=com.google.android.gms/.chimera.PersistentDirectBootAwareApiService }
01-21 19:05:39.356 16173 16173 D nativeloader: Load libframework-connectivity-tiramisu-jni.so using APEX ns com_android_tethering for caller /apex/com.android.tethering/javalib/framework-connectivity-t.jar: ok
01-21 19:05:39.357 15667 15793 I monodroid-lref: +l+ lrefc 1 handle 0x7c803fe209/L from thread '(null)'(10)
01-21 19:05:39.360 15667 15793 I monodroid-lref: -l- lrefc 0 handle 0x7c803fe209/L from thread '(null)'(10)
01-21 19:05:39.366  5578 17174 D ForegroundUtils: Foreground UID status: 10188, true; 10194, false; 10209, true; 10210, false; 10214, false; 10220, false; 10284, false; 10322, false; 10337, false; 10355, true; 10359, true; 10367, false; 10372, false; 10376, false; 10396, false; 10405, false; 10418, false; 10577, true; 
01-21 19:05:39.367  1356  3709 I vendor.qti.bluetooth@1.0-ibs_handler: ProcessIbsCmd: Received IBS_SLEEP_IND: 0xFE
01-21 19:05:39.367  1356  3709 D vendor.qti.bluetooth@1.0-ibs_handler: SerialClockVote: vote for UART CLK OFF
01-21 19:05:39.373 15667 15793 I monodroid-lref: +l+ lrefc 1 handle 0x7c803fe20d/L from thread '(null)'(10)
01-21 19:05:39.374 15667 15793 I monodroid-lref: -l- lrefc 0 handle 0x7c803fe20d/L from thread '(null)'(10)
01-21 19:05:39.382 16173 16173 D nativeloader: Configuring clns-7 for other apk /system/framework/com.motorola.motosignature.jar. target_sdk_version=35, uses_libraries=ALL, library_path=/product/priv-app/MotoScreenshotEditor/lib/arm64, permitted_path=/data:/mnt/expand:/data/user/0/com.motorola.screenshoteditor
01-21 19:05:39.382 16173 16173 D nativeloader: Extending system_exposed_libraries: libbinauralrenderer_wrapper.qti.so:libhoaeffects.qti.so:libenginepostproc.moto.so:libjni_helper.motocameradesktop.so:libimgTuner_jni.motoimagetuner.so:libparamupdater_jni.motoparamupdater.so:libupdateprof.qti.so:libdiag_system.qti.so:libqape.qti.so:libqesdk_ndk_platform.qti.so:liblistenjni.qti.so
01-21 19:05:39.386 16173 16173 D nativeloader: Configuring clns-8 for other apk /system/framework/moto-core_services.jar. target_sdk_version=35, uses_libraries=ALL, library_path=/product/priv-app/MotoScreenshotEditor/lib/arm64, permitted_path=/data:/mnt/expand:/data/user/0/com.motorola.screenshoteditor
01-21 19:05:39.386 16173 16173 D nativeloader: Extending system_exposed_libraries: libbinauralrenderer_wrapper.qti.so:libhoaeffects.qti.so:libenginepostproc.moto.so:libjni_helper.motocameradesktop.so:libimgTuner_jni.motoimagetuner.so:libparamupdater_jni.motoparamupdater.so:libupdateprof.qti.so:libdiag_system.qti.so:libqape.qti.so:libqesdk_ndk_platform.qti.so:liblistenjni.qti.so
01-21 19:05:39.389 15667 15793 I monodroid-lref: +l+ lrefc 1 handle 0x7c803fe205/L from thread '(null)'(10)
01-21 19:05:39.389 16173 16173 D nativeloader: Configuring clns-9 for other apk /system/framework/moto-settings.jar. target_sdk_version=35, uses_libraries=ALL, library_path=/product/priv-app/MotoScreenshotEditor/lib/arm64, permitted_path=/data:/mnt/expand:/data/user/0/com.motorola.screenshoteditor
01-21 19:05:39.389 16173 16173 D nativeloader: Extending system_exposed_libraries: libbinauralrenderer_wrapper.qti.so:libhoaeffects.qti.so:libenginepostproc.moto.so:libjni_helper.motocameradesktop.so:libimgTuner_jni.motoimagetuner.so:libparamupdater_jni.motoparamupdater.so:libupdateprof.qti.so:libdiag_system.qti.so:libqape.qti.so:libqesdk_ndk_platform.qti.so:liblistenjni.qti.so
01-21 19:05:39.391 15667 15793 I monodroid-lref: -l- lrefc 0 handle 0x7c803fe205/L from thread '(null)'(10)
01-21 19:05:39.404 15667 15793 I monodroid-lref: +l+ lrefc 1 handle 0x7c803fe209/L from thread '(null)'(10)
01-21 19:05:39.406 15667 15793 I monodroid-lref: -l- lrefc 0 handle 0x7c803fe209/L from thread '(null)'(10)
01-21 19:05:39.421 15667 15793 I monodroid-lref: +l+ lrefc 1 handle 0x7c803fe20d/L from thread '(null)'(10)
01-21 19:05:39.422 15667 15793 I monodroid-lref: -l- lrefc 0 handle 0x7c803fe20d/L from thread '(null)'(10)
01-21 19:05:39.430 16173 16173 D nativeloader: InitLlndkLibrariesProduct: libEGL.so:libGLESv1_CM.so:libGLESv2.so:libGLESv3.so:libRS.so:libandroid_net.so:libapexsupport.so:libbinder_ndk.so:libc.so:libcgrouprc.so:libclang_rt.asan-aarch64-android.so:libclang_rt.asan-arm-android.so:libclang_rt.hwasan-aarch64-android.so:libcom.android.tethering.connectivity_native.so:libdl.so:libft2.so:liblog.so:libm.so:libmediandk.so:libnativewindow.so:libneuralnetworks.so:libselinux.so:libsync.so:libvendorsupport.so:libvndksupport.so:libvulkan.so
01-21 19:05:39.430 16173 16173 D nativeloader: Configuring product-clns-10 for unbundled product apk /product/priv-app/MotoScreenshotEditor/MotoScreenshotEditor.apk. target_sdk_version=35, uses_libraries=, library_path=/product/priv-app/MotoScreenshotEditor/lib/arm64:/product/lib64:/system/product/lib64, permitted_path=/data:/mnt/expand:/data/user/0/com.motorola.screenshoteditor:/product/lib64:/system/product/lib64
01-21 19:05:39.432 16173 16173 D nativeloader: InitVndkspLibrariesProduct: VNDK is deprecated with product
01-21 19:05:39.432 16173 16173 D CompatChangeReporter: Compat change id reported: 202956589; UID 10222; state: ENABLED
01-21 19:05:39.437 15667 15793 I monodroid-lref: +l+ lrefc 1 handle 0x7c803fe205/L from thread '(null)'(10)
01-21 19:05:39.438 16173 16173 V GraphicsEnvironment: Currently set values for:
01-21 19:05:39.438 16173 16173 V GraphicsEnvironment:   angle_gl_driver_selection_pkgs=[]
01-21 19:05:39.438 16173 16173 V GraphicsEnvironment:   angle_gl_driver_selection_values=[]
01-21 19:05:39.438 16173 16173 V GraphicsEnvironment: Global.Settings values are invalid: number of packages: 0, number of values: 0
01-21 19:05:39.438 16173 16173 V GraphicsEnvironment: Neither updatable production driver nor prerelease driver is supported.
01-21 19:05:39.439 15667 15793 I monodroid-lref: -l- lrefc 0 handle 0x7c803fe205/L from thread '(null)'(10)
01-21 19:05:39.442 16173 16173 I Typeface: updateThemeFont new=Rookery-Regular;old=sans-serif;new=Rookery-Stacked;old=
01-21 19:05:39.443  2428  3841 I ActivityManager: Flag disabled. Ignoring finishAttachApplication from uid: 10222. pid: 16173
01-21 19:05:39.449  2428  3841 I ActivityManager: Killing 12213:com.google.android.gms.unstable/u0a209 (adj 985, setSvc -10000): empty #31
01-21 19:05:39.454 15667 15793 I monodroid-lref: +l+ lrefc 1 handle 0x7c803fe209/L from thread '(null)'(10)
01-21 19:05:39.455 15667 15793 I monodroid-lref: -l- lrefc 0 handle 0x7c803fe209/L from thread '(null)'(10)
01-21 19:05:39.469 15667 15785 I monodroid-lref: +l+ lrefc 1 handle 0x7c8050260d/L from thread '.NET TP Worker'(4)
01-21 19:05:39.471 15667 15793 I monodroid-lref: +l+ lrefc 1 handle 0x7c803fe20d/L from thread '(null)'(10)
01-21 19:05:39.471 15667 15785 I monodroid-lref: +l+ lrefc 2 handle 0x7c80502619/L from thread '.NET TP Worker'(4)
01-21 19:05:39.473 15667 15785 I monodroid-lref: -l- lrefc 1 handle 0x7c8050260d/L from thread '.NET TP Worker'(4)
01-21 19:05:39.474 15667 15793 I monodroid-lref: -l- lrefc 0 handle 0x7c803fe20d/L from thread '(null)'(10)
01-21 19:05:39.475 15667 15785 I monodroid-gref: +g+ grefc 136 gwrefc 0 obj-handle 0x7c80502619/I -> new-handle 0x516a/G from thread '.NET TP Worker'(4)
01-21 19:05:39.476 15667 15785 I monodroid-lref: -l- lrefc 0 handle 0x7c80502619/L from thread '.NET TP Worker'(4)
01-21 19:05:39.478 15667 15785 I monodroid-lref: +l+ lrefc 1 handle 0x7c80502605/L from thread '.NET TP Worker'(4)
01-21 19:05:39.480 15667 15785 I monodroid-gref: -g- grefc 135 gwrefc 0 handle 0x516a/G from thread '.NET TP Worker'(4)
01-21 19:05:39.481 15667 15785 I monodroid-gref: +g+ grefc 136 gwrefc 0 obj-handle 0x7c80502605/I -> new-handle 0x516e/G from thread '.NET TP Worker'(4)
01-21 19:05:39.483 15667 15785 I monodroid-lref: -l- lrefc 0 handle 0x7c80502605/L from thread '.NET TP Worker'(4)
01-21 19:05:39.485 15667 15785 I monodroid-lref: +l+ lrefc 1 handle 0x7c80502609/L from thread '.NET TP Worker'(4)
01-21 19:05:39.486 15667 15785 I monodroid-lref: -l- lrefc 0 handle 0x7c80502609/L from thread '.NET TP Worker'(4)
01-21 19:05:39.488 15667 15793 I monodroid-lref: +l+ lrefc 1 handle 0x7c803fe205/L from thread '(null)'(10)
01-21 19:05:39.488 15667 15785 I monodroid-lref: +l+ lrefc 1 handle 0x7c8050260d/L from thread '.NET TP Worker'(4)
01-21 19:05:39.490 15667 15793 I monodroid-lref: -l- lrefc 0 handle 0x7c803fe205/L from thread '(null)'(10)
01-21 19:05:39.490 15667 15785 I monodroid-lref: -l- lrefc 0 handle 0x7c8050260d/L from thread '.NET TP Worker'(4)
01-21 19:05:39.493 15667 15667 I monodroid-lref: +l+ lrefc 2 handle 0x7c884af029/L from thread '(null)'(1)
01-21 19:05:39.495 15667 15667 I monodroid-lref: +l+ lrefc 3 handle 0x7c884af035/L from thread '(null)'(1)
01-21 19:05:39.497 15667 15667 I monodroid-lref: -l- lrefc 2 handle 0x7c884af029/L from thread '(null)'(1)
01-21 19:05:39.498 15667 15667 I monodroid-gref: +g+ grefc 137 gwrefc 0 obj-handle 0x7c884af035/I -> new-handle 0x43f2/G from thread '(null)'(1)
01-21 19:05:39.501 15667 15667 I monodroid-lref: -l- lrefc 1 handle 0x7c884af035/L from thread '(null)'(1)
01-21 19:05:39.503 15667 15667 I monodroid-lref: +l+ lrefc 2 handle 0x7c884af02d/L from thread '(null)'(1)
01-21 19:05:39.505 15667 15793 I monodroid-lref: +l+ lrefc 1 handle 0x7c803fe209/L from thread '(null)'(10)
01-21 19:05:39.506 15667 15667 I monodroid-gref: -g- grefc 136 gwrefc 0 handle 0x43f2/G from thread '(null)'(1)
01-21 19:05:39.508 15667 15793 I monodroid-lref: -l- lrefc 0 handle 0x7c803fe209/L from thread '(null)'(10)
01-21 19:05:39.508 15667 15667 I monodroid-gref: +g+ grefc 137 gwrefc 0 obj-handle 0x7c884af02d/I -> new-handle 0x43f6/G from thread '(null)'(1)
01-21 19:05:39.511 15667 15667 I monodroid-lref: -l- lrefc 1 handle 0x7c884af02d/L from thread '(null)'(1)
01-21 19:05:39.513 15667 15667 I monodroid-lref: +l+ lrefc 2 handle 0x7c884af025/L from thread '(null)'(1)
01-21 19:05:39.516 15667 15667 I monodroid-lref: -l- lrefc 1 handle 0x7c884af025/L from thread '(null)'(1)
01-21 19:05:39.518  1356  3311 D vendor.qti.bluetooth@1.0-wake_lock: Release wakelock is released 
01-21 19:05:39.519  2428  2717 I libprocessgroup: Removed cgroup /sys/fs/cgroup/uid_10209/pid_12213
01-21 19:05:39.519 15667 15667 I monodroid-lref: +l+ lrefc 2 handle 0x7c884af029/L from thread '(null)'(1)
01-21 19:05:39.519  1263  1263 I Zygote  : Process 12213 exited due to signal 9 (Killed)
01-21 19:05:39.520  2428  3841 I ActivityManager: appDiedLocked: app=ProcessRecord{4c3d874 12213:com.google.android.gms.unstable/u0a209} thread=android.os.BinderProxy@a437d5d fromBinderDied=true isKilledByAm=true reason=null
01-21 19:05:39.520  2428  2717 W libprocessgroup: RemoveCgroup: /dev/memcg/apps/uid_10209/pid_12213 does not exist.
01-21 19:05:39.521  2428  3841 D RestartModeController: markWaitRestartAppIsSuicided null processName=com.google.android.gms.unstable
01-21 19:05:39.522 15667 15793 I monodroid-lref: +l+ lrefc 1 handle 0x7c803fe20d/L from thread '(null)'(10)
01-21 19:05:39.522  2428  3841 D ActivityTaskManager: handleAppDied: uid=10209,diedCount=1,lastDiedTime=961972967,forceStopUids=false
01-21 19:05:39.522 15667 15667 I monodroid-lref: -l- lrefc 1 handle 0x7c884af029/L from thread '(null)'(1)
01-21 19:05:39.523 15667 15667 I monodroid-gref: -g- grefc 136 gwrefc 0 handle 0x516e/G from thread '(null)'(1)
01-21 19:05:39.524 15667 15793 I monodroid-lref: -l- lrefc 0 handle 0x7c803fe20d/L from thread '(null)'(10)
01-21 19:05:39.526 15667 15667 I monodroid-lref: +l+ lrefc 2 handle 0x7c884af029/L from thread '(null)'(1)
01-21 19:05:39.529 15667 15667 I monodroid-lref: +l+ lrefc 3 handle 0x7c884af035/L from thread '(null)'(1)
01-21 19:05:39.531 15667 15667 I monodroid-lref: -l- lrefc 2 handle 0x7c884af029/L from thread '(null)'(1)
01-21 19:05:39.534 15667 15667 I monodroid-gref: +g+ grefc 137 gwrefc 0 obj-handle 0x7c884af035/I -> new-handle 0x5172/G from thread '(null)'(1)
01-21 19:05:39.536 15667 15667 I monodroid-lref: -l- lrefc 1 handle 0x7c884af035/L from thread '(null)'(1)
01-21 19:05:39.538 15667 15793 I monodroid-lref: +l+ lrefc 1 handle 0x7c803fe205/L from thread '(null)'(10)
01-21 19:05:39.539 15667 15667 I monodroid-lref: +l+ lrefc 2 handle 0x7c884af02d/L from thread '(null)'(1)
01-21 19:05:39.540 15667 15793 I monodroid-lref: -l- lrefc 0 handle 0x7c803fe205/L from thread '(null)'(10)
01-21 19:05:39.541 15667 15667 I monodroid-gref: -g- grefc 136 gwrefc 0 handle 0x5172/G from thread '(null)'(1)
01-21 19:05:39.543 15667 15667 I monodroid-gref: +g+ grefc 137 gwrefc 0 obj-handle 0x7c884af02d/I -> new-handle 0x5176/G from thread '(null)'(1)
01-21 19:05:39.545 15667 15667 I monodroid-lref: -l- lrefc 1 handle 0x7c884af02d/L from thread '(null)'(1)
01-21 19:05:39.547 15667 15667 I monodroid-lref: +l+ lrefc 2 handle 0x7c884af025/L from thread '(null)'(1)
01-21 19:05:39.549 15667 15667 I monodroid-lref: -l- lrefc 1 handle 0x7c884af025/L from thread '(null)'(1)
01-21 19:05:39.551 15667 15667 I monodroid-lref: +l+ lrefc 2 handle 0x7c884af029/L from thread '(null)'(1)
01-21 19:05:39.553 15667 15667 I monodroid-lref: -l- lrefc 1 handle 0x7c884af029/L from thread '(null)'(1)
01-21 19:05:39.554 15667 15793 I monodroid-lref: +l+ lrefc 1 handle 0x7c803fe209/L from thread '(null)'(10)
01-21 19:05:39.554 15667 15667 I monodroid-gref: -g- grefc 136 gwrefc 0 handle 0x43f6/G from thread '(null)'(1)
01-21 19:05:39.556 15667 15667 I monodroid-gref: -g- grefc 135 gwrefc 0 handle 0x5176/G from thread '(null)'(1)
01-21 19:05:39.556 15667 15793 I monodroid-lref: -l- lrefc 0 handle 0x7c803fe209/L from thread '(null)'(10)
01-21 19:05:39.566 15667 15785 I monodroid-lref: +l+ lrefc 1 handle 0x7c8050260d/L from thread '.NET TP Worker'(4)
01-21 19:05:39.568 15667 15785 I monodroid-lref: +l+ lrefc 2 handle 0x7c80502619/L from thread '.NET TP Worker'(4)
01-21 19:05:39.569 15667 15785 I monodroid-lref: -l- lrefc 1 handle 0x7c8050260d/L from thread '.NET TP Worker'(4)
01-21 19:05:39.571 15667 15785 I monodroid-gref: +g+ grefc 136 gwrefc 0 obj-handle 0x7c80502619/I -> new-handle 0x517a/G from thread '.NET TP Worker'(4)
01-21 19:05:39.572 15667 15793 I monodroid-lref: +l+ lrefc 1 handle 0x7c803fe20d/L from thread '(null)'(10)
01-21 19:05:39.573 15667 15785 I monodroid-lref: -l- lrefc 0 handle 0x7c80502619/L from thread '.NET TP Worker'(4)
01-21 19:05:39.574 15667 15793 I monodroid-lref: -l- lrefc 0 handle 0x7c803fe20d/L from thread '(null)'(10)
01-21 19:05:39.575 15667 15785 I monodroid-lref: +l+ lrefc 1 handle 0x7c80502605/L from thread '.NET TP Worker'(4)
01-21 19:05:39.576 15667 15785 I monodroid-gref: -g- grefc 135 gwrefc 0 handle 0x517a/G from thread '.NET TP Worker'(4)
01-21 19:05:39.578 15667 15785 I monodroid-gref: +g+ grefc 136 gwrefc 0 obj-handle 0x7c80502605/I -> new-handle 0x5162/G from thread '.NET TP Worker'(4)
01-21 19:05:39.579 15667 15785 I monodroid-lref: -l- lrefc 0 handle 0x7c80502605/L from thread '.NET TP Worker'(4)
01-21 19:05:39.581 15667 15785 I monodroid-lref: +l+ lrefc 1 handle 0x7c80502609/L from thread '.NET TP Worker'(4)
01-21 19:05:39.583 15667 15785 I monodroid-lref: -l- lrefc 0 handle 0x7c80502609/L from thread '.NET TP Worker'(4)
01-21 19:05:39.585 15667 15785 I monodroid-lref: +l+ lrefc 1 handle 0x7c8050260d/L from thread '.NET TP Worker'(4)
01-21 19:05:39.586 15667 15785 I monodroid-lref: -l- lrefc 0 handle 0x7c8050260d/L from thread '.NET TP Worker'(4)
01-21 19:05:39.588 15667 15667 I monodroid-gref: -g- grefc 135 gwrefc 0 handle 0x5162/G from thread '(null)'(1)
01-21 19:05:39.589 15667 15793 I monodroid-lref: +l+ lrefc 1 handle 0x7c803fe205/L from thread '(null)'(10)
01-21 19:05:39.591 15667 15793 I monodroid-lref: -l- lrefc 0 handle 0x7c803fe205/L from thread '(null)'(10)
01-21 19:05:39.605 15667 15793 I monodroid-lref: +l+ lrefc 1 handle 0x7c803fe209/L from thread '(null)'(10)
01-21 19:05:39.608 15667 15793 I monodroid-lref: -l- lrefc 0 handle 0x7c803fe209/L from thread '(null)'(10)
01-21 19:05:39.623 15667 15793 I monodroid-lref: +l+ lrefc 1 handle 0x7c803fe20d/L from thread '(null)'(10)
01-21 19:05:39.627 15667 15793 I monodroid-lref: -l- lrefc 0 handle 0x7c803fe20d/L from thread '(null)'(10)
01-21 19:05:39.640 15667 15793 I monodroid-lref: +l+ lrefc 1 handle 0x7c803fe205/L from thread '(null)'(10)
01-21 19:05:39.644 15667 15793 I monodroid-lref: -l- lrefc 0 handle 0x7c803fe205/L from thread '(null)'(10)
01-21 19:05:39.656 15667 15793 I monodroid-lref: +l+ lrefc 1 handle 0x7c803fe209/L from thread '(null)'(10)
01-21 19:05:39.660 15667 15793 I monodroid-lref: -l- lrefc 0 handle 0x7c803fe209/L from thread '(null)'(10)
01-21 19:05:39.673 15667 15793 I monodroid-lref: +l+ lrefc 1 handle 0x7c803fe20d/L from thread '(null)'(10)
01-21 19:05:39.677 15667 15793 I monodroid-lref: -l- lrefc 0 handle 0x7c803fe20d/L from thread '(null)'(10)
01-21 19:05:39.690 15667 15793 I monodroid-lref: +l+ lrefc 1 handle 0x7c803fe205/L from thread '(null)'(10)
01-21 19:05:39.694 15667 15793 I monodroid-lref: -l- lrefc 0 handle 0x7c803fe205/L from thread '(null)'(10)
01-21 19:05:39.712 15667 15793 I monodroid-lref: +l+ lrefc 1 handle 0x7c803fe209/L from thread '(null)'(10)
01-21 19:05:39.720 15667 15793 I monodroid-lref: -l- lrefc 0 handle 0x7c803fe209/L from thread '(null)'(10)
01-21 19:05:39.746 15667 15793 I monodroid-lref: +l+ lrefc 1 handle 0x7c803fe20d/L from thread '(null)'(10)
01-21 19:05:39.756 15667 15793 I monodroid-lref: -l- lrefc 0 handle 0x7c803fe20d/L from thread '(null)'(10)
01-21 19:05:39.776 15667 15793 I monodroid-lref: +l+ lrefc 1 handle 0x7c803fe205/L from thread '(null)'(10)
01-21 19:05:39.784 15667 15793 I monodroid-lref: -l- lrefc 0 handle 0x7c803fe205/L from thread '(null)'(10)
01-21 19:05:39.796 15667 15793 I monodroid-lref: +l+ lrefc 1 handle 0x7c803fe209/L from thread '(null)'(10)
01-21 19:05:39.803 15667 15793 I monodroid-lref: -l- lrefc 0 handle 0x7c803fe209/L from thread '(null)'(10)
01-21 19:05:39.829 15667 15793 I monodroid-lref: +l+ lrefc 1 handle 0x7c803fe20d/L from thread '(null)'(10)
01-21 19:05:39.839 15667 15793 I monodroid-lref: -l- lrefc 0 handle 0x7c803fe20d/L from thread '(null)'(10)
01-21 19:05:39.859 15667 15793 I monodroid-lref: +l+ lrefc 1 handle 0x7c803fe205/L from thread '(null)'(10)
01-21 19:05:39.869 15667 15793 I monodroid-lref: -l- lrefc 0 handle 0x7c803fe205/L from thread '(null)'(10)
01-21 19:05:39.894 15667 15793 I monodroid-lref: +l+ lrefc 1 handle 0x7c803fe209/L from thread '(null)'(10)
01-21 19:05:39.900 15667 15793 I monodroid-lref: -l- lrefc 0 handle 0x7c803fe209/L from thread '(null)'(10)
01-21 19:05:39.908 15667 15793 I monodroid-lref: +l+ lrefc 1 handle 0x7c803fe20d/L from thread '(null)'(10)
01-21 19:05:39.913 15667 15793 I monodroid-lref: -l- lrefc 0 handle 0x7c803fe20d/L from thread '(null)'(10)
01-21 19:05:39.925 15667 15793 I monodroid-lref: +l+ lrefc 1 handle 0x7c803fe205/L from thread '(null)'(10)
01-21 19:05:39.930 15667 15793 I monodroid-lref: -l- lrefc 0 handle 0x7c803fe205/L from thread '(null)'(10)
01-21 19:05:39.941 15667 15793 I monodroid-lref: +l+ lrefc 1 handle 0x7c803fe209/L from thread '(null)'(10)
01-21 19:05:39.947 15667 15793 I monodroid-lref: -l- lrefc 0 handle 0x7c803fe209/L from thread '(null)'(10)
01-21 19:05:39.958 15667 15793 I monodroid-lref: +l+ lrefc 1 handle 0x7c803fe20d/L from thread '(null)'(10)
01-21 19:05:39.963 15667 15793 I monodroid-lref: -l- lrefc 0 handle 0x7c803fe20d/L from thread '(null)'(10)
01-21 19:05:39.975 15667 15793 I monodroid-lref: +l+ lrefc 1 handle 0x7c803fe205/L from thread '(null)'(10)
01-21 19:05:39.976  2428  3326 I DataStallMonitor: TcpDataFromSnmp:6,6,0,0
01-21 19:05:39.980 15667 15793 I monodroid-lref: -l- lrefc 0 handle 0x7c803fe205/L from thread '(null)'(10)
01-21 19:05:39.992 15667 15793 I monodroid-lref: +l+ lrefc 1 handle 0x7c803fe209/L from thread '(null)'(10)
01-21 19:05:39.997 15667 15793 I monodroid-lref: -l- lrefc 0 handle 0x7c803fe209/L from thread '(null)'(10)
01-21 19:05:40.008 15667 15793 I monodroid-lref: +l+ lrefc 1 handle 0x7c803fe20d/L from thread '(null)'(10)
01-21 19:05:40.014 15667 15793 I monodroid-lref: -l- lrefc 0 handle 0x7c803fe20d/L from thread '(null)'(10)
01-21 19:05:40.026 15667 15793 I monodroid-lref: +l+ lrefc 1 handle 0x7c803fe205/L from thread '(null)'(10)
01-21 19:05:40.032 15667 15793 I monodroid-lref: -l- lrefc 0 handle 0x7c803fe205/L from thread '(null)'(10)
01-21 19:05:40.044 15667 15793 I monodroid-lref: +l+ lrefc 1 handle 0x7c803fe209/L from thread '(null)'(10)
01-21 19:05:40.050 15667 15793 I monodroid-lref: -l- lrefc 0 handle 0x7c803fe209/L from thread '(null)'(10)
01-21 19:05:40.058 15667 15793 I monodroid-lref: +l+ lrefc 1 handle 0x7c803fe20d/L from thread '(null)'(10)
01-21 19:05:40.063 15667 15793 I monodroid-lref: -l- lrefc 0 handle 0x7c803fe20d/L from thread '(null)'(10)
01-21 19:05:40.076 15667 15793 I monodroid-lref: +l+ lrefc 1 handle 0x7c803fe205/L from thread '(null)'(10)
01-21 19:05:40.079 15667 15793 I monodroid-lref: -l- lrefc 0 handle 0x7c803fe205/L from thread '(null)'(10)
01-21 19:05:40.089 15667 15793 I monodroid-lref: +l+ lrefc 1 handle 0x7c803fe209/L from thread '(null)'(10)
01-21 19:05:40.092 15667 15793 I monodroid-lref: -l- lrefc 0 handle 0x7c803fe209/L from thread '(null)'(10)
01-21 19:05:40.107 15667 15793 I monodroid-lref: +l+ lrefc 1 handle 0x7c803fe20d/L from thread '(null)'(10)
01-21 19:05:40.110 15667 15793 I monodroid-lref: -l- lrefc 0 handle 0x7c803fe20d/L from thread '(null)'(10)
01-21 19:05:40.123 15667 15793 I monodroid-lref: +l+ lrefc 1 handle 0x7c803fe205/L from thread '(null)'(10)
01-21 19:05:40.127 15667 15793 I monodroid-lref: -l- lrefc 0 handle 0x7c803fe205/L from thread '(null)'(10)
01-21 19:05:40.140 15667 15793 I monodroid-lref: +l+ lrefc 1 handle 0x7c803fe209/L from thread '(null)'(10)
01-21 19:05:40.144 15667 15793 I monodroid-lref: -l- lrefc 0 handle 0x7c803fe209/L from thread '(null)'(10)
01-21 19:05:40.157 15667 15793 I monodroid-lref: +l+ lrefc 1 handle 0x7c803fe20d/L from thread '(null)'(10)
01-21 19:05:40.161 15667 15793 I monodroid-lref: -l- lrefc 0 handle 0x7c803fe20d/L from thread '(null)'(10)
01-21 19:05:40.174 15667 15793 I monodroid-lref: +l+ lrefc 1 handle 0x7c803fe205/L from thread '(null)'(10)
01-21 19:05:40.177 15667 15793 I monodroid-lref: -l- lrefc 0 handle 0x7c803fe205/L from thread '(null)'(10)
01-21 19:05:40.190 15667 15793 I monodroid-lref: +l+ lrefc 1 handle 0x7c803fe209/L from thread '(null)'(10)
01-21 19:05:40.194 15667 15793 I monodroid-lref: -l- lrefc 0 handle 0x7c803fe209/L from thread '(null)'(10)
01-21 19:05:40.210 15667 15793 I monodroid-lref: +l+ lrefc 1 handle 0x7c803fe20d/L from thread '(null)'(10)
01-21 19:05:40.218 15667 15793 I monodroid-lref: -l- lrefc 0 handle 0x7c803fe20d/L from thread '(null)'(10)
01-21 19:05:40.227 15667 15793 I monodroid-lref: +l+ lrefc 1 handle 0x7c803fe205/L from thread '(null)'(10)
01-21 19:05:40.234 15667 15793 I monodroid-lref: -l- lrefc 0 handle 0x7c803fe205/L from thread '(null)'(10)
01-21 19:05:40.243 15667 15793 I monodroid-lref: +l+ lrefc 1 handle 0x7c803fe209/L from thread '(null)'(10)
01-21 19:05:40.249 15667 15793 I monodroid-lref: -l- lrefc 0 handle 0x7c803fe209/L from thread '(null)'(10)
01-21 19:05:40.258 15667 15793 I monodroid-lref: +l+ lrefc 1 handle 0x7c803fe20d/L from thread '(null)'(10)
01-21 19:05:40.263 15667 15793 I monodroid-lref: -l- lrefc 0 handle 0x7c803fe20d/L from thread '(null)'(10)
01-21 19:05:40.274 15667 15793 I monodroid-lref: +l+ lrefc 1 handle 0x7c803fe205/L from thread '(null)'(10)
01-21 19:05:40.279 15667 15793 I monodroid-lref: -l- lrefc 0 handle 0x7c803fe205/L from thread '(null)'(10)
01-21 19:05:40.292 15667 15793 I monodroid-lref: +l+ lrefc 1 handle 0x7c803fe209/L from thread '(null)'(10)
01-21 19:05:40.297 15667 15793 I monodroid-lref: -l- lrefc 0 handle 0x7c803fe209/L from thread '(null)'(10)
01-21 19:05:40.308 15667 15793 I monodroid-lref: +l+ lrefc 1 handle 0x7c803fe20d/L from thread '(null)'(10)
01-21 19:05:40.313 15667 15793 I monodroid-lref: -l- lrefc 0 handle 0x7c803fe20d/L from thread '(null)'(10)
01-21 19:05:40.327 15667 15793 I monodroid-lref: +l+ lrefc 1 handle 0x7c803fe205/L from thread '(null)'(10)
01-21 19:05:40.334 15667 15793 I monodroid-lref: -l- lrefc 0 handle 0x7c803fe205/L from thread '(null)'(10)
01-21 19:05:40.346 15667 15793 I monodroid-lref: +l+ lrefc 1 handle 0x7c803fe209/L from thread '(null)'(10)
01-21 19:05:40.356 15667 15793 I monodroid-lref: -l- lrefc 0 handle 0x7c803fe209/L from thread '(null)'(10)
01-21 19:05:40.376 15667 15793 I monodroid-lref: +l+ lrefc 1 handle 0x7c803fe20d/L from thread '(null)'(10)
01-21 19:05:40.378  2428  2967 D WifiStaIfaceHidlImpl: getCachedScanData is not implemented by HIDL
01-21 19:05:40.381  2428 12092 I MotoWifiScorer: onWifiUsabilityStats, seqNum: 55154, isSameBssidAndFreq: true, RSSI: -46, isThroughputSufficient: true, LinkSpeed: 468 Mbps, RxLinkSpeed: 866 Mbps
01-21 19:05:40.381  2428 12092 I MotoWifiScorer: updateWifiUsabilityStats, seqNum: 55154, RSSI: -46, isThroughputSufficient: true, LinkSpeed: 468 Mbps, RxLinkSpeed: 866 Mbps
01-21 19:05:40.381  2428 12092 I MotoWifiScorer: updateWifiUsabilityStats, Duration: 3521, Rx Good: 0, Tx Good: 0, Tx Bad: 0 ( 0 % ), Tx Retry: 0 ( 0 % )
01-21 19:05:40.382  2428 12092 I MotoWifiScorer: onWifiUsabilityStats, FinalScore: 60, RssiBasedScore: 60, LinkBonus: 0, TcpBonus: 0
01-21 19:05:40.383 15667 15793 I monodroid-lref: -l- lrefc 0 handle 0x7c803fe20d/L from thread '(null)'(10)
01-21 19:05:40.385  1375  3162 I WifiHAL : event received NL80211_CMD_VENDOR, vendor_id = 0x1374, subcmd = 0xd
01-21 19:05:40.385  2801 24057 D LOWI-9.0.1.69: [LOWI-Scan] wait_event:Wait done with Cmd 103
01-21 19:05:40.385  2801 24057 D LOWI-9.0.1.69: [LOWI-Scan] do_listen_events: Rcvd valid Netlink Cmd 0 Err 0
01-21 19:05:40.386  1883  1883 I cnss-daemon: nl80211 response handler invoked
01-21 19:05:40.386  1883  1883 I cnss-daemon: nl80211_response_handler: cmd 103, vendorID 4980, subcmd 13  received
01-21 19:05:40.386  2428 12092 I MotoWifiScorer: onWifiUsabilityStats, WiFi Usable: true
01-21 19:05:40.394  2428  2974 D ConnectivityService: NetReassign [no changes] [c 1] [a 0] [i 7]
01-21 19:05:40.396 15667 15793 I monodroid-lref: +l+ lrefc 1 handle 0x7c803fe205/L from thread '(null)'(10)
01-21 19:05:40.402 15667 15793 I monodroid-lref: -l- lrefc 0 handle 0x7c803fe205/L from thread '(null)'(10)
01-21 19:05:40.408 15667 15793 I monodroid-lref: +l+ lrefc 1 handle 0x7c803fe209/L from thread '(null)'(10)
01-21 19:05:40.413 15667 15793 I monodroid-lref: -l- lrefc 0 handle 0x7c803fe209/L from thread '(null)'(10)
01-21 19:05:40.425 15667 15793 I monodroid-lref: +l+ lrefc 1 handle 0x7c803fe20d/L from thread '(null)'(10)
01-21 19:05:40.429 15667 15793 I monodroid-lref: -l- lrefc 0 handle 0x7c803fe20d/L from thread '(null)'(10)
01-21 19:05:40.442 15667 15793 I monodroid-lref: +l+ lrefc 1 handle 0x7c803fe205/L from thread '(null)'(10)
01-21 19:05:40.447 15667 15793 I monodroid-lref: -l- lrefc 0 handle 0x7c803fe205/L from thread '(null)'(10)
01-21 19:05:40.458 15667 15793 I monodroid-lref: +l+ lrefc 1 handle 0x7c803fe209/L from thread '(null)'(10)
01-21 19:05:40.464 15667 15793 I monodroid-lref: -l- lrefc 0 handle 0x7c803fe209/L from thread '(null)'(10)
01-21 19:05:40.470  1356  3709 I vendor.qti.bluetooth@1.0-ibs_handler: ProcessIbsCmd: Received IBS_WAKE_IND: 0xFD
01-21 19:05:40.470  1356  3709 D vendor.qti.bluetooth@1.0-ibs_handler: SerialClockVote: vote for UART CLK ON
01-21 19:05:40.471  1356  3709 D vendor.qti.bluetooth@1.0-wake_lock: Acquire wakelock is acquired 
01-21 19:05:40.471  1356  3709 I vendor.qti.bluetooth@1.0-ibs_handler: ProcessIbsCmd: Writing IBS_WAKE_ACK
01-21 19:05:40.475 15667 15793 I monodroid-lref: +l+ lrefc 1 handle 0x7c803fe20d/L from thread '(null)'(10)
01-21 19:05:40.480 15667 15793 I monodroid-lref: -l- lrefc 0 handle 0x7c803fe20d/L from thread '(null)'(10)
01-21 19:05:40.492 15667 15793 I monodroid-lref: +l+ lrefc 1 handle 0x7c803fe205/L from thread '(null)'(10)
01-21 19:05:40.496 15667 15793 I monodroid-lref: -l- lrefc 0 handle 0x7c803fe205/L from thread '(null)'(10)
01-21 19:05:40.508 15667 15793 I monodroid-lref: +l+ lrefc 1 handle 0x7c803fe209/L from thread '(null)'(10)
01-21 19:05:40.511  1356  3709 I vendor.qti.bluetooth@1.0-ibs_handler: ProcessIbsCmd: Received IBS_SLEEP_IND: 0xFE
01-21 19:05:40.511  1356  3709 D vendor.qti.bluetooth@1.0-ibs_handler: SerialClockVote: vote for UART CLK OFF
01-21 19:05:40.512 15667 15793 I monodroid-lref: -l- lrefc 0 handle 0x7c803fe209/L from thread '(null)'(10)
01-21 19:05:40.526 15667 15793 I monodroid-lref: +l+ lrefc 1 handle 0x7c803fe20d/L from thread '(null)'(10)
01-21 19:05:40.532 15667 15793 I monodroid-lref: -l- lrefc 0 handle 0x7c803fe20d/L from thread '(null)'(10)
01-21 19:05:40.542 15667 15793 I monodroid-lref: +l+ lrefc 1 handle 0x7c803fe205/L from thread '(null)'(10)
01-21 19:05:40.548 15667 15793 I monodroid-lref: -l- lrefc 0 handle 0x7c803fe205/L from thread '(null)'(10)
01-21 19:05:40.559 15667 15793 I monodroid-lref: +l+ lrefc 1 handle 0x7c803fe209/L from thread '(null)'(10)
01-21 19:05:40.560 15667 15785 I monodroid-lref: +l+ lrefc 1 handle 0x7c8050260d/L from thread '.NET TP Worker'(4)
01-21 19:05:40.566 15667 15785 I monodroid-lref: +l+ lrefc 2 handle 0x7c80502619/L from thread '.NET TP Worker'(4)
01-21 19:05:40.566 15667 15793 I monodroid-lref: -l- lrefc 0 handle 0x7c803fe209/L from thread '(null)'(10)
01-21 19:05:40.571 15667 15785 I monodroid-lref: -l- lrefc 1 handle 0x7c8050260d/L from thread '.NET TP Worker'(4)
01-21 19:05:40.575 15667 15793 I monodroid-lref: +l+ lrefc 1 handle 0x7c803fe20d/L from thread '(null)'(10)
01-21 19:05:40.575 15667 15785 I monodroid-gref: +g+ grefc 136 gwrefc 0 obj-handle 0x7c80502619/I -> new-handle 0x5166/G from thread '.NET TP Worker'(4)
01-21 19:05:40.578 15667 15793 I monodroid-lref: -l- lrefc 0 handle 0x7c803fe20d/L from thread '(null)'(10)
01-21 19:05:40.581 15667 15785 I monodroid-lref: -l- lrefc 0 handle 0x7c80502619/L from thread '.NET TP Worker'(4)
01-21 19:05:40.584 15667 15785 I monodroid-lref: +l+ lrefc 1 handle 0x7c80502605/L from thread '.NET TP Worker'(4)
01-21 19:05:40.587 15667 15785 I monodroid-gref: -g- grefc 135 gwrefc 0 handle 0x5166/G from thread '.NET TP Worker'(4)
01-21 19:05:40.589 15667 15793 I monodroid-lref: +l+ lrefc 1 handle 0x7c803fe205/L from thread '(null)'(10)
01-21 19:05:40.589 15667 15785 I monodroid-gref: +g+ grefc 136 gwrefc 0 obj-handle 0x7c80502605/I -> new-handle 0x516a/G from thread '.NET TP Worker'(4)
01-21 19:05:40.591 15667 15793 I monodroid-lref: -l- lrefc 0 handle 0x7c803fe205/L from thread '(null)'(10)
01-21 19:05:40.592 15667 15785 I monodroid-lref: -l- lrefc 0 handle 0x7c80502605/L from thread '.NET TP Worker'(4)
01-21 19:05:40.596 15667 15785 I monodroid-lref: +l+ lrefc 1 handle 0x7c80502609/L from thread '.NET TP Worker'(4)
01-21 19:05:40.599 15667 15785 I monodroid-lref: -l- lrefc 0 handle 0x7c80502609/L from thread '.NET TP Worker'(4)
01-21 19:05:40.601 15667 15785 I monodroid-lref: +l+ lrefc 1 handle 0x7c8050260d/L from thread '.NET TP Worker'(4)
01-21 19:05:40.603 15667 15785 I monodroid-lref: -l- lrefc 0 handle 0x7c8050260d/L from thread '.NET TP Worker'(4)
01-21 19:05:40.605 15667 15667 I monodroid-lref: +l+ lrefc 2 handle 0x7c884af029/L from thread '(null)'(1)
01-21 19:05:40.606 15667 15793 I monodroid-lref: +l+ lrefc 1 handle 0x7c803fe209/L from thread '(null)'(10)
01-21 19:05:40.608 15667 15667 I monodroid-lref: +l+ lrefc 3 handle 0x7c884af035/L from thread '(null)'(1)
01-21 19:05:40.608 15667 15793 I monodroid-lref: -l- lrefc 0 handle 0x7c803fe209/L from thread '(null)'(10)
01-21 19:05:40.609 15667 15667 I monodroid-lref: -l- lrefc 2 handle 0x7c884af029/L from thread '(null)'(1)
01-21 19:05:40.611 15667 15667 I monodroid-gref: +g+ grefc 137 gwrefc 0 obj-handle 0x7c884af035/I -> new-handle 0x43fa/G from thread '(null)'(1)
01-21 19:05:40.613 15667 15667 I monodroid-lref: -l- lrefc 1 handle 0x7c884af035/L from thread '(null)'(1)
01-21 19:05:40.615 15667 15667 I monodroid-lref: +l+ lrefc 2 handle 0x7c884af02d/L from thread '(null)'(1)
01-21 19:05:40.617 15667 15667 I monodroid-gref: -g- grefc 136 gwrefc 0 handle 0x43fa/G from thread '(null)'(1)
01-21 19:05:40.619 15667 15667 I monodroid-gref: +g+ grefc 137 gwrefc 0 obj-handle 0x7c884af02d/I -> new-handle 0x43e2/G from thread '(null)'(1)
01-21 19:05:40.621 15667 15667 I monodroid-lref: -l- lrefc 1 handle 0x7c884af02d/L from thread '(null)'(1)
01-21 19:05:40.623 15667 15793 I monodroid-lref: +l+ lrefc 1 handle 0x7c803fe20d/L from thread '(null)'(10)
01-21 19:05:40.623 15667 15667 I monodroid-lref: +l+ lrefc 2 handle 0x7c884af025/L from thread '(null)'(1)
01-21 19:05:40.625 15667 15793 I monodroid-lref: -l- lrefc 0 handle 0x7c803fe20d/L from thread '(null)'(10)
01-21 19:05:40.625 15667 15667 I monodroid-lref: -l- lrefc 1 handle 0x7c884af025/L from thread '(null)'(1)
01-21 19:05:40.627 15667 15667 I monodroid-lref: +l+ lrefc 2 handle 0x7c884af029/L from thread '(null)'(1)
01-21 19:05:40.629 15667 15667 I monodroid-lref: -l- lrefc 1 handle 0x7c884af029/L from thread '(null)'(1)
01-21 19:05:40.630 15667 15667 I monodroid-gref: -g- grefc 136 gwrefc 0 handle 0x516a/G from thread '(null)'(1)
01-21 19:05:40.633 15667 15667 I monodroid-lref: +l+ lrefc 2 handle 0x7c884af029/L from thread '(null)'(1)
01-21 19:05:40.635 15667 15667 I monodroid-lref: +l+ lrefc 3 handle 0x7c884af035/L from thread '(null)'(1)
01-21 19:05:40.637 15667 15667 I monodroid-lref: -l- lrefc 2 handle 0x7c884af029/L from thread '(null)'(1)
01-21 19:05:40.639 15667 15793 I monodroid-lref: +l+ lrefc 1 handle 0x7c803fe205/L from thread '(null)'(10)
01-21 19:05:40.639 15667 15667 I monodroid-gref: +g+ grefc 137 gwrefc 0 obj-handle 0x7c884af035/I -> new-handle 0x516e/G from thread '(null)'(1)
01-21 19:05:40.641 15667 15793 I monodroid-lref: -l- lrefc 0 handle 0x7c803fe205/L from thread '(null)'(10)
01-21 19:05:40.641 15667 15667 I monodroid-lref: -l- lrefc 1 handle 0x7c884af035/L from thread '(null)'(1)
01-21 19:05:40.643 15667 15667 I monodroid-lref: +l+ lrefc 2 handle 0x7c884af02d/L from thread '(null)'(1)
01-21 19:05:40.645 15667 15667 I monodroid-gref: -g- grefc 136 gwrefc 0 handle 0x516e/G from thread '(null)'(1)
01-21 19:05:40.646 15667 15667 I monodroid-gref: +g+ grefc 137 gwrefc 0 obj-handle 0x7c884af02d/I -> new-handle 0x5172/G from thread '(null)'(1)
01-21 19:05:40.648 15667 15667 I monodroid-lref: -l- lrefc 1 handle 0x7c884af02d/L from thread '(null)'(1)
01-21 19:05:40.650 15667 15667 I monodroid-lref: +l+ lrefc 2 handle 0x7c884af025/L from thread '(null)'(1)
01-21 19:05:40.652 15667 15667 I monodroid-lref: -l- lrefc 1 handle 0x7c884af025/L from thread '(null)'(1)
01-21 19:05:40.654 15667 15667 I monodroid-lref: +l+ lrefc 2 handle 0x7c884af029/L from thread '(null)'(1)
01-21 19:05:40.656 15667 15793 I monodroid-lref: +l+ lrefc 1 handle 0x7c803fe209/L from thread '(null)'(10)
01-21 19:05:40.656 15667 15667 I monodroid-lref: -l- lrefc 1 handle 0x7c884af029/L from thread '(null)'(1)
01-21 19:05:40.657 15667 15793 I monodroid-lref: -l- lrefc 0 handle 0x7c803fe209/L from thread '(null)'(10)
01-21 19:05:40.657 15667 15667 I monodroid-gref: -g- grefc 136 gwrefc 0 handle 0x43e2/G from thread '(null)'(1)
01-21 19:05:40.658 15667 15667 I monodroid-gref: -g- grefc 135 gwrefc 0 handle 0x5172/G from thread '(null)'(1)
01-21 19:05:40.662  1356  3311 D vendor.qti.bluetooth@1.0-wake_lock: Release wakelock is released 
01-21 19:05:40.669 15667 15785 I monodroid-lref: +l+ lrefc 1 handle 0x7c8050260d/L from thread '.NET TP Worker'(4)
01-21 19:05:40.670 15667 15785 I monodroid-lref: +l+ lrefc 2 handle 0x7c80502619/L from thread '.NET TP Worker'(4)
01-21 19:05:40.671 15667 15785 I monodroid-lref: -l- lrefc 1 handle 0x7c8050260d/L from thread '.NET TP Worker'(4)
01-21 19:05:40.672 15667 15793 I monodroid-lref: +l+ lrefc 1 handle 0x7c803fe20d/L from thread '(null)'(10)
01-21 19:05:40.673 15667 15785 I monodroid-gref: +g+ grefc 136 gwrefc 0 obj-handle 0x7c80502619/I -> new-handle 0x5176/G from thread '.NET TP Worker'(4)
01-21 19:05:40.673 15667 15793 I monodroid-lref: -l- lrefc 0 handle 0x7c803fe20d/L from thread '(null)'(10)
01-21 19:05:40.674 15667 15785 I monodroid-lref: -l- lrefc 0 handle 0x7c80502619/L from thread '.NET TP Worker'(4)
01-21 19:05:40.675 15667 15785 I monodroid-lref: +l+ lrefc 1 handle 0x7c80502605/L from thread '.NET TP Worker'(4)
01-21 19:05:40.676 15667 15785 I monodroid-gref: -g- grefc 135 gwrefc 0 handle 0x5176/G from thread '.NET TP Worker'(4)
01-21 19:05:40.677 15667 15785 I monodroid-gref: +g+ grefc 136 gwrefc 0 obj-handle 0x7c80502605/I -> new-handle 0x517a/G from thread '.NET TP Worker'(4)
01-21 19:05:40.678 15667 15785 I monodroid-lref: -l- lrefc 0 handle 0x7c80502605/L from thread '.NET TP Worker'(4)
01-21 19:05:40.680 15667 15785 I monodroid-lref: +l+ lrefc 1 handle 0x7c80502609/L from thread '.NET TP Worker'(4)
01-21 19:05:40.682 15667 15785 I monodroid-lref: -l- lrefc 0 handle 0x7c80502609/L from thread '.NET TP Worker'(4)
01-21 19:05:40.684 15667 15785 I monodroid-lref: +l+ lrefc 1 handle 0x7c8050260d/L from thread '.NET TP Worker'(4)
01-21 19:05:40.685 15667 15785 I monodroid-lref: -l- lrefc 0 handle 0x7c8050260d/L from thread '.NET TP Worker'(4)
01-21 19:05:40.687 15667 15667 I monodroid-gref: -g- grefc 135 gwrefc 0 handle 0x517a/G from thread '(null)'(1)
01-21 19:05:40.689 15667 15793 I monodroid-lref: +l+ lrefc 1 handle 0x7c803fe205/L from thread '(null)'(10)
01-21 19:05:40.691 15667 15793 I monodroid-lref: -l- lrefc 0 handle 0x7c803fe205/L from thread '(null)'(10)
01-21 19:05:40.711 15667 15793 I monodroid-lref: +l+ lrefc 1 handle 0x7c803fe209/L from thread '(null)'(10)
01-21 19:05:40.714 15667 15793 I monodroid-lref: -l- lrefc 0 handle 0x7c803fe209/L from thread '(null)'(10)
01-21 19:05:40.724 15667 15793 I monodroid-lref: +l+ lrefc 1 handle 0x7c803fe20d/L from thread '(null)'(10)
01-21 19:05:40.728 15667 15793 I monodroid-lref: -l- lrefc 0 handle 0x7c803fe20d/L from thread '(null)'(10)
01-21 19:05:40.741 15667 15793 I monodroid-lref: +l+ lrefc 1 handle 0x7c803fe205/L from thread '(null)'(10)
01-21 19:05:40.745 15667 15793 I monodroid-lref: -l- lrefc 0 handle 0x7c803fe205/L from thread '(null)'(10)
01-21 19:05:40.757 15667 15793 I monodroid-lref: +l+ lrefc 1 handle 0x7c803fe209/L from thread '(null)'(10)
01-21 19:05:40.761 15667 15793 I monodroid-lref: -l- lrefc 0 handle 0x7c803fe209/L from thread '(null)'(10)
01-21 19:05:40.774 15667 15793 I monodroid-lref: +l+ lrefc 1 handle 0x7c803fe20d/L from thread '(null)'(10)
01-21 19:05:40.778 15667 15793 I monodroid-lref: -l- lrefc 0 handle 0x7c803fe20d/L from thread '(null)'(10)
01-21 19:05:40.791 15667 15793 I monodroid-lref: +l+ lrefc 1 handle 0x7c803fe205/L from thread '(null)'(10)
01-21 19:05:40.794 15667 15793 I monodroid-lref: -l- lrefc 0 handle 0x7c803fe205/L from thread '(null)'(10)
01-21 19:05:40.808 15667 15793 I monodroid-lref: +l+ lrefc 1 handle 0x7c803fe209/L from thread '(null)'(10)
01-21 19:05:40.811 15667 15793 I monodroid-lref: -l- lrefc 0 handle 0x7c803fe209/L from thread '(null)'(10)
01-21 19:05:40.824 15667 15793 I monodroid-lref: +l+ lrefc 1 handle 0x7c803fe20d/L from thread '(null)'(10)
01-21 19:05:40.828 15667 15793 I monodroid-lref: -l- lrefc 0 handle 0x7c803fe20d/L from thread '(null)'(10)
01-21 19:05:40.845 15667 15793 I monodroid-lref: +l+ lrefc 1 handle 0x7c803fe205/L from thread '(null)'(10)
01-21 19:05:40.852 15667 15793 I monodroid-lref: -l- lrefc 0 handle 0x7c803fe205/L from thread '(null)'(10)
01-21 19:05:40.860 15667 15793 I monodroid-lref: +l+ lrefc 1 handle 0x7c803fe209/L from thread '(null)'(10)
01-21 19:05:40.864 15667 15793 I monodroid-lref: -l- lrefc 0 handle 0x7c803fe209/L from thread '(null)'(10)
01-21 19:05:40.875 15667 15793 I monodroid-lref: +l+ lrefc 1 handle 0x7c803fe20d/L from thread '(null)'(10)
01-21 19:05:40.880 15667 15793 I monodroid-lref: -l- lrefc 0 handle 0x7c803fe20d/L from thread '(null)'(10)
01-21 19:05:40.892 15667 15793 I monodroid-lref: +l+ lrefc 1 handle 0x7c803fe205/L from thread '(null)'(10)
01-21 19:05:40.897 15667 15793 I monodroid-lref: -l- lrefc 0 handle 0x7c803fe205/L from thread '(null)'(10)
01-21 19:05:40.909 15667 15793 I monodroid-lref: +l+ lrefc 1 handle 0x7c803fe209/L from thread '(null)'(10)
01-21 19:05:40.914 15667 15793 I monodroid-lref: -l- lrefc 0 handle 0x7c803fe209/L from thread '(null)'(10)
01-21 19:05:40.926 15667 15793 I monodroid-lref: +l+ lrefc 1 handle 0x7c803fe20d/L from thread '(null)'(10)
01-21 19:05:40.933 15667 15793 I monodroid-lref: -l- lrefc 0 handle 0x7c803fe20d/L from thread '(null)'(10)
01-21 19:05:40.943 15667 15793 I monodroid-lref: +l+ lrefc 1 handle 0x7c803fe205/L from thread '(null)'(10)
01-21 19:05:40.949 15667 15793 I monodroid-lref: -l- lrefc 0 handle 0x7c803fe205/L from thread '(null)'(10)
01-21 19:05:40.960 15667 15793 I monodroid-lref: +l+ lrefc 1 handle 0x7c803fe209/L from thread '(null)'(10)
01-21 19:05:40.965 15667 15793 I monodroid-lref: -l- lrefc 0 handle 0x7c803fe209/L from thread '(null)'(10)
01-21 19:05:40.976 15667 15793 I monodroid-lref: +l+ lrefc 1 handle 0x7c803fe20d/L from thread '(null)'(10)
01-21 19:05:40.981 15667 15793 I monodroid-lref: -l- lrefc 0 handle 0x7c803fe20d/L from thread '(null)'(10)
01-21 19:05:40.992 15667 15793 I monodroid-lref: +l+ lrefc 1 handle 0x7c803fe205/L from thread '(null)'(10)
01-21 19:05:40.997 15667 15793 I monodroid-lref: -l- lrefc 0 handle 0x7c803fe205/L from thread '(null)'(10)
01-21 19:05:41.008 15667 15793 I monodroid-lref: +l+ lrefc 1 handle 0x7c803fe209/L from thread '(null)'(10)
01-21 19:05:41.013 15667 15793 I monodroid-lref: -l- lrefc 0 handle 0x7c803fe209/L from thread '(null)'(10)
01-21 19:05:41.027 15667 15793 I monodroid-lref: +l+ lrefc 1 handle 0x7c803fe20d/L from thread '(null)'(10)
01-21 19:05:41.033 15667 15793 I monodroid-lref: -l- lrefc 0 handle 0x7c803fe20d/L from thread '(null)'(10)
01-21 19:05:41.043 15667 15793 I monodroid-lref: +l+ lrefc 1 handle 0x7c803fe205/L from thread '(null)'(10)
01-21 19:05:41.049 15667 15793 I monodroid-lref: -l- lrefc 0 handle 0x7c803fe205/L from thread '(null)'(10)
01-21 19:05:41.059 15667 15793 I monodroid-lref: +l+ lrefc 1 handle 0x7c803fe209/L from thread '(null)'(10)
01-21 19:05:41.064 15667 15793 I monodroid-lref: -l- lrefc 0 handle 0x7c803fe209/L from thread '(null)'(10)
01-21 19:05:41.075 15667 15793 I monodroid-lref: +l+ lrefc 1 handle 0x7c803fe20d/L from thread '(null)'(10)
01-21 19:05:41.080 15667 15793 I monodroid-lref: -l- lrefc 0 handle 0x7c803fe20d/L from thread '(null)'(10)
01-21 19:05:41.092 15667 15793 I monodroid-lref: +l+ lrefc 1 handle 0x7c803fe205/L from thread '(null)'(10)
01-21 19:05:41.096 15667 15793 I monodroid-lref: -l- lrefc 0 handle 0x7c803fe205/L from thread '(null)'(10)
01-21 19:05:41.109 15667 15793 I monodroid-lref: +l+ lrefc 1 handle 0x7c803fe209/L from thread '(null)'(10)
01-21 19:05:41.114 15667 15793 I monodroid-lref: -l- lrefc 0 handle 0x7c803fe209/L from thread '(null)'(10)
01-21 19:05:41.127 15667 15793 I monodroid-lref: +l+ lrefc 1 handle 0x7c803fe20d/L from thread '(null)'(10)
01-21 19:05:41.133 15667 15793 I monodroid-lref: -l- lrefc 0 handle 0x7c803fe20d/L from thread '(null)'(10)
01-21 19:05:41.135 24269 16207 I NearbyMediums: Found Fast Ble Advertisements :
01-21 19:05:41.135 24269 16207 I NearbyMediums: BleAdvertisement { version=2, socketVersion=2, isFast=true, serviceIdHash=null, data=[ 0x23 0x53 0x35 0x5a 0x37 0x11 0x32 0x2c 0x5d 0x27 0xf5 0xce 0xd5 0xbe 0x4c 0xcd 0xea 0x14 0xb6 0x7d 0x17 0xcf 0xd0 ], deviceToken=[ 0xc4 0xd2 ], rxAdvertisement=null } : 2 times.
01-21 19:05:41.135 24269 16207 I NearbyMediums: Total 2 fast advertisements from 1 unique advertisers.
01-21 19:05:41.135 24269 16207 I NearbyMediums: Current Tracked Scanning Clients are : {NearbyConnections.EnvironmentMonitor, NearbySharing}
01-21 19:05:41.136 24269 16156 I NearbyConnections: Processing lost BlePeripheral BlePeripheral{advertisement=BleAdvertisement { version=2, socketVersion=2, isFast=true, serviceIdHash=null, data=[ 0x23 0x4c 0x32 0x51 0x30 0x11 0x32 0x4d 0xba 0xdd 0x23 0x9f 0x6d 0x71 0xaa 0x7c 0x5d 0xa3 0xc4 0x88 0x89 0xab 0x82 ], deviceToken=[ 0x7a 0xd6 ], rxAdvertisement=null }, dctAdvertisement=null, address=null, psm=0, deviceToken=<ByteString@6571e36 size=2 contents="z\326">, isSecondProfile=false, rxInstantConnectionAdv=null}.
01-21 19:05:41.137 24269 16156 I NearbyConnections: Lost BleEndpoint for BlePeripheral BlePeripheral{advertisement=BleAdvertisement { version=2, socketVersion=2, isFast=true, serviceIdHash=null, data=[ 0x23 0x4c 0x32 0x51 0x30 0x11 0x32 0x4d 0xba 0xdd 0x23 0x9f 0x6d 0x71 0xaa 0x7c 0x5d 0xa3 0xc4 0x88 0x89 0xab 0x82 ], deviceToken=[ 0x7a 0xd6 ], rxAdvertisement=null }, dctAdvertisement=null, address=null, psm=0, deviceToken=<ByteString@6571e36 size=2 contents="z\326">, isSecondProfile=false, rxInstantConnectionAdv=null} (with EndpointId L2Q0 and EndpointInfo [ 0x32 0x4d 0xba 0xdd 0x23 0x9f 0x6d 0x71 0xaa 0x7c 0x5d 0xa3 0xc4 0x88 0x89 0xab 0x82 ]).
01-21 19:05:41.137 24269 16156 I NearbyConnections: ClientProxy(137589374) reporting onEndpointLost(L2Q0)
01-21 19:05:41.139 24269 16208 I NearbySharing: NearbySharing Internal event EndpointLost(endpointId=L2Q0)
01-21 19:05:41.143 15667 15793 I monodroid-lref: +l+ lrefc 1 handle 0x7c803fe205/L from thread '(null)'(10)
01-21 19:05:41.148 15667 15793 I monodroid-lref: -l- lrefc 0 handle 0x7c803fe205/L from thread '(null)'(10)
01-21 19:05:41.159 15667 15793 I monodroid-lref: +l+ lrefc 1 handle 0x7c803fe209/L from thread '(null)'(10)
01-21 19:05:41.164 15667 15793 I monodroid-lref: -l- lrefc 0 handle 0x7c803fe209/L from thread '(null)'(10)
01-21 19:05:41.176 15667 15793 I monodroid-lref: +l+ lrefc 1 handle 0x7c803fe20d/L from thread '(null)'(10)
01-21 19:05:41.181 15667 15793 I monodroid-lref: -l- lrefc 0 handle 0x7c803fe20d/L from thread '(null)'(10)
01-21 19:05:41.193 15667 15793 I monodroid-lref: +l+ lrefc 1 handle 0x7c803fe205/L from thread '(null)'(10)
01-21 19:05:41.198 15667 15793 I monodroid-lref: -l- lrefc 0 handle 0x7c803fe205/L from thread '(null)'(10)
01-21 19:05:41.209 15667 15793 I monodroid-lref: +l+ lrefc 1 handle 0x7c803fe209/L from thread '(null)'(10)
01-21 19:05:41.214 15667 15793 I monodroid-lref: -l- lrefc 0 handle 0x7c803fe209/L from thread '(null)'(10)
01-21 19:05:41.227 15667 15793 I monodroid-lref: +l+ lrefc 1 handle 0x7c803fe20d/L from thread '(null)'(10)
01-21 19:05:41.233 15667 15793 I monodroid-lref: -l- lrefc 0 handle 0x7c803fe20d/L from thread '(null)'(10)
01-21 19:05:41.243 15667 15793 I monodroid-lref: +l+ lrefc 1 handle 0x7c803fe205/L from thread '(null)'(10)
01-21 19:05:41.249 15667 15793 I monodroid-lref: -l- lrefc 0 handle 0x7c803fe205/L from thread '(null)'(10)
