01-21 19:05:46.177 15667 15793 I monodroid-lref: +l+ lrefc 1 handle 0x7c803fe209/L from thread '(null)'(10)
01-21 19:05:46.179 15667 15667 I monodroid-lref: +l+ lrefc 2 handle 0x7c884af02d/L from thread '(null)'(1)
01-21 19:05:46.180 15667 15793 I monodroid-lref: -l- lrefc 0 handle 0x7c803fe209/L from thread '(null)'(10)
01-21 19:05:46.181 15667 15667 I monodroid-gref: -g- grefc 136 gwrefc 0 handle 0x5176/G from thread '(null)'(1)
01-21 19:05:46.183 15667 15667 I monodroid-gref: +g+ grefc 137 gwrefc 0 obj-handle 0x7c884af02d/I -> new-handle 0x517a/G from thread '(null)'(1)
01-21 19:05:46.185 15667 15667 I monodroid-lref: -l- lrefc 1 handle 0x7c884af02d/L from thread '(null)'(1)
01-21 19:05:46.187 15667 15667 I monodroid-lref: +l+ lrefc 2 handle 0x7c884af025/L from thread '(null)'(1)
01-21 19:05:46.189 15667 15667 I monodroid-lref: -l- lrefc 1 handle 0x7c884af025/L from thread '(null)'(1)
01-21 19:05:46.191 15667 15667 I monodroid-lref: +l+ lrefc 2 handle 0x7c884af029/L from thread '(null)'(1)
01-21 19:05:46.193 15667 15667 I monodroid-lref: -l- lrefc 1 handle 0x7c884af029/L from thread '(null)'(1)
01-21 19:05:46.194 15667 15793 I monodroid-lref: +l+ lrefc 1 handle 0x7c803fe20d/L from thread '(null)'(10)
01-21 19:05:46.195 15667 15667 I monodroid-gref: -g- grefc 136 gwrefc 0 handle 0x43ee/G from thread '(null)'(1)
01-21 19:05:46.196 15667 15667 I monodroid-gref: -g- grefc 135 gwrefc 0 handle 0x517a/G from thread '(null)'(1)
01-21 19:05:46.196 15667 15793 I monodroid-lref: -l- lrefc 0 handle 0x7c803fe20d/L from thread '(null)'(10)
01-21 19:05:46.206 15667 15785 I monodroid-lref: +l+ lrefc 1 handle 0x7c8050260d/L from thread '.NET TP Worker'(4)
01-21 19:05:46.208 15667 15785 I monodroid-lref: +l+ lrefc 2 handle 0x7c80502619/L from thread '.NET TP Worker'(4)
01-21 19:05:46.209 15667 15785 I monodroid-lref: -l- lrefc 1 handle 0x7c8050260d/L from thread '.NET TP Worker'(4)
01-21 19:05:46.211 15667 15785 I monodroid-gref: +g+ grefc 136 gwrefc 0 obj-handle 0x7c80502619/I -> new-handle 0x5162/G from thread '.NET TP Worker'(4)
01-21 19:05:46.211 15667 15793 I monodroid-lref: +l+ lrefc 1 handle 0x7c803fe205/L from thread '(null)'(10)
01-21 19:05:46.213 15667 15785 I monodroid-lref: -l- lrefc 0 handle 0x7c80502619/L from thread '.NET TP Worker'(4)
01-21 19:05:46.214 15667 15793 I monodroid-lref: -l- lrefc 0 handle 0x7c803fe205/L from thread '(null)'(10)
01-21 19:05:46.215 15667 15785 I monodroid-lref: +l+ lrefc 1 handle 0x7c80502605/L from thread '.NET TP Worker'(4)
01-21 19:05:46.216 15667 15785 I monodroid-gref: -g- grefc 135 gwrefc 0 handle 0x5162/G from thread '.NET TP Worker'(4)
01-21 19:05:46.218 15667 15785 I monodroid-gref: +g+ grefc 136 gwrefc 0 obj-handle 0x7c80502605/I -> new-handle 0x5166/G from thread '.NET TP Worker'(4)
01-21 19:05:46.219 15667 15785 I monodroid-lref: -l- lrefc 0 handle 0x7c80502605/L from thread '.NET TP Worker'(4)
01-21 19:05:46.221 15667 15785 I monodroid-lref: +l+ lrefc 1 handle 0x7c80502609/L from thread '.NET TP Worker'(4)
01-21 19:05:46.222 15667 15785 I monodroid-lref: -l- lrefc 0 handle 0x7c80502609/L from thread '.NET TP Worker'(4)
01-21 19:05:46.224 15667 15785 I monodroid-lref: +l+ lrefc 1 handle 0x7c8050260d/L from thread '.NET TP Worker'(4)
01-21 19:05:46.225 15667 15785 I monodroid-lref: -l- lrefc 0 handle 0x7c8050260d/L from thread '.NET TP Worker'(4)
01-21 19:05:46.227 15667 15667 I monodroid-gref: -g- grefc 135 gwrefc 0 handle 0x5166/G from thread '(null)'(1)
01-21 19:05:46.228 15667 15793 I monodroid-lref: +l+ lrefc 1 handle 0x7c803fe209/L from thread '(null)'(10)
01-21 19:05:46.229 15667 15793 I monodroid-lref: -l- lrefc 0 handle 0x7c803fe209/L from thread '(null)'(10)
01-21 19:05:46.245 15667 15793 I monodroid-lref: +l+ lrefc 1 handle 0x7c803fe20d/L from thread '(null)'(10)
01-21 19:05:46.247 15667 15793 I monodroid-lref: -l- lrefc 0 handle 0x7c803fe20d/L from thread '(null)'(10)
01-21 19:05:46.263 15667 15793 I monodroid-lref: +l+ lrefc 1 handle 0x7c803fe205/L from thread '(null)'(10)
01-21 19:05:46.266 15667 15793 I monodroid-lref: -l- lrefc 0 handle 0x7c803fe205/L from thread '(null)'(10)
01-21 19:05:46.280 15667 15793 I monodroid-lref: +l+ lrefc 1 handle 0x7c803fe209/L from thread '(null)'(10)
01-21 19:05:46.284 15667 15793 I monodroid-lref: -l- lrefc 0 handle 0x7c803fe209/L from thread '(null)'(10)
01-21 19:05:46.296 15667 15793 I monodroid-lref: +l+ lrefc 1 handle 0x7c803fe20d/L from thread '(null)'(10)
01-21 19:05:46.300 15667 15793 I monodroid-lref: -l- lrefc 0 handle 0x7c803fe20d/L from thread '(null)'(10)
01-21 19:05:46.313 15667 15793 I monodroid-lref: +l+ lrefc 1 handle 0x7c803fe205/L from thread '(null)'(10)
01-21 19:05:46.316 15667 15793 I monodroid-lref: -l- lrefc 0 handle 0x7c803fe205/L from thread '(null)'(10)
01-21 19:05:46.329 15667 15793 I monodroid-lref: +l+ lrefc 1 handle 0x7c803fe209/L from thread '(null)'(10)
01-21 19:05:46.333 15667 15793 I monodroid-lref: -l- lrefc 0 handle 0x7c803fe209/L from thread '(null)'(10)
01-21 19:05:46.352 15667 15793 I monodroid-lref: +l+ lrefc 1 handle 0x7c803fe20d/L from thread '(null)'(10)
01-21 19:05:46.360 15667 15793 I monodroid-lref: -l- lrefc 0 handle 0x7c803fe20d/L from thread '(null)'(10)
01-21 19:05:46.384 15667 15793 I monodroid-lref: +l+ lrefc 1 handle 0x7c803fe205/L from thread '(null)'(10)
01-21 19:05:46.394 15667 15793 I monodroid-lref: -l- lrefc 0 handle 0x7c803fe205/L from thread '(null)'(10)
01-21 19:05:46.416 15667 15793 I monodroid-lref: +l+ lrefc 1 handle 0x7c803fe209/L from thread '(null)'(10)
01-21 19:05:46.425 15667 15793 I monodroid-lref: -l- lrefc 0 handle 0x7c803fe209/L from thread '(null)'(10)
01-21 19:05:46.429 15667 15793 I monodroid-lref: +l+ lrefc 1 handle 0x7c803fe20d/L from thread '(null)'(10)
01-21 19:05:46.433 15667 15793 I monodroid-lref: -l- lrefc 0 handle 0x7c803fe20d/L from thread '(null)'(10)
01-21 19:05:46.446 15667 15793 I monodroid-lref: +l+ lrefc 1 handle 0x7c803fe205/L from thread '(null)'(10)
01-21 19:05:46.450 15667 15793 I monodroid-lref: -l- lrefc 0 handle 0x7c803fe205/L from thread '(null)'(10)
01-21 19:05:46.463 15667 15793 I monodroid-lref: +l+ lrefc 1 handle 0x7c803fe209/L from thread '(null)'(10)
01-21 19:05:46.467 15667 15793 I monodroid-lref: -l- lrefc 0 handle 0x7c803fe209/L from thread '(null)'(10)
01-21 19:05:46.479 15667 15793 I monodroid-lref: +l+ lrefc 1 handle 0x7c803fe20d/L from thread '(null)'(10)
01-21 19:05:46.483 15667 15793 I monodroid-lref: -l- lrefc 0 handle 0x7c803fe20d/L from thread '(null)'(10)
01-21 19:05:46.496 15667 15793 I monodroid-lref: +l+ lrefc 1 handle 0x7c803fe205/L from thread '(null)'(10)
01-21 19:05:46.500 15667 15793 I monodroid-lref: -l- lrefc 0 handle 0x7c803fe205/L from thread '(null)'(10)
01-21 19:05:46.513 15667 15793 I monodroid-lref: +l+ lrefc 1 handle 0x7c803fe209/L from thread '(null)'(10)
01-21 19:05:46.516 15667 15793 I monodroid-lref: -l- lrefc 0 handle 0x7c803fe209/L from thread '(null)'(10)
01-21 19:05:46.534 15667 15793 I monodroid-lref: +l+ lrefc 1 handle 0x7c803fe20d/L from thread '(null)'(10)
01-21 19:05:46.542 15667 15793 I monodroid-lref: -l- lrefc 0 handle 0x7c803fe20d/L from thread '(null)'(10)
01-21 19:05:46.570 15667 15793 I monodroid-lref: +l+ lrefc 1 handle 0x7c803fe205/L from thread '(null)'(10)
01-21 19:05:46.580 15667 15793 I monodroid-lref: -l- lrefc 0 handle 0x7c803fe205/L from thread '(null)'(10)
01-21 19:05:46.601 15667 15793 I monodroid-lref: +l+ lrefc 1 handle 0x7c803fe209/L from thread '(null)'(10)
01-21 19:05:46.611 15667 15793 I monodroid-lref: -l- lrefc 0 handle 0x7c803fe209/L from thread '(null)'(10)
01-21 19:05:46.636 15667 15793 I monodroid-lref: +l+ lrefc 1 handle 0x7c803fe20d/L from thread '(null)'(10)
01-21 19:05:46.646 15667 15793 I monodroid-lref: -l- lrefc 0 handle 0x7c803fe20d/L from thread '(null)'(10)
01-21 19:05:46.669 15667 15793 I monodroid-lref: +l+ lrefc 1 handle 0x7c803fe205/L from thread '(null)'(10)
01-21 19:05:46.680 15667 15793 I monodroid-lref: -l- lrefc 0 handle 0x7c803fe205/L from thread '(null)'(10)
01-21 19:05:46.699 15667 15793 I monodroid-lref: +l+ lrefc 1 handle 0x7c803fe209/L from thread '(null)'(10)
01-21 19:05:46.704 15667 15793 I monodroid-lref: -l- lrefc 0 handle 0x7c803fe209/L from thread '(null)'(10)
01-21 19:05:46.713 15667 15793 I monodroid-lref: +l+ lrefc 1 handle 0x7c803fe20d/L from thread '(null)'(10)
01-21 19:05:46.718 15667 15793 I monodroid-lref: -l- lrefc 0 handle 0x7c803fe20d/L from thread '(null)'(10)
01-21 19:05:46.729 15667 15793 I monodroid-lref: +l+ lrefc 1 handle 0x7c803fe205/L from thread '(null)'(10)
01-21 19:05:46.731 15667 15793 I monodroid-lref: -l- lrefc 0 handle 0x7c803fe205/L from thread '(null)'(10)
01-21 19:05:46.750 15667 15793 I monodroid-lref: +l+ lrefc 1 handle 0x7c803fe209/L from thread '(null)'(10)
01-21 19:05:46.756 15667 15793 I monodroid-lref: -l- lrefc 0 handle 0x7c803fe209/L from thread '(null)'(10)
01-21 19:05:46.765 15667 15793 I monodroid-lref: +l+ lrefc 1 handle 0x7c803fe20d/L from thread '(null)'(10)
01-21 19:05:46.771 15667 15793 I monodroid-lref: -l- lrefc 0 handle 0x7c803fe20d/L from thread '(null)'(10)
01-21 19:05:46.782 15667 15793 I monodroid-lref: +l+ lrefc 1 handle 0x7c803fe205/L from thread '(null)'(10)
01-21 19:05:46.787 15667 15793 I monodroid-lref: -l- lrefc 0 handle 0x7c803fe205/L from thread '(null)'(10)
01-21 19:05:46.798 15667 15793 I monodroid-lref: +l+ lrefc 1 handle 0x7c803fe209/L from thread '(null)'(10)
01-21 19:05:46.803 15667 15793 I monodroid-lref: -l- lrefc 0 handle 0x7c803fe209/L from thread '(null)'(10)
01-21 19:05:46.814 15667 15793 I monodroid-lref: +l+ lrefc 1 handle 0x7c803fe20d/L from thread '(null)'(10)
01-21 19:05:46.820 15667 15793 I monodroid-lref: -l- lrefc 0 handle 0x7c803fe20d/L from thread '(null)'(10)
01-21 19:05:46.831 15667 15793 I monodroid-lref: +l+ lrefc 1 handle 0x7c803fe205/L from thread '(null)'(10)
01-21 19:05:46.837 15667 15793 I monodroid-lref: -l- lrefc 0 handle 0x7c803fe205/L from thread '(null)'(10)
01-21 19:05:46.848 15667 15793 I monodroid-lref: +l+ lrefc 1 handle 0x7c803fe209/L from thread '(null)'(10)
01-21 19:05:46.853 15667 15793 I monodroid-lref: -l- lrefc 0 handle 0x7c803fe209/L from thread '(null)'(10)
01-21 19:05:46.865 15667 15793 I monodroid-lref: +l+ lrefc 1 handle 0x7c803fe20d/L from thread '(null)'(10)
01-21 19:05:46.872 15667 15793 I monodroid-lref: -l- lrefc 0 handle 0x7c803fe20d/L from thread '(null)'(10)
01-21 19:05:46.882 15667 15793 I monodroid-lref: +l+ lrefc 1 handle 0x7c803fe205/L from thread '(null)'(10)
01-21 19:05:46.888 15667 15793 I monodroid-lref: -l- lrefc 0 handle 0x7c803fe205/L from thread '(null)'(10)
01-21 19:05:46.898 15667 15793 I monodroid-lref: +l+ lrefc 1 handle 0x7c803fe209/L from thread '(null)'(10)
01-21 19:05:46.908 15667 15793 I monodroid-lref: -l- lrefc 0 handle 0x7c803fe209/L from thread '(null)'(10)
01-21 19:05:46.913 15667 15793 I monodroid-lref: +l+ lrefc 1 handle 0x7c803fe20d/L from thread '(null)'(10)
01-21 19:05:46.917 15667 15793 I monodroid-lref: -l- lrefc 0 handle 0x7c803fe20d/L from thread '(null)'(10)
01-21 19:05:46.929 15667 15793 I monodroid-lref: +l+ lrefc 1 handle 0x7c803fe205/L from thread '(null)'(10)
01-21 19:05:46.931 15667 15793 I monodroid-lref: -l- lrefc 0 handle 0x7c803fe205/L from thread '(null)'(10)
01-21 19:05:46.947 15667 15793 I monodroid-lref: +l+ lrefc 1 handle 0x7c803fe209/L from thread '(null)'(10)
01-21 19:05:46.950 15667 15793 I monodroid-lref: -l- lrefc 0 handle 0x7c803fe209/L from thread '(null)'(10)
01-21 19:05:46.963 15667 15793 I monodroid-lref: +l+ lrefc 1 handle 0x7c803fe20d/L from thread '(null)'(10)
01-21 19:05:46.967 15667 15793 I monodroid-lref: -l- lrefc 0 handle 0x7c803fe20d/L from thread '(null)'(10)
01-21 19:05:46.980 15667 15793 I monodroid-lref: +l+ lrefc 1 handle 0x7c803fe205/L from thread '(null)'(10)
01-21 19:05:46.984 15667 15793 I monodroid-lref: -l- lrefc 0 handle 0x7c803fe205/L from thread '(null)'(10)
01-21 19:05:46.997 15667 15793 I monodroid-lref: +l+ lrefc 1 handle 0x7c803fe209/L from thread '(null)'(10)
01-21 19:05:47.000 15667 15793 I monodroid-lref: -l- lrefc 0 handle 0x7c803fe209/L from thread '(null)'(10)
01-21 19:05:47.013 15667 15793 I monodroid-lref: +l+ lrefc 1 handle 0x7c803fe20d/L from thread '(null)'(10)
01-21 19:05:47.017 15667 15793 I monodroid-lref: -l- lrefc 0 handle 0x7c803fe20d/L from thread '(null)'(10)
01-21 19:05:47.034 15667 15793 I monodroid-lref: +l+ lrefc 1 handle 0x7c803fe205/L from thread '(null)'(10)
01-21 19:05:47.040 15667 15793 I monodroid-lref: -l- lrefc 0 handle 0x7c803fe205/L from thread '(null)'(10)
01-21 19:05:47.049 15667 15793 I monodroid-lref: +l+ lrefc 1 handle 0x7c803fe209/L from thread '(null)'(10)
01-21 19:05:47.055 15667 15793 I monodroid-lref: -l- lrefc 0 handle 0x7c803fe209/L from thread '(null)'(10)
01-21 19:05:47.065 15667 15793 I monodroid-lref: +l+ lrefc 1 handle 0x7c803fe20d/L from thread '(null)'(10)
01-21 19:05:47.070 15667 15793 I monodroid-lref: -l- lrefc 0 handle 0x7c803fe20d/L from thread '(null)'(10)
01-21 19:05:47.082 15667 15793 I monodroid-lref: +l+ lrefc 1 handle 0x7c803fe205/L from thread '(null)'(10)
01-21 19:05:47.087 15667 15793 I monodroid-lref: -l- lrefc 0 handle 0x7c803fe205/L from thread '(null)'(10)
01-21 19:05:47.098 15667 15793 I monodroid-lref: +l+ lrefc 1 handle 0x7c803fe209/L from thread '(null)'(10)
01-21 19:05:47.104 15667 15793 I monodroid-lref: -l- lrefc 0 handle 0x7c803fe209/L from thread '(null)'(10)
01-21 19:05:47.114 15667 15793 I monodroid-lref: +l+ lrefc 1 handle 0x7c803fe20d/L from thread '(null)'(10)
01-21 19:05:47.119 15667 15793 I monodroid-lref: -l- lrefc 0 handle 0x7c803fe20d/L from thread '(null)'(10)
01-21 19:05:47.131 15667 15793 I monodroid-lref: +l+ lrefc 1 handle 0x7c803fe205/L from thread '(null)'(10)
01-21 19:05:47.135 15667 15793 I monodroid-lref: -l- lrefc 0 handle 0x7c803fe205/L from thread '(null)'(10)
01-21 19:05:47.148 15667 15793 I monodroid-lref: +l+ lrefc 1 handle 0x7c803fe209/L from thread '(null)'(10)
01-21 19:05:47.154 15667 15793 I monodroid-lref: -l- lrefc 0 handle 0x7c803fe209/L from thread '(null)'(10)
01-21 19:05:47.166 15667 15793 I monodroid-lref: +l+ lrefc 1 handle 0x7c803fe20d/L from thread '(null)'(10)
01-21 19:05:47.172 15667 15793 I monodroid-lref: -l- lrefc 0 handle 0x7c803fe20d/L from thread '(null)'(10)
01-21 19:05:47.182 15667 15793 I monodroid-lref: +l+ lrefc 1 handle 0x7c803fe205/L from thread '(null)'(10)
01-21 19:05:47.188 15667 15793 I monodroid-lref: -l- lrefc 0 handle 0x7c803fe205/L from thread '(null)'(10)
01-21 19:05:47.198 15667 15793 I monodroid-lref: +l+ lrefc 1 handle 0x7c803fe209/L from thread '(null)'(10)
01-21 19:05:47.200 15667 15785 I monodroid-lref: +l+ lrefc 1 handle 0x7c8050260d/L from thread '.NET TP Worker'(4)
01-21 19:05:47.204 15667 15793 I monodroid-lref: -l- lrefc 0 handle 0x7c803fe209/L from thread '(null)'(10)
01-21 19:05:47.205 15667 15785 I monodroid-lref: +l+ lrefc 2 handle 0x7c80502619/L from thread '.NET TP Worker'(4)
01-21 19:05:47.209 15667 15785 I monodroid-lref: -l- lrefc 1 handle 0x7c8050260d/L from thread '.NET TP Worker'(4)
01-21 19:05:47.213 15667 15785 I monodroid-gref: +g+ grefc 136 gwrefc 0 obj-handle 0x7c80502619/I -> new-handle 0x516a/G from thread '.NET TP Worker'(4)
01-21 19:05:47.214 15667 15793 I monodroid-lref: +l+ lrefc 1 handle 0x7c803fe20d/L from thread '(null)'(10)
01-21 19:05:47.217 15667 15785 I monodroid-lref: -l- lrefc 0 handle 0x7c80502619/L from thread '.NET TP Worker'(4)
01-21 19:05:47.219 15667 15793 I monodroid-lref: -l- lrefc 0 handle 0x7c803fe20d/L from thread '(null)'(10)
01-21 19:05:47.220 15667 15785 I monodroid-lref: +l+ lrefc 1 handle 0x7c80502605/L from thread '.NET TP Worker'(4)
01-21 19:05:47.222 15667 15785 I monodroid-gref: -g- grefc 135 gwrefc 0 handle 0x516a/G from thread '.NET TP Worker'(4)
01-21 19:05:47.224 15667 15785 I monodroid-gref: +g+ grefc 136 gwrefc 0 obj-handle 0x7c80502605/I -> new-handle 0x516e/G from thread '.NET TP Worker'(4)
01-21 19:05:47.226 15667 15785 I monodroid-lref: -l- lrefc 0 handle 0x7c80502605/L from thread '.NET TP Worker'(4)
01-21 19:05:47.230 15667 15785 I monodroid-lref: +l+ lrefc 1 handle 0x7c80502609/L from thread '.NET TP Worker'(4)
01-21 19:05:47.230 15667 15793 I monodroid-lref: +l+ lrefc 1 handle 0x7c803fe205/L from thread '(null)'(10)
01-21 19:05:47.235 15667 15785 I monodroid-lref: -l- lrefc 0 handle 0x7c80502609/L from thread '.NET TP Worker'(4)
01-21 19:05:47.236 15667 15793 I monodroid-lref: -l- lrefc 0 handle 0x7c803fe205/L from thread '(null)'(10)
01-21 19:05:47.238 15667 15785 I monodroid-lref: +l+ lrefc 1 handle 0x7c8050260d/L from thread '.NET TP Worker'(4)
01-21 19:05:47.240 15667 15785 I monodroid-lref: -l- lrefc 0 handle 0x7c8050260d/L from thread '.NET TP Worker'(4)
01-21 19:05:47.245 15667 15667 I monodroid-lref: +l+ lrefc 2 handle 0x7c884af029/L from thread '(null)'(1)
01-21 19:05:47.247 15667 15793 I monodroid-lref: +l+ lrefc 1 handle 0x7c803fe209/L from thread '(null)'(10)
01-21 19:05:47.249 15667 15667 I monodroid-lref: +l+ lrefc 3 handle 0x7c884af035/L from thread '(null)'(1)
01-21 19:05:47.251 15667 15793 I monodroid-lref: -l- lrefc 0 handle 0x7c803fe209/L from thread '(null)'(10)
01-21 19:05:47.253 15667 15667 I monodroid-lref: -l- lrefc 2 handle 0x7c884af029/L from thread '(null)'(1)
01-21 19:05:47.257 15667 15667 I monodroid-gref: +g+ grefc 137 gwrefc 0 obj-handle 0x7c884af035/I -> new-handle 0x43f2/G from thread '(null)'(1)
01-21 19:05:47.260 15667 15667 I monodroid-lref: -l- lrefc 1 handle 0x7c884af035/L from thread '(null)'(1)
01-21 19:05:47.262 15667 15793 I monodroid-lref: +l+ lrefc 1 handle 0x7c803fe20d/L from thread '(null)'(10)
01-21 19:05:47.263 15667 15667 I monodroid-lref: +l+ lrefc 2 handle 0x7c884af02d/L from thread '(null)'(1)
01-21 19:05:47.265 15667 15793 I monodroid-lref: -l- lrefc 0 handle 0x7c803fe20d/L from thread '(null)'(10)
01-21 19:05:47.265 15667 15667 I monodroid-gref: -g- grefc 136 gwrefc 0 handle 0x43f2/G from thread '(null)'(1)
01-21 19:05:47.267 15667 15667 I monodroid-gref: +g+ grefc 137 gwrefc 0 obj-handle 0x7c884af02d/I -> new-handle 0x43f6/G from thread '(null)'(1)
01-21 19:05:47.269 15667 15667 I monodroid-lref: -l- lrefc 1 handle 0x7c884af02d/L from thread '(null)'(1)
01-21 19:05:47.271 15667 15667 I monodroid-lref: +l+ lrefc 2 handle 0x7c884af025/L from thread '(null)'(1)
01-21 19:05:47.273 15667 15667 I monodroid-lref: -l- lrefc 1 handle 0x7c884af025/L from thread '(null)'(1)
01-21 19:05:47.276 15667 15667 I monodroid-lref: +l+ lrefc 2 handle 0x7c884af029/L from thread '(null)'(1)
01-21 19:05:47.278 15667 15667 I monodroid-lref: -l- lrefc 1 handle 0x7c884af029/L from thread '(null)'(1)
01-21 19:05:47.279 15667 15793 I monodroid-lref: +l+ lrefc 1 handle 0x7c803fe205/L from thread '(null)'(10)
01-21 19:05:47.279 15667 15667 I monodroid-gref: -g- grefc 136 gwrefc 0 handle 0x516e/G from thread '(null)'(1)
01-21 19:05:47.281 15667 15793 I monodroid-lref: -l- lrefc 0 handle 0x7c803fe205/L from thread '(null)'(10)
01-21 19:05:47.282 15667 15667 I monodroid-lref: +l+ lrefc 2 handle 0x7c884af029/L from thread '(null)'(1)
01-21 19:05:47.284 15667 15667 I monodroid-lref: +l+ lrefc 3 handle 0x7c884af035/L from thread '(null)'(1)
01-21 19:05:47.286 15667 15667 I monodroid-lref: -l- lrefc 2 handle 0x7c884af029/L from thread '(null)'(1)
01-21 19:05:47.288 15667 15667 I monodroid-gref: +g+ grefc 137 gwrefc 0 obj-handle 0x7c884af035/I -> new-handle 0x5172/G from thread '(null)'(1)
01-21 19:05:47.290 15667 15667 I monodroid-lref: -l- lrefc 1 handle 0x7c884af035/L from thread '(null)'(1)
01-21 19:05:47.292 15667 15667 I monodroid-lref: +l+ lrefc 2 handle 0x7c884af02d/L from thread '(null)'(1)
01-21 19:05:47.294 15667 15667 I monodroid-gref: -g- grefc 136 gwrefc 0 handle 0x5172/G from thread '(null)'(1)
01-21 19:05:47.295 15667 15793 I monodroid-lref: +l+ lrefc 1 handle 0x7c803fe209/L from thread '(null)'(10)
01-21 19:05:47.296 15667 15667 I monodroid-gref: +g+ grefc 137 gwrefc 0 obj-handle 0x7c884af02d/I -> new-handle 0x5176/G from thread '(null)'(1)
01-21 19:05:47.297 15667 15793 I monodroid-lref: -l- lrefc 0 handle 0x7c803fe209/L from thread '(null)'(10)
01-21 19:05:47.298 15667 15667 I monodroid-lref: -l- lrefc 1 handle 0x7c884af02d/L from thread '(null)'(1)
01-21 19:05:47.300 15667 15667 I monodroid-lref: +l+ lrefc 2 handle 0x7c884af025/L from thread '(null)'(1)
01-21 19:05:47.301 15667 15667 I monodroid-lref: -l- lrefc 1 handle 0x7c884af025/L from thread '(null)'(1)
01-21 19:05:47.303 15667 15667 I monodroid-lref: +l+ lrefc 2 handle 0x7c884af029/L from thread '(null)'(1)
01-21 19:05:47.305 15667 15667 I monodroid-lref: -l- lrefc 1 handle 0x7c884af029/L from thread '(null)'(1)
01-21 19:05:47.306 15667 15667 I monodroid-gref: -g- grefc 136 gwrefc 0 handle 0x43f6/G from thread '(null)'(1)
01-21 19:05:47.307 15667 15667 I monodroid-gref: -g- grefc 135 gwrefc 0 handle 0x5176/G from thread '(null)'(1)
01-21 19:05:47.311 15667 15793 I monodroid-lref: +l+ lrefc 1 handle 0x7c803fe20d/L from thread '(null)'(10)
01-21 19:05:47.313 15667 15793 I monodroid-lref: -l- lrefc 0 handle 0x7c803fe20d/L from thread '(null)'(10)
01-21 19:05:47.317 15667 15785 I monodroid-lref: +l+ lrefc 1 handle 0x7c8050260d/L from thread '.NET TP Worker'(4)
01-21 19:05:47.319 15667 15785 I monodroid-lref: +l+ lrefc 2 handle 0x7c80502619/L from thread '.NET TP Worker'(4)
01-21 19:05:47.321 15667 15785 I monodroid-lref: -l- lrefc 1 handle 0x7c8050260d/L from thread '.NET TP Worker'(4)
01-21 19:05:47.323 15667 15785 I monodroid-gref: +g+ grefc 136 gwrefc 0 obj-handle 0x7c80502619/I -> new-handle 0x517a/G from thread '.NET TP Worker'(4)
01-21 19:05:47.325 15667 15785 I monodroid-lref: -l- lrefc 0 handle 0x7c80502619/L from thread '.NET TP Worker'(4)
01-21 19:05:47.328 15667 15785 I monodroid-lref: +l+ lrefc 1 handle 0x7c80502605/L from thread '.NET TP Worker'(4)
01-21 19:05:47.329 15667 15793 I monodroid-lref: +l+ lrefc 1 handle 0x7c803fe205/L from thread '(null)'(10)
01-21 19:05:47.330 15667 15785 I monodroid-gref: -g- grefc 135 gwrefc 0 handle 0x517a/G from thread '.NET TP Worker'(4)
01-21 19:05:47.332 15667 15793 I monodroid-lref: -l- lrefc 0 handle 0x7c803fe205/L from thread '(null)'(10)
01-21 19:05:47.332 15667 15785 I monodroid-gref: +g+ grefc 136 gwrefc 0 obj-handle 0x7c80502605/I -> new-handle 0x5162/G from thread '.NET TP Worker'(4)
01-21 19:05:47.334 15667 15785 I monodroid-lref: -l- lrefc 0 handle 0x7c80502605/L from thread '.NET TP Worker'(4)
01-21 19:05:47.337 15667 15785 I monodroid-lref: +l+ lrefc 1 handle 0x7c80502609/L from thread '.NET TP Worker'(4)
01-21 19:05:47.339 15667 15785 I monodroid-lref: -l- lrefc 0 handle 0x7c80502609/L from thread '.NET TP Worker'(4)
01-21 19:05:47.342 15667 15785 I monodroid-lref: +l+ lrefc 1 handle 0x7c8050260d/L from thread '.NET TP Worker'(4)
01-21 19:05:47.344 15667 15785 I monodroid-lref: -l- lrefc 0 handle 0x7c8050260d/L from thread '.NET TP Worker'(4)
01-21 19:05:47.345 15667 15667 I monodroid-gref: -g- grefc 135 gwrefc 0 handle 0x5162/G from thread '(null)'(1)
01-21 19:05:47.346 15667 15793 I monodroid-lref: +l+ lrefc 1 handle 0x7c803fe209/L from thread '(null)'(10)
01-21 19:05:47.348 15667 15793 I monodroid-lref: -l- lrefc 0 handle 0x7c803fe209/L from thread '(null)'(10)
01-21 19:05:47.363 15667 15793 I monodroid-lref: +l+ lrefc 1 handle 0x7c803fe20d/L from thread '(null)'(10)
01-21 19:05:47.365 15667 15793 I monodroid-lref: -l- lrefc 0 handle 0x7c803fe20d/L from thread '(null)'(10)
01-21 19:05:47.380 15667 15793 I monodroid-lref: +l+ lrefc 1 handle 0x7c803fe205/L from thread '(null)'(10)
01-21 19:05:47.384 15667 15793 I monodroid-lref: -l- lrefc 0 handle 0x7c803fe205/L from thread '(null)'(10)
01-21 19:05:47.397 15667 15793 I monodroid-lref: +l+ lrefc 1 handle 0x7c803fe209/L from thread '(null)'(10)
01-21 19:05:47.401 15667 15793 I monodroid-lref: -l- lrefc 0 handle 0x7c803fe209/L from thread '(null)'(10)
01-21 19:05:47.414 15667 15793 I monodroid-lref: +l+ lrefc 1 handle 0x7c803fe20d/L from thread '(null)'(10)
01-21 19:05:47.417 15667 15793 I monodroid-lref: -l- lrefc 0 handle 0x7c803fe20d/L from thread '(null)'(10)
01-21 19:05:47.422  2428  2967 D WifiStaIfaceHidlImpl: getCachedScanData is not implemented by HIDL
01-21 19:05:47.423  2801 24057 D LOWI-9.0.1.69: [LOWI-Scan] wait_event:Wait done with Cmd 103
01-21 19:05:47.423  2801 24057 D LOWI-9.0.1.69: [LOWI-Scan] do_listen_events: Rcvd valid Netlink Cmd 0 Err 0
01-21 19:05:47.424  1375  3162 I WifiHAL : event received NL80211_CMD_VENDOR, vendor_id = 0x1374, subcmd = 0xd
01-21 19:05:47.424  1883  1883 I cnss-daemon: nl80211 response handler invoked
01-21 19:05:47.424  1883  1883 I cnss-daemon: nl80211_response_handler: cmd 103, vendorID 4980, subcmd 13  received
01-21 19:05:47.424  2428 12092 I MotoWifiScorer: onWifiUsabilityStats, seqNum: 55156, isSameBssidAndFreq: true, RSSI: -45, isThroughputSufficient: true, LinkSpeed: 468 Mbps, RxLinkSpeed: 585 Mbps
01-21 19:05:47.425  2428 12092 I MotoWifiScorer: updateWifiUsabilityStats, seqNum: 55156, RSSI: -45, isThroughputSufficient: true, LinkSpeed: 468 Mbps, RxLinkSpeed: 585 Mbps
01-21 19:05:47.425  2428 12092 I MotoWifiScorer: updateWifiUsabilityStats, Duration: 3519, Rx Good: 0, Tx Good: 0, Tx Bad: 0 ( 0 % ), Tx Retry: 0 ( 0 % )
01-21 19:05:47.426  2428 12092 I MotoWifiScorer: onWifiUsabilityStats, FinalScore: 60, RssiBasedScore: 60, LinkBonus: 0, TcpBonus: 0
01-21 19:05:47.430 15667 15793 I monodroid-lref: +l+ lrefc 1 handle 0x7c803fe205/L from thread '(null)'(10)
01-21 19:05:47.432  2428 12092 I MotoWifiScorer: onWifiUsabilityStats, WiFi Usable: true
01-21 19:05:47.434 15667 15793 I monodroid-lref: -l- lrefc 0 handle 0x7c803fe205/L from thread '(null)'(10)
01-21 19:05:47.440  2428  2974 D ConnectivityService: NetReassign [no changes] [c 1] [a 1] [i 5]
01-21 19:05:47.447 15667 15793 I monodroid-lref: +l+ lrefc 1 handle 0x7c803fe209/L from thread '(null)'(10)
01-21 19:05:47.451 15667 15793 I monodroid-lref: -l- lrefc 0 handle 0x7c803fe209/L from thread '(null)'(10)
01-21 19:05:47.469 15667 15793 I monodroid-lref: +l+ lrefc 1 handle 0x7c803fe20d/L from thread '(null)'(10)
01-21 19:05:47.476 15667 15793 I monodroid-lref: -l- lrefc 0 handle 0x7c803fe20d/L from thread '(null)'(10)
01-21 19:05:47.501 15667 15793 I monodroid-lref: +l+ lrefc 1 handle 0x7c803fe205/L from thread '(null)'(10)
01-21 19:05:47.511 15667 15793 I monodroid-lref: -l- lrefc 0 handle 0x7c803fe205/L from thread '(null)'(10)
01-21 19:05:47.538 15667 15793 I monodroid-lref: +l+ lrefc 1 handle 0x7c803fe209/L from thread '(null)'(10)
01-21 19:05:47.548 15667 15793 I monodroid-lref: -l- lrefc 0 handle 0x7c803fe209/L from thread '(null)'(10)
01-21 19:05:47.571 15667 15793 I monodroid-lref: +l+ lrefc 1 handle 0x7c803fe20d/L from thread '(null)'(10)
01-21 19:05:47.585 15667 15793 I monodroid-lref: -l- lrefc 0 handle 0x7c803fe20d/L from thread '(null)'(10)
01-21 19:05:47.597 15667 15793 I monodroid-lref: +l+ lrefc 1 handle 0x7c803fe205/L from thread '(null)'(10)
01-21 19:05:47.601 15667 15793 I monodroid-lref: -l- lrefc 0 handle 0x7c803fe205/L from thread '(null)'(10)
01-21 19:05:47.614 15667 15793 I monodroid-lref: +l+ lrefc 1 handle 0x7c803fe209/L from thread '(null)'(10)
01-21 19:05:47.617 15667 15793 I monodroid-lref: -l- lrefc 0 handle 0x7c803fe209/L from thread '(null)'(10)
01-21 19:05:47.631 15667 15793 I monodroid-lref: +l+ lrefc 1 handle 0x7c803fe20d/L from thread '(null)'(10)
01-21 19:05:47.634 15667 15793 I monodroid-lref: -l- lrefc 0 handle 0x7c803fe20d/L from thread '(null)'(10)
01-21 19:05:47.647 15667 15793 I monodroid-lref: +l+ lrefc 1 handle 0x7c803fe205/L from thread '(null)'(10)
01-21 19:05:47.651 15667 15793 I monodroid-lref: -l- lrefc 0 handle 0x7c803fe205/L from thread '(null)'(10)
01-21 19:05:47.664 15667 15793 I monodroid-lref: +l+ lrefc 1 handle 0x7c803fe209/L from thread '(null)'(10)
01-21 19:05:47.668 15667 15793 I monodroid-lref: -l- lrefc 0 handle 0x7c803fe209/L from thread '(null)'(10)
01-21 19:05:47.681 15667 15793 I monodroid-lref: +l+ lrefc 1 handle 0x7c803fe20d/L from thread '(null)'(10)
01-21 19:05:47.685 15667 15793 I monodroid-lref: -l- lrefc 0 handle 0x7c803fe20d/L from thread '(null)'(10)
01-21 19:05:47.702 15667 15793 I monodroid-lref: +l+ lrefc 1 handle 0x7c803fe205/L from thread '(null)'(10)
01-21 19:05:47.709 15667 15793 I monodroid-lref: -l- lrefc 0 handle 0x7c803fe205/L from thread '(null)'(10)
01-21 19:05:47.717 15667 15793 I monodroid-lref: +l+ lrefc 1 handle 0x7c803fe209/L from thread '(null)'(10)
01-21 19:05:47.722 15667 15793 I monodroid-lref: -l- lrefc 0 handle 0x7c803fe209/L from thread '(null)'(10)
01-21 19:05:47.732 15667 15793 I monodroid-lref: +l+ lrefc 1 handle 0x7c803fe20d/L from thread '(null)'(10)
01-21 19:05:47.737 15667 15793 I monodroid-lref: -l- lrefc 0 handle 0x7c803fe20d/L from thread '(null)'(10)
01-21 19:05:47.749 15667 15793 I monodroid-lref: +l+ lrefc 1 handle 0x7c803fe205/L from thread '(null)'(10)
01-21 19:05:47.753 15667 15793 I monodroid-lref: -l- lrefc 0 handle 0x7c803fe205/L from thread '(null)'(10)
01-21 19:05:47.766 15667 15793 I monodroid-lref: +l+ lrefc 1 handle 0x7c803fe209/L from thread '(null)'(10)
01-21 19:05:47.773 15667 15793 I monodroid-lref: -l- lrefc 0 handle 0x7c803fe209/L from thread '(null)'(10)
01-21 19:05:47.783 15667 15793 I monodroid-lref: +l+ lrefc 1 handle 0x7c803fe20d/L from thread '(null)'(10)
01-21 19:05:47.789 15667 15793 I monodroid-lref: -l- lrefc 0 handle 0x7c803fe20d/L from thread '(null)'(10)
01-21 19:05:47.800 15667 15793 I monodroid-lref: +l+ lrefc 1 handle 0x7c803fe205/L from thread '(null)'(10)
01-21 19:05:47.805 15667 15793 I monodroid-lref: -l- lrefc 0 handle 0x7c803fe205/L from thread '(null)'(10)
01-21 19:05:47.816 15667 15793 I monodroid-lref: +l+ lrefc 1 handle 0x7c803fe209/L from thread '(null)'(10)
01-21 19:05:47.821 15667 15793 I monodroid-lref: -l- lrefc 0 handle 0x7c803fe209/L from thread '(null)'(10)
01-21 19:05:47.832 15667 15793 I monodroid-lref: +l+ lrefc 1 handle 0x7c803fe20d/L from thread '(null)'(10)
01-21 19:05:47.837 15667 15793 I monodroid-lref: -l- lrefc 0 handle 0x7c803fe20d/L from thread '(null)'(10)
01-21 19:05:47.848 15667 15793 I monodroid-lref: +l+ lrefc 1 handle 0x7c803fe205/L from thread '(null)'(10)
01-21 19:05:47.852 15667 15793 I monodroid-lref: -l- lrefc 0 handle 0x7c803fe205/L from thread '(null)'(10)
01-21 19:05:47.866 15667 15793 I monodroid-lref: +l+ lrefc 1 handle 0x7c803fe209/L from thread '(null)'(10)
01-21 19:05:47.871 15667 15793 I monodroid-lref: -l- lrefc 0 handle 0x7c803fe209/L from thread '(null)'(10)
01-21 19:05:47.882 15667 15793 I monodroid-lref: +l+ lrefc 1 handle 0x7c803fe20d/L from thread '(null)'(10)
01-21 19:05:47.888 15667 15793 I monodroid-lref: -l- lrefc 0 handle 0x7c803fe20d/L from thread '(null)'(10)
01-21 19:05:47.899 15667 15793 I monodroid-lref: +l+ lrefc 1 handle 0x7c803fe205/L from thread '(null)'(10)
01-21 19:05:47.904 15667 15793 I monodroid-lref: -l- lrefc 0 handle 0x7c803fe205/L from thread '(null)'(10)
01-21 19:05:47.916 15667 15793 I monodroid-lref: +l+ lrefc 1 handle 0x7c803fe209/L from thread '(null)'(10)
01-21 19:05:47.921 15667 15793 I monodroid-lref: -l- lrefc 0 handle 0x7c803fe209/L from thread '(null)'(10)
01-21 19:05:47.932 15667 15793 I monodroid-lref: +l+ lrefc 1 handle 0x7c803fe20d/L from thread '(null)'(10)
01-21 19:05:47.938 15667 15793 I monodroid-lref: -l- lrefc 0 handle 0x7c803fe20d/L from thread '(null)'(10)
01-21 19:05:47.948 15667 15793 I monodroid-lref: +l+ lrefc 1 handle 0x7c803fe205/L from thread '(null)'(10)
01-21 19:05:47.953 15667 15793 I monodroid-lref: -l- lrefc 0 handle 0x7c803fe205/L from thread '(null)'(10)
01-21 19:05:47.967 15667 15793 I monodroid-lref: +l+ lrefc 1 handle 0x7c803fe209/L from thread '(null)'(10)
01-21 19:05:47.973 15667 15793 I monodroid-lref: -l- lrefc 0 handle 0x7c803fe209/L from thread '(null)'(10)
01-21 19:05:47.983 15667 15793 I monodroid-lref: +l+ lrefc 1 handle 0x7c803fe20d/L from thread '(null)'(10)
01-21 19:05:47.990 15667 15793 I monodroid-lref: -l- lrefc 0 handle 0x7c803fe20d/L from thread '(null)'(10)
01-21 19:05:48.000 15667 15793 I monodroid-lref: +l+ lrefc 1 handle 0x7c803fe205/L from thread '(null)'(10)
01-21 19:05:48.005 15667 15793 I monodroid-lref: -l- lrefc 0 handle 0x7c803fe205/L from thread '(null)'(10)
01-21 19:05:48.016 15667 15793 I monodroid-lref: +l+ lrefc 1 handle 0x7c803fe209/L from thread '(null)'(10)
01-21 19:05:48.021 15667 15793 I monodroid-lref: -l- lrefc 0 handle 0x7c803fe209/L from thread '(null)'(10)
01-21 19:05:48.032 15667 15793 I monodroid-lref: +l+ lrefc 1 handle 0x7c803fe20d/L from thread '(null)'(10)
01-21 19:05:48.037 15667 15793 I monodroid-lref: -l- lrefc 0 handle 0x7c803fe20d/L from thread '(null)'(10)
01-21 19:05:48.048 15667 15793 I monodroid-lref: +l+ lrefc 1 handle 0x7c803fe205/L from thread '(null)'(10)
01-21 19:05:48.053 15667 15793 I monodroid-lref: -l- lrefc 0 handle 0x7c803fe205/L from thread '(null)'(10)
01-21 19:05:48.067 15667 15793 I monodroid-lref: +l+ lrefc 1 handle 0x7c803fe209/L from thread '(null)'(10)
01-21 19:05:48.073 15667 15793 I monodroid-lref: -l- lrefc 0 handle 0x7c803fe209/L from thread '(null)'(10)
01-21 19:05:48.083 15667 15793 I monodroid-lref: +l+ lrefc 1 handle 0x7c803fe20d/L from thread '(null)'(10)
01-21 19:05:48.090 15667 15793 I monodroid-lref: -l- lrefc 0 handle 0x7c803fe20d/L from thread '(null)'(10)
01-21 19:05:48.100 15667 15793 I monodroid-lref: +l+ lrefc 1 handle 0x7c803fe205/L from thread '(null)'(10)
01-21 19:05:48.105 15667 15793 I monodroid-lref: -l- lrefc 0 handle 0x7c803fe205/L from thread '(null)'(10)
01-21 19:05:48.116 15667 15793 I monodroid-lref: +l+ lrefc 1 handle 0x7c803fe209/L from thread '(null)'(10)
01-21 19:05:48.121 15667 15793 I monodroid-lref: -l- lrefc 0 handle 0x7c803fe209/L from thread '(null)'(10)
01-21 19:05:48.132 15667 15793 I monodroid-lref: +l+ lrefc 1 handle 0x7c803fe20d/L from thread '(null)'(10)
01-21 19:05:48.137 15667 15793 I monodroid-lref: -l- lrefc 0 handle 0x7c803fe20d/L from thread '(null)'(10)
01-21 19:05:48.149 15667 15793 I monodroid-lref: +l+ lrefc 1 handle 0x7c803fe205/L from thread '(null)'(10)
01-21 19:05:48.155 15667 15793 I monodroid-lref: -l- lrefc 0 handle 0x7c803fe205/L from thread '(null)'(10)
01-21 19:05:48.167 15667 15793 I monodroid-lref: +l+ lrefc 1 handle 0x7c803fe209/L from thread '(null)'(10)
01-21 19:05:48.173 15667 15793 I monodroid-lref: -l- lrefc 0 handle 0x7c803fe209/L from thread '(null)'(10)
01-21 19:05:48.183 15667 15793 I monodroid-lref: +l+ lrefc 1 handle 0x7c803fe20d/L from thread '(null)'(10)
01-21 19:05:48.190 15667 15793 I monodroid-lref: -l- lrefc 0 handle 0x7c803fe20d/L from thread '(null)'(10)
01-21 19:05:48.200 15667 15793 I monodroid-lref: +l+ lrefc 1 handle 0x7c803fe205/L from thread '(null)'(10)
01-21 19:05:48.205 15667 15793 I monodroid-lref: -l- lrefc 0 handle 0x7c803fe205/L from thread '(null)'(10)
01-21 19:05:48.216 15667 15793 I monodroid-lref: +l+ lrefc 1 handle 0x7c803fe209/L from thread '(null)'(10)
01-21 19:05:48.221 15667 15793 I monodroid-lref: -l- lrefc 0 handle 0x7c803fe209/L from thread '(null)'(10)
01-21 19:05:48.233 15667 15793 I monodroid-lref: +l+ lrefc 1 handle 0x7c803fe20d/L from thread '(null)'(10)
01-21 19:05:48.238 15667 15793 I monodroid-lref: -l- lrefc 0 handle 0x7c803fe20d/L from thread '(null)'(10)
01-21 19:05:48.249 15667 15793 I monodroid-lref: +l+ lrefc 1 handle 0x7c803fe205/L from thread '(null)'(10)
01-21 19:05:48.253 15667 15793 I monodroid-lref: -l- lrefc 0 handle 0x7c803fe205/L from thread '(null)'(10)
01-21 19:05:48.267 15667 15793 I monodroid-lref: +l+ lrefc 1 handle 0x7c803fe209/L from thread '(null)'(10)
01-21 19:05:48.273 15667 15793 I monodroid-lref: -l- lrefc 0 handle 0x7c803fe209/L from thread '(null)'(10)
01-21 19:05:48.284 15667 15793 I monodroid-lref: +l+ lrefc 1 handle 0x7c803fe20d/L from thread '(null)'(10)
01-21 19:05:48.290 15667 15793 I monodroid-lref: -l- lrefc 0 handle 0x7c803fe20d/L from thread '(null)'(10)
01-21 19:05:48.293  1356  3709 I vendor.qti.bluetooth@1.0-ibs_handler: ProcessIbsCmd: Received IBS_WAKE_IND: 0xFD
01-21 19:05:48.293  1356  3709 D vendor.qti.bluetooth@1.0-ibs_handler: SerialClockVote: vote for UART CLK ON
01-21 19:05:48.293  1356  3709 D vendor.qti.bluetooth@1.0-wake_lock: Acquire wakelock is acquired 
01-21 19:05:48.293  1356  3709 I vendor.qti.bluetooth@1.0-ibs_handler: ProcessIbsCmd: Writing IBS_WAKE_ACK
01-21 19:05:48.300 15667 15793 I monodroid-lref: +l+ lrefc 1 handle 0x7c803fe205/L from thread '(null)'(10)
01-21 19:05:48.305 15667 15793 I monodroid-lref: -l- lrefc 0 handle 0x7c803fe205/L from thread '(null)'(10)
01-21 19:05:48.313 15667 15785 I monodroid-lref: +l+ lrefc 1 handle 0x7c8050260d/L from thread '.NET TP Worker'(4)
01-21 19:05:48.316 15667 15793 I monodroid-lref: +l+ lrefc 1 handle 0x7c803fe209/L from thread '(null)'(10)
01-21 19:05:48.317 15667 15785 I monodroid-lref: +l+ lrefc 2 handle 0x7c80502619/L from thread '.NET TP Worker'(4)
01-21 19:05:48.321 15667 15793 I monodroid-lref: -l- lrefc 0 handle 0x7c803fe209/L from thread '(null)'(10)
01-21 19:05:48.321 15667 15785 I monodroid-lref: -l- lrefc 1 handle 0x7c8050260d/L from thread '.NET TP Worker'(4)
01-21 19:05:48.325 15667 15785 I monodroid-gref: +g+ grefc 136 gwrefc 0 obj-handle 0x7c80502619/I -> new-handle 0x5166/G from thread '.NET TP Worker'(4)
01-21 19:05:48.328 15667 15785 I monodroid-lref: -l- lrefc 0 handle 0x7c80502619/L from thread '.NET TP Worker'(4)
01-21 19:05:48.333 15667 15793 I monodroid-lref: +l+ lrefc 1 handle 0x7c803fe20d/L from thread '(null)'(10)
01-21 19:05:48.333 15667 15785 I monodroid-lref: +l+ lrefc 1 handle 0x7c80502605/L from thread '.NET TP Worker'(4)
01-21 19:05:48.334  1356  3709 I vendor.qti.bluetooth@1.0-ibs_handler: ProcessIbsCmd: Received IBS_SLEEP_IND: 0xFE
01-21 19:05:48.334  1356  3709 D vendor.qti.bluetooth@1.0-ibs_handler: SerialClockVote: vote for UART CLK OFF
01-21 19:05:48.338 15667 15785 I monodroid-gref: -g- grefc 135 gwrefc 0 handle 0x5166/G from thread '.NET TP Worker'(4)
01-21 19:05:48.338 15667 15793 I monodroid-lref: -l- lrefc 0 handle 0x7c803fe20d/L from thread '(null)'(10)
01-21 19:05:48.340 15667 15785 I monodroid-gref: +g+ grefc 136 gwrefc 0 obj-handle 0x7c80502605/I -> new-handle 0x516a/G from thread '.NET TP Worker'(4)
01-21 19:05:48.342 15667 15785 I monodroid-lref: -l- lrefc 0 handle 0x7c80502605/L from thread '.NET TP Worker'(4)
01-21 19:05:48.344 15667 15785 I monodroid-lref: +l+ lrefc 1 handle 0x7c80502609/L from thread '.NET TP Worker'(4)
01-21 19:05:48.346 15667 15785 I monodroid-lref: -l- lrefc 0 handle 0x7c80502609/L from thread '.NET TP Worker'(4)
01-21 19:05:48.348 15667 15785 I monodroid-lref: +l+ lrefc 1 handle 0x7c8050260d/L from thread '.NET TP Worker'(4)
01-21 19:05:48.348 15667 15793 I monodroid-lref: +l+ lrefc 1 handle 0x7c803fe205/L from thread '(null)'(10)
01-21 19:05:48.353 15667 15785 I monodroid-lref: -l- lrefc 0 handle 0x7c8050260d/L from thread '.NET TP Worker'(4)
01-21 19:05:48.354 15667 15793 I monodroid-lref: -l- lrefc 0 handle 0x7c803fe205/L from thread '(null)'(10)
01-21 19:05:48.358 15667 15667 I monodroid-lref: +l+ lrefc 2 handle 0x7c884af029/L from thread '(null)'(1)
01-21 19:05:48.362 15667 15667 I monodroid-lref: +l+ lrefc 3 handle 0x7c884af035/L from thread '(null)'(1)
01-21 19:05:48.364 15667 15793 I monodroid-lref: +l+ lrefc 1 handle 0x7c803fe209/L from thread '(null)'(10)
01-21 19:05:48.366 15667 15667 I monodroid-lref: -l- lrefc 2 handle 0x7c884af029/L from thread '(null)'(1)
01-21 19:05:48.368 15667 15793 I monodroid-lref: -l- lrefc 0 handle 0x7c803fe209/L from thread '(null)'(10)
01-21 19:05:48.369 15667 15667 I monodroid-gref: +g+ grefc 137 gwrefc 0 obj-handle 0x7c884af035/I -> new-handle 0x43fa/G from thread '(null)'(1)
01-21 19:05:48.372 15667 15667 I monodroid-lref: -l- lrefc 1 handle 0x7c884af035/L from thread '(null)'(1)
01-21 19:05:48.376 15667 15667 I monodroid-lref: +l+ lrefc 2 handle 0x7c884af02d/L from thread '(null)'(1)
01-21 19:05:48.379 15667 15667 I monodroid-gref: -g- grefc 136 gwrefc 0 handle 0x43fa/G from thread '(null)'(1)
01-21 19:05:48.380 15667 15793 I monodroid-lref: +l+ lrefc 1 handle 0x7c803fe20d/L from thread '(null)'(10)
01-21 19:05:48.381 15667 15667 I monodroid-gref: +g+ grefc 137 gwrefc 0 obj-handle 0x7c884af02d/I -> new-handle 0x43e2/G from thread '(null)'(1)
01-21 19:05:48.382 15667 15793 I monodroid-lref: -l- lrefc 0 handle 0x7c803fe20d/L from thread '(null)'(10)
01-21 19:05:48.383 15667 15667 I monodroid-lref: -l- lrefc 1 handle 0x7c884af02d/L from thread '(null)'(1)
01-21 19:05:48.385 15667 15667 I monodroid-lref: +l+ lrefc 2 handle 0x7c884af025/L from thread '(null)'(1)
01-21 19:05:48.387 15667 15667 I monodroid-lref: -l- lrefc 1 handle 0x7c884af025/L from thread '(null)'(1)
01-21 19:05:48.389 15667 15667 I monodroid-lref: +l+ lrefc 2 handle 0x7c884af029/L from thread '(null)'(1)
01-21 19:05:48.391 15667 15667 I monodroid-lref: -l- lrefc 1 handle 0x7c884af029/L from thread '(null)'(1)
01-21 19:05:48.392 15667 15667 I monodroid-gref: -g- grefc 136 gwrefc 0 handle 0x516a/G from thread '(null)'(1)
01-21 19:05:48.397 15667 15667 I monodroid-lref: +l+ lrefc 2 handle 0x7c884af029/L from thread '(null)'(1)
01-21 19:05:48.397 15667 15793 I monodroid-lref: +l+ lrefc 1 handle 0x7c803fe205/L from thread '(null)'(10)
01-21 19:05:48.400 15667 15793 I monodroid-lref: -l- lrefc 0 handle 0x7c803fe205/L from thread '(null)'(10)
01-21 19:05:48.400 15667 15667 I monodroid-lref: +l+ lrefc 3 handle 0x7c884af035/L from thread '(null)'(1)
01-21 19:05:48.402 15667 15667 I monodroid-lref: -l- lrefc 2 handle 0x7c884af029/L from thread '(null)'(1)
01-21 19:05:48.403 15667 15667 I monodroid-gref: +g+ grefc 137 gwrefc 0 obj-handle 0x7c884af035/I -> new-handle 0x516e/G from thread '(null)'(1)
01-21 19:05:48.405 15667 15667 I monodroid-lref: -l- lrefc 1 handle 0x7c884af035/L from thread '(null)'(1)
01-21 19:05:48.407 15667 15667 I monodroid-lref: +l+ lrefc 2 handle 0x7c884af02d/L from thread '(null)'(1)
01-21 19:05:48.409 15667 15667 I monodroid-gref: -g- grefc 136 gwrefc 0 handle 0x516e/G from thread '(null)'(1)
01-21 19:05:48.410 15667 15667 I monodroid-gref: +g+ grefc 137 gwrefc 0 obj-handle 0x7c884af02d/I -> new-handle 0x5172/G from thread '(null)'(1)
01-21 19:05:48.412 15667 15667 I monodroid-lref: -l- lrefc 1 handle 0x7c884af02d/L from thread '(null)'(1)
01-21 19:05:48.413 15667 15793 I monodroid-lref: +l+ lrefc 1 handle 0x7c803fe209/L from thread '(null)'(10)
01-21 19:05:48.413  2428  2897 D ActivityManager: freezing 23228 com.google.android.gms, reason = oom_cached
01-21 19:05:48.414 15667 15667 I monodroid-lref: +l+ lrefc 2 handle 0x7c884af025/L from thread '(null)'(1)
01-21 19:05:48.414 15667 15793 I monodroid-lref: -l- lrefc 0 handle 0x7c803fe209/L from thread '(null)'(10)
01-21 19:05:48.416 15667 15667 I monodroid-lref: -l- lrefc 1 handle 0x7c884af025/L from thread '(null)'(1)
01-21 19:05:48.418  2428  2897 D ActivityManager: freezing 9470 com.android.vending, reason = oom_cached
01-21 19:05:48.418 15667 15667 I monodroid-lref: +l+ lrefc 2 handle 0x7c884af029/L from thread '(null)'(1)
01-21 19:05:48.420 15667 15667 I monodroid-lref: -l- lrefc 1 handle 0x7c884af029/L from thread '(null)'(1)
01-21 19:05:48.421 15667 15667 I monodroid-gref: -g- grefc 136 gwrefc 0 handle 0x43e2/G from thread '(null)'(1)
01-21 19:05:48.422 15667 15667 I monodroid-gref: -g- grefc 135 gwrefc 0 handle 0x5172/G from thread '(null)'(1)
01-21 19:05:48.429 15667 15793 I monodroid-lref: +l+ lrefc 1 handle 0x7c803fe20d/L from thread '(null)'(10)
01-21 19:05:48.430 15667 15793 I monodroid-lref: -l- lrefc 0 handle 0x7c803fe20d/L from thread '(null)'(10)
01-21 19:05:48.434 15667 15785 I monodroid-lref: +l+ lrefc 1 handle 0x7c8050260d/L from thread '.NET TP Worker'(4)
01-21 19:05:48.436 15667 15785 I monodroid-lref: +l+ lrefc 2 handle 0x7c80502619/L from thread '.NET TP Worker'(4)
01-21 19:05:48.437 15667 15785 I monodroid-lref: -l- lrefc 1 handle 0x7c8050260d/L from thread '.NET TP Worker'(4)
01-21 19:05:48.438 15667 15785 I monodroid-gref: +g+ grefc 136 gwrefc 0 obj-handle 0x7c80502619/I -> new-handle 0x5176/G from thread '.NET TP Worker'(4)
01-21 19:05:48.440 15667 15785 I monodroid-lref: -l- lrefc 0 handle 0x7c80502619/L from thread '.NET TP Worker'(4)
01-21 19:05:48.442 15667 15785 I monodroid-lref: +l+ lrefc 1 handle 0x7c80502605/L from thread '.NET TP Worker'(4)
01-21 19:05:48.443 15667 15785 I monodroid-gref: -g- grefc 135 gwrefc 0 handle 0x5176/G from thread '.NET TP Worker'(4)
01-21 19:05:48.445 15667 15785 I monodroid-gref: +g+ grefc 136 gwrefc 0 obj-handle 0x7c80502605/I -> new-handle 0x517a/G from thread '.NET TP Worker'(4)
01-21 19:05:48.446 15667 15793 I monodroid-lref: +l+ lrefc 1 handle 0x7c803fe205/L from thread '(null)'(10)
01-21 19:05:48.447 15667 15785 I monodroid-lref: -l- lrefc 0 handle 0x7c80502605/L from thread '.NET TP Worker'(4)
01-21 19:05:48.449 15667 15793 I monodroid-lref: -l- lrefc 0 handle 0x7c803fe205/L from thread '(null)'(10)
01-21 19:05:48.449 15667 15785 I monodroid-lref: +l+ lrefc 1 handle 0x7c80502609/L from thread '.NET TP Worker'(4)
01-21 19:05:48.451 15667 15785 I monodroid-lref: -l- lrefc 0 handle 0x7c80502609/L from thread '.NET TP Worker'(4)
01-21 19:05:48.453 15667 15785 I monodroid-lref: +l+ lrefc 1 handle 0x7c8050260d/L from thread '.NET TP Worker'(4)
01-21 19:05:48.455 15667 15785 I monodroid-lref: -l- lrefc 0 handle 0x7c8050260d/L from thread '.NET TP Worker'(4)
01-21 19:05:48.457 15667 15667 I monodroid-gref: -g- grefc 135 gwrefc 0 handle 0x517a/G from thread '(null)'(1)
01-21 19:05:48.463 15667 15793 I monodroid-lref: +l+ lrefc 1 handle 0x7c803fe209/L from thread '(null)'(10)
01-21 19:05:48.465 15667 15793 I monodroid-lref: -l- lrefc 0 handle 0x7c803fe209/L from thread '(null)'(10)
01-21 19:05:48.480 15667 15793 I monodroid-lref: +l+ lrefc 1 handle 0x7c803fe20d/L from thread '(null)'(10)
01-21 19:05:48.484 15667 15793 I monodroid-lref: -l- lrefc 0 handle 0x7c803fe20d/L from thread '(null)'(10)
01-21 19:05:48.484  1356  3311 D vendor.qti.bluetooth@1.0-wake_lock: Release wakelock is released 
01-21 19:05:48.498 15667 15793 I monodroid-lref: +l+ lrefc 1 handle 0x7c803fe205/L from thread '(null)'(10)
01-21 19:05:48.501 15667 15793 I monodroid-lref: -l- lrefc 0 handle 0x7c803fe205/L from thread '(null)'(10)
01-21 19:05:48.514 15667 15793 I monodroid-lref: +l+ lrefc 1 handle 0x7c803fe209/L from thread '(null)'(10)
01-21 19:05:48.518 15667 15793 I monodroid-lref: -l- lrefc 0 handle 0x7c803fe209/L from thread '(null)'(10)
01-21 19:05:48.531 15667 15793 I monodroid-lref: +l+ lrefc 1 handle 0x7c803fe20d/L from thread '(null)'(10)
01-21 19:05:48.535 15667 15793 I monodroid-lref: -l- lrefc 0 handle 0x7c803fe20d/L from thread '(null)'(10)
01-21 19:05:48.548 15667 15793 I monodroid-lref: +l+ lrefc 1 handle 0x7c803fe205/L from thread '(null)'(10)
01-21 19:05:48.551 15667 15793 I monodroid-lref: -l- lrefc 0 handle 0x7c803fe205/L from thread '(null)'(10)
01-21 19:05:48.565 15667 15793 I monodroid-lref: +l+ lrefc 1 handle 0x7c803fe209/L from thread '(null)'(10)
01-21 19:05:48.568 15667 15793 I monodroid-lref: -l- lrefc 0 handle 0x7c803fe209/L from thread '(null)'(10)
01-21 19:05:48.571  2428  2974 D InetDiagMessage: Destroyed 0 sockets, proto=IPPROTO_TCP, family=AF_INET, states=14
01-21 19:05:48.573  2428  2974 D InetDiagMessage: Destroyed 0 sockets, proto=IPPROTO_TCP, family=AF_INET6, states=14
01-21 19:05:48.573  2428  2974 D InetDiagMessage: Destroyed live tcp sockets for uids={10248} in 2ms
01-21 19:05:48.582 15667 15793 I monodroid-lref: +l+ lrefc 1 handle 0x7c803fe20d/L from thread '(null)'(10)
01-21 19:05:48.586 15667 15793 I monodroid-lref: -l- lrefc 0 handle 0x7c803fe20d/L from thread '(null)'(10)
01-21 19:05:48.598 15667 15793 I monodroid-lref: +l+ lrefc 1 handle 0x7c803fe205/L from thread '(null)'(10)
01-21 19:05:48.602 15667 15793 I monodroid-lref: -l- lrefc 0 handle 0x7c803fe205/L from thread '(null)'(10)
01-21 19:05:48.615 15667 15793 I monodroid-lref: +l+ lrefc 1 handle 0x7c803fe209/L from thread '(null)'(10)
01-21 19:05:48.619 15667 15793 I monodroid-lref: -l- lrefc 0 handle 0x7c803fe209/L from thread '(null)'(10)
01-21 19:05:48.632 15667 15793 I monodroid-lref: +l+ lrefc 1 handle 0x7c803fe20d/L from thread '(null)'(10)
01-21 19:05:48.636 15667 15793 I monodroid-lref: -l- lrefc 0 handle 0x7c803fe20d/L from thread '(null)'(10)
01-21 19:05:48.649 15667 15793 I monodroid-lref: +l+ lrefc 1 handle 0x7c803fe205/L from thread '(null)'(10)
01-21 19:05:48.653 15667 15793 I monodroid-lref: -l- lrefc 0 handle 0x7c803fe205/L from thread '(null)'(10)
01-21 19:05:48.667 15667 15793 I monodroid-lref: +l+ lrefc 1 handle 0x7c803fe209/L from thread '(null)'(10)
01-21 19:05:48.672 15667 15793 I monodroid-lref: -l- lrefc 0 handle 0x7c803fe209/L from thread '(null)'(10)
01-21 19:05:48.681 15667 15793 I monodroid-lref: +l+ lrefc 1 handle 0x7c803fe20d/L from thread '(null)'(10)
01-21 19:05:48.685 15667 15793 I monodroid-lref: -l- lrefc 0 handle 0x7c803fe20d/L from thread '(null)'(10)
01-21 19:05:48.698 15667 15793 I monodroid-lref: +l+ lrefc 1 handle 0x7c803fe205/L from thread '(null)'(10)
01-21 19:05:48.702 15667 15793 I monodroid-lref: -l- lrefc 0 handle 0x7c803fe205/L from thread '(null)'(10)
01-21 19:05:48.715 15667 15793 I monodroid-lref: +l+ lrefc 1 handle 0x7c803fe209/L from thread '(null)'(10)
01-21 19:05:48.719 15667 15793 I monodroid-lref: -l- lrefc 0 handle 0x7c803fe209/L from thread '(null)'(10)
01-21 19:05:48.732 15667 15793 I monodroid-lref: +l+ lrefc 1 handle 0x7c803fe20d/L from thread '(null)'(10)
01-21 19:05:48.736 15667 15793 I monodroid-lref: -l- lrefc 0 handle 0x7c803fe20d/L from thread '(null)'(10)
01-21 19:05:48.753 15667 15793 I monodroid-lref: +l+ lrefc 1 handle 0x7c803fe205/L from thread '(null)'(10)
01-21 19:05:48.761 15667 15793 I monodroid-lref: -l- lrefc 0 handle 0x7c803fe205/L from thread '(null)'(10)
01-21 19:05:48.789 15667 15793 I monodroid-lref: +l+ lrefc 1 handle 0x7c803fe209/L from thread '(null)'(10)
01-21 19:05:48.799 15667 15793 I monodroid-lref: -l- lrefc 0 handle 0x7c803fe209/L from thread '(null)'(10)
