--------- beginning of main
01-21 19:05:33.983 15667 15793 I monodroid-lref: +l+ lrefc 1 handle 0x7c803fe205/L from thread '(null)'(10)
01-21 19:05:33.985 15667 15667 I monodroid-gref: +g+ grefc 137 gwrefc 0 obj-handle 0x7c884af02d/I -> new-handle 0x43e2/G from thread '(null)'(1)
01-21 19:05:33.985 15667 15793 I monodroid-lref: -l- lrefc 0 handle 0x7c803fe205/L from thread '(null)'(10)
01-21 19:05:33.987 15667 15667 I monodroid-lref: -l- lrefc 1 handle 0x7c884af02d/L from thread '(null)'(1)
01-21 19:05:33.989 15667 15667 I monodroid-lref: +l+ lrefc 2 handle 0x7c884af025/L from thread '(null)'(1)
01-21 19:05:33.992 15667 15667 I monodroid-lref: -l- lrefc 1 handle 0x7c884af025/L from thread '(null)'(1)
01-21 19:05:33.994 15667 15667 I monodroid-lref: +l+ lrefc 2 handle 0x7c884af029/L from thread '(null)'(1)
01-21 19:05:33.996 15667 15667 I monodroid-lref: -l- lrefc 1 handle 0x7c884af029/L from thread '(null)'(1)
01-21 19:05:33.998 15667 15667 I monodroid-gref: -g- grefc 136 gwrefc 0 handle 0x5166/G from thread '(null)'(1)
01-21 19:05:34.000 15667 15793 I monodroid-lref: +l+ lrefc 1 handle 0x7c803fe209/L from thread '(null)'(10)
01-21 19:05:34.001 15667 15667 I monodroid-lref: +l+ lrefc 2 handle 0x7c884af029/L from thread '(null)'(1)
01-21 19:05:34.002 15667 15793 I monodroid-lref: -l- lrefc 0 handle 0x7c803fe209/L from thread '(null)'(10)
01-21 19:05:34.003 15667 15667 I monodroid-lref: +l+ lrefc 3 handle 0x7c884af035/L from thread '(null)'(1)
01-21 19:05:34.005 15667 15667 I monodroid-lref: -l- lrefc 2 handle 0x7c884af029/L from thread '(null)'(1)
01-21 19:05:34.007 15667 15667 I monodroid-gref: +g+ grefc 137 gwrefc 0 obj-handle 0x7c884af035/I -> new-handle 0x516a/G from thread '(null)'(1)
01-21 19:05:34.009 15667 15667 I monodroid-lref: -l- lrefc 1 handle 0x7c884af035/L from thread '(null)'(1)
01-21 19:05:34.011 15667 15667 I monodroid-lref: +l+ lrefc 2 handle 0x7c884af02d/L from thread '(null)'(1)
01-21 19:05:34.012 15667 15667 I monodroid-gref: -g- grefc 136 gwrefc 0 handle 0x516a/G from thread '(null)'(1)
01-21 19:05:34.014 15667 15667 I monodroid-gref: +g+ grefc 137 gwrefc 0 obj-handle 0x7c884af02d/I -> new-handle 0x516e/G from thread '(null)'(1)
01-21 19:05:34.016 15667 15793 I monodroid-lref: +l+ lrefc 1 handle 0x7c803fe20d/L from thread '(null)'(10)
01-21 19:05:34.017 15667 15667 I monodroid-lref: -l- lrefc 1 handle 0x7c884af02d/L from thread '(null)'(1)
01-21 19:05:34.018 15667 15793 I monodroid-lref: -l- lrefc 0 handle 0x7c803fe20d/L from thread '(null)'(10)
01-21 19:05:34.019 15667 15667 I monodroid-lref: +l+ lrefc 2 handle 0x7c884af025/L from thread '(null)'(1)
01-21 19:05:34.021 15667 15667 I monodroid-lref: -l- lrefc 1 handle 0x7c884af025/L from thread '(null)'(1)
01-21 19:05:34.022 15667 15667 I monodroid-lref: +l+ lrefc 2 handle 0x7c884af029/L from thread '(null)'(1)
01-21 19:05:34.024 15667 15667 I monodroid-lref: -l- lrefc 1 handle 0x7c884af029/L from thread '(null)'(1)
01-21 19:05:34.025 15667 15667 I monodroid-gref: -g- grefc 136 gwrefc 0 handle 0x43e2/G from thread '(null)'(1)
01-21 19:05:34.026 15667 15667 I monodroid-gref: -g- grefc 135 gwrefc 0 handle 0x516e/G from thread '(null)'(1)
01-21 19:05:34.032 15667 15793 I monodroid-lref: +l+ lrefc 1 handle 0x7c803fe205/L from thread '(null)'(10)
01-21 19:05:34.033 15667 15793 I monodroid-lref: -l- lrefc 0 handle 0x7c803fe205/L from thread '(null)'(10)
01-21 19:05:34.039 15667 15785 I monodroid-lref: +l+ lrefc 1 handle 0x7c8050260d/L from thread '.NET TP Worker'(4)
01-21 19:05:34.042 15667 15785 I monodroid-lref: +l+ lrefc 2 handle 0x7c80502619/L from thread '.NET TP Worker'(4)
01-21 19:05:34.044 15667 15785 I monodroid-lref: -l- lrefc 1 handle 0x7c8050260d/L from thread '.NET TP Worker'(4)
01-21 19:05:34.046 15667 15785 I monodroid-gref: +g+ grefc 136 gwrefc 0 obj-handle 0x7c80502619/I -> new-handle 0x5172/G from thread '.NET TP Worker'(4)
01-21 19:05:34.049 15667 15785 I monodroid-lref: -l- lrefc 0 handle 0x7c80502619/L from thread '.NET TP Worker'(4)
01-21 19:05:34.050 15667 15793 I monodroid-lref: +l+ lrefc 1 handle 0x7c803fe209/L from thread '(null)'(10)
01-21 19:05:34.051 15667 15785 I monodroid-lref: +l+ lrefc 1 handle 0x7c80502605/L from thread '.NET TP Worker'(4)
01-21 19:05:34.053 15667 15793 I monodroid-lref: -l- lrefc 0 handle 0x7c803fe209/L from thread '(null)'(10)
01-21 19:05:34.054 15667 15785 I monodroid-gref: -g- grefc 135 gwrefc 0 handle 0x5172/G from thread '.NET TP Worker'(4)
01-21 19:05:34.056 15667 15785 I monodroid-gref: +g+ grefc 136 gwrefc 0 obj-handle 0x7c80502605/I -> new-handle 0x5176/G from thread '.NET TP Worker'(4)
01-21 19:05:34.058 15667 15785 I monodroid-lref: -l- lrefc 0 handle 0x7c80502605/L from thread '.NET TP Worker'(4)
01-21 19:05:34.061 15667 15785 I monodroid-lref: +l+ lrefc 1 handle 0x7c80502609/L from thread '.NET TP Worker'(4)
01-21 19:05:34.063 15667 15785 I monodroid-lref: -l- lrefc 0 handle 0x7c80502609/L from thread '.NET TP Worker'(4)
01-21 19:05:34.065 15667 15785 I monodroid-lref: +l+ lrefc 1 handle 0x7c8050260d/L from thread '.NET TP Worker'(4)
01-21 19:05:34.066 15667 15793 I monodroid-lref: +l+ lrefc 1 handle 0x7c803fe20d/L from thread '(null)'(10)
01-21 19:05:34.067 15667 15785 I monodroid-lref: -l- lrefc 0 handle 0x7c8050260d/L from thread '.NET TP Worker'(4)
01-21 19:05:34.068 15667 15667 I monodroid-gref: -g- grefc 135 gwrefc 0 handle 0x5176/G from thread '(null)'(1)
01-21 19:05:34.069 15667 15793 I monodroid-lref: -l- lrefc 0 handle 0x7c803fe20d/L from thread '(null)'(10)
01-21 19:05:34.083 15667 15793 I monodroid-lref: +l+ lrefc 1 handle 0x7c803fe205/L from thread '(null)'(10)
01-21 19:05:34.086 15667 15793 I monodroid-lref: -l- lrefc 0 handle 0x7c803fe205/L from thread '(null)'(10)
01-21 19:05:34.101 15667 15793 I monodroid-lref: +l+ lrefc 1 handle 0x7c803fe209/L from thread '(null)'(10)
01-21 19:05:34.105 15667 15793 I monodroid-lref: -l- lrefc 0 handle 0x7c803fe209/L from thread '(null)'(10)
01-21 19:05:34.118 15667 15793 I monodroid-lref: +l+ lrefc 1 handle 0x7c803fe20d/L from thread '(null)'(10)
01-21 19:05:34.122 15667 15793 I monodroid-lref: -l- lrefc 0 handle 0x7c803fe20d/L from thread '(null)'(10)
01-21 19:05:34.135 15667 15793 I monodroid-lref: +l+ lrefc 1 handle 0x7c803fe205/L from thread '(null)'(10)
01-21 19:05:34.138 15667 15793 I monodroid-lref: -l- lrefc 0 handle 0x7c803fe205/L from thread '(null)'(10)
01-21 19:05:34.151 15667 15793 I monodroid-lref: +l+ lrefc 1 handle 0x7c803fe209/L from thread '(null)'(10)
01-21 19:05:34.155 15667 15793 I monodroid-lref: -l- lrefc 0 handle 0x7c803fe209/L from thread '(null)'(10)
01-21 19:05:34.168 15667 15793 I monodroid-lref: +l+ lrefc 1 handle 0x7c803fe20d/L from thread '(null)'(10)
01-21 19:05:34.172 15667 15793 I monodroid-lref: -l- lrefc 0 handle 0x7c803fe20d/L from thread '(null)'(10)
01-21 19:05:34.190 15667 15793 I monodroid-lref: +l+ lrefc 1 handle 0x7c803fe205/L from thread '(null)'(10)
01-21 19:05:34.197 15667 15793 I monodroid-lref: -l- lrefc 0 handle 0x7c803fe205/L from thread '(null)'(10)
01-21 19:05:34.224 15667 15793 I monodroid-lref: +l+ lrefc 1 handle 0x7c803fe209/L from thread '(null)'(10)
01-21 19:05:34.226  1356  3709 I vendor.qti.bluetooth@1.0-ibs_handler: ProcessIbsCmd: Received IBS_WAKE_IND: 0xFD
01-21 19:05:34.226  1356  3709 D vendor.qti.bluetooth@1.0-ibs_handler: SerialClockVote: vote for UART CLK ON
01-21 19:05:34.226  1356  3709 D vendor.qti.bluetooth@1.0-wake_lock: Acquire wakelock is acquired 
01-21 19:05:34.226  1356  3709 I vendor.qti.bluetooth@1.0-ibs_handler: ProcessIbsCmd: Writing IBS_WAKE_ACK
01-21 19:05:34.234 15667 15793 I monodroid-lref: -l- lrefc 0 handle 0x7c803fe209/L from thread '(null)'(10)
01-21 19:05:34.254 15667 15793 I monodroid-lref: +l+ lrefc 1 handle 0x7c803fe20d/L from thread '(null)'(10)
01-21 19:05:34.263 15667 15793 I monodroid-lref: -l- lrefc 0 handle 0x7c803fe20d/L from thread '(null)'(10)
01-21 19:05:34.267  1356  3709 I vendor.qti.bluetooth@1.0-ibs_handler: ProcessIbsCmd: Received IBS_SLEEP_IND: 0xFE
01-21 19:05:34.267  1356  3709 D vendor.qti.bluetooth@1.0-ibs_handler: SerialClockVote: vote for UART CLK OFF
01-21 19:05:34.272 15667 15793 I monodroid-lref: +l+ lrefc 1 handle 0x7c803fe205/L from thread '(null)'(10)
01-21 19:05:34.280 15667 15793 I monodroid-lref: -l- lrefc 0 handle 0x7c803fe205/L from thread '(null)'(10)
01-21 19:05:34.307 15667 15793 I monodroid-lref: +l+ lrefc 1 handle 0x7c803fe209/L from thread '(null)'(10)
01-21 19:05:34.317 15667 15793 I monodroid-lref: -l- lrefc 0 handle 0x7c803fe209/L from thread '(null)'(10)
01-21 19:05:34.339 15667 15793 I monodroid-lref: +l+ lrefc 1 handle 0x7c803fe20d/L from thread '(null)'(10)
01-21 19:05:34.348 15667 15793 I monodroid-lref: -l- lrefc 0 handle 0x7c803fe20d/L from thread '(null)'(10)
01-21 19:05:34.374 15667 15793 I monodroid-lref: +l+ lrefc 1 handle 0x7c803fe205/L from thread '(null)'(10)
01-21 19:05:34.384 15667 15793 I monodroid-lref: -l- lrefc 0 handle 0x7c803fe205/L from thread '(null)'(10)
01-21 19:05:34.408 15667 15793 I monodroid-lref: +l+ lrefc 1 handle 0x7c803fe209/L from thread '(null)'(10)
01-21 19:05:34.417  1356  3311 D vendor.qti.bluetooth@1.0-wake_lock: Release wakelock is released 
01-21 19:05:34.418 15667 15793 I monodroid-lref: -l- lrefc 0 handle 0x7c803fe209/L from thread '(null)'(10)
01-21 19:05:34.438 15667 15793 I monodroid-lref: +l+ lrefc 1 handle 0x7c803fe20d/L from thread '(null)'(10)
01-21 19:05:34.446 15667 15793 I monodroid-lref: -l- lrefc 0 handle 0x7c803fe20d/L from thread '(null)'(10)
01-21 19:05:34.456 15667 15793 I monodroid-lref: +l+ lrefc 1 handle 0x7c803fe205/L from thread '(null)'(10)
01-21 19:05:34.463 15667 15793 I monodroid-lref: -l- lrefc 0 handle 0x7c803fe205/L from thread '(null)'(10)
01-21 19:05:34.470 15667 15793 I monodroid-lref: +l+ lrefc 1 handle 0x7c803fe209/L from thread '(null)'(10)
01-21 19:05:34.476 15667 15793 I monodroid-lref: -l- lrefc 0 handle 0x7c803fe209/L from thread '(null)'(10)
01-21 19:05:34.487 15667 15793 I monodroid-lref: +l+ lrefc 1 handle 0x7c803fe20d/L from thread '(null)'(10)
01-21 19:05:34.493 15667 15793 I monodroid-lref: -l- lrefc 0 handle 0x7c803fe20d/L from thread '(null)'(10)
01-21 19:05:34.503 15667 15793 I monodroid-lref: +l+ lrefc 1 handle 0x7c803fe205/L from thread '(null)'(10)
01-21 19:05:34.508 15667 15793 I monodroid-lref: -l- lrefc 0 handle 0x7c803fe205/L from thread '(null)'(10)
01-21 19:05:34.520 15667 15793 I monodroid-lref: +l+ lrefc 1 handle 0x7c803fe209/L from thread '(null)'(10)
01-21 19:05:34.525 15667 15793 I monodroid-lref: -l- lrefc 0 handle 0x7c803fe209/L from thread '(null)'(10)
01-21 19:05:34.536 15667 15793 I monodroid-lref: +l+ lrefc 1 handle 0x7c803fe20d/L from thread '(null)'(10)
01-21 19:05:34.541 15667 15793 I monodroid-lref: -l- lrefc 0 handle 0x7c803fe20d/L from thread '(null)'(10)
01-21 19:05:34.553 15667 15793 I monodroid-lref: +l+ lrefc 1 handle 0x7c803fe205/L from thread '(null)'(10)
01-21 19:05:34.558 15667 15793 I monodroid-lref: -l- lrefc 0 handle 0x7c803fe205/L from thread '(null)'(10)
01-21 19:05:34.570 15667 15793 I monodroid-lref: +l+ lrefc 1 handle 0x7c803fe209/L from thread '(null)'(10)
01-21 19:05:34.576 15667 15793 I monodroid-lref: -l- lrefc 0 handle 0x7c803fe209/L from thread '(null)'(10)
01-21 19:05:34.586 15667 15793 I monodroid-lref: +l+ lrefc 1 handle 0x7c803fe20d/L from thread '(null)'(10)
01-21 19:05:34.592 15667 15793 I monodroid-lref: -l- lrefc 0 handle 0x7c803fe20d/L from thread '(null)'(10)
01-21 19:05:34.603 15667 15793 I monodroid-lref: +l+ lrefc 1 handle 0x7c803fe205/L from thread '(null)'(10)
01-21 19:05:34.609 15667 15793 I monodroid-lref: -l- lrefc 0 handle 0x7c803fe205/L from thread '(null)'(10)
01-21 19:05:34.620 15667 15793 I monodroid-lref: +l+ lrefc 1 handle 0x7c803fe209/L from thread '(null)'(10)
01-21 19:05:34.625 15667 15793 I monodroid-lref: -l- lrefc 0 handle 0x7c803fe209/L from thread '(null)'(10)
01-21 19:05:34.636 15667 15793 I monodroid-lref: +l+ lrefc 1 handle 0x7c803fe20d/L from thread '(null)'(10)
01-21 19:05:34.641 15667 15793 I monodroid-lref: -l- lrefc 0 handle 0x7c803fe20d/L from thread '(null)'(10)
01-21 19:05:34.653 15667 15793 I monodroid-lref: +l+ lrefc 1 handle 0x7c803fe205/L from thread '(null)'(10)
01-21 19:05:34.658 15667 15793 I monodroid-lref: -l- lrefc 0 handle 0x7c803fe205/L from thread '(null)'(10)
01-21 19:05:34.669 15667 15793 I monodroid-lref: +l+ lrefc 1 handle 0x7c803fe209/L from thread '(null)'(10)
01-21 19:05:34.674 15667 15793 I monodroid-lref: -l- lrefc 0 handle 0x7c803fe209/L from thread '(null)'(10)
01-21 19:05:34.687 15667 15793 I monodroid-lref: +l+ lrefc 1 handle 0x7c803fe20d/L from thread '(null)'(10)
01-21 19:05:34.692 15667 15793 I monodroid-lref: -l- lrefc 0 handle 0x7c803fe20d/L from thread '(null)'(10)
01-21 19:05:34.703 15667 15793 I monodroid-lref: +l+ lrefc 1 handle 0x7c803fe205/L from thread '(null)'(10)
01-21 19:05:34.709 15667 15793 I monodroid-lref: -l- lrefc 0 handle 0x7c803fe205/L from thread '(null)'(10)
01-21 19:05:34.720 15667 15793 I monodroid-lref: +l+ lrefc 1 handle 0x7c803fe209/L from thread '(null)'(10)
01-21 19:05:34.725 15667 15793 I monodroid-lref: -l- lrefc 0 handle 0x7c803fe209/L from thread '(null)'(10)
01-21 19:05:34.736 15667 15793 I monodroid-lref: +l+ lrefc 1 handle 0x7c803fe20d/L from thread '(null)'(10)
01-21 19:05:34.746 15667 15793 I monodroid-lref: -l- lrefc 0 handle 0x7c803fe20d/L from thread '(null)'(10)
01-21 19:05:34.753 15667 15793 I monodroid-lref: +l+ lrefc 1 handle 0x7c803fe205/L from thread '(null)'(10)
01-21 19:05:34.758 15667 15793 I monodroid-lref: -l- lrefc 0 handle 0x7c803fe205/L from thread '(null)'(10)
01-21 19:05:34.768 15667 15793 I monodroid-lref: +l+ lrefc 1 handle 0x7c803fe209/L from thread '(null)'(10)
01-21 19:05:34.770 15667 15793 I monodroid-lref: -l- lrefc 0 handle 0x7c803fe209/L from thread '(null)'(10)
01-21 19:05:34.786 15667 15793 I monodroid-lref: +l+ lrefc 1 handle 0x7c803fe20d/L from thread '(null)'(10)
01-21 19:05:34.789 15667 15793 I monodroid-lref: -l- lrefc 0 handle 0x7c803fe20d/L from thread '(null)'(10)
01-21 19:05:34.802 15667 15793 I monodroid-lref: +l+ lrefc 1 handle 0x7c803fe205/L from thread '(null)'(10)
01-21 19:05:34.806 15667 15793 I monodroid-lref: -l- lrefc 0 handle 0x7c803fe205/L from thread '(null)'(10)
01-21 19:05:34.819 15667 15793 I monodroid-lref: +l+ lrefc 1 handle 0x7c803fe209/L from thread '(null)'(10)
01-21 19:05:34.823 15667 15793 I monodroid-lref: -l- lrefc 0 handle 0x7c803fe209/L from thread '(null)'(10)
01-21 19:05:34.835 15667 15793 I monodroid-lref: +l+ lrefc 1 handle 0x7c803fe20d/L from thread '(null)'(10)
01-21 19:05:34.839 15667 15793 I monodroid-lref: -l- lrefc 0 handle 0x7c803fe20d/L from thread '(null)'(10)
01-21 19:05:34.852 15667 15793 I monodroid-lref: +l+ lrefc 1 handle 0x7c803fe205/L from thread '(null)'(10)
01-21 19:05:34.856 15667 15793 I monodroid-lref: -l- lrefc 0 handle 0x7c803fe205/L from thread '(null)'(10)
01-21 19:05:34.872 15667 15793 I monodroid-lref: +l+ lrefc 1 handle 0x7c803fe209/L from thread '(null)'(10)
01-21 19:05:34.880 15667 15793 I monodroid-lref: -l- lrefc 0 handle 0x7c803fe209/L from thread '(null)'(10)
01-21 19:05:34.889 15667 15793 I monodroid-lref: +l+ lrefc 1 handle 0x7c803fe20d/L from thread '(null)'(10)
01-21 19:05:34.897 15667 15793 I monodroid-lref: -l- lrefc 0 handle 0x7c803fe20d/L from thread '(null)'(10)
01-21 19:05:34.904 15667 15793 I monodroid-lref: +l+ lrefc 1 handle 0x7c803fe205/L from thread '(null)'(10)
01-21 19:05:34.909 15667 15793 I monodroid-lref: -l- lrefc 0 handle 0x7c803fe205/L from thread '(null)'(10)
01-21 19:05:34.920 15667 15793 I monodroid-lref: +l+ lrefc 1 handle 0x7c803fe209/L from thread '(null)'(10)
01-21 19:05:34.925 15667 15793 I monodroid-lref: -l- lrefc 0 handle 0x7c803fe209/L from thread '(null)'(10)
01-21 19:05:34.936 15667 15793 I monodroid-lref: +l+ lrefc 1 handle 0x7c803fe20d/L from thread '(null)'(10)
01-21 19:05:34.941 15667 15793 I monodroid-lref: -l- lrefc 0 handle 0x7c803fe20d/L from thread '(null)'(10)
01-21 19:05:34.953 15667 15793 I monodroid-lref: +l+ lrefc 1 handle 0x7c803fe205/L from thread '(null)'(10)
01-21 19:05:34.957 15667 15793 I monodroid-lref: -l- lrefc 0 handle 0x7c803fe205/L from thread '(null)'(10)
01-21 19:05:34.970 15667 15793 I monodroid-lref: +l+ lrefc 1 handle 0x7c803fe209/L from thread '(null)'(10)
01-21 19:05:34.976 15667 15793 I monodroid-lref: -l- lrefc 0 handle 0x7c803fe209/L from thread '(null)'(10)
01-21 19:05:34.988 15667 15793 I monodroid-lref: +l+ lrefc 1 handle 0x7c803fe20d/L from thread '(null)'(10)
01-21 19:05:34.995 15667 15793 I monodroid-lref: -l- lrefc 0 handle 0x7c803fe20d/L from thread '(null)'(10)
01-21 19:05:35.004 15667 15793 I monodroid-lref: +l+ lrefc 1 handle 0x7c803fe205/L from thread '(null)'(10)
01-21 19:05:35.009 15667 15793 I monodroid-lref: -l- lrefc 0 handle 0x7c803fe205/L from thread '(null)'(10)
01-21 19:05:35.021 15667 15793 I monodroid-lref: +l+ lrefc 1 handle 0x7c803fe209/L from thread '(null)'(10)
01-21 19:05:35.025 15667 15793 I monodroid-lref: -l- lrefc 0 handle 0x7c803fe209/L from thread '(null)'(10)
01-21 19:05:35.029 15667 15785 I monodroid-lref: +l+ lrefc 1 handle 0x7c8050260d/L from thread '.NET TP Worker'(4)
01-21 19:05:35.033 15667 15785 I monodroid-lref: +l+ lrefc 2 handle 0x7c80502619/L from thread '.NET TP Worker'(4)
01-21 19:05:35.036 15667 15793 I monodroid-lref: +l+ lrefc 1 handle 0x7c803fe20d/L from thread '(null)'(10)
01-21 19:05:35.037 15667 15785 I monodroid-lref: -l- lrefc 1 handle 0x7c8050260d/L from thread '.NET TP Worker'(4)
01-21 19:05:35.041 15667 15785 I monodroid-gref: +g+ grefc 136 gwrefc 0 obj-handle 0x7c80502619/I -> new-handle 0x517a/G from thread '.NET TP Worker'(4)
01-21 19:05:35.041 15667 15793 I monodroid-lref: -l- lrefc 0 handle 0x7c803fe20d/L from thread '(null)'(10)
01-21 19:05:35.044 15667 15785 I monodroid-lref: -l- lrefc 0 handle 0x7c80502619/L from thread '.NET TP Worker'(4)
01-21 19:05:35.048 15667 15785 I monodroid-lref: +l+ lrefc 1 handle 0x7c80502605/L from thread '.NET TP Worker'(4)
01-21 19:05:35.052 15667 15785 I monodroid-gref: -g- grefc 135 gwrefc 0 handle 0x517a/G from thread '.NET TP Worker'(4)
01-21 19:05:35.053 15667 15793 I monodroid-lref: +l+ lrefc 1 handle 0x7c803fe205/L from thread '(null)'(10)
01-21 19:05:35.056 15667 15785 I monodroid-gref: +g+ grefc 136 gwrefc 0 obj-handle 0x7c80502605/I -> new-handle 0x5162/G from thread '.NET TP Worker'(4)
01-21 19:05:35.057 15667 15793 I monodroid-lref: -l- lrefc 0 handle 0x7c803fe205/L from thread '(null)'(10)
01-21 19:05:35.060 15667 15785 I monodroid-lref: -l- lrefc 0 handle 0x7c80502605/L from thread '.NET TP Worker'(4)
01-21 19:05:35.063 15667 15785 I monodroid-lref: +l+ lrefc 1 handle 0x7c80502609/L from thread '.NET TP Worker'(4)
01-21 19:05:35.065 15667 15785 I monodroid-lref: -l- lrefc 0 handle 0x7c80502609/L from thread '.NET TP Worker'(4)
01-21 19:05:35.067 15667 15793 I monodroid-lref: +l+ lrefc 1 handle 0x7c803fe209/L from thread '(null)'(10)
01-21 19:05:35.068 15667 15785 I monodroid-lref: +l+ lrefc 1 handle 0x7c8050260d/L from thread '.NET TP Worker'(4)
01-21 19:05:35.070 15667 15785 I monodroid-lref: -l- lrefc 0 handle 0x7c8050260d/L from thread '.NET TP Worker'(4)
01-21 19:05:35.070 15667 15793 I monodroid-lref: -l- lrefc 0 handle 0x7c803fe209/L from thread '(null)'(10)
01-21 19:05:35.073 15667 15667 I monodroid-lref: +l+ lrefc 2 handle 0x7c884af029/L from thread '(null)'(1)
01-21 19:05:35.075 15667 15667 I monodroid-lref: +l+ lrefc 3 handle 0x7c884af035/L from thread '(null)'(1)
01-21 19:05:35.077 15667 15667 I monodroid-lref: -l- lrefc 2 handle 0x7c884af029/L from thread '(null)'(1)
01-21 19:05:35.079 15667 15667 I monodroid-gref: +g+ grefc 137 gwrefc 0 obj-handle 0x7c884af035/I -> new-handle 0x43e6/G from thread '(null)'(1)
01-21 19:05:35.081 15667 15667 I monodroid-lref: -l- lrefc 1 handle 0x7c884af035/L from thread '(null)'(1)
01-21 19:05:35.084 15667 15667 I monodroid-lref: +l+ lrefc 2 handle 0x7c884af02d/L from thread '(null)'(1)
01-21 19:05:35.084 15667 15793 I monodroid-lref: +l+ lrefc 1 handle 0x7c803fe20d/L from thread '(null)'(10)
01-21 19:05:35.086 15667 15667 I monodroid-gref: -g- grefc 136 gwrefc 0 handle 0x43e6/G from thread '(null)'(1)
01-21 19:05:35.086 15667 15793 I monodroid-lref: -l- lrefc 0 handle 0x7c803fe20d/L from thread '(null)'(10)
01-21 19:05:35.088 15667 15667 I monodroid-gref: +g+ grefc 137 gwrefc 0 obj-handle 0x7c884af02d/I -> new-handle 0x43ea/G from thread '(null)'(1)
01-21 19:05:35.090 15667 15667 I monodroid-lref: -l- lrefc 1 handle 0x7c884af02d/L from thread '(null)'(1)
01-21 19:05:35.092 15667 15667 I monodroid-lref: +l+ lrefc 2 handle 0x7c884af025/L from thread '(null)'(1)
01-21 19:05:35.095 15667 15667 I monodroid-lref: -l- lrefc 1 handle 0x7c884af025/L from thread '(null)'(1)
01-21 19:05:35.097 15667 15667 I monodroid-lref: +l+ lrefc 2 handle 0x7c884af029/L from thread '(null)'(1)
01-21 19:05:35.099 15667 15667 I monodroid-lref: -l- lrefc 1 handle 0x7c884af029/L from thread '(null)'(1)
01-21 19:05:35.100 15667 15667 I monodroid-gref: -g- grefc 136 gwrefc 0 handle 0x5162/G from thread '(null)'(1)
01-21 19:05:35.100 15667 15793 I monodroid-lref: +l+ lrefc 1 handle 0x7c803fe205/L from thread '(null)'(10)
01-21 19:05:35.102 15667 15793 I monodroid-lref: -l- lrefc 0 handle 0x7c803fe205/L from thread '(null)'(10)
01-21 19:05:35.103 15667 15667 I monodroid-lref: +l+ lrefc 2 handle 0x7c884af029/L from thread '(null)'(1)
01-21 19:05:35.105 15667 15667 I monodroid-lref: +l+ lrefc 3 handle 0x7c884af035/L from thread '(null)'(1)
01-21 19:05:35.107 15667 15667 I monodroid-lref: -l- lrefc 2 handle 0x7c884af029/L from thread '(null)'(1)
01-21 19:05:35.109 15667 15667 I monodroid-gref: +g+ grefc 137 gwrefc 0 obj-handle 0x7c884af035/I -> new-handle 0x5166/G from thread '(null)'(1)
01-21 19:05:35.111 15667 15667 I monodroid-lref: -l- lrefc 1 handle 0x7c884af035/L from thread '(null)'(1)
01-21 19:05:35.113 15667 15667 I monodroid-lref: +l+ lrefc 2 handle 0x7c884af02d/L from thread '(null)'(1)
01-21 19:05:35.115 15667 15667 I monodroid-gref: -g- grefc 136 gwrefc 0 handle 0x5166/G from thread '(null)'(1)
01-21 19:05:35.117 15667 15667 I monodroid-gref: +g+ grefc 137 gwrefc 0 obj-handle 0x7c884af02d/I -> new-handle 0x516a/G from thread '(null)'(1)
01-21 19:05:35.117 15667 15793 I monodroid-lref: +l+ lrefc 1 handle 0x7c803fe209/L from thread '(null)'(10)
01-21 19:05:35.118 15667 15667 I monodroid-lref: -l- lrefc 1 handle 0x7c884af02d/L from thread '(null)'(1)
01-21 19:05:35.119 15667 15793 I monodroid-lref: -l- lrefc 0 handle 0x7c803fe209/L from thread '(null)'(10)
01-21 19:05:35.120 15667 15667 I monodroid-lref: +l+ lrefc 2 handle 0x7c884af025/L from thread '(null)'(1)
01-21 19:05:35.122 15667 15667 I monodroid-lref: -l- lrefc 1 handle 0x7c884af025/L from thread '(null)'(1)
01-21 19:05:35.124 15667 15667 I monodroid-lref: +l+ lrefc 2 handle 0x7c884af029/L from thread '(null)'(1)
01-21 19:05:35.125 15667 15667 I monodroid-lref: -l- lrefc 1 handle 0x7c884af029/L from thread '(null)'(1)
01-21 19:05:35.127 15667 15667 I monodroid-gref: -g- grefc 136 gwrefc 0 handle 0x43ea/G from thread '(null)'(1)
01-21 19:05:35.128 15667 15667 I monodroid-gref: -g- grefc 135 gwrefc 0 handle 0x516a/G from thread '(null)'(1)
01-21 19:05:35.133 15667 15793 I monodroid-lref: +l+ lrefc 1 handle 0x7c803fe20d/L from thread '(null)'(10)
01-21 19:05:35.135 15667 15793 I monodroid-lref: -l- lrefc 0 handle 0x7c803fe20d/L from thread '(null)'(10)
01-21 19:05:35.138 15667 15785 I monodroid-lref: +l+ lrefc 1 handle 0x7c8050260d/L from thread '.NET TP Worker'(4)
01-21 19:05:35.140 15667 15785 I monodroid-lref: +l+ lrefc 2 handle 0x7c80502619/L from thread '.NET TP Worker'(4)
01-21 19:05:35.142 15667 15785 I monodroid-lref: -l- lrefc 1 handle 0x7c8050260d/L from thread '.NET TP Worker'(4)
01-21 19:05:35.144 15667 15785 I monodroid-gref: +g+ grefc 136 gwrefc 0 obj-handle 0x7c80502619/I -> new-handle 0x516e/G from thread '.NET TP Worker'(4)
01-21 19:05:35.145 15667 15785 I monodroid-lref: -l- lrefc 0 handle 0x7c80502619/L from thread '.NET TP Worker'(4)
01-21 19:05:35.147 15667 15785 I monodroid-lref: +l+ lrefc 1 handle 0x7c80502605/L from thread '.NET TP Worker'(4)
01-21 19:05:35.149 15667 15785 I monodroid-gref: -g- grefc 135 gwrefc 0 handle 0x516e/G from thread '.NET TP Worker'(4)
01-21 19:05:35.151 15667 15793 I monodroid-lref: +l+ lrefc 1 handle 0x7c803fe205/L from thread '(null)'(10)
01-21 19:05:35.151 15667 15785 I monodroid-gref: +g+ grefc 136 gwrefc 0 obj-handle 0x7c80502605/I -> new-handle 0x5172/G from thread '.NET TP Worker'(4)
01-21 19:05:35.154 15667 15785 I monodroid-lref: -l- lrefc 0 handle 0x7c80502605/L from thread '.NET TP Worker'(4)
01-21 19:05:35.154 15667 15793 I monodroid-lref: -l- lrefc 0 handle 0x7c803fe205/L from thread '(null)'(10)
01-21 19:05:35.156 15667 15785 I monodroid-lref: +l+ lrefc 1 handle 0x7c80502609/L from thread '.NET TP Worker'(4)
01-21 19:05:35.158 15667 15785 I monodroid-lref: -l- lrefc 0 handle 0x7c80502609/L from thread '.NET TP Worker'(4)
01-21 19:05:35.160 15667 15785 I monodroid-lref: +l+ lrefc 1 handle 0x7c8050260d/L from thread '.NET TP Worker'(4)
01-21 19:05:35.161 15667 15785 I monodroid-lref: -l- lrefc 0 handle 0x7c8050260d/L from thread '.NET TP Worker'(4)
01-21 19:05:35.163 15667 15667 I monodroid-gref: -g- grefc 135 gwrefc 0 handle 0x5172/G from thread '(null)'(1)
01-21 19:05:35.167 15667 15793 I monodroid-lref: +l+ lrefc 1 handle 0x7c803fe209/L from thread '(null)'(10)
01-21 19:05:35.169 15667 15793 I monodroid-lref: -l- lrefc 0 handle 0x7c803fe209/L from thread '(null)'(10)
01-21 19:05:35.186 15667 15793 I monodroid-lref: +l+ lrefc 1 handle 0x7c803fe20d/L from thread '(null)'(10)
01-21 19:05:35.189 15667 15793 I monodroid-lref: -l- lrefc 0 handle 0x7c803fe20d/L from thread '(null)'(10)
01-21 19:05:35.202 15667 15793 I monodroid-lref: +l+ lrefc 1 handle 0x7c803fe205/L from thread '(null)'(10)
01-21 19:05:35.206 15667 15793 I monodroid-lref: -l- lrefc 0 handle 0x7c803fe205/L from thread '(null)'(10)
01-21 19:05:35.219 15667 15793 I monodroid-lref: +l+ lrefc 1 handle 0x7c803fe209/L from thread '(null)'(10)
01-21 19:05:35.223 15667 15793 I monodroid-lref: -l- lrefc 0 handle 0x7c803fe209/L from thread '(null)'(10)
01-21 19:05:35.236 15667 15793 I monodroid-lref: +l+ lrefc 1 handle 0x7c803fe20d/L from thread '(null)'(10)
01-21 19:05:35.240 15667 15793 I monodroid-lref: -l- lrefc 0 handle 0x7c803fe20d/L from thread '(null)'(10)
01-21 19:05:35.252 15667 15793 I monodroid-lref: +l+ lrefc 1 handle 0x7c803fe205/L from thread '(null)'(10)
01-21 19:05:35.256 15667 15793 I monodroid-lref: -l- lrefc 0 handle 0x7c803fe205/L from thread '(null)'(10)
01-21 19:05:35.269 15667 15793 I monodroid-lref: +l+ lrefc 1 handle 0x7c803fe209/L from thread '(null)'(10)
01-21 19:05:35.273 15667 15793 I monodroid-lref: -l- lrefc 0 handle 0x7c803fe209/L from thread '(null)'(10)
01-21 19:05:35.291 15667 15793 I monodroid-lref: +l+ lrefc 1 handle 0x7c803fe20d/L from thread '(null)'(10)
01-21 19:05:35.300 15667 15793 I monodroid-lref: -l- lrefc 0 handle 0x7c803fe20d/L from thread '(null)'(10)
01-21 19:05:35.323 15667 15793 I monodroid-lref: +l+ lrefc 1 handle 0x7c803fe205/L from thread '(null)'(10)
01-21 19:05:35.333 15667 15793 I monodroid-lref: -l- lrefc 0 handle 0x7c803fe205/L from thread '(null)'(10)
01-21 19:05:35.357 15667 15793 I monodroid-lref: +l+ lrefc 1 handle 0x7c803fe209/L from thread '(null)'(10)
01-21 19:05:35.367 15667 15793 I monodroid-lref: -l- lrefc 0 handle 0x7c803fe209/L from thread '(null)'(10)
01-21 19:05:35.389 15667 15793 I monodroid-lref: +l+ lrefc 1 handle 0x7c803fe20d/L from thread '(null)'(10)
01-21 19:05:35.396 15667 15793 I monodroid-lref: -l- lrefc 0 handle 0x7c803fe20d/L from thread '(null)'(10)
01-21 19:05:35.404 15667 15793 I monodroid-lref: +l+ lrefc 1 handle 0x7c803fe205/L from thread '(null)'(10)
01-21 19:05:35.414 15667 15793 I monodroid-lref: -l- lrefc 0 handle 0x7c803fe205/L from thread '(null)'(10)
01-21 19:05:35.420 15667 15793 I monodroid-lref: +l+ lrefc 1 handle 0x7c803fe209/L from thread '(null)'(10)
01-21 19:05:35.422 15667 15793 I monodroid-lref: -l- lrefc 0 handle 0x7c803fe209/L from thread '(null)'(10)
01-21 19:05:35.435 15667 15793 I monodroid-lref: +l+ lrefc 1 handle 0x7c803fe20d/L from thread '(null)'(10)
01-21 19:05:35.437 15667 15793 I monodroid-lref: -l- lrefc 0 handle 0x7c803fe20d/L from thread '(null)'(10)
01-21 19:05:35.452 15667 15793 I monodroid-lref: +l+ lrefc 1 handle 0x7c803fe205/L from thread '(null)'(10)
01-21 19:05:35.456 15667 15793 I monodroid-lref: -l- lrefc 0 handle 0x7c803fe205/L from thread '(null)'(10)
01-21 19:05:35.469 15667 15793 I monodroid-lref: +l+ lrefc 1 handle 0x7c803fe209/L from thread '(null)'(10)
01-21 19:05:35.473 15667 15793 I monodroid-lref: -l- lrefc 0 handle 0x7c803fe209/L from thread '(null)'(10)
01-21 19:05:35.486 15667 15793 I monodroid-lref: +l+ lrefc 1 handle 0x7c803fe20d/L from thread '(null)'(10)
01-21 19:05:35.489 15667 15793 I monodroid-lref: -l- lrefc 0 handle 0x7c803fe20d/L from thread '(null)'(10)
01-21 19:05:35.493  1356  3709 I vendor.qti.bluetooth@1.0-ibs_handler: ProcessIbsCmd: Received IBS_WAKE_IND: 0xFD
01-21 19:05:35.493  1356  3709 D vendor.qti.bluetooth@1.0-ibs_handler: SerialClockVote: vote for UART CLK ON
01-21 19:05:35.493  1356  3709 D vendor.qti.bluetooth@1.0-wake_lock: Acquire wakelock is acquired 
01-21 19:05:35.493  1356  3709 I vendor.qti.bluetooth@1.0-ibs_handler: ProcessIbsCmd: Writing IBS_WAKE_ACK
01-21 19:05:35.503 15667 15793 I monodroid-lref: +l+ lrefc 1 handle 0x7c803fe205/L from thread '(null)'(10)
01-21 19:05:35.506 15667 15793 I monodroid-lref: -l- lrefc 0 handle 0x7c803fe205/L from thread '(null)'(10)
01-21 19:05:35.519 15667 15793 I monodroid-lref: +l+ lrefc 1 handle 0x7c803fe209/L from thread '(null)'(10)
01-21 19:05:35.523 15667 15793 I monodroid-lref: -l- lrefc 0 handle 0x7c803fe209/L from thread '(null)'(10)
01-21 19:05:35.534  1356  3709 I vendor.qti.bluetooth@1.0-ibs_handler: ProcessIbsCmd: Received IBS_SLEEP_IND: 0xFE
01-21 19:05:35.534  1356  3709 D vendor.qti.bluetooth@1.0-ibs_handler: SerialClockVote: vote for UART CLK OFF
01-21 19:05:35.539 15667 15793 I monodroid-lref: +l+ lrefc 1 handle 0x7c803fe20d/L from thread '(null)'(10)
01-21 19:05:35.546 15667 15793 I monodroid-lref: -l- lrefc 0 handle 0x7c803fe20d/L from thread '(null)'(10)
01-21 19:05:35.555 15667 15793 I monodroid-lref: +l+ lrefc 1 handle 0x7c803fe205/L from thread '(null)'(10)
01-21 19:05:35.561 15667 15793 I monodroid-lref: -l- lrefc 0 handle 0x7c803fe205/L from thread '(null)'(10)
01-21 19:05:35.570 15667 15793 I monodroid-lref: +l+ lrefc 1 handle 0x7c803fe209/L from thread '(null)'(10)
01-21 19:05:35.571  1356  3709 I vendor.qti.bluetooth@1.0-ibs_handler: ProcessIbsCmd: Received IBS_WAKE_IND: 0xFD
01-21 19:05:35.571  1356  3709 D vendor.qti.bluetooth@1.0-ibs_handler: SerialClockVote: vote for UART CLK ON
01-21 19:05:35.571  1356  3709 I vendor.qti.bluetooth@1.0-ibs_handler: ProcessIbsCmd: Writing IBS_WAKE_ACK
01-21 19:05:35.576 15667 15793 I monodroid-lref: -l- lrefc 0 handle 0x7c803fe209/L from thread '(null)'(10)
01-21 19:05:35.587 15667 15793 I monodroid-lref: +l+ lrefc 1 handle 0x7c803fe20d/L from thread '(null)'(10)
01-21 19:05:35.591 15667 15793 I monodroid-lref: -l- lrefc 0 handle 0x7c803fe20d/L from thread '(null)'(10)
01-21 19:05:35.604 15667 15793 I monodroid-lref: +l+ lrefc 1 handle 0x7c803fe205/L from thread '(null)'(10)
01-21 19:05:35.610 15667 15793 I monodroid-lref: -l- lrefc 0 handle 0x7c803fe205/L from thread '(null)'(10)
01-21 19:05:35.612  1356  3709 I vendor.qti.bluetooth@1.0-ibs_handler: ProcessIbsCmd: Received IBS_SLEEP_IND: 0xFE
01-21 19:05:35.612  1356  3709 D vendor.qti.bluetooth@1.0-ibs_handler: SerialClockVote: vote for UART CLK OFF
01-21 19:05:35.621 15667 15793 I monodroid-lref: +l+ lrefc 1 handle 0x7c803fe209/L from thread '(null)'(10)
01-21 19:05:35.626 15667 15793 I monodroid-lref: -l- lrefc 0 handle 0x7c803fe209/L from thread '(null)'(10)
01-21 19:05:35.637 15667 15793 I monodroid-lref: +l+ lrefc 1 handle 0x7c803fe20d/L from thread '(null)'(10)
01-21 19:05:35.643 15667 15793 I monodroid-lref: -l- lrefc 0 handle 0x7c803fe20d/L from thread '(null)'(10)
01-21 19:05:35.654 15667 15793 I monodroid-lref: +l+ lrefc 1 handle 0x7c803fe205/L from thread '(null)'(10)
01-21 19:05:35.659 15667 15793 I monodroid-lref: -l- lrefc 0 handle 0x7c803fe205/L from thread '(null)'(10)
01-21 19:05:35.671 15667 15793 I monodroid-lref: +l+ lrefc 1 handle 0x7c803fe209/L from thread '(null)'(10)
01-21 19:05:35.676 15667 15793 I monodroid-lref: -l- lrefc 0 handle 0x7c803fe209/L from thread '(null)'(10)
01-21 19:05:35.688 15667 15793 I monodroid-lref: +l+ lrefc 1 handle 0x7c803fe20d/L from thread '(null)'(10)
01-21 19:05:35.693 15667 15793 I monodroid-lref: -l- lrefc 0 handle 0x7c803fe20d/L from thread '(null)'(10)
01-21 19:05:35.705 15667 15793 I monodroid-lref: +l+ lrefc 1 handle 0x7c803fe205/L from thread '(null)'(10)
01-21 19:05:35.712 15667 15793 I monodroid-lref: -l- lrefc 0 handle 0x7c803fe205/L from thread '(null)'(10)
01-21 19:05:35.721 15667 15793 I monodroid-lref: +l+ lrefc 1 handle 0x7c803fe209/L from thread '(null)'(10)
01-21 19:05:35.727 15667 15793 I monodroid-lref: -l- lrefc 0 handle 0x7c803fe209/L from thread '(null)'(10)
01-21 19:05:35.737 15667 15793 I monodroid-lref: +l+ lrefc 1 handle 0x7c803fe20d/L from thread '(null)'(10)
01-21 19:05:35.742 15667 15793 I monodroid-lref: -l- lrefc 0 handle 0x7c803fe20d/L from thread '(null)'(10)
01-21 19:05:35.754 15667 15793 I monodroid-lref: +l+ lrefc 1 handle 0x7c803fe205/L from thread '(null)'(10)
01-21 19:05:35.758 15667 15793 I monodroid-lref: -l- lrefc 0 handle 0x7c803fe205/L from thread '(null)'(10)
01-21 19:05:35.762  1356  3311 D vendor.qti.bluetooth@1.0-wake_lock: Release wakelock is released 
01-21 19:05:35.771 15667 15793 I monodroid-lref: +l+ lrefc 1 handle 0x7c803fe209/L from thread '(null)'(10)
01-21 19:05:35.776 15667 15793 I monodroid-lref: -l- lrefc 0 handle 0x7c803fe209/L from thread '(null)'(10)
01-21 19:05:35.788 15667 15793 I monodroid-lref: +l+ lrefc 1 handle 0x7c803fe20d/L from thread '(null)'(10)
01-21 19:05:35.793 15667 15793 I monodroid-lref: -l- lrefc 0 handle 0x7c803fe20d/L from thread '(null)'(10)
01-21 19:05:35.806 15667 15793 I monodroid-lref: +l+ lrefc 1 handle 0x7c803fe205/L from thread '(null)'(10)
01-21 19:05:35.812 15667 15793 I monodroid-lref: -l- lrefc 0 handle 0x7c803fe205/L from thread '(null)'(10)
01-21 19:05:35.821 15667 15793 I monodroid-lref: +l+ lrefc 1 handle 0x7c803fe209/L from thread '(null)'(10)
01-21 19:05:35.826 15667 15793 I monodroid-lref: -l- lrefc 0 handle 0x7c803fe209/L from thread '(null)'(10)
01-21 19:05:35.837 15667 15793 I monodroid-lref: +l+ lrefc 1 handle 0x7c803fe20d/L from thread '(null)'(10)
01-21 19:05:35.843 15667 15793 I monodroid-lref: -l- lrefc 0 handle 0x7c803fe20d/L from thread '(null)'(10)
01-21 19:05:35.854 15667 15793 I monodroid-lref: +l+ lrefc 1 handle 0x7c803fe205/L from thread '(null)'(10)
01-21 19:05:35.860 15667 15793 I monodroid-lref: -l- lrefc 0 handle 0x7c803fe205/L from thread '(null)'(10)
01-21 19:05:35.871 15667 15793 I monodroid-lref: +l+ lrefc 1 handle 0x7c803fe209/L from thread '(null)'(10)
01-21 19:05:35.877 15667 15793 I monodroid-lref: -l- lrefc 0 handle 0x7c803fe209/L from thread '(null)'(10)
01-21 19:05:35.888 15667 15793 I monodroid-lref: +l+ lrefc 1 handle 0x7c803fe20d/L from thread '(null)'(10)
01-21 19:05:35.893 15667 15793 I monodroid-lref: -l- lrefc 0 handle 0x7c803fe20d/L from thread '(null)'(10)
01-21 19:05:35.905 15667 15793 I monodroid-lref: +l+ lrefc 1 handle 0x7c803fe205/L from thread '(null)'(10)
01-21 19:05:35.911 15667 15793 I monodroid-lref: -l- lrefc 0 handle 0x7c803fe205/L from thread '(null)'(10)
01-21 19:05:35.921 15667 15793 I monodroid-lref: +l+ lrefc 1 handle 0x7c803fe209/L from thread '(null)'(10)
01-21 19:05:35.927 15667 15793 I monodroid-lref: -l- lrefc 0 handle 0x7c803fe209/L from thread '(null)'(10)
01-21 19:05:35.938 15667 15793 I monodroid-lref: +l+ lrefc 1 handle 0x7c803fe20d/L from thread '(null)'(10)
01-21 19:05:35.943 15667 15793 I monodroid-lref: -l- lrefc 0 handle 0x7c803fe20d/L from thread '(null)'(10)
01-21 19:05:35.954 15667 15793 I monodroid-lref: +l+ lrefc 1 handle 0x7c803fe205/L from thread '(null)'(10)
01-21 19:05:35.960 15667 15793 I monodroid-lref: -l- lrefc 0 handle 0x7c803fe205/L from thread '(null)'(10)
01-21 19:05:35.971 15667 15793 I monodroid-lref: +l+ lrefc 1 handle 0x7c803fe209/L from thread '(null)'(10)
01-21 19:05:35.976 15667 15793 I monodroid-lref: -l- lrefc 0 handle 0x7c803fe209/L from thread '(null)'(10)
01-21 19:05:35.988 15667 15793 I monodroid-lref: +l+ lrefc 1 handle 0x7c803fe20d/L from thread '(null)'(10)
01-21 19:05:35.995 15667 15793 I monodroid-lref: -l- lrefc 0 handle 0x7c803fe20d/L from thread '(null)'(10)
01-21 19:05:36.006 15667 15793 I monodroid-lref: +l+ lrefc 1 handle 0x7c803fe205/L from thread '(null)'(10)
01-21 19:05:36.013 15667 15793 I monodroid-lref: -l- lrefc 0 handle 0x7c803fe205/L from thread '(null)'(10)
01-21 19:05:36.022 15667 15793 I monodroid-lref: +l+ lrefc 1 handle 0x7c803fe209/L from thread '(null)'(10)
01-21 19:05:36.028 15667 15793 I monodroid-lref: -l- lrefc 0 handle 0x7c803fe209/L from thread '(null)'(10)
01-21 19:05:36.038 15667 15793 I monodroid-lref: +l+ lrefc 1 handle 0x7c803fe20d/L from thread '(null)'(10)
01-21 19:05:36.043 15667 15793 I monodroid-lref: -l- lrefc 0 handle 0x7c803fe20d/L from thread '(null)'(10)
01-21 19:05:36.054 15667 15793 I monodroid-lref: +l+ lrefc 1 handle 0x7c803fe205/L from thread '(null)'(10)
01-21 19:05:36.059 15667 15793 I monodroid-lref: -l- lrefc 0 handle 0x7c803fe205/L from thread '(null)'(10)
01-21 19:05:36.071 15667 15793 I monodroid-lref: +l+ lrefc 1 handle 0x7c803fe209/L from thread '(null)'(10)
01-21 19:05:36.076 15667 15793 I monodroid-lref: -l- lrefc 0 handle 0x7c803fe209/L from thread '(null)'(10)
01-21 19:05:36.088 15667 15793 I monodroid-lref: +l+ lrefc 1 handle 0x7c803fe20d/L from thread '(null)'(10)
01-21 19:05:36.093 15667 15793 I monodroid-lref: -l- lrefc 0 handle 0x7c803fe20d/L from thread '(null)'(10)
01-21 19:05:36.105 15667 15793 I monodroid-lref: +l+ lrefc 1 handle 0x7c803fe205/L from thread '(null)'(10)
01-21 19:05:36.112 15667 15793 I monodroid-lref: -l- lrefc 0 handle 0x7c803fe205/L from thread '(null)'(10)
01-21 19:05:36.122 15667 15793 I monodroid-lref: +l+ lrefc 1 handle 0x7c803fe209/L from thread '(null)'(10)
01-21 19:05:36.128 15667 15793 I monodroid-lref: -l- lrefc 0 handle 0x7c803fe209/L from thread '(null)'(10)
01-21 19:05:36.130 15667 15785 I monodroid-lref: +l+ lrefc 1 handle 0x7c8050260d/L from thread '.NET TP Worker'(4)
01-21 19:05:36.134 15667 15785 I monodroid-lref: +l+ lrefc 2 handle 0x7c80502619/L from thread '.NET TP Worker'(4)
01-21 19:05:36.137 15667 15793 I monodroid-lref: +l+ lrefc 1 handle 0x7c803fe20d/L from thread '(null)'(10)
01-21 19:05:36.139 15667 15785 I monodroid-lref: -l- lrefc 1 handle 0x7c8050260d/L from thread '.NET TP Worker'(4)
01-21 19:05:36.142 15667 15793 I monodroid-lref: -l- lrefc 0 handle 0x7c803fe20d/L from thread '(null)'(10)
01-21 19:05:36.143 15667 15785 I monodroid-gref: +g+ grefc 136 gwrefc 0 obj-handle 0x7c80502619/I -> new-handle 0x5176/G from thread '.NET TP Worker'(4)
01-21 19:05:36.146 15667 15785 I monodroid-lref: -l- lrefc 0 handle 0x7c80502619/L from thread '.NET TP Worker'(4)
01-21 19:05:36.151 15667 15785 I monodroid-lref: +l+ lrefc 1 handle 0x7c80502605/L from thread '.NET TP Worker'(4)
01-21 19:05:36.154 15667 15793 I monodroid-lref: +l+ lrefc 1 handle 0x7c803fe205/L from thread '(null)'(10)
01-21 19:05:36.155 15667 15785 I monodroid-gref: -g- grefc 135 gwrefc 0 handle 0x5176/G from thread '.NET TP Worker'(4)
01-21 19:05:36.158 15667 15793 I monodroid-lref: -l- lrefc 0 handle 0x7c803fe205/L from thread '(null)'(10)
01-21 19:05:36.159 15667 15785 I monodroid-gref: +g+ grefc 136 gwrefc 0 obj-handle 0x7c80502605/I -> new-handle 0x517a/G from thread '.NET TP Worker'(4)
01-21 19:05:36.161 15667 15785 I monodroid-lref: -l- lrefc 0 handle 0x7c80502605/L from thread '.NET TP Worker'(4)
01-21 19:05:36.164 15667 15785 I monodroid-lref: +l+ lrefc 1 handle 0x7c80502609/L from thread '.NET TP Worker'(4)
01-21 19:05:36.166 15667 15785 I monodroid-lref: -l- lrefc 0 handle 0x7c80502609/L from thread '.NET TP Worker'(4)
01-21 19:05:36.169 15667 15785 I monodroid-lref: +l+ lrefc 1 handle 0x7c8050260d/L from thread '.NET TP Worker'(4)
01-21 19:05:36.171 15667 15785 I monodroid-lref: -l- lrefc 0 handle 0x7c8050260d/L from thread '.NET TP Worker'(4)
01-21 19:05:36.171 15667 15793 I monodroid-lref: +l+ lrefc 1 handle 0x7c803fe209/L from thread '(null)'(10)
01-21 19:05:36.175 15667 15667 I monodroid-lref: +l+ lrefc 2 handle 0x7c884af029/L from thread '(null)'(1)
01-21 19:05:36.177 15667 15793 I monodroid-lref: -l- lrefc 0 handle 0x7c803fe209/L from thread '(null)'(10)
01-21 19:05:36.178 15667 15667 I monodroid-lref: +l+ lrefc 3 handle 0x7c884af035/L from thread '(null)'(1)
01-21 19:05:36.180 15667 15667 I monodroid-lref: -l- lrefc 2 handle 0x7c884af029/L from thread '(null)'(1)
01-21 19:05:36.183 15667 15667 I monodroid-gref: +g+ grefc 137 gwrefc 0 obj-handle 0x7c884af035/I -> new-handle 0x43ee/G from thread '(null)'(1)
01-21 19:05:36.185 15667 15793 I monodroid-lref: +l+ lrefc 1 handle 0x7c803fe20d/L from thread '(null)'(10)
01-21 19:05:36.185 15667 15667 I monodroid-lref: -l- lrefc 1 handle 0x7c884af035/L from thread '(null)'(1)
01-21 19:05:36.188 15667 15793 I monodroid-lref: -l- lrefc 0 handle 0x7c803fe20d/L from thread '(null)'(10)
01-21 19:05:36.188 15667 15667 I monodroid-lref: +l+ lrefc 2 handle 0x7c884af02d/L from thread '(null)'(1)
01-21 19:05:36.190 15667 15667 I monodroid-gref: -g- grefc 136 gwrefc 0 handle 0x43ee/G from thread '(null)'(1)
01-21 19:05:36.192 15667 15667 I monodroid-gref: +g+ grefc 137 gwrefc 0 obj-handle 0x7c884af02d/I -> new-handle 0x43f2/G from thread '(null)'(1)
01-21 19:05:36.194 15667 15667 I monodroid-lref: -l- lrefc 1 handle 0x7c884af02d/L from thread '(null)'(1)
01-21 19:05:36.196 15667 15667 I monodroid-lref: +l+ lrefc 2 handle 0x7c884af025/L from thread '(null)'(1)
01-21 19:05:36.198 15667 15667 I monodroid-lref: -l- lrefc 1 handle 0x7c884af025/L from thread '(null)'(1)
01-21 19:05:36.200 15667 15667 I monodroid-lref: +l+ lrefc 2 handle 0x7c884af029/L from thread '(null)'(1)
01-21 19:05:36.201 15667 15793 I monodroid-lref: +l+ lrefc 1 handle 0x7c803fe205/L from thread '(null)'(10)
01-21 19:05:36.202 15667 15667 I monodroid-lref: -l- lrefc 1 handle 0x7c884af029/L from thread '(null)'(1)
01-21 19:05:36.203 15667 15667 I monodroid-gref: -g- grefc 136 gwrefc 0 handle 0x517a/G from thread '(null)'(1)
01-21 19:05:36.205 15667 15793 I monodroid-gref: +w+ grefc 136 gwrefc 1 obj-handle 0x43f2/G -> new-handle 0xbc7/W from thread 'finalizer'(15793)
01-21 19:05:36.205 15667 15793 I monodroid-gref: -g- grefc 135 gwrefc 1 handle 0x43f2/G from thread 'finalizer'(15793)
01-21 19:05:36.219 15667 15793 I app.funwashad: Explicit concurrent mark compact GC freed 128KB AllocSpace bytes, 0(0B) LOS objects, 86% free, 2938KB/20MB, paused 106us,1.959ms total 13.425ms
01-21 19:05:36.219 15667 15793 I monodroid-gref: +g+ grefc 136 gwrefc 1 obj-handle 0xbc7/W -> new-handle 0x5166/G from thread 'finalizer'(15793)
01-21 19:05:36.219 15667 15793 I monodroid-gref: -w- grefc 136 gwrefc 0 handle 0xbc7/W from thread 'finalizer'(15793)
01-21 19:05:36.219 15667 15793 I monodroid-gc: GC cleanup summary: 1 objects tested - resurrecting 1.
01-21 19:05:36.219 15667 15793 I monodroid-lref: -l- lrefc 0 handle 0x7c803fe205/L from thread '(null)'(10)
01-21 19:05:36.221 15667 15667 I monodroid-lref: +l+ lrefc 2 handle 0x7c884af029/L from thread '(null)'(1)
01-21 19:05:36.223 15667 15667 I monodroid-lref: +l+ lrefc 3 handle 0x7c884af035/L from thread '(null)'(1)
01-21 19:05:36.225 15667 15667 I monodroid-lref: -l- lrefc 2 handle 0x7c884af029/L from thread '(null)'(1)
01-21 19:05:36.226 15667 15667 I monodroid-gref: +g+ grefc 137 gwrefc 0 obj-handle 0x7c884af035/I -> new-handle 0x43f6/G from thread '(null)'(1)
01-21 19:05:36.228 15667 15667 I monodroid-lref: -l- lrefc 1 handle 0x7c884af035/L from thread '(null)'(1)
01-21 19:05:36.229 15667 15667 I monodroid-lref: +l+ lrefc 2 handle 0x7c884af02d/L from thread '(null)'(1)
01-21 19:05:36.231 15667 15667 I monodroid-gref: -g- grefc 136 gwrefc 0 handle 0x43f6/G from thread '(null)'(1)
01-21 19:05:36.232 15667 15667 I monodroid-gref: +g+ grefc 137 gwrefc 0 obj-handle 0x7c884af02d/I -> new-handle 0x43fa/G from thread '(null)'(1)
01-21 19:05:36.234 15667 15667 I monodroid-lref: -l- lrefc 1 handle 0x7c884af02d/L from thread '(null)'(1)
01-21 19:05:36.234 15667 15793 I monodroid-lref: +l+ lrefc 1 handle 0x7c803fe209/L from thread '(null)'(10)
01-21 19:05:36.236 15667 15667 I monodroid-lref: +l+ lrefc 2 handle 0x7c884af025/L from thread '(null)'(1)
01-21 19:05:36.236 15667 15793 I monodroid-lref: -l- lrefc 0 handle 0x7c803fe209/L from thread '(null)'(10)
01-21 19:05:36.237 15667 15667 I monodroid-lref: -l- lrefc 1 handle 0x7c884af025/L from thread '(null)'(1)
01-21 19:05:36.239 15667 15667 I monodroid-lref: +l+ lrefc 2 handle 0x7c884af029/L from thread '(null)'(1)
01-21 19:05:36.240 15667 15667 I monodroid-lref: -l- lrefc 1 handle 0x7c884af029/L from thread '(null)'(1)
01-21 19:05:36.241 15667 15667 I monodroid-gref: -g- grefc 136 gwrefc 0 handle 0x5166/G from thread '(null)'(1)
01-21 19:05:36.242 15667 15667 I monodroid-gref: -g- grefc 135 gwrefc 0 handle 0x43fa/G from thread '(null)'(1)
01-21 19:05:36.251 15667 15793 I monodroid-lref: +l+ lrefc 1 handle 0x7c803fe20d/L from thread '(null)'(10)
01-21 19:05:36.252 15667 15793 I monodroid-lref: -l- lrefc 0 handle 0x7c803fe20d/L from thread '(null)'(10)
01-21 19:05:36.253 15667 15785 I monodroid-lref: +l+ lrefc 1 handle 0x7c8050260d/L from thread '.NET TP Worker'(4)
01-21 19:05:36.254 15667 15785 I monodroid-lref: +l+ lrefc 2 handle 0x7c80502619/L from thread '.NET TP Worker'(4)
01-21 19:05:36.255 15667 15785 I monodroid-lref: -l- lrefc 1 handle 0x7c8050260d/L from thread '.NET TP Worker'(4)
01-21 19:05:36.256 15667 15785 I monodroid-gref: +g+ grefc 136 gwrefc 0 obj-handle 0x7c80502619/I -> new-handle 0x516a/G from thread '.NET TP Worker'(4)
01-21 19:05:36.257 15667 15785 I monodroid-lref: -l- lrefc 0 handle 0x7c80502619/L from thread '.NET TP Worker'(4)
01-21 19:05:36.258 15667 15785 I monodroid-lref: +l+ lrefc 1 handle 0x7c80502605/L from thread '.NET TP Worker'(4)
01-21 19:05:36.260 15667 15785 I monodroid-gref: -g- grefc 135 gwrefc 0 handle 0x516a/G from thread '.NET TP Worker'(4)
01-21 19:05:36.261 15667 15785 I monodroid-gref: +g+ grefc 136 gwrefc 0 obj-handle 0x7c80502605/I -> new-handle 0x516e/G from thread '.NET TP Worker'(4)
01-21 19:05:36.262 15667 15785 I monodroid-lref: -l- lrefc 0 handle 0x7c80502605/L from thread '.NET TP Worker'(4)
01-21 19:05:36.264 15667 15785 I monodroid-lref: +l+ lrefc 1 handle 0x7c80502609/L from thread '.NET TP Worker'(4)
01-21 19:05:36.265 15667 15785 I monodroid-lref: -l- lrefc 0 handle 0x7c80502609/L from thread '.NET TP Worker'(4)
01-21 19:05:36.267 15667 15785 I monodroid-lref: +l+ lrefc 1 handle 0x7c8050260d/L from thread '.NET TP Worker'(4)
01-21 19:05:36.268 15667 15793 I monodroid-lref: +l+ lrefc 1 handle 0x7c803fe205/L from thread '(null)'(10)
01-21 19:05:36.269 15667 15785 I monodroid-lref: -l- lrefc 0 handle 0x7c8050260d/L from thread '.NET TP Worker'(4)
01-21 19:05:36.270 15667 15667 I monodroid-gref: -g- grefc 135 gwrefc 0 handle 0x516e/G from thread '(null)'(1)
01-21 19:05:36.270 15667 15793 I monodroid-lref: -l- lrefc 0 handle 0x7c803fe205/L from thread '(null)'(10)
01-21 19:05:36.285 15667 15793 I monodroid-lref: +l+ lrefc 1 handle 0x7c803fe209/L from thread '(null)'(10)
01-21 19:05:36.287 15667 15793 I monodroid-lref: -l- lrefc 0 handle 0x7c803fe209/L from thread '(null)'(10)
01-21 19:05:36.303 15667 15793 I monodroid-lref: +l+ lrefc 1 handle 0x7c803fe20d/L from thread '(null)'(10)
01-21 19:05:36.307 15667 15793 I monodroid-lref: -l- lrefc 0 handle 0x7c803fe20d/L from thread '(null)'(10)
01-21 19:05:36.320 15667 15793 I monodroid-lref: +l+ lrefc 1 handle 0x7c803fe205/L from thread '(null)'(10)
01-21 19:05:36.324 15667 15793 I monodroid-lref: -l- lrefc 0 handle 0x7c803fe205/L from thread '(null)'(10)
01-21 19:05:36.337 15667 15793 I monodroid-lref: +l+ lrefc 1 handle 0x7c803fe209/L from thread '(null)'(10)
01-21 19:05:36.341 15667 15793 I monodroid-lref: -l- lrefc 0 handle 0x7c803fe209/L from thread '(null)'(10)
01-21 19:05:36.353 15667 15793 I monodroid-lref: +l+ lrefc 1 handle 0x7c803fe20d/L from thread '(null)'(10)
01-21 19:05:36.357 15667 15793 I monodroid-lref: -l- lrefc 0 handle 0x7c803fe20d/L from thread '(null)'(10)
01-21 19:05:36.370 15667 15793 I monodroid-lref: +l+ lrefc 1 handle 0x7c803fe205/L from thread '(null)'(10)
01-21 19:05:36.374 15667 15793 I monodroid-lref: -l- lrefc 0 handle 0x7c803fe205/L from thread '(null)'(10)
01-21 19:05:36.392 15667 15793 I monodroid-lref: +l+ lrefc 1 handle 0x7c803fe209/L from thread '(null)'(10)
01-21 19:05:36.399 15667 15793 I monodroid-lref: -l- lrefc 0 handle 0x7c803fe209/L from thread '(null)'(10)
01-21 19:05:36.427 15667 15793 I monodroid-lref: +l+ lrefc 1 handle 0x7c803fe20d/L from thread '(null)'(10)
01-21 19:05:36.437 15667 15793 I monodroid-lref: -l- lrefc 0 handle 0x7c803fe20d/L from thread '(null)'(10)
01-21 19:05:36.456 15667 15793 I monodroid-lref: +l+ lrefc 1 handle 0x7c803fe205/L from thread '(null)'(10)
01-21 19:05:36.464 15667 15793 I monodroid-lref: -l- lrefc 0 handle 0x7c803fe205/L from thread '(null)'(10)
01-21 19:05:36.475 15667 15793 I monodroid-lref: +l+ lrefc 1 handle 0x7c803fe209/L from thread '(null)'(10)
01-21 19:05:36.482 15667 15793 I monodroid-lref: -l- lrefc 0 handle 0x7c803fe209/L from thread '(null)'(10)
01-21 19:05:36.489 15667 15793 I monodroid-lref: +l+ lrefc 1 handle 0x7c803fe20d/L from thread '(null)'(10)
01-21 19:05:36.495 15667 15793 I monodroid-lref: -l- lrefc 0 handle 0x7c803fe20d/L from thread '(null)'(10)
